
=== c504-1  「継ぎ目では」→「つぎめでは」  ▲悪化  83.3% → 70.3% ===
  理由: 行頭の継ぎ目。5テイクとも落ちた（継目／積み目／桁）＝取り直しで直らない行頭語
  台本  : 継ぎ目では、上の筒の下端が出っぱりになる。
  前の聞取: 継目では上の筒の桁が出っ張りになる。
  後の聞取: スニメでは上の筒の桁が出っ張りになる。

=== c609-2  「継ぎ目は気温」→「つぎめは気温」  ⭐良化  88.9% → 90.9% ===
  理由: 行頭の継ぎ目。5テイクとも落ちた（月目／次目／二目）
  台本  : 継ぎ目は気温よりさらに冷えるから、線のはるか下だ。
  前の聞取: 月二目は気温よりさらに冷えるから、千のはるか下だ。
  後の聞取: 次目は気温よりさらに冷えるから、千のはるか下だ。

=== c811-1  「札が掛かって」→「ふだが掛かって」  ⭐良化  75.6% → 87.0% ===
  理由: 行頭の札。5テイクとも落ちた（傘／3／差）
  台本  : 札が掛かっているあいだは、飛べるかを確かめる会議で、
  前の聞取: 傘がかかっている間は飛べるかを確かめる会に。
  後の聞取: 札がかかっている間は飛べるかを確かめる会議で。

=== c812-1  「その札を掛けた」→「そのふだを掛けた」  ⭐良化  90.9% → 95.5% ===
  理由: 札。5テイクとも落ちた（里／ファダ／さて）
  台本  : その札を掛けたのは、補助ロケットの責任者だった。
  前の聞取: その里を賭けたのは補助ロケットの責任者だった。
  後の聞取: その札をかけたのは補助ロケットの責任者だった。

4件 -> ep11_yomi_ab.tsv（1件ごとに書き足し）
exit=0
