
=== c404-2  「班は」→「ハンは」  ⭐良化  92.6% → 94.3% ===
  理由: 行頭。取り直し3テイク中2つが『ヴァンは』（1周目『ファンは』）＝行頭の は が摩擦音に崩れる。カタカナで（5本目の 走る→ハシル と同じ手）
  台本  : 班は、高さごとの風を重ね合わせて、灰の落ちる先を予想した。
  前の聞取: ヴァンは高さごとの風を重ね合わせて、灰の落ちる先を予想した。
  後の聞取: ハンは高さごとの風を重ね合わせて灰の落ちる先を予想した。

=== c713-2  「針は」→「ハリは」  ▲悪化  90.9% → 84.4% ===
  理由: 行頭。取り直し3テイクとも『アリは』（1周目『パリは』）
  台本  : 針は午後2時50分から、振り切れたままだという。
  前の聞取: アリは午後二時五十分から振り切れたままだという。
  後の聞取: ハリーは午後に時五十分から振り切れたままだという。

=== c707-2  「着がえた」→「きがえた」  ⭐良化  76.9% → 84.6% ===
  理由: 取り直し3テイクとも『変えた』（1周目『換えた』）
  台本  : ほとんどの者が、半そで半ズボンを長そで長ズボンに着がえた。
  前の聞取: ほとんどのものが半袖半ズボンを長袖長ズボンに変えた
  後の聞取: ほとんどの者が半袖半ズボンを長袖長ズボンに着替えた。

=== c421-2  「環礁」→「かんしょう」  ▲悪化  90.9% → 74.4% ===
  理由: 取り直し3テイクとも『艦長』
  台本  : 起爆の班のほかは、誰も環礁に残らない手順である。
  前の聞取: 起爆の班のほかは誰も艦長に残らない手順である。
  後の聞取: 木爆の藩の他は誰も鑑賞に残らない手順である。
    ⚠️ 異音 c421-3 take1: 末尾に余計な音: 120ms の無音 → 110ms の音（5.65秒地点・振幅7872＝本文の0.9倍）

=== c421-3  「環礁」→「かんしょう」  ⭐良化  87.3% → 90.9% ===
  理由: 1周目・取り直し3テイクとも『干潮』
  台本  : 指令所は、爆心から、環礁の内側の海をはさんだ向こう岸にあった。
  前の聞取: 指令所は爆心から干潮の内側の海を挟んだ向こう岸にあった。
  後の聞取: 司令所は爆心から環礁の内側の海を挟んだ向こう岸にあった。

=== c720-3  「環礁」→「かんしょう」  ⭐良化  85.7% → 92.9% ===
  理由: 1周目『干潮』・取り直し3テイクとも『艦長』
  台本  : 近くの環礁で漁をしていた18人も、あとから駆逐艦に乗せられた。
  前の聞取: 近くの艦長で漁をしていた十八人も後から駆逐艦に乗せられた。
  後の聞取: 近くの環礁で漁をしていた十八人も後から駆逐艦に乗せられた。

6件 -> ep12_yomi_ab.tsv（1件ごとに書き足し）
ab exit=0
