🔴 試せなかったもの:
   c110-1: キー「ろっキロ」が台本に当たりません
   c414-2: キー「ろっキロ」が台本に当たりません
   c422-2: キー「ろっキロ」が台本に当たりません
   c915-2: キー「ろっキロ」が台本に当たりません
   c108-2: キー「住民 にひゃくさんじゅうきゅうにん」が台本に当たりません
   c721-2: キー「住民 にひゃくさんじゅうきゅうにん」が台本に当たりません
   c402-3: キー「アメリカ兵 にじゅうはちにん」が台本に当たりません
   c701-2: キー「アメリカ兵 にじゅうはちにん」が台本に当たりません
   c401-3: キー「縦 にひゃくななじゅうはちキロ」が台本に当たりません
   c112-3: キー「標準時で にがつ にじゅうはちにち」が台本に当たりません
   c512-1: キー「さんじゅっぷんご」が台本に当たりません
   c512-1: キー「さんじゅっぷんご」が台本に当たりません
   c804-1: キー「さんがつの下旬」が台本に当たりません
   c623-1: キー「なな、ようかたつと」が台本に当たりません
   c623-1: キー「なな、ようかたつと」が台本に当たりません
   c819-3: キー「ななおく にせんまんえん」が台本に当たりません
   c819-3: キー「ななおく にせんまんえん」が台本に当たりません
   c708-1: キー「いっセンチ」が台本に当たりません
   c708-1: キー「いっセンチ」が台本に当たりません

=== c105-1  「東北東へ」→「とうほくとうへ」  ⭐良化  92.0% → 100.0% ===
  理由: 聞取『東北高千穂』（冒頭1分以内）
  台本  : 船は、ビキニ環礁から東北東へ157キロの海の上にいた。
  前の聞取: 船はビキニ環礁から東北高値へ百五十七キロの海の上にいた。
  後の聞取: 船はビキニ環礁から東北東へ157キロの海の上にいた。

=== c416-2  「東北東の」→「とうほくとうの」  ⭐良化  95.1% → 100.0% ===
  理由: 聞取『東北たちの』
  台本  : 爆発の当日、東北東の海へ、船を探す飛行機を追加で飛ばすことにした。
  前の聞取: 爆発の当日、東北たちの海へ船を探す飛行機を追加で飛ばすことにした。
  後の聞取: 爆発の当日、東北東の海へ船を探す飛行機を追加で飛ばすことにした。

=== c711-1  「この夜の」→「このよるの」  ⭐良化  90.2% → 96.0% ===
  理由: 聞取『この世の』（夜＝よ と読んだ疑い）
  台本  : 1982年の報告書は、この夜の司令部をこう書いている。
  前の聞取: 1982年の報告書は、この世の司令部をこう書いています。
  後の聞取: 1982年の報告書は、この夜の司令部をこう書いていた。

=== c818-3  「肝炎」→「かんえん」  ⭐良化  94.3% → 100.0% ===
  理由: 聞取『甘言』
  台本  : アメリカ政府の内部の電報や、日本の医師の一部は、輸血による肝炎を疑っていた。
  前の聞取: アメリカ政府の内部の電報や日本の医師の一部は、輸血による甘言を疑っていた。
  後の聞取: アメリカ政府の内部の電報や日本の医師の一部は、輸血による肝炎を疑っていた。

=== c604-2  「漁場」→「ぎょじょう」  ⭐良化  96.3% → 100.0% ===
  理由: 聞取『漁坊』（りょうば／ぎょば と読んだ疑い）
  台本  : 2月23日には、マーシャル諸島の近くまで漁場を移していた。
  前の聞取: 二月二十三日にはマーシャル諸島の近くまで漁坊を移していた。
  後の聞取: 二月二十三日にはマーシャル諸島の近くまで漁場を移していた。

5件 -> ep12_yomi_ab.tsv（1件ごとに書き足し）
exit=1
