
=== c104-1 「爆発でまき上げられた、放射能を帯びた灰は、風に乗って東へ流れた。」
  聞取: 爆発で巻き上げられた放射能を帯びた灰は風に乗って東へ流れた。
  ⚠️ mid 3.85-4.05s 振幅比1.6 → 重なる語: 乗(3.72-3.82) っ(3.82-4.00) て(4.00-4.62)

=== c107-2 「40歳だった。」
  聞取: 四十歳だった。
  ⚠️ tail 1.99-2.03s 振幅比1.2 → 重なる語: （語なし）
  ⚠️ mid 0.81-1.03s 振幅比0.9 → 重なる語: 歳(0.54-0.70) だ(0.70-0.80) っ(0.80-0.84) た(0.84-1.00) 。(1.00-1.00)

=== c209-2 「5回がビキニ環礁、1回がエニウェトク環礁である。」
  聞取: 五階がビキニ環礁、一階がエニウェトク環礁である。
  ⚠️ mid 2.38-2.49s 振幅比2.1 → 重なる語: 一(2.46-2.68)

=== c323-3 「700万トンの別の回「ユニオン」の雲も、ブラボーと大差なく昇った。」
  聞取: 七百万トンの別の階、ユニオンの雲もブラボーと大差なく上った。
  ⚠️ tail 6.26-6.41s 振幅比1.1 → 重なる語: 上(6.06-6.24) っ(6.24-6.32) た(6.32-6.36) 。(6.36-6.36)

=== c503-1 「火の玉は1分のうちに、高さ13.7キロまで昇った。」
  聞取: 火の玉は一分のうちに高さ十三点七キロまで登った。
  ⚠️ tail 4.82-5.00s 振幅比0.9 → 重なる語: 登(4.62-4.76) っ(4.82-4.90) た(4.90-4.94) 。(4.94-4.94)

=== c510-1 「漁船に音が届いたのは、光から7、8分たってから。」
  聞取: 漁船に音が届いたのは光から七、八分経ってから。
  ⚠️ mid 4.21-4.41s 振幅比7.2 → 重なる語: 八(4.32-4.60)

=== c513-1 「爆心から海をはさんだ、起爆の指令所のまわりでも、1時間で放射線が強まった。」
  聞取: 爆心から海を挟んだ起爆の指令所の周りでも、一時間で放射線が強まった。
  （いまのテイクに異音の所見なし）

=== c601-2 「1954年1月22日の昼前、静岡県の焼津港から、1隻のマグロ漁船が出ていった。」
  聞取: 1954年1月22日の昼前、静岡県の焼津港から一隻のマグロ漁船が出て行った。
  ⚠️ tail 8.61-8.78s 振幅比0.9 → 重なる語: 行(8.42-8.60) っ(8.60-8.68) た(8.68-8.72) 。(8.72-8.72)

=== c615-2 「前の夜に追加が決まった、あの捜索の飛行である。」
  聞取: 前の夜に追加が決まったあの捜索の飛行である。
  （いまのテイクに異音の所見なし）

=== c704-1 「午後2時50分。」
  聞取: 午後2時50分
  （いまのテイクに異音の所見なし）

=== c708-1 「灰は、深いところで1センチほど積もった。」
  聞取: 灰は深いところで一センチほど積もった。
  ⚠️ tail 3.20-3.32s 振幅比1.0 → 重なる語: 積(2.98-3.08) も(3.08-3.14) っ(3.14-3.26) た(3.26-3.28) 。(3.28-3.28)
