ElevenLabs: 声=Otani（3JDquces8E8bkmvbh6Bc） モデル=eleven_v3 settings={'stability': 1.0, 'similarity_boost': 0.75, 'style': 0.0, 'speed': 1.0, 'use_speaker_boost': True} ／クレジット 148,452 / 158,500／GAP 0.4s
c301:   6.74s  (2行)
c302:   5.07s  (1行)
c303:  11.66s  (2行)
c304:   8.33s  (2行)
c305:   7.31s  (2行)
c306:  13.48s  (2行)
c307:   6.31s  (1行)
c308:   9.01s  (2行)
    ⚠️ 異音 c309-2 take1: 末尾に余計な音: 80ms の無音 → 130ms の音（4.18秒地点・振幅5271＝本文の1.0倍）
c309:   9.98s  (2行)
c310:  12.95s  (2行)
c311:  13.33s  (3行)
c312:   8.72s  (2行)
c313:  16.70s  (3行)
c314:  11.46s  (2行)
c315:   7.60s  (2行)
c316:  12.11s  (3行)
    ⚠️ 異音 c317-2 take1: 末尾に余計な音: 120ms の無音 → 110ms の音（6.27秒地点・振幅6802＝本文の1.0倍）
    ⚠️ 異音 c317-2 take2: 末尾に余計な音: 100ms の無音 → 120ms の音（5.88秒地点・振幅6340＝本文の0.9倍）
c317:  10.83s  (2行)
c318:  12.07s  (2行)
c319:  10.75s  (2行)
c320:  10.24s  (2行)
c321:   8.57s  (2行)
    ⚠️ 異音 c322-1 take1: 途中に浮いた音: 230ms（2.69秒地点・振幅13407＝本文の1.7倍／前310ms・後170ms の無音）
c322:   4.13s  (1行)

合成 22 カット／持ち越し 34 カット／未作成 137／記録 56／台本 193
⚠️ まだ作っていないカット 137: c401,c402,c403,c404,c405,c406,c407,c408…
作ったぶん: 56カット 3383字 → 発話＋行間 607.0秒（5.57字/秒・行間込み。AivisSpeech は 5.52）
本編の見込み 38.5分（全 11780字をこの速さで＋LEAD/TAIL 0.85×193＋quote 2.0×16。許容 27〜40分）
最長の1行 = 7.32秒「高い空では、機内の空気の圧力を、外より高く保っている。これを「与圧」という。」
API 48行（1,423字）／キャッシュ 0行／振り直し 4回／本物と判定 0／要耳 0（記録＝audio/el_qa/ep13_el_retakes.tsv）
クレジット 148,452 → 149,014（消費 562）⚠️ 反映が遅れることがある
exit=1
