ElevenLabs: 声=Otani（3JDquces8E8bkmvbh6Bc） モデル=eleven_v3 settings={'stability': 1.0, 'similarity_boost': 0.75, 'style': 0.0, 'speed': 1.0, 'use_speaker_boost': True} ／クレジット 147,039 / 158,500／GAP 0.4s
c501:  14.26s  (3行)
c502:   9.62s  (2行)
c503:  13.51s  (3行)
c504:   9.92s  (2行)
c505:   9.41s  (2行)
c506:   7.94s  (2行)
c507:   8.12s  (2行)
c508:   5.31s  (2行)
c509:  12.48s  (2行)
c510:  15.65s  (3行)
c511:   9.22s  (2行)
c512:   6.72s  (1行)
c513:  13.64s  (3行)
c514:  14.27s  (3行)
c515:   8.26s  (2行)
c516:   9.03s  (2行)
c517:  14.91s  (3行)
c518:   8.60s  (2行)
c519:  12.20s  (3行)
c520:  10.61s  (2行)
c521:  15.00s  (3行)
c522:   7.83s  (2行)

合成 22 カット／持ち越し 169 カット／未作成 0／記録 191／台本 191
作ったぶん: 191カット 11535字 → 発話＋行間 2158.9秒（5.34字/秒・行間込み。AivisSpeech は 5.52）
本編の見込み 39.2分（全 11535字をこの速さで＋LEAD/TAIL 0.85×191＋quote 2.0×16。許容 27〜40分）
最長の1行 = 6.72秒「およそ30分後、雲を撮る飛行機から、何かが落ちてくるのが見えた。」
API 0行（0字）／キャッシュ 51行／振り直し 0回／本物と判定 0／要耳 0（記録＝audio/el_qa/ep12_el_retakes.tsv）
クレジット 147,039 → 147,039（消費 0）⚠️ 反映が遅れることがある
exit=0
