ElevenLabs: 声=Otani（3JDquces8E8bkmvbh6Bc） モデル=eleven_v3 settings={'stability': 1.0, 'similarity_boost': 0.75, 'style': 0.0, 'speed': 1.0, 'use_speaker_boost': True} ／クレジット 122,605 / 131,000／GAP 0.4s
c415:  11.84s  (2行)
c418:   8.06s  (2行)
c501:   9.81s  (2行)
c502:  12.61s  (3行)
c503:  12.56s  (2行)
c504:  10.72s  (2行)
    ⚠️ 異音 c506-2 take1: 末尾に余計な音: 80ms の無音 → 110ms の音（5.09秒地点・振幅8116＝本文の1.0倍）
    ⚠️ 異音 c506-2 take2: 末尾に余計な音: 90ms の無音 → 170ms の音（5.35秒地点・振幅11058＝本文の1.3倍）
c506:  10.96s  (2行)
c609:  16.40s  (3行)
    ⚠️ 異音 c705-2 take1: 途中に浮いた音: 180ms（0.98秒地点・振幅12573＝本文の1.2倍／前110ms・後230ms の無音）
    ⚠️ 異音 c705-2 take2: 途中に浮いた音: 180ms（1.04秒地点・振幅10835＝本文の1.2倍／前110ms・後260ms の無音）
    ⚠️ 異音 c705-2 take3: 途中に浮いた音: 210ms（1.04秒地点・振幅10156＝本文の1.1倍／前110ms・後240ms の無音）
c705:   8.08s  (2行)
c711:  13.51s  (3行)
c811:  14.24s  (3行)
c904:  14.63s  (3行)
ep13:  16.70s  (3行)

合成 13 カット／持ち越し 182 カット／未作成 0／記録 195／台本 195
作ったぶん: 195カット 11541字 → 発話＋行間 2242.1秒（5.15字/秒・行間込み。AivisSpeech は 5.52）
本編の見込み 40.6分（全 11541字をこの速さで＋LEAD/TAIL 0.85×195＋quote 2.0×14。許容 27〜40分 ← 🔴 外）
最長の1行 = 7.60秒「売り場も広く見える。百貨店には都合のよい作りだと言われる。」
API 18行（521字）／キャッシュ 18行／振り直し 4回／本物と判定 1／要耳 0（記録＝audio/el_qa/ep10_el_retakes.tsv）
クレジット 122,605 → 122,832（消費 227）⚠️ 反映が遅れることがある
