ElevenLabs: 声=Otani（3JDquces8E8bkmvbh6Bc） モデル=eleven_v3 settings={'stability': 1.0, 'similarity_boost': 0.75, 'style': 0.0, 'speed': 1.0, 'use_speaker_boost': True} ／クレジット 134,340 / 158,500／GAP 0.4s
c301:  11.38s  (2行)
c302:  15.06s  (3行)
c303:   9.48s  (2行)
c304:  10.91s  (3行)
c305:   8.08s  (2行)
c306:  12.19s  (3行)
c307:   7.26s  (2行)
c308:   6.45s  (2行)
c309:  11.10s  (3行)
c310:   8.49s  (2行)
c311:  11.08s  (3行)
c312:   8.80s  (2行)
c313:  11.96s  (3行)
c314:  14.15s  (3行)
c315:  13.19s  (3行)
c316:  13.05s  (3行)
c317:  12.12s  (2行)
c318:  12.68s  (3行)
c319:  15.23s  (3行)
c320:  11.23s  (3行)
c321:   9.48s  (2行)
c322:  13.43s  (2行)

合成 22 カット／持ち越し 165 カット／未作成 4／記録 187／台本 191
⚠️ まだ作っていないカット 4: c504,c609,c811,c812
作ったぶん: 187カット 11336字 → 発話＋行間 1875.3秒（6.04字/秒・行間込み。AivisSpeech は 5.52）
本編の見込み 35.2分（全 11550字をこの速さで＋LEAD/TAIL 0.85×191＋quote 2.0×18。許容 27〜40分）
最長の1行 = 7.94秒「そして58.788秒。右の補助ロケットの、あの継ぎ目に小さな炎が見えた。」
API 0行（0字）／キャッシュ 56行／振り直し 0回／本物と判定 0／要耳 0（記録＝audio/el_qa/ep11_el_retakes.tsv）
クレジット 134,340 → 134,341（消費 1）⚠️ 反映が遅れることがある
exit=1
