ElevenLabs: 声=Otani（3JDquces8E8bkmvbh6Bc） モデル=eleven_v3 settings={'stability': 1.0, 'similarity_boost': 0.75, 'style': 0.0, 'speed': 1.0, 'use_speaker_boost': True} ／クレジット 147,051 / 158,500／GAP 0.4s
    ⚠️ 異音 c101-1 take1: 途中に浮いた音: 220ms（3.65秒地点・振幅6658＝本文の1.2倍／前140ms・後100ms の無音）
    ⚠️ 異音 c101-2 take1: 末尾に余計な音: 100ms の無音 → 160ms の音（8.56秒地点・振幅8090＝本文の1.0倍）
c101:  18.33s  (2行)
c102:   7.54s  (2行)
    ⚠️ 異音 c103-3 take1: 末尾に余計な音: 110ms の無音 → 190ms の音（3.01秒地点・振幅6014＝本文の0.9倍）
    ⚠️ 異音 c103-3 take2: 末尾に余計な音: 90ms の無音 → 190ms の音（3.09秒地点・振幅5623＝本文の1.0倍）
c103:  14.92s  (3行)
c104:  11.37s  (2行)
c105:  10.23s  (2行)
    ⚠️ 異音 c106-2 take1: 途中に浮いた音: 150ms（4.75秒地点・振幅19007＝本文の2.8倍／前420ms・後140ms の無音）
    ⚠️ 異音 c106-2 take2: 途中に浮いた音: 150ms（4.87秒地点・振幅23320＝本文の2.6倍／前520ms・後90ms の無音）
    ⚠️ 異音 c106-2 take3: 途中に浮いた音: 150ms（5.19秒地点・振幅17965＝本文の1.9倍／前420ms・後100ms の無音）
c106:  12.73s  (2行)
    ⚠️ 異音 c107-1 take1: 途中に浮いた音: 150ms（1.76秒地点・振幅20862＝本文の2.4倍／前640ms・後110ms の無音）
c107:  13.51s  (3行)
c108:  11.21s  (2行)
    ⚠️ 異音 c109-2 take1: 末尾に余計な音: 890ms の無音 → 30ms の音（7.41秒地点・振幅14597＝本文の2.4倍）
c109:  12.94s  (2行)
    ⚠️ 異音 c110-1 take1: 途中に浮いた音: 210ms（0.89秒地点・振幅11691＝本文の1.6倍／前100ms・後390ms の無音）
    ⚠️ 異音 c110-1 take2: 途中に浮いた音: 230ms（0.96秒地点・振幅14423＝本文の2.0倍／前80ms・後120ms の無音）
    ⚠️ 異音 c110-1 take3: 途中に浮いた音: 240ms（0.86秒地点・振幅16661＝本文の1.8倍／前100ms・後150ms の無音）
c110:  12.11s  (2行)
c111:  10.91s  (2行)
c112:  15.89s  (3行)

合成 12 カット／持ち越し 0 カット／未作成 181／記録 12／台本 193
⚠️ まだ作っていないカット 181: c201,c202,c203,c204,c205,c206,c207,c208…
作ったぶん: 12カット 803字 → 発話＋行間 151.7秒（5.29字/秒・行間込み。AivisSpeech は 5.52）
本編の見込み 40.4分（全 11780字をこの速さで＋LEAD/TAIL 0.85×193＋quote 2.0×16。許容 27〜40分 ← 🔴 外）
最長の1行 = 10.00秒「1974年3月3日、日曜日の昼。パリの北東37キロの森に、旅客機が落ちた。」
API 37行（1,166字）／キャッシュ 0行／振り直し 10回／本物と判定 1／要耳 1（記録＝audio/el_qa/ep13_el_retakes.tsv）
クレジット 147,051 → 147,458（消費 407）⚠️ 反映が遅れることがある
exit=1
