ElevenLabs: 声=Otani（3JDquces8E8bkmvbh6Bc） モデル=eleven_v3 settings={'stability': 1.0, 'similarity_boost': 0.75, 'style': 0.0, 'speed': 1.0, 'use_speaker_boost': True} ／クレジット 134,403 / 158,500／GAP 0.4s
c401:   7.28s  (2行)
c402:   5.83s  (2行)
c403:   8.12s  (2行)
c404:   9.78s  (3行)
c405:   8.79s  (2行)
c406:   8.68s  (2行)
c407:   8.05s  (2行)
c408:  11.10s  (3行)
c409:  13.63s  (3行)
c410:  10.68s  (2行)
c411:   7.59s  (2行)
c412:   5.92s  (2行)
c413:  13.07s  (3行)
c414:   6.28s  (2行)

合成 14 カット／持ち越し 175 カット／未作成 2／記録 189／台本 191
⚠️ まだ作っていないカット 2: c811,c812
作ったぶん: 189カット 11450字 → 発話＋行間 1895.3秒（6.04字/秒・行間込み。AivisSpeech は 5.52）
本編の見込み 35.2分（全 11550字をこの速さで＋LEAD/TAIL 0.85×191＋quote 2.0×18。許容 27〜40分）
最長の1行 = 6.26秒「事故の直後、空軍の安全担当官は「機体が爆発した」と報告している。」
API 0行（0字）／キャッシュ 32行／振り直し 0回／本物と判定 0／要耳 0（記録＝audio/el_qa/ep11_el_retakes.tsv）
クレジット 134,403 → 134,403（消費 0）⚠️ 反映が遅れることがある
exit=1
