戻した c904-1 1742c15e06de67a4.pcm
c718-2 のキャッシュ（かな）: True
  ✓ 検査は出荷する音（atempo 後）を見ている
  ✓ 知らない引数で止まる（有料の道具 6本に設置）
selftest=0
c718:  10.07s  (2行)
c904:   6.29s  (1行)
（記録に無いカットの wav を 2 本削除）

合成 2 カット／持ち越し 189 カット／未作成 2／記録 191／台本 193
⚠️ まだ作っていないカット 2: c312,c318
作ったぶん: 191カット 11657字 → 発話＋行間 1753.8秒（6.65字/秒・行間込み。AivisSpeech は 5.52）
本編の見込み 32.8分（全 11780字をこの速さで＋LEAD/TAIL 0.85×193＋quote 2.0×16。許容 27〜40分）
最長の1行 = 6.29秒「7月には、通気扉の改修や、のぞき窓の取り替えなど、さらに5つのSBが義務になった。」
dry=1
ElevenLabs: 声=Otani（3JDquces8E8bkmvbh6Bc） モデル=eleven_v3 settings={'stability': 1.0, 'similarity_boost': 0.75, 'style': 0.0, 'speed': 1.0, 'use_speaker_boost': True} ／クレジット 158,211 / 158,500／GAP 0.4s
c312:   7.06s  (2行)

合成 1 カット／持ち越し 191 カット／未作成 1／記録 192／台本 193
⚠️ まだ作っていないカット 1: c318
作ったぶん: 192カット 11707字 → 発話＋行間 1760.8秒（6.65字/秒・行間込み。AivisSpeech は 5.52）
本編の見込み 32.8分（全 11780字をこの速さで＋LEAD/TAIL 0.85×193＋quote 2.0×16。許容 27〜40分）
最長の1行 = 4.87秒「つまり、ハンドルが倒れ、通気扉が閉まり、灯りが消えれば、ドアは閉まっている。」
API 1行（41字）／キャッシュ 1行／振り直し 0回／本物と判定 0／要耳 0（記録＝audio/el_qa/ep13_el_retakes.tsv）
クレジット 158,211 → 158,211（消費 0）⚠️ 反映が遅れることがある
build=1
🔴 行の数が合わない: 音 387 ／ 台本 389
prep=1
modal=0
✗ c718-2  読み「報告」h→n[頭] GOP-8.7／間「およそ｜七」0.34s
    報告書によれば、減圧から地面に当たるまで、およそ77秒だった。
✗ c904-1  読み「扉」ra→∅ GOP-8.2／間「さらに｜い」0.32s
    七月には、通気扉の改修や、のぞき窓の取り替えなど、さらに いつつのSBが義務になった。
✗ c312-1  読み「扉」ra→∅ GOP-9.7／読み「灯り」tomo→aka GOP-11.2
    つまり、ハンドルが倒れ、通気扉が閉まり、灯りが消えれば、ドアは閉まっている。

確かめた 3行／所見のある行 3
■ c312-1 つまり、ハンドルが倒れ、通気扉が閉まり、灯りが消えれば、ドアは閉まっている。
   「扉」 読み kitobi[ra]gashima  ／ 音 kitobigashima
   「灯り」 読み shimari[tomo]rigaki  ／ 音 shimariakarigaki
