控え c312-1 b0a267b649bdd9a4.pcm
控え c414-1 8f74c979c42452d0.pcm
控え c904-1 1742c15e06de67a4.pcm
門番: 境界規則 14件 ✓（import 時に通過ずみ）
  ✓ 検査は出荷する音（atempo 後）を見ている
  ✓ 知らない引数で止まる（有料の道具 6本に設置）
selftest=0
ElevenLabs: 声=Otani（3JDquces8E8bkmvbh6Bc） モデル=eleven_v3 settings={'stability': 1.0, 'similarity_boost': 0.75, 'style': 0.0, 'speed': 1.0, 'use_speaker_boost': True} ／クレジット 157,968 / 158,500／GAP 0.4s
c112:  13.03s  (3行)
c415:  14.23s  (3行)
c418:   8.97s  (2行)
c601:   6.76s  (2行)
c606:  10.97s  (2行)
c612:  12.93s  (2行)
c714:   5.91s  (1行)
c718:  10.45s  (2行)
c812:   7.24s  (2行)

合成 9 カット／持ち越し 184 カット／未作成 0／記録 193／台本 193
作ったぶん: 193カット 11780字 → 発話＋行間 1771.0秒（6.65字/秒・行間込み。AivisSpeech は 5.52）
本編の見込み 32.8分（全 11780字をこの速さで＋LEAD/TAIL 0.85×193＋quote 2.0×16。許容 27〜40分）
最長の1行 = 7.32秒「午後7時25分ごろ、高さ約3580メートル（1万1750フィート）で、」
API 9行（305字）／キャッシュ 10行／振り直し 0回／本物と判定 0／要耳 0（記録＝audio/el_qa/ep13_el_retakes.tsv）
クレジット 157,968 → 158,077（消費 109）⚠️ 反映が遅れることがある
build=0
  c312-1 take1: ✓  つまりハンドルが倒れ、通気扉が閉まり、明かりが消えればドアは閉まっている。
c312-1: 1テイク → 採用（文字起こしが台本と合う）

1行 → 要耳 0 -> C:\Users\konar\Desktop\zukai-engine-ep13a5\audio\el_qa\ep13_retake_gate.tsv
⚠️ 差し替えた行のカットは `python tools/el_build.py --dry --cuts <cid>` で wav と json に反映すること
rt312=0
  c414-1 take1: ✓  係員は膝で押し込んだ。ハンドルは収まったが、通気扉は少し斜めに閉まっていた。
c414-1: 1テイク → 採用（文字起こしが台本と合う）

1行 → 要耳 0 -> C:\Users\konar\Desktop\zukai-engine-ep13a5\audio\el_qa\ep13_retake_gate.tsv
⚠️ 差し替えた行のカットは `python tools/el_build.py --dry --cuts <cid>` で wav と json に反映すること
rt414=0
  c904-1 take1: 必須の語なし:通気扉  七月には通気飛びの改修やのぞき窓の取り替えなど、さらに五つのSBが義務になった。
c904-1: 1テイク → 要耳（全テイク落ち・所見最少を採用）

1行 → 要耳 1 -> C:\Users\konar\Desktop\zukai-engine-ep13a5\audio\el_qa\ep13_retake_gate.tsv
⚠️ 差し替えた行のカットは `python tools/el_build.py --dry --cuts <cid>` で wav と json に反映すること
rt904=1
c312:   6.82s  (2行)
c414:  17.63s  (3行)
c904:   6.09s  (1行)

合成 3 カット／持ち越し 190 カット／未作成 0／記録 193／台本 193
作ったぶん: 193カット 11780字 → 発話＋行間 1770.8秒（6.65字/秒・行間込み。AivisSpeech は 5.52）
本編の見込み 32.8分（全 11780字をこの速さで＋LEAD/TAIL 0.85×193＋quote 2.0×16。許容 27〜40分）
最長の1行 = 6.21秒「係員は、ひざで押しこんだ。ハンドルは収まったが、通気扉は少し斜めに閉まっていた。」
dry=0
✓ ep13: 389行・発話 28.2分 → C:\Users\konar\Desktop\zukai-engine-ep13a5\out\phon
prep=0
modal=0
✓ c601-1  
    SB ごじゅうにのさんじゅうななは、みっつの貨物ドアの錠の部品を取り替え、
✓ c606-1  
    工場での呼び名は、胴体二十九号機。製造番号はヨンロクナナマルヨン。
✗ c612-2  間「に｜ヨン」0.48s
    そのあと議員が、ろっきの製造番号を読み上げた。その中にヨンロクナナマルヨンがある。
✗ c415-1  読み「約」y→hy GOP-2.2／読み「万」∅→icl GOP0.0／間「さ｜約」0.30s
    午後7時25分ごろ、高さ約3580メートル（1万1750フィート）で、
✓ c714-1  
    減圧から22秒後には、機首が20度ほど下向きに傾き、時速670キロに達していた。
✓ c112-2  
    この動画では、それに1時間足した、パリの時刻で話す。
✗ c812-1  間「に｜羽田」0.38s
    遺族たちは、遺体に会えないまま、3月11日の夜に羽田空港へ帰ってきた。
✗ c718-2  読み「報告」h→n[頭] GOP-8.7／間「およそ｜七」0.34s
    報告書によれば、減圧から地面に当たるまで、およそ77秒だった。
✓ c418-2  
    そうしてデトロイトへ戻り、午後7時44分に着陸させた。
✗ c312-1  読み「扉」ra→∅ GOP-9.7／読み「灯り」tomo→aka GOP-11.2
    つまり、ハンドルが倒れ、通気扉が閉まり、灯りが消えれば、ドアは閉まっている。
✗ c414-1  読み「係員」r→∅ GOP-0.0／読み「扉」ra→∅ GOP-9.0
    係員は、ひざで押しこんだ。ハンドルは収まったが、通気扉は少し斜めに閉まっていた。
✗ c904-1  読み「扉」ra→∅ GOP-8.2／間「さらに｜い」0.32s
    七月には、通気扉の改修や、のぞき窓の取り替えなど、さらに いつつのSBが義務になった。

確かめた 12行／所見のある行 7
残り 289
