── 章 c1（14カット）→ audio/el_qa/build_ep12_c1.log
   合成 14 カット／持ち越し 1 カット／未作成 176／記録 15／台本 191
── 章 c2（20カット）→ audio/el_qa/build_ep12_c2.log
   合成 20 カット／持ち越し 15 カット／未作成 156／記録 35／台本 191
── 章 c3（24カット）→ audio/el_qa/build_ep12_c3.log
   合成 24 カット／持ち越し 35 カット／未作成 132／記録 59／台本 191
── 章 c4（22カット）→ audio/el_qa/build_ep12_c4.log
   合成 22 カット／持ち越し 59 カット／未作成 110／記録 81／台本 191
── 章 c5（22カット）→ audio/el_qa/build_ep12_c5.log
   合成 22 カット／持ち越し 81 カット／未作成 88／記録 103／台本 191
── 章 c6（26カット）→ audio/el_qa/build_ep12_c6.log
   合成 26 カット／持ち越し 103 カット／未作成 62／記録 129／台本 191
── 章 c7（22カット）→ audio/el_qa/build_ep12_c7.log
   合成 22 カット／持ち越し 129 カット／未作成 40／記録 151／台本 191
── 章 c8（20カット）→ audio/el_qa/build_ep12_c8.log
   合成 20 カット／持ち越し 151 カット／未作成 20／記録 171／台本 191
── 章 c9（20カット）→ audio/el_qa/build_ep12_c9.log
   合成 20 カット／持ち越し 171 カット／未作成 0／記録 191／台本 191
── 章 ed（1カット）→ audio/el_qa/build_ep12_ed.log
   合成 1 カット／持ち越し 190 カット／未作成 0／記録 191／台本 191
==================
   合成 1 カット／持ち越し 190 カット／未作成 0／記録 191／台本 191
   本編の見込み 39.1分（全 11535字をこの速さで＋LEAD/TAIL 0.85×191＋quote 2.0×16。許容 27〜40分）
✅ 指定の章はおわり
exit=0
