ElevenLabs: 声=Otani（3JDquces8E8bkmvbh6Bc） モデル=eleven_v3 settings={'stability': 1.0, 'similarity_boost': 0.75, 'style': 0.0, 'speed': 1.0, 'use_speaker_boost': True} ／クレジット 152,431 / 158,500／GAP 0.4s
c701:  15.85s  (2行)
c702:  14.17s  (2行)
c703:  17.32s  (3行)
c704:   9.17s  (2行)
    ⚠️ 異音 c705-2 take1: 末尾に余計な音: 110ms の無音 → 110ms の音（5.97秒地点・振幅6716＝本文の1.1倍）
    ⚠️ 異音 c705-2 take2: 末尾に余計な音: 90ms の無音 → 200ms の音（5.95秒地点・振幅7615＝本文の1.3倍）; 途中に浮いた音: 190ms（5.67秒地点・振幅15893＝本文の2.6倍／前410ms・後90ms の無音）
c705:  13.93s  (2行)
c706:  12.49s  (2行)
    ⚠️ 異音 c707-1 take1: 末尾に余計な音: 100ms の無音 → 160ms の音（4.24秒地点・振幅14985＝本文の2.4倍）
c707:   9.40s  (2行)
c708:   8.60s  (2行)
c709:   9.89s  (2行)
c710:   6.05s  (1行)
    ⚠️ 異音 c711-1 take1: 末尾に余計な音: 120ms の無音 → 170ms の音（6.23秒地点・振幅7850＝本文の1.0倍）
c711:   5.66s  (1行)
c712:   8.35s  (2行)
    ⚠️ 異音 c713-1 take1: 末尾に余計な音: 140ms の無音 → 170ms の音（2.93秒地点・振幅6974＝本文の1.1倍）; 途中に浮いた音: 130ms（2.66秒地点・振幅8037＝本文の1.3倍／前110ms・後140ms の無音）
    ⚠️ 異音 c713-1 take2: 末尾に余計な音: 140ms の無音 → 110ms の音（2.93秒地点・振幅8268＝本文の1.1倍）; 途中に浮いた音: 130ms（2.66秒地点・振幅10689＝本文の1.4倍／前100ms・後140ms の無音）
    ⚠️ 異音 c713-1 take3: 末尾に余計な音: 170ms の無音 → 160ms の音（3.04秒地点・振幅8720＝本文の1.2倍）; 途中に浮いた音: 130ms（2.74秒地点・振幅13029＝本文の1.7倍／前90ms・後170ms の無音）
c713:   8.02s  (2行)
    ⚠️ 異音 c714-1 take1: 途中に浮いた音: 200ms（6.19秒地点・振幅30982＝本文の3.2倍／前340ms・後100ms の無音）
c714:   8.08s  (1行)
c715:   7.45s  (2行)
c716:   5.88s  (1行)
c717:   4.68s  (1行)
c718:  13.51s  (2行)
c719:   8.86s  (2行)
    ⚠️ 異音 c720-2 take1: 末尾に余計な音: 150ms の無音 → 130ms の音（6.56秒地点・振幅5942＝本文の1.1倍）; 途中に浮いた音: 190ms（4.69秒地点・振幅5696＝本文の1.0倍／前120ms・後940ms の無音）
    ⚠️ 異音 c720-2 take2: 末尾に余計な音: 150ms の無音 → 120ms の音（6.52秒地点・振幅6672＝本文の1.1倍）; 途中に浮いた音: 180ms（4.72秒地点・振幅6835＝本文の1.1倍／前120ms・後830ms の無音）
    ⚠️ 異音 c720-2 take3: 末尾に余計な音: 140ms の無音 → 160ms の音（6.40秒地点・振幅6644＝本文の1.0倍）
c720:  12.12s  (2行)
c721:   5.59s  (1行)
c722:  10.15s  (2行)

合成 22 カット／持ち越し 128 カット／未作成 43／記録 150／台本 193
⚠️ まだ作っていないカット 43: c801,c802,c803,c804,c805,c806,c807,c808…
作ったぶん: 150カット 9322字 → 発話＋行間 1721.3秒（5.42字/秒・行間込み。AivisSpeech は 5.52）
本編の見込み 39.5分（全 11780字をこの速さで＋LEAD/TAIL 0.85×193＋quote 2.0×16。許容 27〜40分）
最長の1行 = 8.29秒「乗っていたのは、乗客334人と乗員12人。あわせて346人。」
API 48行（1,578字）／キャッシュ 0行／振り直し 9回／本物と判定 0／要耳 2（記録＝audio/el_qa/ep13_el_retakes.tsv）
クレジット 152,431 → 153,347（消費 916）⚠️ 反映が遅れることがある
exit=1
