ElevenLabs: 声=Otani（3JDquces8E8bkmvbh6Bc） モデル=eleven_v3 settings={'stability': 1.0, 'similarity_boost': 0.75, 'style': 0.0, 'speed': 1.0, 'use_speaker_boost': True} ／クレジット 131,088 / 158,500／GAP 0.4s
pr01:  12.07s  (2行)
pr02:   8.06s  (2行)
pr03:   8.14s  (2行)
pr04:   9.44s  (3行)
pr05:  11.57s  (3行)
pr06:   6.97s  (2行)
pr07:  13.89s  (3行)
pr08:  14.40s  (3行)
pr09:   7.64s  (2行)
pr10:  14.55s  (3行)
pr11:  12.40s  (3行)
c101:   8.23s  (2行)
c102:   9.73s  (3行)
c103:  13.33s  (3行)
c105:  11.17s  (3行)
c106:   8.70s  (2行)
c107:  10.48s  (2行)
c108:  14.09s  (3行)
c109:  13.12s  (3行)
c110:   8.72s  (2行)
c111:  12.83s  (3行)
c112:  12.13s  (3行)
c113:  13.20s  (3行)
c114:  12.22s  (3行)
c115:  10.34s  (3行)
c116:   7.89s  (2行)
c117:  10.24s  (3行)
c118:  12.29s  (3行)
c119:  15.36s  (3行)
c201:   9.85s  (2行)
c202:  10.89s  (3行)
c203:   6.76s  (2行)
c204:  12.90s  (3行)
c205:   9.32s  (2行)
c206:   7.21s  (2行)
c207:   8.57s  (2行)
c208:   9.73s  (3行)
c209:  15.39s  (3行)
c210:   8.67s  (3行)
c211:   5.99s  (2行)
c212:   7.57s  (2行)
c213:  10.76s  (3行)
c214:   7.80s  (2行)
c215:  15.56s  (3行)
c216:   6.31s  (2行)
c301:  11.38s  (2行)
c302:  15.06s  (3行)
c303:   9.48s  (2行)
c304:  11.30s  (3行)
c305:   8.40s  (2行)
c306:  12.49s  (3行)
c307:   7.26s  (2行)
c308:   6.45s  (2行)
c309:  11.10s  (3行)
c310:   8.49s  (2行)
c311:  11.08s  (3行)
c312:   8.80s  (2行)
c313:  11.96s  (3行)
c314:  14.15s  (3行)
c315:  13.19s  (3行)
c316:  13.05s  (3行)
c317:  12.12s  (2行)
c318:  12.68s  (3行)
c319:  15.23s  (3行)
c320:  11.23s  (3行)
c321:   9.48s  (2行)
c322:  13.43s  (2行)
c401:   7.28s  (2行)
c402:   5.83s  (2行)
c403:   8.12s  (2行)
c404:   9.78s  (3行)
c405:   8.79s  (2行)
c406:   8.68s  (2行)
c407:   8.05s  (2行)
c408:  11.10s  (3行)
c409:  13.63s  (3行)
c410:  10.68s  (2行)
c411:   7.59s  (2行)
c412:   5.92s  (2行)
c413:  13.07s  (3行)
c414:   6.28s  (2行)
c501:   6.21s  (2行)
c502:  10.27s  (2行)
c503:   7.37s  (2行)
c504:  10.72s  (3行)
c505:   7.97s  (2行)
c506:  10.16s  (3行)
c507:  10.85s  (3行)
c508:  11.28s  (3行)
c509:  11.08s  (3行)
c510:   8.58s  (2行)
c511:   9.57s  (3行)
c512:  10.54s  (3行)
c513:  12.24s  (2行)
c514:  13.66s  (3行)
c515:   9.70s  (3行)
c516:  12.01s  (3行)
c517:  11.39s  (3行)
c518:  14.37s  (3行)
c519:   7.80s  (2行)
c520:  14.42s  (3行)
c521:  14.36s  (3行)
c522:  12.54s  (3行)
c601:   9.64s  (2行)
c602:   9.50s  (3行)
c603:  11.92s  (3行)
c604:  11.00s  (3行)
c605:  10.21s  (3行)
c606:  16.90s  (3行)
c607:  11.32s  (3行)
c608:  14.04s  (3行)
c609:   9.07s  (2行)
c610:   9.10s  (2行)
c611:  11.39s  (3行)
c612:   6.14s  (2行)
c613:   8.60s  (3行)
c614:  11.14s  (3行)
c615:  11.19s  (3行)
c616:  10.42s  (2行)
c617:  13.21s  (3行)
c618:   8.75s  (2行)
c619:  11.48s  (3行)
c620:   6.47s  (2行)
c621:   9.55s  (2行)
c622:   9.59s  (3行)
c701:   9.25s  (2行)
c702:   6.83s  (2行)
c703:  10.45s  (2行)
c704:   6.99s  (2行)
c705:  12.81s  (3行)
c706:   5.84s  (2行)
c707:  12.26s  (3行)
c708:  10.02s  (2行)
c709:   9.07s  (2行)
c710:  12.36s  (3行)
c711:   8.49s  (2行)
c712:   7.43s  (2行)
c713:  10.53s  (3行)
c714:  10.41s  (3行)
c715:   8.28s  (2行)
c716:  11.60s  (3行)
c801:   7.54s  (2行)
c802:   8.28s  (2行)
c803:   8.95s  (2行)
c804:  10.27s  (3行)
c805:   8.08s  (2行)
c806:  13.58s  (3行)
c807:   7.73s  (2行)
    ⚠️ 異音 c808-2 take1: 途中に浮いた音: 130ms（1.20秒地点・振幅19206＝本文の2.5倍／前90ms・後80ms の無音）
    ⚠️ 異音 c808-3 take1: 末尾に余計な音: 90ms の無音 → 110ms の音（3.73秒地点・振幅14985＝本文の1.2倍）
c808:  10.17s  (3行)
    ⚠️ 異音 c809-2 take1: 末尾に余計な音: 150ms の無音 → 160ms の音（4.80秒地点・振幅8861＝本文の1.1倍）; 途中に浮いた音: 240ms（4.13秒地点・振幅19175＝本文の2.3倍／前200ms・後150ms の無音）; 途中に浮いた音: 130ms（4.52秒地点・振幅10382＝本文の1.2倍／前150ms・後150ms の無音）
    ⚠️ 異音 c809-2 take2: 途中に浮いた音: 160ms（4.96秒地点・振幅9275＝本文の1.0倍／前120ms・後2070ms の無音）
    ⚠️ 異音 c809-2 take3: 末尾に余計な音: 140ms の無音 → 140ms の音（4.90秒地点・振幅9789＝本文の1.4倍）; 途中に浮いた音: 240ms（4.26秒地点・振幅23008＝本文の3.3倍／前240ms・後130ms の無音）; 途中に浮いた音: 130ms（4.63秒地点・振幅6680＝本文の1.0倍／前130ms・後140ms の無音）
c809:   9.13s  (2行)
c810:  15.57s  (3行)
c811:   7.73s  (2行)
c812:   7.45s  (2行)
    ⚠️ 異音 c813-2 take1: 末尾に余計な音: 110ms の無音 → 140ms の音（4.02秒地点・振幅16119＝本文の1.4倍）
    ⚠️ 異音 c813-3 take1: 末尾に余計な音: 110ms の無音 → 180ms の音（4.32秒地点・振幅6978＝本文の0.9倍）
    ⚠️ 異音 c813-3 take2: 末尾に余計な音: 110ms の無音 → 150ms の音（4.06秒地点・振幅7825＝本文の0.9倍）
    ⚠️ 異音 c813-3 take3: 末尾に余計な音: 110ms の無音 → 140ms の音（3.99秒地点・振幅8302＝本文の1.2倍）
c813:  14.02s  (3行)
    ⚠️ 異音 c814-2 take1: 途中に浮いた音: 250ms（1.41秒地点・振幅8507＝本文の1.0倍／前80ms・後390ms の無音）; 途中に浮いた音: 190ms（2.05秒地点・振幅14083＝本文の1.6倍／前390ms・後200ms の無音）
    ⚠️ 異音 c814-2 take2: 途中に浮いた音: 190ms（1.81秒地点・振幅14842＝本文の1.4倍／前310ms・後200ms の無音）
    ⚠️ 異音 c814-2 take3: 途中に浮いた音: 210ms（2.05秒地点・振幅15737＝本文の1.3倍／前490ms・後190ms の無音）
c814:  12.15s  (3行)
c815:  19.39s  (3行)
c816:   8.31s  (3行)
    ⚠️ 異音 c817-3 take1: 末尾に余計な音: 1900ms の無音 → 30ms の音（6.05秒地点・振幅19682＝本文の1.8倍）
c817:  10.40s  (3行)
    ⚠️ 異音 c818-1 take1: 末尾に余計な音: 560ms の無音 → 190ms の音（5.65秒地点・振幅14516＝本文の1.8倍）; 途中に浮いた音: 190ms（0.66秒地点・振幅11957＝本文の1.5倍／前140ms・後1010ms の無音）
    ⚠️ 異音 c818-1 take2: 途中に浮いた音: 250ms（0.59秒地点・振幅11853＝本文の1.5倍／前110ms・後790ms の無音）
    ⚠️ 異音 c818-1 take3: 途中に浮いた音: 230ms（0.67秒地点・振幅6485＝本文の1.0倍／前130ms・後1070ms の無音）; 途中に浮いた音: 170ms（5.67秒地点・振幅7578＝本文の1.2倍／前480ms・後1590ms の無音）
c818:   5.72s  (1行)
    ⚠️ 異音 c819-2 take1: 途中に浮いた音: 150ms（3.48秒地点・振幅11552＝本文の1.0倍／前130ms・後120ms の無音）
Traceback (most recent call last):
  File "C:\Users\konar\Desktop\zukai-engine\tools\el_build.py", line 342, in <module>
    TEMPO = 1.0
         ^^^^^^^
  File "C:\Users\konar\Desktop\zukai-engine\tools\el_build.py", line 220, in build
    return el_tts.synth(sent, lid, slug=ES.SLUG, settings=ES.SETTINGS)
                   ^^^^^^^^^^^^^^^^^^^^^^^^^^^^
  File "C:\Users\konar\Desktop\zukai-engine\tools\el_build.py", line 161, in build_cut
    return hashlib.sha1(f"{spoken}|{el_tts.VOICE}|{el_tts.MODEL}|{json.dumps(ES.SETTINGS, sort_keys=True)}"
              ^^^^^^^^^^^^
  File "C:\Users\konar\Desktop\zukai-engine\tools\el_build.py", line 131, in retempo
    "-filter:a", f"atempo={t}", "-f", "s16le", "-ac", "1", "-ar", str(SR), "pipe:1"]
 ^^^^^^^^^^^^^^^^^^^^^^^^^^^^^^^^^^^^^^^^^^^^^^^^^^^^^^^^^^^^^^^^^^^^^^^^^^^^^^
  File "C:\Users\konar\AppData\Local\Programs\Python\Python312\Lib\subprocess.py", line 548, in run
    with Popen(*popenargs, **kwargs) as process:
         ^^^^^^^^^^^^^^^^^^^^^^^^^^^
  File "C:\Users\konar\AppData\Local\Programs\Python\Python312\Lib\subprocess.py", line 1026, in __init__
    self._execute_child(args, executable, preexec_fn, close_fds,
  File "C:\Users\konar\AppData\Local\Programs\Python\Python312\Lib\subprocess.py", line 1538, in _execute_child
    hp, ht, pid, tid = _winapi.CreateProcess(executable, args,
                       ^^^^^^^^^^^^^^^^^^^^^^^^^^^^^^^^^^^^^^^
OSError: [WinError 1455] ページング ファイルが小さすぎるため、この操作を完了できません。
exit=1
