ElevenLabs: 声=Otani（3JDquces8E8bkmvbh6Bc） モデル=eleven_v3 settings={'stability': 1.0, 'similarity_boost': 0.75, 'style': 0.0, 'speed': 1.0, 'use_speaker_boost': True} ／クレジット 147,016 / 158,500／GAP 0.4s
c901:  11.45s  (2行)
c902:   9.02s  (2行)
c903:  12.68s  (3行)
c904:  10.53s  (2行)
c905:  10.67s  (2行)
c906:  13.05s  (3行)
c907:  12.02s  (2行)
c908:   8.35s  (2行)
c909:  14.20s  (3行)
c910:   9.44s  (2行)
c911:  12.41s  (2行)
c912:   6.95s  (1行)
c913:   9.15s  (2行)
c914:  19.28s  (3行)
c915:  17.13s  (3行)
c916:  14.94s  (2行)
c917:  13.95s  (2行)
c918:  10.15s  (2行)
c919:  12.34s  (2行)
c920:  13.43s  (3行)

合成 20 カット／持ち越し 171 カット／未作成 0／記録 191／台本 191
作ったぶん: 191カット 11535字 → 発話＋行間 2157.6秒（5.35字/秒・行間込み。AivisSpeech は 5.52）
本編の見込み 39.2分（全 11535字をこの速さで＋LEAD/TAIL 0.85×191＋quote 2.0×16。許容 27〜40分）
最長の1行 = 8.32秒「26日後の3月27日には、ブラボーのクレーターの上で、次の爆発が行われている。」
API 0行（0字）／キャッシュ 45行／振り直し 0回／本物と判定 0／要耳 0（記録＝audio/el_qa/ep12_el_retakes.tsv）
クレジット 147,016 → 147,016（消費 0）⚠️ 反映が遅れることがある
exit=0
