ElevenLabs: 声=Otani（3JDquces8E8bkmvbh6Bc） モデル=eleven_v3 settings={'stability': 1.0, 'similarity_boost': 0.75, 'style': 0.0, 'speed': 1.0, 'use_speaker_boost': True} ／クレジット 125,045 / 158,500／GAP 0.4s
    ⚠️ 異音 pr01-1 take1: 途中に浮いた音: 240ms（7.33秒地点・振幅15006＝本文の1.5倍／前90ms・後130ms の無音）
pr01:  12.07s  (2行)
pr02:   8.06s  (2行)
    ⚠️ 異音 pr03-2 take1: 先頭に余計な音: 190ms の音（振幅25906＝本文の3.1倍）のあと 130ms の無音
    ⚠️ 異音 pr03-2 take2: 先頭に余計な音: 160ms の音（振幅31755＝本文の2.9倍）のあと 100ms の無音
    ⚠️ 異音 pr03-2 take3: 末尾に余計な音: 90ms の無音 → 250ms の音（2.71秒地点・振幅8961＝本文の1.0倍）; 先頭に余計な音: 180ms の音（振幅31479＝本文の3.4倍）のあと 120ms の無音
pr03:   8.14s  (2行)
    ⚠️ 異音 pr04-3 take1: 末尾に余計な音: 110ms の無音 → 130ms の音（2.19秒地点・振幅15713＝本文の1.4倍）
pr04:   9.44s  (3行)
pr05:  11.57s  (3行)
pr06:   6.97s  (2行)
pr07:  13.89s  (3行)
pr08:  14.40s  (3行)
pr09:   7.64s  (2行)
pr10:  14.55s  (3行)
pr11:  12.40s  (3行)
c101:   8.23s  (2行)
c102:   9.73s  (3行)
c103:  13.33s  (3行)
c105:  11.17s  (3行)
    ⚠️ 異音 c106-2 take1: 末尾に余計な音: 110ms の無音 → 130ms の音（3.85秒地点・振幅14163＝本文の1.1倍）
    ⚠️ 異音 c106-2 take2: 途中に浮いた音: 170ms（1.22秒地点・振幅17964＝本文の1.4倍／前80ms・後290ms の無音）
    ⚠️ 異音 c106-2 take3: 末尾に余計な音: 110ms の無音 → 110ms の音（4.02秒地点・振幅16244＝本文の1.2倍）
c106:   8.70s  (2行)
c107:  10.48s  (2行)
c108:  14.09s  (3行)
    ⚠️ 異音 c109-2 take1: 途中に浮いた音: 250ms（3.54秒地点・振幅20758＝本文の1.2倍／前80ms・後150ms の無音）
    ⚠️ 異音 c109-2 take2: 途中に浮いた音: 230ms（3.69秒地点・振幅15019＝本文の1.1倍／前90ms・後150ms の無音）
    ⚠️ 異音 c109-2 take3: 途中に浮いた音: 240ms（3.69秒地点・振幅15269＝本文の0.9倍／前90ms・後110ms の無音）
    ⚠️ 異音 c109-3 take1: 途中に浮いた音: 210ms（1.81秒地点・振幅25787＝本文の2.4倍／前180ms・後110ms の無音）
c109:  13.12s  (3行)
c110:   8.72s  (2行)
    ⚠️ 異音 c111-2 take1: 途中に浮いた音: 150ms（2.84秒地点・振幅10618＝本文の1.3倍／前90ms・後80ms の無音）; 途中に浮いた音: 210ms（3.99秒地点・振幅22676＝本文の2.8倍／前200ms・後110ms の無音）
    ⚠️ 異音 c111-2 take2: 途中に浮いた音: 210ms（3.84秒地点・振幅28728＝本文の2.8倍／前180ms・後110ms の無音）
    ⚠️ 異音 c111-2 take3: 途中に浮いた音: 190ms（3.85秒地点・振幅30350＝本文の3.4倍／前300ms・後140ms の無音）
c111:  12.83s  (3行)
c112:  12.13s  (3行)
    ⚠️ 異音 c113-1 take1: 末尾に余計な音: 90ms の無音 → 160ms の音（4.08秒地点・振幅7052＝本文の0.9倍）
    ⚠️ 異音 c113-1 take2: 途中に浮いた音: 220ms（2.81秒地点・振幅29528＝本文の3.9倍／前90ms・後140ms の無音）
    ⚠️ 異音 c113-1 take3: 途中に浮いた音: 210ms（2.73秒地点・振幅28029＝本文の3.3倍／前90ms・後110ms の無音）
    ⚠️ 異音 c113-3 take1: 末尾に余計な音: 100ms の無音 → 130ms の音（4.27秒地点・振幅12769＝本文の1.0倍）
c113:  13.20s  (3行)
    ⚠️ 異音 c114-3 take1: 先頭に余計な音: 180ms の音（振幅26854＝本文の2.9倍）のあと 110ms の無音
    ⚠️ 異音 c114-3 take2: 先頭に余計な音: 190ms の音（振幅23196＝本文の2.5倍）のあと 100ms の無音
c114:  12.22s  (3行)
    ⚠️ 異音 c115-1 take1: 先頭に余計な音: 200ms の音（振幅31477＝本文の3.6倍）のあと 90ms の無音
    ⚠️ 異音 c115-3 take1: 途中に浮いた音: 190ms（2.18秒地点・振幅8851＝本文の1.0倍／前460ms・後2180ms の無音）
c115:  10.34s  (3行)
c116:   7.89s  (2行)
    ⚠️ 異音 c117-2 take1: 途中に浮いた音: 200ms（0.79秒地点・振幅7635＝本文の0.9倍／前110ms・後510ms の無音）
    ⚠️ 異音 c117-2 take2: 途中に浮いた音: 200ms（0.79秒地点・振幅7893＝本文の1.0倍／前120ms・後470ms の無音）
    ⚠️ 異音 c117-2 take3: 途中に浮いた音: 180ms（0.80秒地点・振幅10523＝本文の1.1倍／前120ms・後360ms の無音）
c117:  10.24s  (3行)
c118:  12.29s  (3行)
c119:  15.36s  (3行)
c201:   9.85s  (2行)
    ⚠️ 異音 c202-1 take1: 途中に浮いた音: 250ms（3.26秒地点・振幅14189＝本文の1.4倍／前160ms・後140ms の無音）
    ⚠️ 異音 c202-1 take2: 途中に浮いた音: 240ms（3.02秒地点・振幅24329＝本文の2.1倍／前140ms・後100ms の無音）
    ⚠️ 異音 c202-1 take3: 途中に浮いた音: 240ms（3.50秒地点・振幅19157＝本文の1.8倍／前210ms・後120ms の無音）
c202:  10.89s  (3行)
c203:   6.76s  (2行)
c204:  12.90s  (3行)
    ⚠️ 異音 c205-2 take1: 末尾に余計な音: 120ms の無音 → 150ms の音（6.51秒地点・振幅8124＝本文の1.0倍）
c205:   9.32s  (2行)
c206:   7.21s  (2行)
c207:   8.57s  (2行)
    ⚠️ 異音 c208-2 take1: 末尾に余計な音: 100ms の無音 → 150ms の音（3.69秒地点・振幅10064＝本文の1.3倍）
    ⚠️ 異音 c208-2 take2: 末尾に余計な音: 110ms の無音 → 160ms の音（3.84秒地点・振幅8736＝本文の1.0倍）
    ⚠️ 異音 c208-2 take3: 末尾に余計な音: 100ms の無音 → 140ms の音（3.86秒地点・振幅8733＝本文の1.0倍）
c208:   9.73s  (3行)
c209:  15.39s  (3行)
    ⚠️ 異音 c210-3 take1: 末尾に余計な音: 90ms の無音 → 170ms の音（2.23秒地点・振幅7456＝本文の0.9倍）
c210:   8.67s  (3行)
c211:   5.99s  (2行)
    ⚠️ 異音 c212-2 take1: 末尾に余計な音: 100ms の無音 → 190ms の音（3.49秒地点・振幅9791＝本文の1.5倍）
c212:   7.57s  (2行)
c213:  10.76s  (3行)
c214:   7.80s  (2行)
c215:  15.56s  (3行)
c216:   6.31s  (2行)
c301:  11.38s  (2行)
c302:  15.06s  (3行)
c303:   9.48s  (2行)
c304:  11.30s  (3行)
c305:   8.40s  (2行)
    ⚠️ 異音 c306-1 take1: 途中に浮いた音: 250ms（1.06秒地点・振幅10801＝本文の1.3倍／前90ms・後130ms の無音）
    ⚠️ 異音 c306-1 take2: 途中に浮いた音: 240ms（1.17秒地点・振幅10495＝本文の1.1倍／前90ms・後180ms の無音）
c306:  12.49s  (3行)
    ⚠️ 異音 c307-1 take1: 末尾に余計な音: 120ms の無音 → 110ms の音（4.37秒地点・振幅10914＝本文の1.2倍）
c307:   7.26s  (2行)
    ⚠️ 異音 c308-2 take1: 末尾に余計な音: 90ms の無音 → 150ms の音（3.05秒地点・振幅14291＝本文の1.1倍）
    ⚠️ 異音 c308-2 take2: 末尾に余計な音: 90ms の無音 → 160ms の音（2.96秒地点・振幅14999＝本文の1.3倍）
c308:   6.45s  (2行)
c309:  11.10s  (3行)
    ⚠️ 異音 c310-1 take1: 末尾に余計な音: 110ms の無音 → 210ms の音（2.35秒地点・振幅6912＝本文の1.0倍）
c310:   8.49s  (2行)
c311:  11.08s  (3行)
    ⚠️ 異音 c312-1 take1: 末尾に余計な音: 120ms の無音 → 160ms の音（2.48秒地点・振幅14273＝本文の1.7倍）
c312:   8.80s  (2行)
c313:  11.96s  (3行)
c314:  14.15s  (3行)
c315:  13.19s  (3行)
    ⚠️ 異音 c316-3 take1: 末尾に余計な音: 100ms の無音 → 120ms の音（4.44秒地点・振幅11785＝本文の1.4倍）; 途中に浮いた音: 220ms（2.30秒地点・振幅26050＝本文の3.1倍／前120ms・後80ms の無音）
    ⚠️ 異音 c316-3 take2: 途中に浮いた音: 230ms（2.43秒地点・振幅25195＝本文の2.9倍／前200ms・後80ms の無音）
    ⚠️ 異音 c316-3 take3: 末尾に余計な音: 90ms の無音 → 170ms の音（4.55秒地点・振幅10182＝本文の0.9倍）
c316:  13.05s  (3行)
c317:  12.12s  (2行)
c318:  12.68s  (3行)
c319:  15.23s  (3行)
c320:  11.23s  (3行)
c321:   9.48s  (2行)
c322:  13.43s  (2行)
c401:   7.28s  (2行)
    ⚠️ 異音 c402-2 take1: 途中に浮いた音: 190ms（1.12秒地点・振幅25358＝本文の2.1倍／前230ms・後80ms の無音）
    ⚠️ 異音 c402-2 take2: 途中に浮いた音: 170ms（1.12秒地点・振幅24278＝本文の2.1倍／前270ms・後80ms の無音）
c402:   5.83s  (2行)
    ⚠️ 異音 c403-1 take1: 途中に浮いた音: 120ms（3.81秒地点・振幅14622＝本文の2.3倍／前110ms・後170ms の無音）
    ⚠️ 異音 c403-1 take2: 途中に浮いた音: 130ms（3.85秒地点・振幅11791＝本文の1.8倍／前200ms・後150ms の無音）
    ⚠️ 異音 c403-1 take3: 途中に浮いた音: 110ms（3.81秒地点・振幅11354＝本文の1.5倍／前220ms・後180ms の無音）
c403:   8.12s  (2行)
    ⚠️ 異音 c404-2 take1: 末尾に余計な音: 1220ms の無音 → 50ms の音（5.07秒地点・振幅8684＝本文の1.0倍）; 途中に浮いた音: 210ms（3.64秒地点・振幅21876＝本文の2.4倍／前1190ms・後1220ms の無音）
    ⚠️ 異音 c404-2 take2: 末尾に余計な音: 1310ms の無音 → 170ms の音（3.95秒地点・振幅15344＝本文の1.6倍）
    ⚠️ 異音 c404-2 take3: 末尾に余計な音: 1610ms の無音 → 190ms の音（4.13秒地点・振幅13055＝本文の1.5倍）
c404:   9.78s  (3行)
    ⚠️ 異音 c405-2 take1: 途中に浮いた音: 190ms（1.06秒地点・振幅24166＝本文の1.7倍／前130ms・後80ms の無音）
    ⚠️ 異音 c405-2 take2: 途中に浮いた音: 190ms（1.14秒地点・振幅27744＝本文の1.8倍／前170ms・後80ms の無音）
c405:   8.79s  (2行)
c406:   8.68s  (2行)
    ⚠️ 異音 c407-1 take1: 途中に浮いた音: 220ms（1.78秒地点・振幅8524＝本文の1.1倍／前90ms・後390ms の無音）
    ⚠️ 異音 c407-1 take2: 途中に浮いた音: 200ms（1.72秒地点・振幅21104＝本文の2.1倍／前80ms・後370ms の無音）
c407:   8.05s  (2行)
    ⚠️ 異音 c408-2 take1: 末尾に余計な音: 90ms の無音 → 180ms の音（3.17秒地点・振幅6193＝本文の1.1倍）
    ⚠️ 異音 c408-2 take2: 末尾に余計な音: 110ms の無音 → 110ms の音（3.73秒地点・振幅5240＝本文の1.0倍）
    ⚠️ 異音 c408-3 take1: 末尾に余計な音: 100ms の無音 → 150ms の音（2.96秒地点・振幅7497＝本文の1.1倍）
    ⚠️ 異音 c408-3 take2: 末尾に余計な音: 100ms の無音 → 160ms の音（3.03秒地点・振幅14724＝本文の1.7倍）
    ⚠️ 異音 c408-3 take3: 末尾に余計な音: 110ms の無音 → 160ms の音（2.95秒地点・振幅10146＝本文の1.1倍）
c408:  11.10s  (3行)
    ⚠️ 異音 c409-1 take1: 先頭に余計な音: 150ms の音（振幅30937＝本文の3.0倍）のあと 100ms の無音
c409:  13.63s  (3行)
c410:  10.68s  (2行)
c411:   7.59s  (2行)
c412:   5.92s  (2行)
c413:  13.07s  (3行)
c414:   6.28s  (2行)
    ⚠️ 異音 c501-1 take1: 途中に浮いた音: 130ms（1.27秒地点・振幅17126＝本文の2.2倍／前230ms・後150ms の無音）
    ⚠️ 異音 c501-1 take2: 途中に浮いた音: 110ms（1.15秒地点・振幅12700＝本文の1.7倍／前120ms・後170ms の無音）
    ⚠️ 異音 c501-1 take3: 途中に浮いた音: 140ms（1.24秒地点・振幅16931＝本文の1.9倍／前180ms・後130ms の無音）
c501:   6.21s  (2行)
c502:  10.27s  (2行)
    ⚠️ 異音 c503-2 take1: 途中に浮いた音: 120ms（1.18秒地点・振幅11747＝本文の1.2倍／前190ms・後120ms の無音）
    ⚠️ 異音 c503-2 take2: 途中に浮いた音: 120ms（1.20秒地点・振幅14147＝本文の1.1倍／前160ms・後130ms の無音）
    ⚠️ 異音 c503-2 take3: 途中に浮いた音: 120ms（1.14秒地点・振幅12668＝本文の1.1倍／前170ms・後130ms の無音）
c503:   7.37s  (2行)
c504:  10.72s  (3行)
    ⚠️ 異音 c505-1 take1: 先頭に余計な音: 200ms の音（振幅25342＝本文の2.5倍）のあと 130ms の無音
    ⚠️ 異音 c505-1 take2: 先頭に余計な音: 130ms の音（振幅32531＝本文の3.7倍）のあと 130ms の無音
c505:   7.97s  (2行)
c506:  10.16s  (3行)
c507:  10.85s  (3行)
c508:  11.28s  (3行)
    ⚠️ 異音 c509-3 take1: 末尾に余計な音: 110ms の無音 → 160ms の音（3.36秒地点・振幅8295＝本文の1.0倍）
c509:  11.08s  (3行)
c510:   8.58s  (2行)
c511:   9.57s  (3行)
    ⚠️ 異音 c512-1 take1: 途中に浮いた音: 220ms（0.76秒地点・振幅30399＝本文の3.5倍／前100ms・後120ms の無音）
    ⚠️ 異音 c512-1 take2: 途中に浮いた音: 210ms（0.85秒地点・振幅29070＝本文の2.4倍／前170ms・後120ms の無音）
c512:  10.54s  (3行)
c513:  12.24s  (2行)
c514:  13.66s  (3行)
c515:   9.70s  (3行)
    ⚠️ 異音 c516-1 take1: 途中に浮いた音: 200ms（1.01秒地点・振幅22319＝本文の1.9倍／前200ms・後100ms の無音）
    ⚠️ 異音 c516-1 take2: 途中に浮いた音: 210ms（1.02秒地点・振幅21223＝本文の1.8倍／前150ms・後100ms の無音）
    ⚠️ 異音 c516-1 take3: 途中に浮いた音: 190ms（0.98秒地点・振幅23925＝本文の1.9倍／前150ms・後80ms の無音）
c516:  12.01s  (3行)
c517:  11.39s  (3行)
c518:  14.37s  (3行)
c519:   7.80s  (2行)
c520:  14.42s  (3行)
c521:  14.36s  (3行)
c522:  12.54s  (3行)
c601:   9.64s  (2行)
c602:   9.50s  (3行)
    ⚠️ 異音 c603-1 take1: 末尾に余計な音: 80ms の無音 → 170ms の音（3.19秒地点・振幅6747＝本文の0.9倍）
c603:  11.92s  (3行)
c604:  11.00s  (3行)
c605:  10.21s  (3行)
    ⚠️ 異音 c606-3 take1: 途中に浮いた音: 180ms（3.89秒地点・振幅25010＝本文の2.1倍／前610ms・後320ms の無音）
    ⚠️ 異音 c606-3 take2: 途中に浮いた音: 220ms（3.98秒地点・振幅28104＝本文の2.6倍／前460ms・後230ms の無音）
    ⚠️ 異音 c606-3 take3: 途中に浮いた音: 150ms（3.78秒地点・振幅27683＝本文の2.4倍／前570ms・後290ms の無音）
c606:  16.90s  (3行)
c607:  11.32s  (3行)
c608:  14.04s  (3行)
c609:   9.07s  (2行)
c610:   9.10s  (2行)
c611:  11.39s  (3行)
c612:   6.14s  (2行)
c613:   8.60s  (3行)
c614:  11.14s  (3行)
c615:  11.19s  (3行)
    ⚠️ 異音 c616-2 take1: 末尾に余計な音: 990ms の無音 → 130ms の音（6.11秒地点・振幅17489＝本文の1.4倍）
    ⚠️ 異音 c616-2 take2: 途中に浮いた音: 230ms（3.51秒地点・振幅14786＝本文の1.1倍／前80ms・後120ms の無音）
c616:  10.42s  (2行)
c617:  13.21s  (3行)
c618:   8.75s  (2行)
c619:  11.48s  (3行)
c620:   6.47s  (2行)
c621:   9.55s  (2行)
    ⚠️ 異音 c622-1 take1: 途中に浮いた音: 240ms（1.58秒地点・振幅19251＝本文の2.5倍／前560ms・後470ms の無音）
c622:   9.59s  (3行)
c701:   9.25s  (2行)
    ⚠️ 異音 c702-1 take1: 途中に浮いた音: 140ms（0.99秒地点・振幅19798＝本文の1.5倍／前170ms・後90ms の無音）
    ⚠️ 異音 c702-2 take1: 途中に浮いた音: 180ms（0.98秒地点・振幅23431＝本文の1.7倍／前200ms・後80ms の無音）
    ⚠️ 異音 c702-2 take2: 途中に浮いた音: 200ms（1.09秒地点・振幅27708＝本文の1.6倍／前290ms・後90ms の無音）
    ⚠️ 異音 c702-2 take3: 途中に浮いた音: 200ms（0.95秒地点・振幅25605＝本文の1.7倍／前180ms・後100ms の無音）
c702:   6.83s  (2行)
c703:  10.45s  (2行)
c704:   6.99s  (2行)
c705:  12.81s  (3行)
    ⚠️ 異音 c706-2 take1: 途中に浮いた音: 220ms（2.26秒地点・振幅30159＝本文の2.2倍／前480ms・後220ms の無音）
    ⚠️ 異音 c706-2 take2: 途中に浮いた音: 200ms（2.37秒地点・振幅20764＝本文の1.6倍／前540ms・後240ms の無音）
c706:   5.84s  (2行)
    ⚠️ 異音 c707-1 take1: 途中に浮いた音: 170ms（4.88秒地点・振幅18715＝本文の1.9倍／前120ms・後150ms の無音）
    ⚠️ 異音 c707-1 take2: 末尾に余計な音: 160ms の無音 → 150ms の音（5.13秒地点・振幅11556＝本文の1.2倍）; 途中に浮いた音: 170ms（4.80秒地点・振幅14293＝本文の1.4倍／前110ms・後160ms の無音）
    ⚠️ 異音 c707-1 take3: 末尾に余計な音: 130ms の無音 → 160ms の音（4.88秒地点・振幅10033＝本文の0.9倍）; 途中に浮いた音: 130ms（4.62秒地点・振幅10910＝本文の1.0倍／前110ms・後130ms の無音）
c707:  12.26s  (3行)
    ⚠️ 異音 c708-1 take1: 末尾に余計な音: 1490ms の無音 → 30ms の音（8.61秒地点・振幅14497＝本文の1.5倍）; 途中に浮いた音: 180ms（6.94秒地点・振幅11478＝本文の1.2倍／前1140ms・後1490ms の無音）
    ⚠️ 異音 c708-1 take2: 末尾に余計な音: 1680ms の無音 → 240ms の音（6.88秒地点・振幅25519＝本文の2.5倍）
c708:  10.02s  (2行)
c709:   9.07s  (2行)
c710:  12.36s  (3行)
c711:   8.49s  (2行)
    ⚠️ 異音 c712-1 take1: 末尾に余計な音: 100ms の無音 → 130ms の音（3.07秒地点・振幅12130＝本文の1.2倍）
c712:   7.43s  (2行)
    ⚠️ 異音 c713-2 take1: 末尾に余計な音: 100ms の無音 → 140ms の音（1.94秒地点・振幅13492＝本文の1.0倍）
c713:  10.53s  (3行)
    ⚠️ 異音 c714-2 take1: 途中に浮いた音: 170ms（3.04秒地点・振幅6226＝本文の1.0倍／前100ms・後660ms の無音）
c714:  10.41s  (3行)
    ⚠️ 異音 c715-2 take1: 末尾に余計な音: 90ms の無音 → 190ms の音（5.33秒地点・振幅10247＝本文の1.1倍）
c715:   8.28s  (2行)
c716:  11.60s  (3行)
c801:   7.54s  (2行)
c802:   8.28s  (2行)
c803:   8.95s  (2行)
c804:  10.27s  (3行)
Traceback (most recent call last):
  File "C:\Users\konar\Desktop\zukai-engine\tools\el_build.py", line 342, in <module>
    sys.exit(build(cuts, dry="--dry" in sys.argv))
             ^^^^^^^^^^^^^^^^^^^^^^^^^^^^^^^^^^^^
  File "C:\Users\konar\Desktop\zukai-engine\tools\el_build.py", line 220, in build
    pcm, total, rows = build_cut(cid, lines, synth)
                       ^^^^^^^^^^^^^^^^^^^^^^^^^^^^
  File "C:\Users\konar\Desktop\zukai-engine\tools\el_build.py", line 161, in build_cut
    pcm = retempo(pcm)                   # 🔴 話速（GAP を足す前・行ごとに掛ける）
          ^^^^^^^^^^^^
  File "C:\Users\konar\Desktop\zukai-engine\tools\el_build.py", line 131, in retempo
    r = subprocess.run(cmd, input=pcm, stdout=subprocess.PIPE, stderr=subprocess.PIPE)
        ^^^^^^^^^^^^^^^^^^^^^^^^^^^^^^^^^^^^^^^^^^^^^^^^^^^^^^^^^^^^^^^^^^^^^^^^^^^^^^
  File "C:\Users\konar\AppData\Local\Programs\Python\Python312\Lib\subprocess.py", line 548, in run
    with Popen(*popenargs, **kwargs) as process:
         ^^^^^^^^^^^^^^^^^^^^^^^^^^^
  File "C:\Users\konar\AppData\Local\Programs\Python\Python312\Lib\subprocess.py", line 1026, in __init__
    self._execute_child(args, executable, preexec_fn, close_fds,
  File "C:\Users\konar\AppData\Local\Programs\Python\Python312\Lib\subprocess.py", line 1538, in _execute_child
    hp, ht, pid, tid = _winapi.CreateProcess(executable, args,
                       ^^^^^^^^^^^^^^^^^^^^^^^^^^^^^^^^^^^^^^^
OSError: [WinError 1455] ページング ファイルが小さすぎるため、この操作を完了できません。
