── 章 pr（11カット）→ audio/el_qa/build_ep11_pr.log
   合成 11 カット／持ち越し 1 カット／未作成 179／記録 12／台本 191
── 章 c1（18カット）→ audio/el_qa/build_ep11_c1.log
   合成 18 カット／持ち越し 12 カット／未作成 161／記録 30／台本 191
── 章 c2（16カット）→ audio/el_qa/build_ep11_c2.log
   合成 16 カット／持ち越し 30 カット／未作成 145／記録 46／台本 191
── 章 c3（22カット）→ audio/el_qa/build_ep11_c3.log
   合成 22 カット／持ち越し 46 カット／未作成 123／記録 68／台本 191
── 章 c4（14カット）→ audio/el_qa/build_ep11_c4.log
   合成 14 カット／持ち越し 68 カット／未作成 109／記録 82／台本 191
── 章 c5（22カット）→ audio/el_qa/build_ep11_c5.log
   合成 22 カット／持ち越し 82 カット／未作成 87／記録 104／台本 191
── 章 c6（22カット）→ audio/el_qa/build_ep11_c6.log
   合成 22 カット／持ち越し 104 カット／未作成 65／記録 126／台本 191
── 章 c7（16カット）→ audio/el_qa/build_ep11_c7.log
   合成 16 カット／持ち越し 126 カット／未作成 49／記録 142／台本 191
── 章 c8（20カット）→ audio/el_qa/build_ep11_c8.log
   合成 20 カット／持ち越し 142 カット／未作成 29／記録 162／台本 191
── 章 c9（16カット）→ audio/el_qa/build_ep11_c9.log
   合成 16 カット／持ち越し 162 カット／未作成 13／記録 178／台本 191
── 章 ep（13カット）→ audio/el_qa/build_ep11_ep.log
   合成 13 カット／持ち越し 178 カット／未作成 0／記録 191／台本 191
── 章 ed（1カット）→ audio/el_qa/build_ep11_ed.log
   合成 1 カット／持ち越し 190 カット／未作成 0／記録 191／台本 191
==================
   合成 1 カット／持ち越し 190 カット／未作成 0／記録 191／台本 191
   本編の見込み 35.2分（全 11546字をこの速さで＋LEAD/TAIL 0.85×191＋quote 2.0×18。許容 27〜40分）
✅ 全章おわり（未作成 0）
exit=0
