c101:  14.38s  (2行)
c102:   6.22s  (2行)
c103:  12.07s  (3行)
c104:   9.34s  (2行)
c105:   7.91s  (2行)
c106:  10.50s  (2行)
c107:  11.11s  (3行)
c108:   9.02s  (2行)
c109:  10.60s  (2行)
c110:   9.86s  (2行)
c111:   8.97s  (2行)
c112:  13.03s  (3行)
c201:   6.06s  (2行)
c202:  11.19s  (2行)
c203:   6.51s  (2行)
c204:  14.67s  (3行)
c205:   7.69s  (2行)
c206:   6.54s  (2行)
c207:   7.68s  (2行)
c208:   8.41s  (2行)
c209:  14.29s  (3行)
c210:   9.62s  (2行)
c211:   9.95s  (2行)
c212:   6.40s  (2行)
c213:   6.75s  (2行)
c214:   6.22s  (2行)
c215:   9.69s  (2行)
c216:   9.97s  (2行)
c217:  11.01s  (2行)
c218:   9.44s  (2行)
c219:   9.34s  (2行)
c220:   9.09s  (2行)
c221:   7.81s  (2行)
c222:   3.64s  (1行)
c301:   5.57s  (2行)
c302:   4.03s  (1行)
c303:   9.05s  (2行)
c304:   7.18s  (2行)
c305:   5.89s  (2行)
c306:  10.93s  (2行)
c307:   4.92s  (1行)
c308:   7.83s  (2行)
c309:   8.09s  (2行)
c310:  10.63s  (2行)
c311:  11.03s  (3行)
c312:   7.37s  (2行)
c313:  13.67s  (3行)
c314:   9.44s  (2行)
c315:   6.27s  (2行)
c316:  10.03s  (3行)
c317:   8.92s  (2行)
c318:  10.02s  (2行)
c319:   8.84s  (2行)
c320:   8.34s  (2行)
c321:   7.06s  (2行)
c322:   3.37s  (1行)
c401:  14.66s  (2行)
c402:  10.31s  (2行)
c403:   5.89s  (2行)
c404:   6.39s  (2行)
c405:   6.13s  (2行)
c406:   8.95s  (2行)
c407:   8.53s  (1行)
c408:   7.35s  (2行)
c409:   9.10s  (2行)
c410:  10.32s  (2行)
c411:  11.20s  (2行)
c412:  16.22s  (3行)
c413:  11.34s  (3行)
c414:  17.36s  (3行)
c415:  14.23s  (3行)
c416:   7.68s  (2行)
c417:   8.30s  (2行)
c418:   8.97s  (2行)
c419:   5.05s  (1行)
c420:   6.34s  (1行)
c421:  10.75s  (3行)
c422:  13.25s  (3行)
c423:  10.84s  (3行)
c424:   5.28s  (2行)
c425:  11.94s  (2行)
c426:  12.15s  (2行)
c501:   9.77s  (2行)
c502:  13.50s  (3行)
c503:   9.10s  (2行)
c504:   5.05s  (1行)
c505:   9.53s  (2行)
c506:   8.79s  (2行)
c507:   9.39s  (2行)
c508:   7.24s  (2行)
c509:  13.93s  (3行)
c510:  15.04s  (3行)
c511:  11.66s  (3行)
c512:   6.46s  (1行)
c513:   2.35s  (1行)
c514:   9.50s  (2行)
c515:  11.28s  (3行)
c516:   3.76s  (1行)
c517:   6.39s  (2行)
c518:   5.12s  (1行)
c519:  17.61s  (3行)
c520:  18.26s  (3行)
c521:  15.71s  (3行)
c522:  11.62s  (2行)
c523:   4.19s  (1行)
c524:   5.35s  (1行)
c601:   6.76s  (2行)
c602:  10.24s  (2行)
c603:  19.22s  (3行)
c604:  12.33s  (3行)
c605:   6.87s  (1行)
c606:  10.97s  (2行)
c607:  11.33s  (2行)
c608:  11.60s  (3行)
c609:  12.88s  (3行)
c610:   8.36s  (2行)
c611:  10.28s  (2行)
c612:  12.93s  (2行)
c613:  10.46s  (2行)
c614:  11.03s  (2行)
c615:   8.22s  (2行)
c616:   2.59s  (1行)
c617:   9.64s  (2行)
c618:  14.98s  (3行)
c619:  11.18s  (2行)
c620:  14.91s  (3行)
c621:   6.38s  (2行)
c622:  18.02s  (3行)
c701:  11.28s  (2行)
c702:  11.48s  (2行)
c703:  14.34s  (3行)
c704:   7.55s  (2行)
c705:  11.50s  (2行)
c706:   9.25s  (2行)
c707:   7.73s  (2行)
c708:   7.19s  (2行)
c709:   9.05s  (2行)
c710:   4.99s  (1行)
c711:   4.44s  (1行)
c712:   7.99s  (2行)
c713:   6.62s  (2行)
c714:   5.91s  (1行)
c715:   6.15s  (2行)
c716:   4.79s  (1行)
c717:   3.82s  (1行)
c718:  10.07s  (2行)
c719:   7.31s  (2行)
c720:   9.68s  (2行)
c721:   4.56s  (1行)
c722:   8.35s  (2行)
c801:  10.32s  (2行)
c802:   4.55s  (1行)
c803:   5.86s  (1行)
c804:   7.01s  (2行)
c805:  12.52s  (2行)
c806:   7.19s  (2行)
c807:   2.64s  (1行)
c808:  13.84s  (2行)
c809:   8.18s  (2行)
c810:  16.81s  (3行)
c811:   6.81s  (2行)
c812:   7.24s  (2行)
c813:   8.78s  (2行)
c814:   6.06s  (1行)
c815:   4.87s  (1行)
c816:   8.17s  (2行)
c817:   4.99s  (1行)
c818:   2.94s  (1行)
c819:   2.97s  (1行)
c820:  10.33s  (2行)
c821:  15.84s  (3行)
c822:  15.13s  (3行)
c901:   9.41s  (2行)
c902:   9.65s  (2行)
c903:  19.01s  (3行)
c904:   6.47s  (1行)
c905:  14.19s  (3行)
c906:   8.22s  (2行)
c907:   8.25s  (2行)
c908:  12.11s  (2行)
c909:  10.69s  (2行)
c910:   9.40s  (2行)
c911:   6.27s  (2行)
c912:  11.50s  (2行)
c913:   5.04s  (1行)
c914:  14.35s  (3行)
c915:   6.17s  (1行)
c916:   4.82s  (1行)
c917:   9.59s  (2行)
c918:   4.96s  (1行)
c919:   4.62s  (1行)
c920:   8.93s  (3行)
ed01:   6.54s  (3行)
（記録に無いカットの wav を 9 本削除）

合成 193 カット／持ち越し 0 カット／未作成 0／記録 193／台本 193
作ったぶん: 193カット 11780字 → 発話＋行間 1771.1秒（6.65字/秒・行間込み。AivisSpeech は 5.52）
本編の見込み 32.8分（全 11780字をこの速さで＋LEAD/TAIL 0.85×193＋quote 2.0×16。許容 27〜40分）
最長の1行 = 8.61秒「事故の2日後、運輸大臣の徳永正利は「49名、1名はまだ確認されていない」と述べた。」
