ElevenLabs: 声=Otani（3JDquces8E8bkmvbh6Bc） モデル=eleven_v3 settings={'stability': 1.0, 'similarity_boost': 0.75, 'style': 0.0, 'speed': 1.0, 'use_speaker_boost': True} ／クレジット 150,373 / 158,500／GAP 0.4s
c501:  11.81s  (2行)
c502:  16.19s  (3行)
c503:  11.15s  (2行)
c504:   6.19s  (1行)
c505:  11.58s  (2行)
c506:  11.22s  (2行)
c507:  11.43s  (2行)
c508:   8.87s  (2行)
    ⚠️ 異音 c509-1 take1: 末尾に余計な音: 100ms の無音 → 100ms の音（4.86秒地点・振幅7819＝本文の1.0倍）
c509:  16.90s  (3行)
c510:  18.66s  (3行)
c511:  14.11s  (3行)
c512:   7.49s  (1行)
c513:   2.88s  (1行)
c514:  11.45s  (2行)
c515:  13.81s  (3行)
c516:   4.61s  (1行)
c517:   7.65s  (2行)
c518:   6.27s  (1行)
    ⚠️ 異音 c519-1 take1: 途中に浮いた音: 120ms（2.76秒地点・振幅14458＝本文の1.8倍／前750ms・後100ms の無音）
c519:  21.35s  (3行)
    ⚠️ 異音 c520-1 take1: 途中に浮いた音: 210ms（0.84秒地点・振幅11294＝本文の1.2倍／前140ms・後1190ms の無音）
c520:  22.21s  (3行)
    ⚠️ 異音 c521-1 take1: 途中に浮いた音: 130ms（5.41秒地点・振幅15273＝本文の2.3倍／前190ms・後110ms の無音）
    ⚠️ 異音 c521-1 take2: 途中に浮いた音: 120ms（5.10秒地点・振幅9116＝本文の1.2倍／前530ms・後130ms の無音）
    ⚠️ 異音 c521-1 take3: 末尾に余計な音: 100ms の無音 → 130ms の音（5.95秒地点・振幅9225＝本文の1.3倍）; 途中に浮いた音: 110ms（5.15秒地点・振幅19236＝本文の2.8倍／前440ms・後100ms の無音）
c521:  19.09s  (3行)
c522:  14.14s  (2行)
c523:   5.14s  (1行)
c524:   6.68s  (1行)

合成 24 カット／持ち越し 82 カット／未作成 87／記録 106／台本 193
⚠️ まだ作っていないカット 87: c601,c602,c603,c604,c605,c606,c607,c608…
作ったぶん: 106カット 6621字 → 発話＋行間 1209.6秒（5.47字/秒・行間込み。AivisSpeech は 5.52）
本編の見込み 39.1分（全 11780字をこの速さで＋LEAD/TAIL 0.85×193＋quote 2.0×16。許容 27〜40分）
最長の1行 = 9.43秒「7月6日にその勧告が届き、FAAは翌日に返事を出したが、52-37に触れていない。」
API 54行（1,788字）／キャッシュ 0行／振り直し 5回／本物と判定 0／要耳 1（記録＝audio/el_qa/ep13_el_retakes.tsv）
クレジット 150,373 → 151,275（消費 902）⚠️ 反映が遅れることがある
exit=1
