ElevenLabs: 声=Otani（3JDquces8E8bkmvbh6Bc） モデル=eleven_v3 settings={'stability': 1.0, 'similarity_boost': 0.75, 'style': 0.0, 'speed': 1.0, 'use_speaker_boost': True} ／クレジット 124,610 / 131,000／GAP 0.4s
pr01:  14.30s  (2行)
pr02:   9.03s  (2行)
pr03:  10.26s  (2行)
pr04:  11.05s  (3行)
pr05:  10.09s  (2行)
pr06:  10.64s  (2行)
pr07:  10.31s  (2行)
pr08:  11.72s  (2行)
pr09:  15.96s  (3行)
pr10:  11.84s  (3行)
pr11:  12.38s  (3行)
c101:  12.86s  (2行)
c102:  14.22s  (3行)
c103:  14.34s  (3行)
c104:  14.47s  (3行)
c105:  12.03s  (3行)
c106:  14.92s  (3行)
c107:   9.93s  (2行)
c108:  14.26s  (3行)
c109:   6.68s  (2行)
c110:  13.57s  (3行)
c111:  13.29s  (3行)
c112:   9.17s  (2行)
c113:  10.50s  (3行)
c114:   9.01s  (2行)
c115:   8.81s  (2行)
c116:   7.52s  (2行)
c201:   8.66s  (2行)
c202:  16.32s  (3行)
c203:  19.09s  (3行)
c204:  15.01s  (3行)
c205:  12.89s  (3行)
c206:  12.05s  (2行)
c207:   8.65s  (2行)
c208:   9.76s  (2行)
c209:   9.23s  (2行)
c210:   9.93s  (3行)
c211:   7.40s  (2行)
c212:   8.65s  (2行)
c213:  19.85s  (3行)
c214:   9.41s  (2行)
c215:  11.85s  (3行)
c216:   7.54s  (2行)
c217:   7.35s  (2行)
c218:   6.68s  (2行)
c301:  13.34s  (3行)
c302:   6.01s  (2行)
c303:   7.06s  (2行)
c304:  20.58s  (3行)
c305:  13.26s  (2行)
c306:  15.53s  (3行)
c307:   9.15s  (2行)
c308:   7.04s  (2行)
c309:  15.23s  (3行)
c310:   6.09s  (2行)
c311:  12.36s  (3行)
c312:  11.41s  (3行)
c313:  14.24s  (3行)
c314:   8.78s  (2行)
c315:  10.67s  (2行)
c316:  10.01s  (2行)
c317:  12.65s  (3行)
c318:  14.70s  (3行)
c319:   7.89s  (2行)
c320:   8.90s  (2行)
c321:  11.61s  (3行)
c322:   7.16s  (2行)
c401:   7.67s  (2行)
c402:  13.37s  (2行)
c403:  14.80s  (3行)
c404:   8.63s  (2行)
c405:  17.52s  (3行)
c406:   7.47s  (2行)
c407:  12.75s  (3行)
c408:   8.57s  (2行)
c409:  12.76s  (3行)
c410:   7.68s  (2行)
c411:  11.00s  (3行)
c412:   7.88s  (2行)
c413:  12.77s  (3行)
c414:  11.60s  (2行)
c415:  11.21s  (2行)
c416:   8.85s  (2行)
c417:   8.34s  (2行)
c418:   7.64s  (2行)
c501:   9.29s  (2行)
c502:  11.97s  (3行)
c503:  11.88s  (2行)
c504:  10.16s  (2行)
c505:   9.74s  (2行)
c506:  10.91s  (2行)
c507:   8.04s  (2行)
c508:   8.50s  (2行)
c509:   9.85s  (2行)
c510:  10.19s  (3行)
c511:  11.62s  (3行)
c512:   7.02s  (2行)
c513:   8.90s  (2行)
c514:  16.29s  (3行)
c515:   6.98s  (2行)
c516:  13.50s  (3行)
c517:  13.25s  (3行)
c518:  11.98s  (3行)
c519:  14.63s  (3行)
c520:  21.04s  (3行)
c521:  15.37s  (3行)
    ⚠️ 異音 c522-1 take1: 末尾に余計な音: 130ms の無音 → 220ms の音（5.94秒地点・振幅7554＝本文の0.9倍）; 途中に浮いた音: 140ms（5.67秒地点・振幅7841＝本文の0.9倍／前80ms・後130ms の無音）
    ⚠️ 異音 c522-1 take2: 途中に浮いた音: 110ms（5.75秒地点・振幅14878＝本文の1.3倍／前90ms・後180ms の無音）
c522:  13.55s  (2行)
c601:  10.54s  (2行)
c602:   8.48s  (2行)
c603:   8.28s  (2行)
c604:   9.01s  (2行)
c605:  11.54s  (3行)
c606:   7.71s  (2行)
c607:   9.86s  (2行)
c608:   6.08s  (2行)
c609:  15.56s  (3行)
c610:  12.83s  (3行)
c611:   9.87s  (2行)
c612:   7.51s  (2行)
c613:  11.47s  (3行)
c614:  10.60s  (2行)
c615:   9.93s  (3行)
c616:   7.29s  (2行)
c617:   6.91s  (2行)
c618:   6.29s  (2行)
c619:   7.95s  (2行)
c620:   7.27s  (2行)
c701:  10.99s  (2行)
c702:  10.23s  (2行)
c703:   6.90s  (2行)
c704:   8.27s  (2行)
c705:   7.67s  (2行)
c706:   7.82s  (2行)
c707:  16.05s  (3行)
c708:   9.61s  (2行)
c709:  10.37s  (2行)
c710:   6.85s  (2行)
c711:  12.82s  (3行)
c712:  12.45s  (3行)
c713:   7.43s  (2行)
c714:   8.11s  (2行)
c715:   8.10s  (2行)
c716:   8.51s  (2行)
c801:   8.93s  (2行)
c802:  12.12s  (2行)
c803:   8.72s  (2行)
c804:  11.32s  (3行)
c805:  12.90s  (3行)
c806:   7.14s  (2行)
c807:  20.68s  (2行)
c808:  10.52s  (2行)
c809:   9.61s  (2行)
c810:  10.04s  (2行)
c811:  13.51s  (3行)
c812:  10.76s  (2行)
c813:   9.78s  (2行)
c814:   8.35s  (2行)
c815:   8.91s  (2行)
c816:   6.47s  (2行)
c817:   8.88s  (2行)
c818:   9.71s  (2行)
c819:  16.43s  (3行)
c820:  12.95s  (3行)
c821:  15.92s  (3行)
c822:   7.89s  (2行)
c901:   8.11s  (2行)
c902:  18.15s  (3行)
c903:   6.53s  (2行)
c904:  13.88s  (3行)
c905:   9.93s  (2行)
c906:  17.23s  (3行)
c907:  10.76s  (2行)
c908:  13.91s  (2行)
c909:   9.40s  (2行)
c910:  10.91s  (2行)
c911:   8.04s  (2行)
c912:   9.48s  (2行)
c913:  14.41s  (3行)
c914:  14.91s  (2行)
c915:  13.50s  (3行)
c916:   7.74s  (2行)
ep01:   9.48s  (2行)
ep02:  13.43s  (3行)
ep03:   8.63s  (2行)
ep04:  10.43s  (2行)
ep05:  14.93s  (3行)
ep06:  13.00s  (2行)
ep07:   9.84s  (2行)
ep08:  12.22s  (3行)
ep09:  11.81s  (3行)
ep10:  12.95s  (2行)
ep11:  10.99s  (2行)
ep12:  12.79s  (2行)
ep13:  15.84s  (3行)
ep14:  10.79s  (2行)

合成 195 カット／持ち越し 0 カット／未作成 0／記録 195／台本 195
作ったぶん: 195カット 11531字 → 発話＋行間 2135.0秒（5.40字/秒・行間込み。AivisSpeech は 5.52）
本編の見込み 38.8分（全 11531字をこの速さで＋LEAD/TAIL 0.85×195＋quote 2.0×14。許容 27〜40分）
最長の1行 = 10.64秒「1日の平均で3,276人になる。手伝いの人は、別にのべ8,258人だった。」
API 11行（285字）／キャッシュ 451行／振り直し 2回／本物と判定 0／要耳 0（記録＝audio/el_qa/ep10_el_retakes.tsv）
クレジット 124,610 → 124,809（消費 199）⚠️ 反映が遅れることがある
