ElevenLabs: 声=Otani（3JDquces8E8bkmvbh6Bc） モデル=eleven_v3 settings={'stability': 1.0, 'similarity_boost': 0.75, 'style': 0.0, 'speed': 1.0, 'use_speaker_boost': True} ／クレジット 134,403 / 158,500／GAP 0.4s
c201:   9.85s  (2行)
c202:  10.89s  (3行)
c203:   6.76s  (2行)
c204:  12.90s  (3行)
c205:   9.32s  (2行)
c206:   7.21s  (2行)
c207:   8.57s  (2行)
c208:   9.73s  (3行)
c209:  15.39s  (3行)
c210:   8.67s  (3行)
c211:   5.99s  (2行)
c212:   7.57s  (2行)
c213:  10.76s  (3行)
c214:   7.80s  (2行)
c215:  15.56s  (3行)
c216:   6.31s  (2行)

合成 16 カット／持ち越し 173 カット／未作成 2／記録 189／台本 191
⚠️ まだ作っていないカット 2: c811,c812
作ったぶん: 189カット 11450字 → 発話＋行間 1895.3秒（6.04字/秒・行間込み。AivisSpeech は 5.52）
本編の見込み 35.2分（全 11550字をこの速さで＋LEAD/TAIL 0.85×191＋quote 2.0×18。許容 27〜40分）
最長の1行 = 6.88秒「最初の5人の名前が発表されたのは、1985年1月27日である。」
API 0行（0字）／キャッシュ 39行／振り直し 0回／本物と判定 0／要耳 0（記録＝audio/el_qa/ep11_el_retakes.tsv）
クレジット 134,403 → 134,403（消費 0）⚠️ 反映が遅れることがある
exit=1
