ElevenLabs: 声=Otani（3JDquces8E8bkmvbh6Bc） モデル=eleven_v3 settings={'stability': 1.0, 'similarity_boost': 0.75, 'style': 0.0, 'speed': 1.0, 'use_speaker_boost': True} ／クレジット 134,340 / 158,500／GAP 0.4s
c101:   8.23s  (2行)
c102:   9.73s  (3行)
c103:  13.25s  (3行)
c105:  11.17s  (3行)
c106:   8.70s  (2行)
c107:  10.48s  (2行)
c108:  14.09s  (3行)
c109:  12.60s  (3行)
c110:   8.72s  (2行)
c111:  12.83s  (3行)
c112:  12.13s  (3行)
c113:  13.20s  (3行)
c114:  12.22s  (3行)
c115:  10.34s  (3行)
c116:   8.20s  (2行)
c117:  10.24s  (3行)
c118:  12.29s  (3行)
c119:  15.36s  (3行)

合成 18 カット／持ち越し 169 カット／未作成 4／記録 187／台本 191
⚠️ まだ作っていないカット 4: c504,c609,c811,c812
作ったぶん: 187カット 11336字 → 発話＋行間 1876.3秒（6.04字/秒・行間込み。AivisSpeech は 5.52）
本編の見込み 35.2分（全 11550字をこの速さで＋LEAD/TAIL 0.85×191＋quote 2.0×18。許容 27〜40分）
最長の1行 = 5.99秒「氷がついたのは、塔の地上29メートルから65メートルのあたりだった。」
API 0行（0字）／キャッシュ 49行／振り直し 0回／本物と判定 0／要耳 0（記録＝audio/el_qa/ep11_el_retakes.tsv）
クレジット 134,340 → 134,340（消費 0）⚠️ 反映が遅れることがある
exit=1
