ElevenLabs: 声=Otani（3JDquces8E8bkmvbh6Bc） モデル=eleven_v3 settings={'stability': 1.0, 'similarity_boost': 0.75, 'style': 0.0, 'speed': 1.0, 'use_speaker_boost': True} ／クレジット 131,782 / 158,500／GAP 0.4s
c501:   6.21s  (2行)
c502:  10.27s  (2行)
c503:   7.37s  (2行)
c504:  10.72s  (3行)
c505:   7.97s  (2行)
c506:  10.16s  (3行)
c507:  10.85s  (3行)
c508:  11.28s  (3行)
c509:  11.08s  (3行)
c510:   8.58s  (2行)
c511:   9.57s  (3行)
c512:  10.54s  (3行)
c513:  12.24s  (2行)
c514:  13.66s  (3行)
c515:   9.70s  (3行)
c516:  12.01s  (3行)
c517:  11.39s  (3行)
c518:  14.37s  (3行)
c519:   7.80s  (2行)
c520:  14.42s  (3行)
c521:  14.36s  (3行)
c522:  12.54s  (3行)

合成 22 カット／持ち越し 82 カット／未作成 87／記録 104／台本 191
⚠️ まだ作っていないカット 87: c601,c602,c603,c604,c605,c606,c607,c608…
作ったぶん: 104カット 6526字 → 発話＋行間 1093.4秒（5.97字/秒・行間込み。AivisSpeech は 5.52）
本編の見込み 35.5分（全 11546字をこの速さで＋LEAD/TAIL 0.85×191＋quote 2.0×18。許容 27〜40分）
最長の1行 = 7.77秒「すきまが開く量は、一次の輪で0.74ミリ、二次の輪で0.43ミリ。」
API 0行（0字）／キャッシュ 59行／振り直し 0回／本物と判定 0／要耳 0（記録＝audio/el_qa/ep11_el_retakes.tsv）
クレジット 131,782 → 131,782（消費 0）⚠️ 反映が遅れることがある
exit=1
