ElevenLabs: 声=Otani（3JDquces8E8bkmvbh6Bc） モデル=eleven_v3 settings={'stability': 1.0, 'similarity_boost': 0.75, 'style': 0.0, 'speed': 1.0, 'use_speaker_boost': True} ／クレジット 146,995 / 158,500／GAP 0.4s
c401:  15.10s  (3行)
c402:  17.66s  (3行)
c403:   9.55s  (2行)
c404:   8.65s  (2行)
c405:  14.30s  (3行)
c406:  10.99s  (2行)
c407:  15.28s  (3行)
c408:  10.20s  (3行)
c409:  12.41s  (2行)
c410:   9.62s  (2行)
c411:   6.89s  (2行)
c412:  14.77s  (3行)
c413:   8.57s  (2行)
c414:   7.96s  (2行)
c415:  14.11s  (3行)
c416:  13.33s  (3行)
c417:  12.23s  (3行)
c418:   9.18s  (2行)
c419:  10.87s  (2行)
c420:   8.94s  (2行)
c421:  13.21s  (3行)
c422:  21.71s  (3行)

合成 22 カット／持ち越し 155 カット／未作成 14／記録 177／台本 191
⚠️ まだ作っていないカット 14: c604,c607,c623,c701,c707,c708,c711,c713…
作ったぶん: 177カット 10617字 → 発話＋行間 1977.1秒（5.37字/秒・行間込み。AivisSpeech は 5.52）
本編の見込み 39.0分（全 11535字をこの速さで＋LEAD/TAIL 0.85×191＋quote 2.0×16。許容 27〜40分）
最長の1行 = 8.38秒「ロンゲラップに64人、となりのアイリングナエに18人、ウトリックに157人。」
API 0行（0字）／キャッシュ 55行／振り直し 0回／本物と判定 0／要耳 0（記録＝audio/el_qa/ep12_el_retakes.tsv）
クレジット 146,995 → 147,016（消費 21）⚠️ 反映が遅れることがある
exit=1
