ElevenLabs: 声=Otani（3JDquces8E8bkmvbh6Bc） モデル=eleven_v3 settings={'stability': 1.0, 'similarity_boost': 0.75, 'style': 0.0, 'speed': 1.0, 'use_speaker_boost': True} ／クレジット 156,441 / 158,500／GAP 0.4s
    ⚠️ 異音 c101-1 take1: 途中に浮いた音: 170ms（3.16秒地点・振幅10312＝本文の1.7倍／前130ms・後670ms の無音）
c101:  14.59s  (2行)
c103:  12.07s  (3行)
c105:   7.91s  (2行)
c109:  10.60s  (2行)
c202:  11.19s  (2行)
c209:  14.29s  (3行)
c212:   6.40s  (2行)
    ⚠️ 異音 c220-1 take1: 途中に浮いた音: 200ms（5.88秒地点・振幅23888＝本文の2.7倍／前110ms・後210ms の無音）
c220:   9.39s  (2行)
c304:   7.18s  (2行)
c305:   5.89s  (2行)
c401:  14.66s  (2行)
c402:  10.31s  (2行)
    ⚠️ 異音 c407-1 take1: 末尾に余計な音: 80ms の無音 → 160ms の音（10.32秒地点・振幅6935＝本文の1.2倍）
    ⚠️ 異音 c407-1 take2: 末尾に余計な音: 100ms の無音 → 100ms の音（11.10秒地点・振幅9280＝本文の1.2倍）
c407:   8.53s  (1行)
c411:  11.20s  (2行)
c412:  16.22s  (3行)
c422:  13.25s  (3行)
c501:   9.77s  (2行)
c506:   8.79s  (2行)
c508:   7.24s  (2行)
c512:   6.46s  (1行)
c520:  18.26s  (3行)
c605:   6.87s  (1行)
c607:  11.37s  (2行)
c609:  12.88s  (3行)
c610:   8.36s  (2行)
c611:  10.28s  (2行)
c613:  10.46s  (2行)
c614:  11.24s  (2行)
c622:  18.02s  (3行)
c701:  11.28s  (2行)
c706:   9.25s  (2行)
c709:   9.05s  (2行)
c713:   6.86s  (2行)
c718:  10.07s  (2行)
c814:   6.06s  (1行)
c905:  14.40s  (3行)
c906:   7.97s  (2行)

合成 37 カット／持ち越し 156 カット／未作成 0／記録 193／台本 193
作ったぶん: 193カット 11780字 → 発話＋行間 1775.7秒（6.63字/秒・行間込み。AivisSpeech は 5.52）
本編の見込み 32.9分（全 11780字をこの速さで＋LEAD/TAIL 0.85×193＋quote 2.0×16。許容 27〜40分）
最長の1行 = 8.53秒「2つ目は、1972年3月3日。あのN103AAの貨物ドアが、電気で閉まらなかった。」
API 44行（1,533字）／キャッシュ 38行／振り直し 4回／本物と判定 0／要耳 0（記録＝audio/el_qa/ep13_el_retakes.tsv）
クレジット 156,441 → 157,084（消費 643）⚠️ 反映が遅れることがある
exit=0
