pr01:  12.07s  (2行)
pr02:   8.06s  (2行)
pr03:   8.14s  (2行)
pr04:   9.44s  (3行)
pr05:  11.57s  (3行)
pr06:   6.97s  (2行)
pr07:  14.12s  (3行)
pr08:  14.40s  (3行)
pr09:   7.64s  (2行)
pr10:  14.55s  (3行)
pr11:  12.40s  (3行)
c101:   8.23s  (2行)
c102:   9.73s  (3行)
c103:  13.25s  (3行)
c105:  11.17s  (3行)
c106:   8.70s  (2行)
c107:  10.48s  (2行)
c108:  14.09s  (3行)
c109:  12.60s  (3行)
c110:   8.72s  (2行)
c111:  12.83s  (3行)
c112:  12.13s  (3行)
c113:  13.20s  (3行)
c114:  12.22s  (3行)
c115:  10.34s  (3行)
c116:   8.20s  (2行)
c117:  10.24s  (3行)
c118:  12.29s  (3行)
c119:  15.36s  (3行)
c201:   9.85s  (2行)
c202:  10.89s  (3行)
c203:   6.76s  (2行)
c204:  12.90s  (3行)
c205:   9.32s  (2行)
c206:   7.21s  (2行)
c207:   8.57s  (2行)
c208:   9.73s  (3行)
c209:  15.39s  (3行)
c210:   8.67s  (3行)
c211:   5.99s  (2行)
c212:   7.57s  (2行)
c213:  10.76s  (3行)
c214:   7.80s  (2行)
c215:  15.56s  (3行)
c216:   6.31s  (2行)
c301:  11.38s  (2行)
c302:  15.06s  (3行)
c303:   9.48s  (2行)
c304:  11.10s  (3行)
c305:   8.08s  (2行)
c306:  12.19s  (3行)
c307:   7.26s  (2行)
c308:   6.45s  (2行)
c309:  11.10s  (3行)
c310:   8.49s  (2行)
c311:  11.08s  (3行)
c312:   8.80s  (2行)
c313:  11.96s  (3行)
c314:  14.15s  (3行)
c315:  13.19s  (3行)
c316:  13.05s  (3行)
c317:  12.12s  (2行)
c318:  12.68s  (3行)
c319:  15.23s  (3行)
c320:  11.23s  (3行)
c321:   9.48s  (2行)
c322:  13.43s  (2行)
c401:   7.28s  (2行)
c402:   5.83s  (2行)
c403:   8.12s  (2行)
c404:   9.78s  (3行)
c405:   8.79s  (2行)
c406:   8.68s  (2行)
c407:   8.05s  (2行)
c408:  11.10s  (3行)
c409:  13.63s  (3行)
c410:  10.68s  (2行)
c411:   7.59s  (2行)
c412:   5.92s  (2行)
c413:  13.07s  (3行)
c414:   6.28s  (2行)
c501:   6.09s  (2行)
c502:  10.27s  (2行)
c503:   7.37s  (2行)
c504:  10.64s  (3行)
c505:   7.97s  (2行)
c506:  10.16s  (3行)
c507:  10.85s  (3行)
c508:  11.28s  (3行)
c509:  11.08s  (3行)
c510:   8.58s  (2行)
c511:   9.57s  (3行)
c512:  10.54s  (3行)
c513:  12.24s  (2行)
c514:  13.66s  (3行)
c515:   9.70s  (3行)
c516:  12.01s  (3行)
c517:  11.39s  (3行)
c518:  14.13s  (3行)
c519:   7.80s  (2行)
c520:  14.42s  (3行)
c521:  14.36s  (3行)
c522:  12.54s  (3行)
c601:   9.64s  (2行)
c602:   9.50s  (3行)
c603:  11.92s  (3行)
c604:  11.00s  (3行)
c605:  10.29s  (3行)
c606:  16.90s  (3行)
c607:  11.39s  (3行)
c608:  14.22s  (3行)
c609:   9.07s  (2行)
c610:   9.10s  (2行)
c611:  11.39s  (3行)
c612:   6.14s  (2行)
c613:   8.60s  (3行)
c614:  11.14s  (3行)
c615:  11.19s  (3行)
c616:  10.42s  (2行)
c617:  13.21s  (3行)
c618:   8.75s  (2行)
c619:  11.48s  (3行)
c620:   6.47s  (2行)
c621:   9.55s  (2行)
c622:   9.59s  (3行)
c701:   9.25s  (2行)
c702:   7.01s  (2行)
c703:  10.45s  (2行)
c704:   6.99s  (2行)
c705:  12.85s  (3行)
c706:   5.84s  (2行)
c707:  12.26s  (3行)
c708:  10.02s  (2行)
c709:   9.07s  (2行)
c710:  12.36s  (3行)
c711:   8.49s  (2行)
c712:   7.43s  (2行)
c713:  10.53s  (3行)
c714:  10.41s  (3行)
c715:   8.28s  (2行)
c716:  11.60s  (3行)
c801:   7.54s  (2行)
c802:   8.28s  (2行)
c803:   8.88s  (2行)
c804:  10.27s  (3行)
c805:   8.08s  (2行)
c806:  13.58s  (3行)
c807:   7.73s  (2行)
c808:  10.17s  (3行)
c809:   9.13s  (2行)
c810:  15.57s  (3行)
c811:   7.89s  (2行)
c812:   6.75s  (2行)
c813:  14.02s  (3行)
c814:  12.37s  (3行)
c815:  19.68s  (3行)
c816:   8.31s  (3行)
c817:  10.40s  (3行)
c818:   5.72s  (1行)
c819:   7.13s  (2行)
c820:  10.39s  (3行)
c901:   7.60s  (2行)
c902:   5.62s  (2行)
c903:   6.75s  (2行)
c904:   8.05s  (2行)
c905:   8.12s  (2行)
c906:   6.75s  (2行)
c907:   8.56s  (2行)
c908:  13.14s  (3行)
c909:   8.12s  (2行)
c910:   7.36s  (2行)
c911:   6.90s  (2行)
c912:   6.90s  (2行)
c913:   7.59s  (2行)
c914:   6.66s  (2行)
c915:   9.95s  (3行)
c916:   7.34s  (2行)
ep01:   8.35s  (2行)
ep02:   9.11s  (2行)
ep03:   6.99s  (2行)
ep04:   6.46s  (2行)
ep05:   7.14s  (2行)
ep06:  14.95s  (3行)
ep07:   7.79s  (2行)
ep08:   6.58s  (2行)
ep09:   6.15s  (2行)
ep10:   7.89s  (2行)
ep11:   7.36s  (2行)
ep12:  11.02s  (3行)
ep13:   7.25s  (2行)
ed01:   7.40s  (3行)

合成 191 カット／持ち越し 0 カット／未作成 0／記録 191／台本 191
作ったぶん: 191カット 11550字 → 発話＋行間 1910.4秒（6.05字/秒・行間込み。AivisSpeech は 5.52）
本編の見込み 35.1分（全 11550字をこの速さで＋LEAD/TAIL 0.85×191＋quote 2.0×18。許容 27〜40分）
最長の1行 = 7.94秒「そして58.788秒。右の補助ロケットの、あの継ぎ目に小さな炎が見えた。」
