門番: 境界規則 14件 ✓（import 時に通過ずみ）
  ✓ 検査は出荷する音（atempo 後）を見ている
  ✓ 知らない引数で止まる（有料の道具 6本に設置）
selftest=0
ElevenLabs: 声=Otani（3JDquces8E8bkmvbh6Bc） モデル=eleven_v3 settings={'stability': 1.0, 'similarity_boost': 0.75, 'style': 0.0, 'speed': 1.0, 'use_speaker_boost': True} ／クレジット 157,928 / 158,500／GAP 0.4s
c710:   4.99s  (1行)
c712:   7.99s  (2行)

合成 2 カット／持ち越し 191 カット／未作成 0／記録 193／台本 193
作ったぶん: 193カット 11780字 → 発話＋行間 1774.6秒（6.64字/秒・行間込み。AivisSpeech は 5.52）
本編の見込み 32.8分（全 11780字をこの速さで＋LEAD/TAIL 0.85×193＋quote 2.0×16。許容 27〜40分）
最長の1行 = 5.05秒「傷んだのは、機首を上げ下げする尾翼の「昇降舵」などを動かすケーブルだ。」
API 2行（73字）／キャッシュ 1行／振り直し 0回／本物と判定 0／要耳 0（記録＝audio/el_qa/ep13_el_retakes.tsv）
クレジット 157,928 → 157,928（消費 0）⚠️ 反映が遅れることがある
build=0
✓ ep13: 389行・発話 28.3分 → C:\Users\konar\Desktop\zukai-engine-ep13a5\out\phon
prep=0
modal=0
✓ c710-1  
    ゆかが崩れ、座席の一部とともに、乗客ろくにんが機体の外へ投げ出された。
✓ c712-1  
    傷んだのは、機首を上げ下げする尾翼の「しょうこうだ」などを動かすケーブルだ。

確かめた 2行／所見のある行 0
残り 532
