ElevenLabs: 声=Otani（3JDquces8E8bkmvbh6Bc） モデル=eleven_v3 settings={'stability': 1.0, 'similarity_boost': 0.75, 'style': 0.0, 'speed': 1.0, 'use_speaker_boost': True} ／クレジット 154,056 / 158,500／GAP 0.4s
c901:  11.29s  (2行)
c902:  11.73s  (2行)
    ⚠️ 異音 c903-1 take1: 末尾に余計な音: 120ms の無音 → 160ms の音（6.93秒地点・振幅6884＝本文の1.0倍）
    ⚠️ 異音 c903-1 take2: 末尾に余計な音: 90ms の無音 → 160ms の音（7.52秒地点・振幅7759＝本文の1.0倍）
    ⚠️ 異音 c903-1 take3: 末尾に余計な音: 100ms の無音 → 160ms の音（7.25秒地点・振幅7609＝本文の1.3倍）
c903:  23.11s  (3行)
    ⚠️ 異音 c904-1 take1: 末尾に余計な音: 120ms の無音 → 110ms の音（8.05秒地点・振幅9562＝本文の1.4倍）
    ⚠️ 異音 c904-1 take2: 末尾に余計な音: 110ms の無音 → 130ms の音（7.47秒地点・振幅7785＝本文の1.2倍）
    ⚠️ 異音 c904-1 take3: 末尾に余計な音: 110ms の無音 → 140ms の音（7.62秒地点・振幅10663＝本文の1.3倍）
c904:   7.71s  (1行)
c905:  17.58s  (3行)
c906:  10.24s  (2行)
    ⚠️ 異音 c907-2 take1: 先頭に余計な音: 160ms の音（振幅26000＝本文の4.1倍）のあと 80ms の無音
c907:   9.75s  (2行)
    ⚠️ 異音 c908-2 take1: 末尾に余計な音: 90ms の無音 → 110ms の音（8.13秒地点・振幅10513＝本文の1.5倍）
c908:  14.64s  (2行)
c909:  12.85s  (2行)
c910:  11.43s  (2行)
c911:   7.46s  (2行)
c912:  14.01s  (2行)
c913:   6.20s  (1行)
    ⚠️ 異音 c914-2 take1: 末尾に余計な音: 120ms の無音 → 140ms の音（7.06秒地点・振幅9768＝本文の1.4倍）
    ⚠️ 異音 c914-2 take2: 末尾に余計な音: 120ms の無音 → 110ms の音（7.25秒地点・振幅8366＝本文の1.0倍）; 途中に浮いた音: 120ms（6.60秒地点・振幅14249＝本文の1.7倍／前580ms・後130ms の無音）
    ⚠️ 異音 c914-2 take3: 途中に浮いた音: 130ms（6.39秒地点・振幅12918＝本文の1.8倍／前430ms・後110ms の無音）; 途中に浮いた音: 250ms（6.63秒地点・振幅11918＝本文の1.6倍／前110ms・後130ms の無音）
c914:  17.44s  (3行)
c915:   7.47s  (1行)
c916:   5.82s  (1行)
c917:  11.22s  (2行)
c918:   6.38s  (1行)
c919:   5.68s  (1行)
c920:  10.72s  (3行)

合成 20 カット／持ち越し 172 カット／未作成 1／記録 192／台本 193
⚠️ まだ作っていないカット 1: ed01
作ったぶん: 192カット 11731字 → 発話＋行間 2167.7秒（5.41字/秒・行間込み。AivisSpeech は 5.52）
本編の見込み 39.5分（全 11780字をこの速さで＋LEAD/TAIL 0.85×193＋quote 2.0×16。許容 27〜40分）
最長の1行 = 8.08秒「日本航空が入れる予定の機体には、FAAとNTSBの勧告を最低限求める、とも述べた。」
API 46行（1,647字）／キャッシュ 0行／振り直し 8回／本物と判定 1／要耳 2（記録＝audio/el_qa/ep13_el_retakes.tsv）
クレジット 154,056 → 154,880（消費 824）⚠️ 反映が遅れることがある
exit=1
