ElevenLabs: 声=Otani（3JDquces8E8bkmvbh6Bc） モデル=eleven_v3 settings={'stability': 1.0, 'similarity_boost': 0.75, 'style': 0.0, 'speed': 1.0, 'use_speaker_boost': True} ／クレジット 146,995 / 158,500／GAP 0.4s
c201:   7.93s  (2行)
c202:  10.08s  (2行)
c203:  13.51s  (3行)
c204:   8.88s  (2行)
c205:  18.53s  (3行)
c206:  10.46s  (2行)
c207:   6.45s  (2行)
c208:  10.13s  (2行)
c209:  10.39s  (2行)
c210:  10.45s  (2行)
c211:  15.82s  (3行)
c212:   8.95s  (2行)
c213:  11.59s  (2行)
c214:  17.80s  (3行)
c215:   8.86s  (2行)
c216:   7.36s  (2行)
c217:  13.94s  (3行)
c218:   9.14s  (2行)
c219:   9.32s  (2行)
c220:   5.27s  (2行)

合成 20 カット／持ち越し 150 カット／未作成 21／記録 170／台本 191
⚠️ まだ作っていないカット 21: c401,c402,c404,c414,c416,c421,c422,c604…
作ったぶん: 170カット 10106字 → 発話＋行間 1876.5秒（5.39字/秒・行間込み。AivisSpeech は 5.52）
本編の見込み 38.9分（全 11535字をこの速さで＋LEAD/TAIL 0.85×191＋quote 2.0×16。許容 27〜40分）
最長の1行 = 8.63秒「アメリカは1952年11月1日、この仕組みで「マイク」という装置を爆発させた。」
API 0行（0字）／キャッシュ 45行／振り直し 0回／本物と判定 0／要耳 0（記録＝audio/el_qa/ep12_el_retakes.tsv）
クレジット 146,995 → 146,995（消費 0）⚠️ 反映が遅れることがある
exit=1
