ElevenLabs: 声=Otani（3JDquces8E8bkmvbh6Bc） モデル=eleven_v3 settings={'stability': 1.0, 'similarity_boost': 0.75, 'style': 0.0, 'speed': 1.0, 'use_speaker_boost': True} ／クレジット 147,458 / 158,500／GAP 0.4s
c201:   7.36s  (2行)
c202:  14.55s  (2行)
c203:   7.90s  (2行)
    ⚠️ 異音 c204-3 take1: 先頭に余計な音: 200ms の音（振幅24826＝本文の3.3倍）のあと 90ms の無音
c204:  17.92s  (3行)
c205:   9.33s  (2行)
c206:   7.94s  (2行)
c207:   9.32s  (2行)
c208:  10.22s  (2行)
    ⚠️ 異音 c209-1 take1: 末尾に余計な音: 110ms の無音 → 150ms の音（10.01秒地点・振幅7550＝本文の1.0倍）
    ⚠️ 異音 c209-1 take2: 末尾に余計な音: 120ms の無音 → 160ms の音（10.40秒地点・振幅8550＝本文の1.2倍）
    ⚠️ 異音 c209-1 take3: 末尾に余計な音: 130ms の無音 → 130ms の音（9.61秒地点・振幅7506＝本文の1.0倍）
c209:  18.40s  (3行)
    ⚠️ 異音 c210-2 take1: 途中に浮いた音: 220ms（3.29秒地点・振幅11829＝本文の1.7倍／前120ms・後130ms の無音）; 途中に浮いた音: 160ms（3.64秒地点・振幅6501＝本文の0.9倍／前130ms・後200ms の無音）
    ⚠️ 異音 c210-2 take2: 途中に浮いた音: 230ms（3.18秒地点・振幅11062＝本文の1.5倍／前100ms・後130ms の無音）
    ⚠️ 異音 c210-2 take3: 途中に浮いた音: 160ms（3.71秒地点・振幅6201＝本文の1.0倍／前120ms・後150ms の無音）
c210:  11.81s  (2行)
c211:  11.97s  (2行)
c212:   8.19s  (2行)
c213:   8.19s  (2行)
    ⚠️ 異音 c214-2 take1: 末尾に余計な音: 80ms の無音 → 170ms の音（3.34秒地点・振幅8136＝本文の1.0倍）
    ⚠️ 異音 c214-2 take2: 末尾に余計な音: 100ms の無音 → 150ms の音（3.13秒地点・振幅9710＝本文の1.1倍）
c214:   7.40s  (2行)
c215:  11.79s  (2行)
    ⚠️ 異音 c216-1 take1: 末尾に余計な音: 100ms の無音 → 110ms の音（5.33秒地点・振幅10673＝本文の1.1倍）
c216:  12.25s  (2行)
    ⚠️ 異音 c217-1 take1: 途中に浮いた音: 210ms（6.37秒地点・振幅26364＝本文の3.5倍／前550ms・後150ms の無音）
c217:  13.50s  (2行)
c218:  11.49s  (2行)
c219:  11.35s  (2行)
    ⚠️ 異音 c220-1 take1: 途中に浮いた音: 250ms（1.47秒地点・振幅14513＝本文の1.6倍／前100ms・後770ms の無音）; 途中に浮いた音: 220ms（7.17秒地点・振幅11594＝本文の1.3倍／前110ms・後340ms の無音）
c220:  13.16s  (2行)
c221:   9.48s  (2行)
c222:   4.45s  (1行)

合成 22 カット／持ち越し 12 カット／未作成 159／記録 34／台本 193
⚠️ まだ作っていないカット 159: c301,c302,c303,c304,c305,c306,c307,c308…
作ったぶん: 34カット 2115字 → 発話＋行間 389.7秒（5.43字/秒・行間込み。AivisSpeech は 5.52）
本編の見込み 39.4分（全 11780字をこの速さで＋LEAD/TAIL 0.85×193＋quote 2.0×16。許容 27〜40分）
最長の1行 = 8.72秒「午前11時35分ごろ。このドアを閉めたのは、空港で荷物を扱う会社の係員だった。」
API 55行（1,784字）／キャッシュ 0行／振り直し 10回／本物と判定 1／要耳 1（記録＝audio/el_qa/ep13_el_retakes.tsv）
クレジット 147,458 → 148,452（消費 994）⚠️ 反映が遅れることがある
exit=1
