ElevenLabs: 声=Hiro - Ultra Deep Japanese Voice（qaCSabKToUUT4sTqBZtz） モデル=eleven_v3 settings=None ／クレジット 24,784 / 131,000／GAP 0.4s
pr01:  13.73s  (3行)
pr02:   9.52s  (2行)
pr03:   6.62s  (2行)
pr04:  11.20s  (2行)
pr05:   7.97s  (2行)
pr07:  15.89s  (3行)
pr08:  20.24s  (3行)
pr10:  10.30s  (2行)
c101:  11.48s  (2行)
c102:  12.62s  (2行)
c103:   8.19s  (2行)
c104:   7.09s  (2行)
c105:  10.08s  (2行)
c106:   9.49s  (3行)
c107:   9.36s  (2行)
c108:   7.12s  (2行)
c109:   9.23s  (2行)
c110:   9.50s  (2行)
c111:   8.47s  (2行)
c112:  11.28s  (3行)
c113:   9.20s  (2行)
c114:   8.08s  (2行)
c115:   7.17s  (2行)
c116:  10.51s  (2行)
c117:   8.80s  (2行)
c118:   6.88s  (2行)
c119:   7.12s  (2行)
c120:   7.84s  (2行)
c121:   7.95s  (2行)
c122:   8.40s  (2行)
c123:   7.52s  (2行)
c124:   6.08s  (2行)
c125:   7.92s  (2行)
c126:   7.84s  (2行)
c127:   8.71s  (2行)
c128:   5.64s  (2行)
c129:   7.32s  (2行)
c130:   8.14s  (2行)
c131:   7.27s  (2行)
c201:   6.46s  (2行)
c202:  11.44s  (2行)
c203:   6.45s  (2行)
c204:   6.72s  (2行)
c205:   9.01s  (2行)
c206:   7.76s  (2行)
c207:   8.51s  (2行)
    ⚠️ 異音 c208-1 take1: 末尾に余計な音: 100ms の無音 → 110ms の音（4.53秒地点・振幅9965＝本文の1.0倍）
c208:   8.72s  (2行)
c209:   6.74s  (2行)
c210:   6.24s  (2行)
c211:   6.13s  (2行)
c212:   5.28s  (2行)
c213:   6.40s  (2行)
c214:   6.40s  (2行)
c215:   6.58s  (2行)
c216:   6.56s  (2行)
c217:   6.72s  (2行)
c218:   7.33s  (2行)
c219:   8.00s  (2行)
c220:   6.80s  (2行)
c221:   6.48s  (2行)
c222:   7.52s  (2行)
c223:   8.24s  (2行)
c224:   4.72s  (2行)
c225:   7.28s  (2行)
c226:   8.47s  (2行)
c227:   8.46s  (2行)
c228:  14.72s  (2行)
c229:   7.36s  (2行)
c230:   7.52s  (2行)
    ⚠️ 異音 c231-2 take1: 末尾に余計な音: 100ms の無音 → 250ms の音（3.43秒地点・振幅8366＝本文の0.9倍）
c231:   6.80s  (2行)
c232:   7.36s  (2行)
c301:   5.68s  (2行)
c302:   7.60s  (2行)
c303:   7.12s  (2行)
c304:   6.80s  (2行)
c305:   7.92s  (2行)
c306:   6.75s  (2行)
c307:   7.20s  (2行)
c308:   8.53s  (2行)
c309:   7.35s  (2行)
    ⚠️ 異音 c310-2 take1: 途中に浮いた音: 150ms（2.80秒地点・振幅26997＝本文の3.7倍／前120ms・後110ms の無音）
c310:   7.49s  (2行)
c311:   6.24s  (2行)
    ⚠️ 異音 c312-1 take1: 途中に浮いた音: 190ms（1.49秒地点・振幅27087＝本文の3.4倍／前120ms・後100ms の無音）
c312:   5.84s  (2行)
c313:   7.27s  (2行)
c314:   7.51s  (2行)
c315:   9.20s  (2行)
    ⚠️ 異音 c316-2 take1: 末尾に余計な音: 120ms の無音 → 170ms の音（2.07秒地点・振幅9090＝本文の1.2倍）
    ⚠️ 異音 c316-2 take2: 末尾に余計な音: 110ms の無音 → 120ms の音（2.11秒地点・振幅9351＝本文の0.9倍）
    ⚠️ 異音 c316-2 take3: 末尾に余計な音: 130ms の無音 → 160ms の音（2.11秒地点・振幅14830＝本文の1.7倍）
c316:   6.40s  (2行)
    ⚠️ 異音 c317-2 take1: 途中に浮いた音: 150ms（2.40秒地点・振幅15466＝本文の1.9倍／前130ms・後90ms の無音）
    ⚠️ 異音 c317-2 take2: 途中に浮いた音: 140ms（2.47秒地点・振幅23827＝本文の2.8倍／前180ms・後100ms の無音）
    ⚠️ 異音 c317-2 take3: 途中に浮いた音: 160ms（2.67秒地点・振幅23493＝本文の2.8倍／前300ms・後150ms の無音）
c317:   6.16s  (2行)
c318:   8.02s  (2行)
c319:   8.21s  (2行)
c320:   7.76s  (2行)
c321:   8.07s  (2行)
    ⚠️ 異音 c322-2 take1: 末尾に余計な音: 110ms の無音 → 140ms の音（5.38秒地点・振幅14650＝本文の1.9倍）
    ⚠️ 異音 c322-2 take2: 末尾に余計な音: 110ms の無音 → 140ms の音（5.81秒地点・振幅10725＝本文の1.1倍）
    ⚠️ 異音 c322-2 take3: 末尾に余計な音: 150ms の無音 → 190ms の音（5.41秒地点・振幅8981＝本文の1.0倍）
c322:   8.69s  (2行)
c323:   7.68s  (2行)
c324:   8.20s  (2行)
c325:   6.96s  (2行)
    ⚠️ 異音 c326-1 take1: 先頭に余計な音: 170ms の音（振幅29595＝本文の3.6倍）のあと 80ms の無音
    ⚠️ 異音 c326-1 take2: 先頭に余計な音: 50ms の音（振幅16393＝本文の1.7倍）のあと 110ms の無音
c326:   9.31s  (2行)
c327:   6.08s  (2行)
c328:   6.56s  (2行)
c329:   8.20s  (2行)
    ⚠️ 異音 c330-2 take1: 途中に浮いた音: 190ms（2.42秒地点・振幅22625＝本文の2.4倍／前90ms・後170ms の無音）
    ⚠️ 異音 c330-2 take2: 途中に浮いた音: 190ms（2.26秒地点・振幅18232＝本文の1.9倍／前210ms・後170ms の無音）
    ⚠️ 異音 c330-2 take3: 途中に浮いた音: 200ms（2.34秒地点・振幅16403＝本文の2.0倍／前110ms・後190ms の無音）
c330:   7.34s  (2行)
c331:   5.60s  (2行)
c332:   7.29s  (2行)
c333:   4.32s  (2行)
c334:   7.28s  (2行)
    ⚠️ 異音 c335-2 take1: 途中に浮いた音: 170ms（2.42秒地点・振幅16762＝本文の1.7倍／前220ms・後100ms の無音）
    ⚠️ 異音 c335-2 take2: 途中に浮いた音: 220ms（2.55秒地点・振幅12254＝本文の1.5倍／前130ms・後90ms の無音）
    ⚠️ 異音 c335-2 take3: 途中に浮いた音: 220ms（2.30秒地点・振幅16293＝本文の1.7倍／前130ms・後80ms の無音）
c335:   8.64s  (2行)
    ⚠️ 異音 c336-1 take1: 末尾に余計な音: 150ms の無音 → 180ms の音（2.62秒地点・振幅14195＝本文の1.1倍）
    ⚠️ 異音 c336-1 take2: 末尾に余計な音: 140ms の無音 → 150ms の音（2.71秒地点・振幅11623＝本文の0.9倍）
c336:   7.18s  (2行)
c401:   8.03s  (2行)
c402:   7.36s  (2行)
    ⚠️ 異音 c403-1 take1: 末尾に余計な音: 80ms の無音 → 160ms の音（3.36秒地点・振幅7730＝本文の1.2倍）
c403:   8.04s  (2行)
c404:   7.36s  (2行)
c405:   7.52s  (2行)
c406:   8.88s  (2行)
    ⚠️ 異音 c407-1 take1: 途中に浮いた音: 100ms（0.94秒地点・振幅13049＝本文の1.6倍／前230ms・後130ms の無音）
    ⚠️ 異音 c407-1 take2: 途中に浮いた音: 130ms（0.89秒地点・振幅18328＝本文の1.9倍／前160ms・後120ms の無音）
    ⚠️ 異音 c407-1 take3: 途中に浮いた音: 150ms（0.89秒地点・振幅15934＝本文の2.0倍／前180ms・後110ms の無音）
c407:   6.24s  (2行)
c408:   7.36s  (2行)
c409:   6.61s  (2行)
    ⚠️ 異音 c410-2 take1: 先頭に余計な音: 130ms の音（振幅18880＝本文の2.8倍）のあと 80ms の無音
c410:  10.19s  (2行)
    ⚠️ 異音 c411-2 take1: 先頭に余計な音: 110ms の音（振幅21049＝本文の2.3倍）のあと 120ms の無音
c411:   8.27s  (2行)
c412:   9.76s  (2行)
c413:  11.04s  (2行)
    ⚠️ 異音 c414-2 take1: 先頭に余計な音: 130ms の音（振幅25692＝本文の2.2倍）のあと 110ms の無音
    ⚠️ 異音 c414-2 take2: 先頭に余計な音: 130ms の音（振幅27123＝本文の2.7倍）のあと 80ms の無音
c414:   7.08s  (2行)
    ⚠️ 異音 c415-2 take1: 途中に浮いた音: 140ms（1.82秒地点・振幅18134＝本文の1.7倍／前170ms・後100ms の無音）
    ⚠️ 異音 c415-2 take2: 途中に浮いた音: 140ms（1.86秒地点・振幅20439＝本文の1.9倍／前180ms・後80ms の無音）
c415:   8.06s  (2行)
c416:   9.44s  (2行)
c417:  10.53s  (2行)
c418:   5.84s  (2行)
c419:   7.44s  (2行)
c420:   5.91s  (2行)
c421:   8.44s  (2行)
c422:   8.88s  (2行)
c423:   5.32s  (2行)
c424:   9.68s  (2行)
c425:   6.64s  (2行)
    ⚠️ 異音 c426-2 take1: 末尾に余計な音: 110ms の無音 → 190ms の音（1.87秒地点・振幅16363＝本文の2.0倍）
    ⚠️ 異音 c426-2 take2: 末尾に余計な音: 110ms の無音 → 130ms の音（2.19秒地点・振幅12482＝本文の1.4倍）
    ⚠️ 異音 c426-2 take3: 末尾に余計な音: 80ms の無音 → 160ms の音（2.04秒地点・振幅13990＝本文の1.5倍）
c426:   5.90s  (2行)
c427:   7.84s  (2行)
    ⚠️ 異音 c428-2 take1: 途中に浮いた音: 200ms（2.59秒地点・振幅16213＝本文の2.3倍／前90ms・後110ms の無音）
c428:   6.71s  (2行)
    ⚠️ 異音 c429-2 take1: 末尾に余計な音: 100ms の無音 → 130ms の音（4.27秒地点・振幅15406＝本文の1.5倍）
    ⚠️ 異音 c429-2 take2: 末尾に余計な音: 100ms の無音 → 190ms の音（4.93秒地点・振幅14098＝本文の1.2倍）
c429:   9.92s  (3行)
c430:   6.80s  (2行)
    ⚠️ 異音 c431-2 take1: 途中に浮いた音: 220ms（2.89秒地点・振幅25196＝本文の2.5倍／前210ms・後170ms の無音）
c431:   9.01s  (2行)
    ⚠️ 異音 c432-2 take1: 途中に浮いた音: 170ms（1.44秒地点・振幅17406＝本文の1.9倍／前150ms・後130ms の無音）
    ⚠️ 異音 c432-2 take2: 途中に浮いた音: 150ms（1.48秒地点・振幅13357＝本文の1.9倍／前220ms・後120ms の無音）
c432:   9.36s  (2行)
c433:   8.28s  (2行)
c434:   7.79s  (2行)
    ⚠️ 異音 c501-1 take1: 先頭に余計な音: 150ms の音（振幅19690＝本文の1.9倍）のあと 120ms の無音
    ⚠️ 異音 c501-1 take2: 末尾に余計な音: 80ms の無音 → 210ms の音（2.50秒地点・振幅7787＝本文の1.2倍）
    ⚠️ 異音 c501-1 take3: 先頭に余計な音: 160ms の音（振幅30646＝本文の3.7倍）のあと 140ms の無音
c501:   8.25s  (2行)
c502:   5.69s  (2行)
c503:   9.36s  (2行)
c504:   8.48s  (2行)
c505:   7.62s  (2行)
c506:   8.40s  (2行)
c507:   6.80s  (2行)
c508:   9.10s  (2行)
    ⚠️ 異音 c509-2 take1: 途中に浮いた音: 240ms（2.13秒地点・振幅22103＝本文の1.8倍／前160ms・後80ms の無音）
    ⚠️ 異音 c509-2 take2: 途中に浮いた音: 240ms（2.16秒地点・振幅25251＝本文の2.6倍／前130ms・後90ms の無音）
c509:   7.16s  (2行)
c510:   7.65s  (2行)
c511:   6.55s  (2行)
    ⚠️ 異音 c512-1 take1: 途中に浮いた音: 170ms（0.87秒地点・振幅17911＝本文の2.3倍／前170ms・後100ms の無音）
c512:   7.52s  (2行)
c513:   7.33s  (2行)
c514:   8.56s  (2行)
c515:   6.48s  (2行)
c516:   8.24s  (2行)
c517:   8.39s  (2行)
c518:   7.36s  (2行)
c519:   6.79s  (2行)
c520:   7.36s  (2行)
c521:   8.53s  (2行)
c522:   7.00s  (2行)
c523:   8.04s  (2行)
c524:   7.92s  (2行)
c525:   8.32s  (2行)
c526:   9.91s  (2行)
    ⚠️ 異音 c527-2 take1: 末尾に余計な音: 140ms の無音 → 230ms の音（3.85秒地点・振幅14976＝本文の1.9倍）
    ⚠️ 異音 c527-2 take2: 末尾に余計な音: 150ms の無音 → 160ms の音（3.67秒地点・振幅13445＝本文の1.7倍）
    ⚠️ 異音 c527-2 take3: 末尾に余計な音: 140ms の無音 → 200ms の音（3.96秒地点・振幅16018＝本文の2.2倍）
c527:   7.88s  (2行)
c528:   7.60s  (2行)
    ⚠️ 異音 c601-2 take1: 途中に浮いた音: 140ms（5.18秒地点・振幅17076＝本文の2.2倍／前130ms・後110ms の無音）
c601:   8.64s  (2行)
c602:   6.22s  (2行)
c603:   6.06s  (2行)
c604:   6.72s  (2行)
c605:   8.48s  (2行)
c606:   7.64s  (2行)
c607:   8.16s  (2行)
c608:   8.94s  (2行)
c609:   7.57s  (2行)
c610:   7.18s  (2行)
c611:   6.40s  (2行)
c612:   5.20s  (2行)
c613:   7.12s  (2行)
c614:   6.13s  (2行)
c615:   5.76s  (2行)
    ⚠️ 異音 c616-1 take1: 先頭に余計な音: 120ms の音（振幅31527＝本文の3.0倍）のあと 120ms の無音
c616:   8.09s  (2行)
c617:   7.52s  (2行)
c618:   7.72s  (2行)
c619:   6.63s  (2行)
c620:   7.96s  (2行)
c621:   7.12s  (2行)
c622:   6.24s  (2行)
c623:   8.24s  (2行)
c624:   9.60s  (2行)
    ⚠️ 異音 c625-2 take1: 途中に浮いた音: 140ms（2.67秒地点・振幅12801＝本文の1.8倍／前130ms・後110ms の無音）
    ⚠️ 異音 c625-2 take2: 途中に浮いた音: 160ms（2.39秒地点・振幅18954＝本文の2.5倍／前130ms・後140ms の無音）
    ⚠️ 異音 c625-2 take3: 途中に浮いた音: 160ms（2.89秒地点・振幅17774＝本文の2.2倍／前150ms・後120ms の無音）
c625:   7.08s  (2行)
c626:  10.32s  (2行)
c627:   6.40s  (2行)
c628:   9.84s  (2行)
c629:   8.96s  (2行)
c701:   7.55s  (2行)
    ⚠️ 異音 c702-1 take1: 先頭に余計な音: 190ms の音（振幅21845＝本文の2.8倍）のあと 120ms の無音
c702:   6.69s  (2行)
c703:   5.60s  (2行)
c704:  10.00s  (2行)
c705:   8.96s  (2行)
c706:   7.11s  (2行)
    ⚠️ 異音 c707-2 take1: 末尾に余計な音: 110ms の無音 → 190ms の音（4.37秒地点・振幅9607＝本文の1.2倍）
c707:   9.17s  (2行)
c708:   5.52s  (2行)
c709:   8.40s  (2行)
c710:   7.20s  (2行)
    ⚠️ 異音 c711-2 take1: 先頭に余計な音: 190ms の音（振幅25908＝本文の2.9倍）のあと 80ms の無音
c711:   7.41s  (2行)
c712:   9.36s  (2行)
c713:   8.48s  (2行)
    ⚠️ 異音 c714-2 take1: 途中に浮いた音: 150ms（2.18秒地点・振幅17815＝本文の2.2倍／前120ms・後90ms の無音）
c714:   5.86s  (2行)
c715:   8.72s  (2行)
c716:   8.96s  (2行)
c717:   6.64s  (2行)
c718:   4.78s  (2行)
    ⚠️ 異音 c719-2 take1: 末尾に余計な音: 120ms の無音 → 140ms の音（1.94秒地点・振幅10029＝本文の1.6倍）
    ⚠️ 異音 c719-2 take2: 末尾に余計な音: 140ms の無音 → 180ms の音（2.14秒地点・振幅13322＝本文の1.9倍）
c719:   7.20s  (2行)
c720:   8.54s  (2行)
c721:   9.68s  (2行)
c722:   6.11s  (2行)
c723:   9.84s  (2行)
    ⚠️ 異音 c724-1 take1: 途中に浮いた音: 140ms（2.03秒地点・振幅17493＝本文の2.8倍／前540ms・後90ms の無音）
c724:   9.90s  (2行)
c725:   8.80s  (2行)
    ⚠️ 異音 c726-1 take1: 末尾に余計な音: 110ms の無音 → 240ms の音（2.00秒地点・振幅14942＝本文の1.3倍）
c726:   7.92s  (2行)
ep01:   6.24s  (2行)
    ⚠️ 異音 ep02-2 take1: 先頭に余計な音: 190ms の音（振幅22106＝本文の4.7倍）のあと 100ms の無音
ep02:   9.12s  (2行)
ep03:   7.04s  (2行)
    ⚠️ 異音 ep04-2 take1: 途中に浮いた音: 190ms（2.62秒地点・振幅25522＝本文の3.7倍／前420ms・後230ms の無音）
ep04:   8.63s  (2行)
ep05:   5.60s  (2行)
ep06:   6.84s  (2行)
ep07:   6.40s  (2行)
ep08:   9.32s  (2行)
ep09:   5.97s  (2行)
    ⚠️ 異音 ep10-2 take1: 途中に浮いた音: 200ms（1.06秒地点・振幅28252＝本文の2.7倍／前130ms・後180ms の無音）
    ⚠️ 異音 ep10-2 take2: 途中に浮いた音: 240ms（0.93秒地点・振幅28461＝本文の3.2倍／前120ms・後90ms の無音）
    ⚠️ 異音 ep10-2 take3: 途中に浮いた音: 190ms（1.13秒地点・振幅27895＝本文の3.0倍／前150ms・後200ms の無音）
ep10:   6.60s  (2行)
    ⚠️ 異音 ep11-2 take1: 途中に浮いた音: 170ms（0.89秒地点・振幅19756＝本文の1.5倍／前130ms・後120ms の無音）
    ⚠️ 異音 ep11-2 take2: 末尾に余計な音: 140ms の無音 → 190ms の音（2.40秒地点・振幅10614＝本文の1.0倍）
    ⚠️ 異音 ep11-2 take3: 途中に浮いた音: 200ms（0.88秒地点・振幅20950＝本文の2.2倍／前160ms・後90ms の無音）
ep11:   7.42s  (2行)
ep12:   7.78s  (2行)
ep13:  12.64s  (2行)
ep14:   9.28s  (2行)
ep15:   8.00s  (2行)
ep16:   6.70s  (2行)

合成 240 カット／持ち越し 0 カット／未作成 0／記録 240／台本 240
作ったぶん: 240カット 11027字 → 発話＋行間 1895.1秒（5.82字/秒・行間込み。AivisSpeech は 5.52）
本編の見込み 35.4分（全 11027字をこの速さで＋LEAD/TAIL 0.85×240＋quote 2.0×12。設計 36分43秒・許容 35〜38分）
最長の1行 = 10.32秒「9分前、6分から7分前、5分から6分前、4分から5分前。分の単位になる。」
API 463行（10,344字）／キャッシュ 83行／振り直し 60回／本物と判定 3／要耳 9（記録＝audio/el_qa/surfside_el_retakes.tsv）
クレジット 24,784 → 31,286（消費 6,502）⚠️ 反映が遅れることがある
EXIT 0
