ElevenLabs: 声=Otani（3JDquces8E8bkmvbh6Bc） モデル=eleven_v3 settings={'stability': 1.0, 'similarity_boost': 0.75, 'style': 0.0, 'speed': 1.0, 'use_speaker_boost': True} ／クレジット 147,016 / 158,500／GAP 0.4s
c801:   7.21s  (2行)
c802:   9.76s  (2行)
c803:   8.55s  (2行)
c804:  11.21s  (2行)
c805:   8.57s  (2行)
c806:  14.38s  (2行)
c807:   9.16s  (2行)
c808:  14.42s  (2行)
c809:  13.11s  (2行)
c810:  10.83s  (2行)
c811:   7.55s  (2行)
c812:  17.58s  (3行)
c813:   8.11s  (2行)
c814:  13.44s  (2行)
c815:   9.09s  (2行)
c816:  10.28s  (2行)
c817:   9.15s  (2行)
c818:  13.58s  (3行)
c819:  20.65s  (3行)
c820:  18.03s  (3行)

合成 20 カット／持ち越し 170 カット／未作成 1／記録 190／台本 191
⚠️ まだ作っていないカット 1: c915
作ったぶん: 190カット 11445字 → 発話＋行間 2138.6秒（5.35字/秒・行間込み。AivisSpeech は 5.52）
本編の見込み 39.2分（全 11535字をこの速さで＋LEAD/TAIL 0.85×191＋quote 2.0×16。許容 27〜40分）
最長の1行 = 7.98秒「その記録では、光を見た所は区域の外へ30キロあまり、灰を浴びた所はさらに外。」
API 0行（0字）／キャッシュ 44行／振り直し 0回／本物と判定 0／要耳 0（記録＝audio/el_qa/ep12_el_retakes.tsv）
クレジット 147,016 → 147,016（消費 0）⚠️ 反映が遅れることがある
exit=1
