台本: 192カット／386行／11731字（トルコ航空981便 台本第2版 の実測は 192／386／11,731・決め所 16）
  ＋共通の末尾 3行（ed01）＝焼くのは 193カット／389行／11780字
  ✓ トルコ航空981便 台本第2版と一致（直書きの定数と）
  ✓ Vault の md と narration.SCRIPT の文が1行ずつ一致（386行）
resolve_ids('c101,c102-2') → ['c101-1', 'c101-2', 'c102-2']
  ✓ 無いIDで止まる
EL_YOMI: 175件 → 当たった行 138／389
門番: 境界規則 14件 ✓（import 時に通過ずみ）
  ✓ 検査は出荷する音（atempo 後）を見ている
  ✓ 知らない引数で止まる（有料の道具 6本に設置）
selftest=0
ElevenLabs: 声=Otani（3JDquces8E8bkmvbh6Bc） モデル=eleven_v3 settings={'stability': 1.0, 'similarity_boost': 0.75, 'style': 0.0, 'speed': 1.0, 'use_speaker_boost': True} ／クレジット 157,591 / 158,500／GAP 0.4s
c220:   9.09s  (2行)
c515:  11.28s  (3行)
c715:   6.15s  (2行)
c805:  12.52s  (2行)

合成 4 カット／持ち越し 189 カット／未作成 0／記録 193／台本 193
作ったぶん: 193カット 11780字 → 発話＋行間 1773.4秒（6.64字/秒・行間込み。AivisSpeech は 5.52）
本編の見込み 32.8分（全 11780字をこの速さで＋LEAD/TAIL 0.85×193＋quote 2.0×16。許容 27〜40分）
最長の1行 = 8.61秒「事故の2日後、運輸大臣の徳永正利は「49名、1名はまだ確認されていない」と述べた。」
API 4行（104字）／キャッシュ 5行／振り直し 0回／本物と判定 0／要耳 0（記録＝audio/el_qa/ep13_el_retakes.tsv）
クレジット 157,591 → 157,591（消費 0）⚠️ 反映が遅れることがある
build=0
  c710-1 take1: 同形異音語:床／必須の語なし:床  荷貨が崩れ、座席の一部とともに乗客六人が機体の外へ投げ出された。
  c710-1 take2: 同形異音語:床／頭欠け:床→ト／必須の語なし:床  トゥカが崩れ、座席の一部とともに乗客六人が機体の外へ投げ出された。
c710-1: 2テイク → 要耳（全テイク落ち・所見最少を採用）

1行 → 要耳 1 -> C:\Users\konar\Desktop\zukai-engine-ep13a5\audio\el_qa\ep13_retake_gate.tsv
⚠️ 差し替えた行のカットは `python tools/el_build.py --dry --cuts <cid>` で wav と json に反映すること
rt c710-1=1
  c905-2 take1: ✓  床下の貨物室に大きな穴が開いても、床が崩れないようにせよという命令だ。
c905-2: 1テイク → 採用（文字起こしが台本と合う）

1行 → 要耳 0 -> C:\Users\konar\Desktop\zukai-engine-ep13a5\audio\el_qa\ep13_retake_gate.tsv
⚠️ 差し替えた行のカットは `python tools/el_build.py --dry --cuts <cid>` で wav と json に反映すること
rt c905-2=0
  c416-2 take1: ✓  客室の床の一部が下の貨物室へ落ち込んだ。
c416-2: 1テイク → 採用（文字起こしが台本と合う）

1行 → 要耳 0 -> C:\Users\konar\Desktop\zukai-engine-ep13a5\audio\el_qa\ep13_retake_gate.tsv
⚠️ 差し替えた行のカットは `python tools/el_build.py --dry --cuts <cid>` で wav と json に反映すること
rt c416-2=0
  c403-2 take1: 同形異音語:前／必須の語なし:前方  先方の貨物ドアが開いた。
  c403-2 take2: ✓  前方の貨物ドアが開いた。
c403-2: 2テイク → 採用（文字起こしが台本と合う）

1行 → 要耳 0 -> C:\Users\konar\Desktop\zukai-engine-ep13a5\audio\el_qa\ep13_retake_gate.tsv
⚠️ 差し替えた行のカットは `python tools/el_build.py --dry --cuts <cid>` で wav と json に反映すること
rt c403-2=0
  c712-1 take1: 必須の語なし:傷んだ  断ったのは機首を上げ下げする尾翼の昇降舵などを動かすケーブルだ。
  c712-1 take2: ✓  傷んだのは、機種を上げ下げする尾翼の昇降舵などを動かすケーブルだ。
c712-1: 2テイク → 採用（文字起こしが台本と合う）

1行 → 要耳 0 -> C:\Users\konar\Desktop\zukai-engine-ep13a5\audio\el_qa\ep13_retake_gate.tsv
⚠️ 差し替えた行のカットは `python tools/el_build.py --dry --cuts <cid>` で wav と json に反映すること
rt c712-1=0
  c703-1 take1: ✓  機長が飛んだ時間は合わせて七千時間を超えていた。
c703-1: 1テイク → 採用（文字起こしが台本と合う）

1行 → 要耳 0 -> C:\Users\konar\Desktop\zukai-engine-ep13a5\audio\el_qa\ep13_retake_gate.tsv
⚠️ 差し替えた行のカットは `python tools/el_build.py --dry --cuts <cid>` で wav と json に反映すること
rt c703-1=0
  c418-1 take1: ✓  機首を上げ下げする舵の効きが悪く、機長は左右のエンジンの力も借りて機首を支えた。
c418-1: 1テイク → 採用（文字起こしが台本と合う）

1行 → 要耳 0 -> C:\Users\konar\Desktop\zukai-engine-ep13a5\audio\el_qa\ep13_retake_gate.tsv
⚠️ 差し替えた行のカットは `python tools/el_build.py --dry --cuts <cid>` で wav と json に反映すること
rt c418-1=0
  c423-1 take1: ✓  NTSBは出発の準備で錠が正しくかからなかったことを原因とした。
c423-1: 1テイク → 採用（文字起こしが台本と合う）

1行 → 要耳 0 -> C:\Users\konar\Desktop\zukai-engine-ep13a5\audio\el_qa\ep13_retake_gate.tsv
⚠️ 差し替えた行のカットは `python tools/el_build.py --dry --cuts <cid>` で wav と json に反映すること
rt c423-1=0
    ⚠️ 異音 c917-2 take1: 途中に浮いた音: 160ms（1.08秒地点・振幅7020＝本文の1.0倍／前110ms・後160ms の無音）
  c917-2 take1: 必須の語なし:任された  直す手立てもあった。だが、それは命令ではなく約束に任される。
    ⚠️ 異音 c917-2 take1: 途中に浮いた音: 180ms（1.14秒地点・振幅6627＝本文の1.2倍／前120ms・後970ms の無音）
   ⚠️ 聞取の通信に失敗（URLError: <urlopen error EOF occurred in violation of protocol (_ssl.c:2427)>）→ 5秒後に再試行 1/3
  c917-2 take2: ✓  直す手立てもあった。だが、それは命令ではなく約束に任された。
c917-2: 2テイク → 採用（文字起こしが台本と合う）

1行 → 要耳 0 -> C:\Users\konar\Desktop\zukai-engine-ep13a5\audio\el_qa\ep13_retake_gate.tsv
⚠️ 差し替えた行のカットは `python tools/el_build.py --dry --cuts <cid>` で wav と json に反映すること
rt c917-2=0
c403:   5.89s  (2行)
c416:   7.68s  (2行)
c418:   9.90s  (2行)
c423:  10.84s  (3行)
c703:  14.34s  (3行)
c710:   4.83s  (1行)
c712:   7.43s  (2行)
c905:  14.19s  (3行)
c917:   9.59s  (2行)

合成 9 カット／持ち越し 184 カット／未作成 0／記録 193／台本 193
作ったぶん: 193カット 11780字 → 発話＋行間 1773.9秒（6.64字/秒・行間込み。AivisSpeech は 5.52）
本編の見込み 32.8分（全 11780字をこの速さで＋LEAD/TAIL 0.85×193＋quote 2.0×16。許容 27〜40分）
最長の1行 = 6.04秒「副操縦士は5500時間あまり、航空機関士は2100時間あまり飛んでいた。」
dry=0
✓ ep13: 389行・発話 28.3分 → C:\Users\konar\Desktop\zukai-engine-ep13a5\out\phon
prep=0
modal=0
✗ c715-2  間「およそ｜五」0.32s
    記録の終わりまで、およそ50秒鳴り続けたとみられる。
✗ c805-1  間「で｜四」0.28s
    日本人の乗客は、確かめられた人で48人とされる。
✓ c515-2  
    6月16日、ディーシーテンを使う航空会社4社の社長あてに、
✓ c220-2  
    ドアが閉められてから、およそ55分後のことだった。
✗ c710-1  読み「床」y→t[頭] GOP-7.6
    床が崩れ、座席の一部とともに、乗客ろくにんが機体の外へ投げ出された。
✗ c905-2  読み「床下」y→t[頭] GOP-4.1／読み「開い」hir→∅ GOP-11.8
    床下の貨物室に大きな穴が開いても、床が崩れないようにせよ、という命令だ。
✓ c416-2  
    客室の床の一部が、下の貨物室へ落ちこんだ。
✗ c403-2  読み「前方」z→s[頭] GOP-4.8／読み「ドア」∅→w GOP0.0／読み「開い」hir→∅ GOP-10.5
    前方の貨物ドアが開いた。
✗ c712-1  読み「傷ん」i→∅[頭] GOP-7.5／読み「舵」k→g GOP-5.8／間「動かす｜ケーブル」0.30s
    傷んだのは、機首を上げ下げする尾翼の「昇降舵」などを動かすケーブルだ。
✗ c703-1  間「て｜な」0.30s
    機長が飛んだ時間は、あわせてななせんじかんを超えていた。
✗ c418-1  読み「機首」k→h[頭] GOP-1.9／読み「機首」u→o GOP-1.9
    機首を上げ下げする舵の効きが悪く、機長は左右のエンジンの力も借りて機首を支えた。
✓ c423-1  
    NTSBは、出発の準備で、錠が正しくかからなかったことを原因とした。
✗ c917-2  読み「直す手立てもあった」naosutedatemoaclta→∅[頭] GOP-3.8
    直す手立てもあった。だが、それは命令ではなく、約束に任された。

確かめた 13行／所見のある行 9
残り 572
