ElevenLabs: 声=Otani（3JDquces8E8bkmvbh6Bc） モデル=eleven_v3 settings={'stability': 1.0, 'similarity_boost': 0.75, 'style': 0.0, 'speed': 1.0, 'use_speaker_boost': True} ／クレジット 147,016 / 158,500／GAP 0.4s
c701:   9.56s  (2行)
c702:  12.66s  (3行)
c703:  13.89s  (3行)
c704:   4.93s  (2行)
c705:   9.50s  (3行)
c706:   5.92s  (2行)
c707:   9.17s  (2行)
c708:   7.05s  (2行)
c709:   8.76s  (2行)
c710:  14.68s  (3行)
c711:  10.00s  (2行)
c712:  11.31s  (2行)
c713:   8.63s  (2行)
c714:  10.68s  (2行)
c715:   8.93s  (2行)
c716:  18.17s  (3行)
c717:   9.01s  (2行)
c718:  10.73s  (3行)
c719:  15.88s  (3行)
c720:  12.58s  (3行)
c721:  18.49s  (3行)
c722:  18.54s  (3行)

合成 22 カット／持ち越し 165 カット／未作成 4／記録 187／台本 191
⚠️ まだ作っていないカット 4: c804,c818,c819,c915
作ったぶん: 187カット 11207字 → 発話＋行間 2093.3秒（5.35字/秒・行間込み。AivisSpeech は 5.52）
本編の見込み 39.1分（全 11535字をこの速さで＋LEAD/TAIL 0.85×191＋quote 2.0×16。許容 27〜40分）
最長の1行 = 8.23秒「4日には、ウトリック環礁の157人も島を離れ、住民239人の避難が終わった。」
API 0行（0字）／キャッシュ 54行／振り直し 0回／本物と判定 0／要耳 0（記録＝audio/el_qa/ep12_el_retakes.tsv）
クレジット 147,016 → 147,016（消費 0）⚠️ 反映が遅れることがある
exit=1
