ElevenLabs: 声=Otani（3JDquces8E8bkmvbh6Bc） モデル=eleven_v3 settings={'stability': 1.0, 'similarity_boost': 0.75, 'style': 0.0, 'speed': 1.0, 'use_speaker_boost': True} ／クレジット 146,995 / 158,500／GAP 0.4s
c301:   4.74s  (1行)
c302:  10.23s  (2行)
c303:   6.28s  (2行)
c304:  12.33s  (2行)
c305:  11.14s  (2行)
c306:  10.62s  (2行)
c307:   7.08s  (2行)
c308:   9.20s  (2行)
c309:   6.28s  (1行)
c310:  10.61s  (2行)
c311:   7.36s  (2行)
c312:   8.26s  (2行)
c313:   8.94s  (2行)
c314:  13.40s  (2行)
c315:  10.16s  (2行)
c316:   5.48s  (1行)
c317:  11.81s  (2行)
c318:  12.20s  (2行)
c319:   7.89s  (2行)
c320:  18.67s  (3行)
c321:  12.88s  (2行)
c322:  12.91s  (3行)
c323:  16.80s  (3行)
c324:   9.51s  (2行)

合成 24 カット／持ち越し 146 カット／未作成 21／記録 170／台本 191
⚠️ まだ作っていないカット 21: c401,c402,c404,c414,c416,c421,c422,c604…
作ったぶん: 170カット 10106字 → 発話＋行間 1879.8秒（5.38字/秒・行間込み。AivisSpeech は 5.52）
本編の見込み 39.0分（全 11535字をこの速さで＋LEAD/TAIL 0.85×191＋quote 2.0×16。許容 27〜40分）
最長の1行 = 8.07秒「燃料として劣ると見ていたリチウム7が、核反応で、思った以上に働いたのだ、と。」
API 0行（0字）／キャッシュ 48行／振り直し 0回／本物と判定 0／要耳 0（記録＝audio/el_qa/ep12_el_retakes.tsv）
クレジット 146,995 → 146,995（消費 0）⚠️ 反映が遅れることがある
exit=1
