ElevenLabs: 声=Otani（3JDquces8E8bkmvbh6Bc） モデル=eleven_v3 settings={'stability': 1.0, 'similarity_boost': 0.75, 'style': 0.0, 'speed': 1.0, 'use_speaker_boost': True} ／クレジット 131,967 / 158,500／GAP 0.4s
ep01:   8.35s  (2行)
    ⚠️ 異音 ep02-2 take1: 先頭に余計な音: 200ms の音（振幅25601＝本文の2.3倍）のあと 100ms の無音
    ⚠️ 異音 ep02-2 take2: 先頭に余計な音: 80ms の音（振幅29047＝本文の2.6倍）のあと 150ms の無音
    ⚠️ 異音 ep02-2 take3: 先頭に余計な音: 170ms の音（振幅23609＝本文の2.1倍）のあと 140ms の無音
ep02:   9.11s  (2行)
ep03:   6.99s  (2行)
ep04:   6.46s  (2行)
ep05:   7.14s  (2行)
    ⚠️ 異音 ep06-1 take1: 途中に浮いた音: 250ms（2.71秒地点・振幅26882＝本文の2.2倍／前350ms・後100ms の無音）
    ⚠️ 異音 ep06-3 take1: 末尾に余計な音: 90ms の無音 → 180ms の音（4.70秒地点・振幅11064＝本文の1.2倍）
    ⚠️ 異音 ep06-3 take2: 末尾に余計な音: 80ms の無音 → 150ms の音（4.62秒地点・振幅10557＝本文の1.0倍）
ep06:  14.95s  (3行)
    ⚠️ 異音 ep07-2 take1: 途中に浮いた音: 170ms（4.16秒地点・振幅12272＝本文の1.1倍／前360ms・後1900ms の無音）
ep07:   7.79s  (2行)
ep08:   6.58s  (2行)
ep09:   6.15s  (2行)
    ⚠️ 異音 ep10-2 take1: 途中に浮いた音: 190ms（3.47秒地点・振幅6864＝本文の0.9倍／前90ms・後370ms の無音）
    ⚠️ 異音 ep10-2 take2: 途中に浮いた音: 210ms（2.93秒地点・振幅7961＝本文の1.1倍／前100ms・後150ms の無音）
    ⚠️ 異音 ep10-2 take3: 途中に浮いた音: 200ms（3.71秒地点・振幅9065＝本文の1.2倍／前120ms・後450ms の無音）
ep10:   7.89s  (2行)
ep11:   7.36s  (2行)
    ⚠️ 異音 ep12-2 take1: 途中に浮いた音: 250ms（2.96秒地点・振幅30042＝本文の3.6倍／前140ms・後130ms の無音）
    ⚠️ 異音 ep12-2 take2: 末尾に余計な音: 100ms の無音 → 90ms の音（4.63秒地点・振幅28161＝本文の3.1倍）
    ⚠️ 異音 ep12-2 take3: 末尾に余計な音: 90ms の無音 → 140ms の音（4.90秒地点・振幅20960＝本文の2.4倍）; 途中に浮いた音: 220ms（2.96秒地点・振幅30569＝本文の3.6倍／前130ms・後170ms の無音）
ep12:  11.24s  (3行)
ep13:   7.25s  (2行)

合成 13 カット／持ち越し 178 カット／未作成 0／記録 191／台本 191
作ったぶん: 191カット 11546字 → 発話＋行間 1911.2秒（6.04字/秒・行間込み。AivisSpeech は 5.52）
本編の見込み 35.2分（全 11546字をこの速さで＋LEAD/TAIL 0.85×191＋quote 2.0×18。許容 27〜40分）
最長の1行 = 5.23秒「日程や費用を理由に、設計の選択肢を先に消してはならない、とある。」
API 38行（956字）／キャッシュ 0行／振り直し 10回／本物と判定 1／要耳 2（記録＝audio/el_qa/ep11_el_retakes.tsv）
クレジット 131,967 → 132,608（消費 641）⚠️ 反映が遅れることがある
exit=0
