ElevenLabs: 声=Otani（3JDquces8E8bkmvbh6Bc） モデル=eleven_v3 settings={'stability': 1.0, 'similarity_boost': 0.75, 'style': 0.0, 'speed': 1.0, 'use_speaker_boost': True} ／クレジット 114,124 / 131,000／GAP 0.4s
pr01:  15.12s  (2行)
pr02:   9.52s  (2行)
    ⚠️ 異音 pr03-2 take1: 末尾に余計な音: 90ms の無音 → 170ms の音（5.55秒地点・振幅11034＝本文の1.1倍）
    ⚠️ 異音 pr03-2 take2: 末尾に余計な音: 100ms の無音 → 130ms の音（5.47秒地点・振幅11311＝本文の0.9倍）
pr03:  11.79s  (2行)
    ⚠️ 異音 pr04-3 take1: 末尾に余計な音: 100ms の無音 → 140ms の音（3.37秒地点・振幅17611＝本文の1.8倍）
    ⚠️ 異音 pr04-3 take2: 末尾に余計な音: 90ms の無音 → 130ms の音（3.31秒地点・振幅24449＝本文の2.4倍）
pr04:  11.66s  (3行)
pr05:  10.64s  (2行)
pr06:  11.24s  (2行)
    ⚠️ 異音 pr07-2 take1: 末尾に余計な音: 80ms の無音 → 170ms の音（4.63秒地点・振幅14605＝本文の1.2倍）
pr07:   9.76s  (2行)
pr08:  12.40s  (2行)
    ⚠️ 異音 pr09-3 take1: 末尾に余計な音: 2330ms の無音 → 80ms の音（7.50秒地点・振幅8642＝本文の1.0倍）
pr09:  16.85s  (3行)
pr10:  14.95s  (3行)
    ⚠️ 異音 pr11-2 take1: 途中に浮いた音: 120ms（1.68秒地点・振幅17204＝本文の1.3倍／前120ms・後120ms の無音）
pr11:  13.04s  (3行)
c101:  13.60s  (2行)
c102:  15.01s  (3行)
c103:  15.12s  (3行)
c104:  15.28s  (3行)
c105:  12.68s  (3行)
c106:  15.75s  (3行)
c107:  10.48s  (2行)
c108:  15.03s  (3行)
c109:   7.04s  (2行)
c110:  14.30s  (3行)
    ⚠️ 異音 c111-3 take1: 末尾に余計な音: 100ms の無音 → 140ms の音（2.82秒地点・振幅10731＝本文の1.1倍）
c111:  14.00s  (3行)
c112:   9.68s  (2行)
c113:  11.04s  (3行)
    ⚠️ 異音 c114-1 take1: 末尾に余計な音: 110ms の無音 → 140ms の音（4.10秒地点・振幅9512＝本文の1.0倍）
c114:   9.52s  (2行)
c115:   9.68s  (2行)
c116:   7.92s  (2行)
c201:   9.14s  (2行)
    ⚠️ 異音 c202-1 take1: 途中に浮いた音: 210ms（5.24秒地点・振幅30923＝本文の2.7倍／前1040ms・後80ms の無音）
c202:  17.20s  (3行)
c203:  19.83s  (3行)
    ⚠️ 異音 c204-2 take1: 末尾に余計な音: 300ms の無音 → 170ms の音（7.19秒地点・振幅23450＝本文の2.2倍）; 途中に浮いた音: 210ms（1.58秒地点・振幅19458＝本文の1.8倍／前330ms・後80ms の無音）
    ⚠️ 異音 c204-3 take1: 先頭に余計な音: 130ms の音（振幅18016＝本文の1.3倍）のあと 130ms の無音
    ⚠️ 異音 c204-3 take2: 末尾に余計な音: 80ms の無音 → 130ms の音（4.71秒地点・振幅15437＝本文の1.1倍）; 先頭に余計な音: 130ms の音（振幅14556＝本文の1.1倍）のあと 120ms の無音
    ⚠️ 異音 c204-3 take3: 先頭に余計な音: 130ms の音（振幅22582＝本文の1.8倍）のあと 130ms の無音
c204:  15.84s  (3行)
    ⚠️ 異音 c205-3 take1: 途中に浮いた音: 220ms（3.31秒地点・振幅13426＝本文の1.0倍／前80ms・後110ms の無音）
c205:  13.60s  (3行)
c206:  12.72s  (2行)
    ⚠️ 異音 c207-1 take1: 末尾に余計な音: 90ms の無音 → 170ms の音（4.87秒地点・振幅20920＝本文の2.1倍）
c207:   9.12s  (2行)
c208:  10.32s  (2行)
c209:   9.28s  (2行)
c210:  10.47s  (3行)
c211:   7.81s  (2行)
c212:   9.12s  (2行)
c213:  19.35s  (3行)
c214:   9.92s  (2行)
c215:  12.48s  (3行)
c216:   7.95s  (2行)
c217:   7.74s  (2行)
    ⚠️ 異音 c218-2 take1: 末尾に余計な音: 100ms の無音 → 160ms の音（2.71秒地点・振幅15988＝本文の1.3倍）
    ⚠️ 異音 c218-2 take2: 末尾に余計な音: 100ms の無音 → 160ms の音（2.79秒地点・振幅15449＝本文の1.3倍）; 途中に浮いた音: 230ms（1.43秒地点・振幅27881＝本文の2.4倍／前140ms・後80ms の無音）
c218:   7.04s  (2行)
c301:  14.07s  (3行)
c302:   6.32s  (2行)
c303:   7.44s  (2行)
c304:  19.12s  (3行)
c305:  14.10s  (2行)
c306:  16.64s  (3行)
c307:   9.68s  (2行)
    ⚠️ 異音 c308-1 take1: 先頭に余計な音: 130ms の音（振幅30933＝本文の2.5倍）のあと 110ms の無音
c308:   7.44s  (2行)
c309:  16.08s  (3行)
c310:   6.40s  (2行)
    ⚠️ 異音 c311-2 take1: 末尾に余計な音: 120ms の無音 → 140ms の音（2.90秒地点・振幅19630＝本文の2.0倍）
c311:  13.04s  (3行)
c312:  12.00s  (3行)
    ⚠️ 異音 c313-1 take1: 途中に浮いた音: 240ms（1.45秒地点・振幅25501＝本文の2.4倍／前310ms・後80ms の無音）
    ⚠️ 異音 c313-1 take2: 末尾に余計な音: 100ms の無音 → 140ms の音（4.47秒地点・振幅14677＝本文の1.3倍）; 途中に浮いた音: 240ms（1.38秒地点・振幅26972＝本文の2.3倍／前200ms・後110ms の無音）
c313:  15.01s  (3行)
    ⚠️ 異音 c314-2 take1: 途中に浮いた音: 180ms（3.83秒地点・振幅23902＝本文の1.8倍／前80ms・後420ms の無音）
    ⚠️ 異音 c314-2 take2: 途中に浮いた音: 200ms（3.57秒地点・振幅18425＝本文の1.7倍／前80ms・後420ms の無音）
    ⚠️ 異音 c314-2 take3: 途中に浮いた音: 220ms（3.52秒地点・振幅26732＝本文の2.0倍／前80ms・後260ms の無音）
c314:   9.28s  (2行)
c315:  11.28s  (2行)
c316:  10.72s  (2行)
c317:  13.34s  (3行)
c318:  15.50s  (3行)
c319:   8.32s  (2行)
c320:   9.40s  (2行)
    ⚠️ 異音 c321-2 take1: 先頭に余計な音: 160ms の音（振幅30444＝本文の3.0倍）のあと 130ms の無音
    ⚠️ 異音 c321-2 take2: 先頭に余計な音: 130ms の音（振幅30580＝本文の3.4倍）のあと 160ms の無音
    ⚠️ 異音 c321-2 take3: 先頭に余計な音: 140ms の音（振幅24781＝本文の2.3倍）のあと 160ms の無音
c321:  12.23s  (3行)
c322:   7.55s  (2行)
c401:   8.08s  (2行)
    ⚠️ 異音 c402-2 take1: 先頭に余計な音: 120ms の音（振幅18426＝本文の2.0倍）のあと 120ms の無音
c402:  14.16s  (2行)
    ⚠️ 異音 c403-2 take1: 末尾に余計な音: 80ms の無音 → 240ms の音（7.52秒地点・振幅26241＝本文の1.7倍）
c403:  15.60s  (3行)
c404:   9.12s  (2行)
c405:  18.48s  (3行)
c406:   7.89s  (2行)
c407:  13.44s  (3行)
    ⚠️ 異音 c408-2 take1: 途中に浮いた音: 210ms（3.81秒地点・振幅9189＝本文の1.0倍／前80ms・後510ms の無音）
c408:   9.04s  (2行)
    ⚠️ 異音 c409-1 take1: 先頭に余計な音: 140ms の音（振幅31119＝本文の2.4倍）のあと 120ms の無音
    ⚠️ 異音 c409-3 take1: 途中に浮いた音: 200ms（3.30秒地点・振幅20952＝本文の2.1倍／前100ms・後310ms の無音）
    ⚠️ 異音 c409-3 take2: 途中に浮いた音: 170ms（3.22秒地点・振幅14001＝本文の1.2倍／前110ms・後400ms の無音）
    ⚠️ 異音 c409-3 take3: 途中に浮いた音: 200ms（3.39秒地点・振幅21087＝本文の1.9倍／前100ms・後430ms の無音）
c409:  13.44s  (3行)
c410:   8.08s  (2行)
    ⚠️ 異音 c411-2 take1: 末尾に余計な音: 90ms の無音 → 110ms の音（2.69秒地点・振幅17966＝本文の1.6倍）
c411:  11.59s  (3行)
    ⚠️ 異音 c412-2 take1: 末尾に余計な音: 80ms の無音 → 170ms の音（2.95秒地点・振幅8075＝本文の1.3倍）
    ⚠️ 異音 c412-2 take2: 末尾に余計な音: 90ms の無音 → 170ms の音（2.87秒地点・振幅9745＝本文の1.3倍）
c412:   8.32s  (2行)
    ⚠️ 異音 c413-2 take1: 途中に浮いた音: 160ms（1.17秒地点・振幅18416＝本文の1.7倍／前100ms・後130ms の無音）
    ⚠️ 異音 c413-2 take2: 途中に浮いた音: 170ms（1.36秒地点・振幅15437＝本文の1.7倍／前140ms・後140ms の無音）
    ⚠️ 異音 c413-2 take3: 途中に浮いた音: 160ms（1.26秒地点・振幅9450＝本文の1.0倍／前90ms・後140ms の無音）
c413:  13.46s  (3行)
c414:  12.24s  (2行)
c415:  11.18s  (2行)
c416:   9.36s  (2行)
c417:   8.80s  (2行)
c418:   8.22s  (2行)
c501:   9.96s  (2行)
c502:  12.21s  (3行)
c503:  12.40s  (2行)
c504:  10.72s  (2行)
    ⚠️ 異音 c505-2 take1: 途中に浮いた音: 250ms（4.35秒地点・振幅13149＝本文の1.3倍／前470ms・後90ms の無音）
c505:  10.28s  (2行)
    ⚠️ 異音 c506-2 take1: 末尾に余計な音: 80ms の無音 → 190ms の音（5.41秒地点・振幅10274＝本文の1.6倍）
c506:  11.04s  (2行)
c507:   8.48s  (2行)
c508:   8.96s  (2行)
c509:  10.40s  (2行)
c510:  10.72s  (3行)
c511:  12.24s  (3行)
    ⚠️ 異音 c512-2 take1: 途中に浮いた音: 140ms（3.20秒地点・振幅14646＝本文の1.1倍／前90ms・後120ms の無音）
    ⚠️ 異音 c512-2 take2: 途中に浮いた音: 150ms（3.22秒地点・振幅17106＝本文の1.5倍／前80ms・後90ms の無音）
    ⚠️ 異音 c512-2 take3: 途中に浮いた音: 140ms（3.31秒地点・振幅17464＝本文の1.8倍／前110ms・後100ms の無音）
c512:   7.40s  (2行)
c513:   9.39s  (2行)
c514:  17.18s  (3行)
c515:   7.36s  (2行)
    ⚠️ 異音 c516-2 take1: 途中に浮いた音: 190ms（2.16秒地点・振幅7894＝本文の1.1倍／前120ms・後560ms の無音）
    ⚠️ 異音 c516-2 take2: 途中に浮いた音: 170ms（2.16秒地点・振幅7012＝本文の1.1倍／前100ms・後490ms の無音）
    ⚠️ 異音 c516-2 take3: 途中に浮いた音: 160ms（2.13秒地点・振幅8865＝本文の1.0倍／前110ms・後480ms の無音）
c516:  14.24s  (3行)
c517:  14.00s  (3行)
    ⚠️ 異音 c518-2 take1: 末尾に余計な音: 110ms の無音 → 140ms の音（2.50秒地点・振幅10714＝本文の1.0倍）
    ⚠️ 異音 c518-2 take2: 末尾に余計な音: 100ms の無音 → 170ms の音（2.45秒地点・振幅11752＝本文の0.9倍）
    ⚠️ 異音 c518-2 take3: 末尾に余計な音: 100ms の無音 → 170ms の音（2.39秒地点・振幅20300＝本文の1.4倍）
    ⚠️ 異音 c518-3 take1: 末尾に余計な音: 110ms の無音 → 140ms の音（4.02秒地点・振幅10714＝本文の1.1倍）; 途中に浮いた音: 120ms（2.13秒地点・振幅16631＝本文の1.6倍／前300ms・後120ms の無音）
    ⚠️ 異音 c518-3 take2: 末尾に余計な音: 100ms の無音 → 120ms の音（4.28秒地点・振幅15362＝本文の1.6倍）; 途中に浮いた音: 120ms（2.29秒地点・振幅11516＝本文の1.2倍／前360ms・後100ms の無音）
    ⚠️ 異音 c518-3 take3: 末尾に余計な音: 110ms の無音 → 120ms の音（4.20秒地点・振幅15348＝本文の1.3倍）; 途中に浮いた音: 130ms（2.21秒地点・振幅16005＝本文の1.4倍／前260ms・後140ms の無音）
c518:  12.64s  (3行)
c519:  15.44s  (3行)
c520:  22.16s  (3行)
    ⚠️ 異音 c521-1 take1: 末尾に余計な音: 110ms の無音 → 140ms の音（3.70秒地点・振幅11083＝本文の1.4倍）
    ⚠️ 異音 c521-1 take2: 末尾に余計な音: 80ms の無音 → 110ms の音（3.73秒地点・振幅20599＝本文の2.3倍）
    ⚠️ 異音 c521-1 take3: 末尾に余計な音: 100ms の無音 → 130ms の音（3.79秒地点・振幅10008＝本文の1.2倍）
c521:  16.23s  (3行)
    ⚠️ 異音 c522-1 take1: 途中に浮いた音: 140ms（4.08秒地点・振幅11181＝本文の1.1倍／前100ms・後80ms の無音）
c522:  12.72s  (2行)
c601:  11.12s  (2行)
c602:   8.96s  (2行)
c603:   8.72s  (2行)
c604:   9.52s  (2行)
    ⚠️ 異音 c605-1 take1: 途中に浮いた音: 210ms（1.06秒地点・振幅13282＝本文の1.1倍／前80ms・後640ms の無音）
c605:  12.15s  (3行)
c606:   8.13s  (2行)
c607:  10.40s  (2行)
    ⚠️ 異音 c608-1 take1: 末尾に余計な音: 90ms の無音 → 160ms の音（3.52秒地点・振幅11201＝本文の0.9倍）
c608:   6.39s  (2行)
c609:  16.77s  (3行)
c610:  13.52s  (3行)
c611:  10.44s  (2行)
    ⚠️ 異音 c612-1 take1: 途中に浮いた音: 190ms（1.33秒地点・振幅12854＝本文の0.9倍／前120ms・後960ms の無音）
c612:   7.92s  (2行)
c613:  12.08s  (3行)
c614:  11.20s  (2行)
c615:  10.45s  (3行)
c616:   7.68s  (2行)
c617:   7.28s  (2行)
    ⚠️ 異音 c618-2 take1: 先頭に余計な音: 160ms の音（振幅31464＝本文の4.7倍）のあと 160ms の無音
c618:   6.63s  (2行)
c619:   8.40s  (2行)
c620:   7.66s  (2行)
c701:  11.60s  (2行)
c702:  10.80s  (2行)
c703:   7.28s  (2行)
c704:   8.72s  (2行)
    ⚠️ 異音 c705-2 take1: 途中に浮いた音: 190ms（0.96秒地点・振幅14941＝本文の1.2倍／前110ms・後260ms の無音）
    ⚠️ 異音 c705-2 take2: 途中に浮いた音: 180ms（0.95秒地点・振幅15232＝本文の1.2倍／前120ms・後260ms の無音）
c705:   8.16s  (2行)
c706:   8.24s  (2行)
c707:  16.93s  (3行)
c708:  10.14s  (2行)
    ⚠️ 異音 c709-1 take1: 先頭に余計な音: 150ms の音（振幅30548＝本文の2.6倍）のあと 80ms の無音
    ⚠️ 異音 c709-2 take1: 末尾に余計な音: 1670ms の無音 → 110ms の音（6.53秒地点・振幅30778＝本文の2.4倍）
c709:  10.96s  (2行)
    ⚠️ 異音 c710-2 take1: 末尾に余計な音: 80ms の無音 → 160ms の音（3.36秒地点・振幅16997＝本文の1.2倍）
c710:   7.23s  (2行)
    ⚠️ 異音 c711-2 take1: 末尾に余計な音: 130ms の無音 → 130ms の音（3.63秒地点・振幅10444＝本文の1.2倍）
c711:  13.04s  (3行)
c712:  13.11s  (3行)
    ⚠️ 異音 c713-2 take1: 末尾に余計な音: 90ms の無音 → 130ms の音（3.86秒地点・振幅8991＝本文の0.9倍）
c713:   7.84s  (2行)
c714:   8.56s  (2行)
c715:   8.54s  (2行)
    ⚠️ 異音 c716-2 take1: 先頭に余計な音: 190ms の音（振幅27940＝本文の3.1倍）のあと 130ms の無音
    ⚠️ 異音 c716-2 take2: 先頭に余計な音: 200ms の音（振幅26020＝本文の2.6倍）のあと 140ms の無音
    ⚠️ 異音 c716-2 take3: 先頭に余計な音: 150ms の音（振幅32563＝本文の3.4倍）のあと 120ms の無音
c716:   8.98s  (2行)
c801:   9.42s  (2行)
c802:  12.80s  (2行)
c803:   9.20s  (2行)
c804:  11.92s  (3行)
c805:  13.60s  (3行)
c806:   7.52s  (2行)
    ⚠️ 異音 c807-1 take1: 途中に浮いた音: 170ms（2.04秒地点・振幅13565＝本文の1.2倍／前140ms・後360ms の無音）
c807:  20.58s  (2行)
c808:  11.12s  (2行)
c809:  10.16s  (2行)
    ⚠️ 異音 c810-1 take1: 末尾に余計な音: 140ms の無音 → 140ms の音（4.82秒地点・振幅20233＝本文の1.9倍）; 途中に浮いた音: 150ms（4.53秒地点・振幅10854＝本文の1.0倍／前140ms・後140ms の無音）
    ⚠️ 異音 c810-1 take2: 途中に浮いた音: 150ms（4.24秒地点・振幅14132＝本文の1.2倍／前90ms・後110ms の無音）
c810:  10.62s  (2行)
    ⚠️ 異音 c811-1 take1: 末尾に余計な音: 90ms の無音 → 140ms の音（2.98秒地点・振幅18810＝本文の2.0倍）
    ⚠️ 異音 c811-1 take2: 末尾に余計な音: 80ms の無音 → 120ms の音（2.84秒地点・振幅15659＝本文の1.5倍）
c811:  13.92s  (3行)
    ⚠️ 異音 c812-1 take1: 途中に浮いた音: 130ms（6.83秒地点・振幅11148＝本文の1.1倍／前80ms・後80ms の無音）
c812:  11.36s  (2行)
c813:  10.32s  (2行)
c814:   8.80s  (2行)
c815:   9.40s  (2行)
c816:   6.80s  (2行)
c817:   9.36s  (2行)
c818:  10.24s  (2行)
c819:  15.73s  (3行)
c820:  13.68s  (3行)
c821:  15.92s  (3行)
c822:   7.76s  (2行)
c901:   8.48s  (2行)
c902:  19.17s  (3行)
c903:   6.88s  (2行)
c904:  14.55s  (3行)
    ⚠️ 異音 c905-2 take1: 途中に浮いた音: 220ms（1.14秒地点・振幅14750＝本文の1.3倍／前110ms・後270ms の無音）
    ⚠️ 異音 c905-2 take2: 途中に浮いた音: 190ms（1.17秒地点・振幅11434＝本文の1.2倍／前100ms・後400ms の無音）
    ⚠️ 異音 c905-2 take3: 途中に浮いた音: 200ms（1.19秒地点・振幅14818＝本文の1.3倍／前100ms・後260ms の無音）
c905:  10.48s  (2行)
c906:  18.26s  (3行)
c907:  11.04s  (2行)
c908:  14.55s  (2行)
c909:   9.68s  (2行)
c910:  10.96s  (2行)
    ⚠️ 異音 c911-2 take1: 途中に浮いた音: 190ms（0.84秒地点・振幅28133＝本文の3.0倍／前270ms・後80ms の無音）
c911:   8.48s  (2行)
    ⚠️ 異音 c912-2 take1: 途中に浮いた音: 210ms（3.63秒地点・振幅14080＝本文の1.3倍／前470ms・後390ms の無音）
c912:  10.00s  (2行)
c913:  15.20s  (3行)
c914:  15.35s  (2行)
c915:  14.23s  (3行)
c916:   8.16s  (2行)
ep01:  10.00s  (2行)
ep02:  14.16s  (3行)
    ⚠️ 異音 ep03-2 take1: 途中に浮いた音: 160ms（1.23秒地点・振幅26924＝本文の2.8倍／前320ms・後100ms の無音）
    ⚠️ 異音 ep03-2 take2: 途中に浮いた音: 180ms（1.35秒地点・振幅30480＝本文の3.0倍／前300ms・後90ms の無音）
    ⚠️ 異音 ep03-2 take3: 途中に浮いた音: 140ms（1.22秒地点・振幅30929＝本文の2.9倍／前240ms・後110ms の無音）
ep03:   9.12s  (2行)
ep04:  10.91s  (2行)
    ⚠️ 異音 ep05-3 take1: 途中に浮いた音: 180ms（3.22秒地点・振幅28087＝本文の2.9倍／前270ms・後150ms の無音）
    ⚠️ 異音 ep05-3 take2: 途中に浮いた音: 240ms（2.93秒地点・振幅28711＝本文の2.9倍／前200ms・後110ms の無音）
    ⚠️ 異音 ep05-3 take3: 途中に浮いた音: 250ms（3.26秒地点・振幅30035＝本文の3.0倍／前310ms・後110ms の無音）
ep05:  15.76s  (3行)
ep06:  13.10s  (2行)
ep07:  10.39s  (2行)
ep08:  13.11s  (3行)
    ⚠️ 異音 ep09-1 take1: 途中に浮いた音: 240ms（1.95秒地点・振幅12880＝本文の1.2倍／前100ms・後360ms の無音）
    ⚠️ 異音 ep09-1 take2: 末尾に余計な音: 100ms の無音 → 100ms の音（3.74秒地点・振幅10277＝本文の1.0倍）
ep09:  12.45s  (3行)
ep10:  13.68s  (2行)
    ⚠️ 異音 ep11-1 take1: 途中に浮いた音: 200ms（2.73秒地点・振幅25879＝本文の2.1倍／前140ms・後480ms の無音）
    ⚠️ 異音 ep11-1 take2: 途中に浮いた音: 190ms（2.62秒地点・振幅20167＝本文の1.8倍／前140ms・後300ms の無音）
    ⚠️ 異音 ep11-1 take3: 途中に浮いた音: 180ms（2.78秒地点・振幅26492＝本文の2.1倍／前150ms・後520ms の無音）
ep11:  11.60s  (2行)
ep12:  13.52s  (2行)
    ⚠️ 異音 ep13-2 take1: 末尾に余計な音: 930ms の無音 → 200ms の音（3.84秒地点・振幅11360＝本文の1.0倍）
    ⚠️ 異音 ep13-3 take1: 途中に浮いた音: 230ms（5.20秒地点・振幅11258＝本文の1.2倍／前100ms・後80ms の無音）
ep13:  16.78s  (3行)
    ⚠️ 異音 ep14-2 take1: 末尾に余計な音: 100ms の無音 → 160ms の音（5.92秒地点・振幅8961＝本文の1.0倍）
ep14:  11.40s  (2行)

合成 195 カット／持ち越し 0 カット／未作成 0／記録 195／台本 195
作ったぶん: 195カット 11541字 → 発話＋行間 2240.9秒（5.15字/秒・行間込み。AivisSpeech は 5.52）
本編の見込み 40.6分（全 11541字をこの速さで＋LEAD/TAIL 0.85×195＋quote 2.0×14。許容 27〜40分 ← 🔴 外）
最長の1行 = 11.28秒「1日の平均で3,276人になる。手伝いの人は、別にのべ8,258人だった。」
API 543行（13,815字）／キャッシュ 0行／振り直し 83回／本物と判定 7／要耳 8（記録＝audio/el_qa/ep10_el_retakes.tsv）
クレジット 114,124 → 121,506（消費 7,382）⚠️ 反映が遅れることがある
