ElevenLabs: 声=Hiro - Ultra Deep Japanese Voice（qaCSabKToUUT4sTqBZtz） モデル=eleven_v3 settings=None ／クレジット 31,632 / 131,000／GAP 0.4s
pr01:  13.73s  (3行)
pr02:   9.52s  (2行)
pr03:   6.62s  (2行)
pr04:  11.60s  (2行)
pr05:   7.97s  (2行)
pr07:  15.89s  (3行)
pr08:  20.32s  (3行)
pr10:  10.30s  (2行)
c101:  12.00s  (2行)
c102:  12.62s  (2行)
c103:   8.03s  (2行)
c104:   7.18s  (2行)
c105:  10.08s  (2行)
c106:   9.49s  (3行)
c107:   9.68s  (2行)
c108:   7.12s  (2行)
c109:   9.23s  (2行)
c110:   9.50s  (2行)
c111:   8.47s  (2行)
    ⚠️ 異音 c112-2 take1: 途中に浮いた音: 140ms（1.53秒地点・振幅21049＝本文の2.3倍／前240ms・後170ms の無音）
    ⚠️ 異音 c112-2 take2: 途中に浮いた音: 140ms（1.49秒地点・振幅23350＝本文の2.9倍／前170ms・後180ms の無音）
c112:  11.60s  (3行)
c113:   9.20s  (2行)
c114:   8.24s  (2行)
c115:   7.17s  (2行)
c116:  10.91s  (2行)
c117:   8.64s  (2行)
c118:   6.88s  (2行)
c119:   7.20s  (2行)
c120:   7.84s  (2行)
c121:   7.36s  (2行)
c122:   8.80s  (2行)
c123:   7.52s  (2行)
c124:   5.84s  (2行)
c125:   7.92s  (2行)
c126:   7.60s  (2行)
c127:   8.71s  (2行)
c128:   5.64s  (2行)
c129:   7.32s  (2行)
c130:   8.14s  (2行)
c131:   7.20s  (2行)
c201:   6.29s  (2行)
c202:  11.44s  (2行)
c203:   6.37s  (2行)
c204:   6.72s  (2行)
c205:   9.28s  (2行)
c206:   7.76s  (2行)
c207:   8.51s  (2行)
c208:   8.72s  (2行)
c209:   6.74s  (2行)
c210:   6.23s  (2行)
c211:   6.13s  (2行)
c212:   4.77s  (2行)
c213:   6.40s  (2行)
c214:   6.93s  (2行)
c215:   6.58s  (2行)
c216:   6.56s  (2行)
c217:   6.72s  (2行)
c218:   7.33s  (2行)
c219:   8.00s  (2行)
c220:   6.80s  (2行)
c221:   6.48s  (2行)
c222:   7.52s  (2行)
c223:   8.24s  (2行)
c224:   4.72s  (2行)
c225:   7.28s  (2行)
c226:   8.47s  (2行)
c227:   8.46s  (2行)
c228:  14.40s  (2行)
c229:   7.36s  (2行)
c230:   7.44s  (2行)
c231:   6.92s  (2行)
c232:   7.36s  (2行)
c301:   5.68s  (2行)
c302:   7.60s  (2行)
c303:   7.04s  (2行)
c304:   6.80s  (2行)
c305:   7.92s  (2行)
c306:   6.69s  (2行)
c307:   7.44s  (2行)
c308:   8.53s  (2行)
c309:   7.35s  (2行)
    ⚠️ 異音 c310-2 take1: 途中に浮いた音: 160ms（3.17秒地点・振幅19846＝本文の2.7倍／前200ms・後130ms の無音）
    ⚠️ 異音 c310-2 take2: 途中に浮いた音: 180ms（3.01秒地点・振幅25883＝本文の3.5倍／前150ms・後110ms の無音）
    ⚠️ 異音 c310-2 take3: 途中に浮いた音: 170ms（3.28秒地点・振幅26446＝本文の3.9倍／前150ms・後180ms の無音）
c310:   7.57s  (2行)
c311:   6.56s  (2行)
c312:   5.84s  (2行)
c313:   7.33s  (2行)
c314:   7.55s  (2行)
c315:   9.28s  (2行)
c316:   6.40s  (2行)
c317:   6.16s  (2行)
c318:   7.70s  (2行)
c319:   8.21s  (2行)
c320:   8.08s  (2行)
c321:   8.16s  (2行)
c322:   9.09s  (2行)
c323:   7.68s  (2行)
c324:   8.20s  (2行)
c325:   6.96s  (2行)
c326:   9.31s  (2行)
c327:   6.56s  (2行)
c328:   6.57s  (2行)
c329:   8.20s  (2行)
c330:   7.34s  (2行)
c331:   5.60s  (2行)
c332:   7.29s  (2行)
c333:   4.53s  (2行)
c334:   7.28s  (2行)
c335:   8.64s  (2行)
c336:   7.18s  (2行)
c401:   8.48s  (2行)
c402:   7.36s  (2行)
c403:   8.04s  (2行)
c404:   7.28s  (2行)
c405:   7.90s  (2行)
c406:   8.79s  (2行)
c407:   6.32s  (2行)
c408:   7.36s  (2行)
c409:   6.63s  (2行)
c410:  10.19s  (2行)
c411:   8.27s  (2行)
c412:   9.36s  (2行)
c413:  11.63s  (2行)
c414:   7.08s  (2行)
c415:   8.06s  (2行)
    ⚠️ 異音 c416-2 take1: 途中に浮いた音: 140ms（1.88秒地点・振幅19522＝本文の1.9倍／前200ms・後80ms の無音）
c416:   9.92s  (2行)
c417:  10.53s  (2行)
c418:   5.92s  (2行)
c419:   7.44s  (2行)
c420:   5.91s  (2行)
c421:   8.44s  (2行)
c422:   8.88s  (2行)
c423:   5.32s  (2行)
c424:   9.68s  (2行)
c425:   6.64s  (2行)
c426:   5.90s  (2行)
c427:   7.84s  (2行)
c428:   7.03s  (2行)
    ⚠️ 異音 c429-2 take1: 末尾に余計な音: 80ms の無音 → 160ms の音（4.80秒地点・振幅8965＝本文の1.0倍）
c429:  10.80s  (3行)
c430:   6.80s  (2行)
c431:   9.50s  (2行)
c432:   9.36s  (2行)
c433:   8.28s  (2行)
c434:   7.79s  (2行)
c501:   8.69s  (2行)
c502:   5.69s  (2行)
c503:   8.40s  (2行)
c504:   8.72s  (2行)
c505:   7.62s  (2行)
c506:   8.40s  (2行)
c507:   6.36s  (2行)
c508:   9.52s  (2行)
c509:   7.53s  (2行)
c510:   7.65s  (2行)
c511:   6.55s  (2行)
c512:   7.52s  (2行)
c513:   7.33s  (2行)
c514:   8.56s  (2行)
c515:   6.48s  (2行)
c516:   8.29s  (2行)
c517:   8.39s  (2行)
    ⚠️ 異音 c518-2 take1: 途中に浮いた音: 160ms（0.87秒地点・振幅23861＝本文の3.0倍／前160ms・後100ms の無音）
    ⚠️ 異音 c518-2 take2: 途中に浮いた音: 160ms（0.78秒地点・振幅21940＝本文の2.8倍／前90ms・後90ms の無音）
    ⚠️ 異音 c518-2 take3: 途中に浮いた音: 140ms（0.79秒地点・振幅22489＝本文の2.7倍／前200ms・後100ms の無音）
c518:   7.66s  (2行)
c519:   6.79s  (2行)
c520:   7.36s  (2行)
c521:   8.13s  (2行)
c522:   7.00s  (2行)
c523:   8.04s  (2行)
c524:   7.92s  (2行)
c525:   8.32s  (2行)
c526:   9.91s  (2行)
c527:   7.88s  (2行)
c528:   7.60s  (2行)
c601:   8.16s  (2行)
c602:   6.22s  (2行)
c603:   6.24s  (2行)
c604:   6.72s  (2行)
c605:   8.64s  (2行)
c606:   7.64s  (2行)
    ⚠️ 異音 c607-1 take1: 末尾に余計な音: 120ms の無音 → 170ms の音（4.31秒地点・振幅9065＝本文の1.2倍）
c607:   8.00s  (2行)
c608:   8.94s  (2行)
c609:   7.57s  (2行)
c610:   7.44s  (2行)
    ⚠️ 異音 c611-1 take1: 末尾に余計な音: 110ms の無音 → 230ms の音（3.50秒地点・振幅11857＝本文の1.0倍）
c611:   6.32s  (2行)
c612:   5.20s  (2行)
c613:   7.12s  (2行)
c614:   6.40s  (2行)
c615:   5.76s  (2行)
c616:   8.09s  (2行)
c617:   7.52s  (2行)
c618:   7.72s  (2行)
c619:   6.63s  (2行)
c620:   7.96s  (2行)
c621:   7.12s  (2行)
c622:   7.07s  (2行)
c623:   8.24s  (2行)
c624:  10.72s  (2行)
c625:   6.27s  (2行)
c626:  10.38s  (2行)
c627:   6.40s  (2行)
c628:   9.33s  (2行)
c629:   8.38s  (2行)
c701:   7.68s  (2行)
c702:   6.69s  (2行)
c703:   5.60s  (2行)
c704:  10.00s  (2行)
c705:   8.96s  (2行)
c706:   7.11s  (2行)
    ⚠️ 異音 c707-2 take1: 末尾に余計な音: 80ms の無音 → 180ms の音（4.05秒地点・振幅8271＝本文の1.0倍）
c707:   8.77s  (2行)
c708:   5.52s  (2行)
c709:   8.40s  (2行)
c710:   7.20s  (2行)
c711:   7.28s  (2行)
c712:   9.36s  (2行)
c713:   8.48s  (2行)
c714:   5.86s  (2行)
c715:   8.72s  (2行)
c716:   8.96s  (2行)
c717:   6.00s  (2行)
c718:   4.78s  (2行)
c719:   7.20s  (2行)
c720:   8.06s  (2行)
c721:   9.68s  (2行)
c722:   6.25s  (2行)
c723:   9.84s  (2行)
c724:   9.90s  (2行)
c725:   8.78s  (2行)
c726:   7.92s  (2行)
ep01:   6.88s  (2行)
ep02:   9.12s  (2行)
ep03:   7.20s  (2行)
ep04:   8.63s  (2行)
ep05:   5.60s  (2行)
ep06:   6.84s  (2行)
ep07:   6.52s  (2行)
ep08:   9.32s  (2行)
ep09:   5.97s  (2行)
ep10:   6.60s  (2行)
ep11:   7.42s  (2行)
ep12:   7.78s  (2行)
ep13:  12.48s  (2行)
ep14:   9.36s  (2行)
ep15:   8.00s  (2行)
ep16:   6.70s  (2行)

合成 240 カット／持ち越し 0 カット／未作成 0／記録 240／台本 240
作ったぶん: 240カット 11027字 → 発話＋行間 1901.0秒（5.80字/秒・行間込み。AivisSpeech は 5.52）
本編の見込み 35.5分（全 11027字をこの速さで＋LEAD/TAIL 0.85×240＋quote 2.0×12。設計 36分43秒・許容 35〜38分）
最長の1行 = 10.32秒「9分前、6分から7分前、5分から6分前、4分から5分前。分の単位になる。」
API 98行（2,431字）／キャッシュ 399行／振り直し 11回／本物と判定 1／要耳 1（記録＝audio/el_qa/surfside_el_retakes.tsv）
クレジット 31,632 → 33,649（消費 2,017）⚠️ 反映が遅れることがある
EXIT 0
