ElevenLabs: 声=Otani（3JDquces8E8bkmvbh6Bc） モデル=eleven_v3 settings={'stability': 1.0, 'similarity_boost': 0.75, 'style': 0.0, 'speed': 1.0, 'use_speaker_boost': True} ／クレジット 131,782 / 158,500／GAP 0.4s
pr01:  12.07s  (2行)
pr02:   8.06s  (2行)
pr03:   8.14s  (2行)
pr04:   9.44s  (3行)
pr05:  11.57s  (3行)
pr06:   6.97s  (2行)
pr07:  13.89s  (3行)
pr08:  14.40s  (3行)
pr09:   7.64s  (2行)
pr10:  14.55s  (3行)
pr11:  12.40s  (3行)

合成 11 カット／持ち越し 1 カット／未作成 179／記録 12／台本 191
⚠️ まだ作っていないカット 179: c101,c102,c103,c105,c106,c107,c108,c109…
作ったぶん: 12カット 736字 → 発話＋行間 126.4秒（5.83字/秒・行間込み。AivisSpeech は 5.52）
本編の見込み 36.3分（全 11546字をこの速さで＋LEAD/TAIL 0.85×191＋quote 2.0×18。許容 27〜40分）
最長の1行 = 7.36秒「1986年1月28日の朝、アメリカ、フロリダの発射台は凍っていた。」
API 0行（0字）／キャッシュ 28行／振り直し 0回／本物と判定 0／要耳 0（記録＝audio/el_qa/ep11_el_retakes.tsv）
クレジット 131,782 → 131,782（消費 0）⚠️ 反映が遅れることがある
exit=1
