ElevenLabs: 声=Otani（3JDquces8E8bkmvbh6Bc） モデル=eleven_v3 settings={'stability': 1.0, 'similarity_boost': 0.75, 'style': 0.0, 'speed': 1.0, 'use_speaker_boost': True} ／クレジット 149,014 / 158,500／GAP 0.4s
c401:  17.40s  (2行)
c402:  13.98s  (2行)
c403:   6.75s  (2行)
c404:   7.74s  (2行)
c405:   7.41s  (2行)
c406:  10.84s  (2行)
c407:  10.24s  (1行)
c408:   8.93s  (2行)
c409:  10.98s  (2行)
    ⚠️ 異音 c410-2 take1: 途中に浮いた音: 240ms（3.01秒地点・振幅9967＝本文の1.0倍／前120ms・後560ms の無音）
    ⚠️ 異音 c410-2 take2: 途中に浮いた音: 240ms（2.97秒地点・振幅7210＝本文の1.0倍／前130ms・後490ms の無音）
c410:  12.56s  (2行)
c411:  14.10s  (2行)
c412:  19.81s  (3行)
c413:  13.68s  (3行)
c414:  21.16s  (3行)
c415:  18.17s  (3行)
c416:   9.18s  (2行)
c417:  10.08s  (2行)
c418:  12.61s  (2行)
    ⚠️ 異音 c419-1 take1: 途中に浮いた音: 230ms（2.89秒地点・振幅19137＝本文の2.3倍／前410ms・後140ms の無音）
c419:   6.32s  (1行)
    ⚠️ 異音 c420-1 take1: 末尾に余計な音: 90ms の無音 → 120ms の音（7.80秒地点・振幅6292＝本文の0.9倍）
c420:   7.77s  (1行)
c421:  13.02s  (3行)
c422:  19.54s  (3行)
    ⚠️ 異音 c423-3 take1: 末尾に余計な音: 110ms の無音 → 90ms の音（3.19秒地点・振幅8750＝本文の1.5倍）
    ⚠️ 異音 c423-3 take2: 末尾に余計な音: 110ms の無音 → 120ms の音（3.00秒地点・振幅11314＝本文の1.5倍）
    ⚠️ 異音 c423-3 take3: 末尾に余計な音: 90ms の無音 → 100ms の音（3.18秒地点・振幅9728＝本文の1.3倍）
c423:  13.50s  (3行)
c424:   6.37s  (2行)
c425:  14.66s  (2行)
c426:  14.88s  (2行)

合成 26 カット／持ち越し 56 カット／未作成 111／記録 82／台本 193
⚠️ まだ作っていないカット 111: c501,c502,c503,c504,c505,c506,c507,c508…
作ったぶん: 82カット 5096字 → 発話＋行間 928.7秒（5.49字/秒・行間込み。AivisSpeech は 5.52）
本編の見込み 39.0分（全 11780字をこの速さで＋LEAD/TAIL 0.85×193＋quote 2.0×16。許容 27〜40分）
最長の1行 = 10.41秒「NTSBは、配線を太くする5月30日のSBが、まだ入っていなかったことも指摘した。」
API 62行（2,043字）／キャッシュ 0行／振り直し 6回／本物と判定 1／要耳 0（記録＝audio/el_qa/ep13_el_retakes.tsv）
クレジット 149,014 → 150,373（消費 1,359）⚠️ 反映が遅れることがある
exit=1
