ElevenLabs: 声=Otani（3JDquces8E8bkmvbh6Bc） モデル=eleven_v3 settings={'stability': 1.0, 'similarity_boost': 0.75, 'style': 0.0, 'speed': 1.0, 'use_speaker_boost': True} ／クレジット 151,275 / 158,500／GAP 0.4s
c601:   9.02s  (2行)
c602:  13.42s  (2行)
c603:  23.13s  (3行)
c604:  14.95s  (3行)
c605:   8.32s  (1行)
c606:  13.24s  (2行)
    ⚠️ 異音 c607-1 take1: 途中に浮いた音: 200ms（6.71秒地点・振幅15698＝本文の2.2倍／前400ms・後80ms の無音）
c607:  13.56s  (2行)
c608:  14.03s  (3行)
    ⚠️ 異音 c609-2 take1: 途中に浮いた音: 150ms（2.93秒地点・振幅20606＝本文の2.9倍／前370ms・後90ms の無音）
c609:  15.61s  (3行)
c610:  10.68s  (2行)
c611:  13.62s  (2行)
c612:  16.19s  (2行)
c613:  13.51s  (2行)
c614:  12.80s  (2行)
c615:   9.98s  (2行)
c616:   3.19s  (1行)
c617:  11.74s  (2行)
c618:  18.19s  (3行)
c619:  13.62s  (2行)
    ⚠️ 異音 c620-2 take1: 途中に浮いた音: 160ms（1.52秒地点・振幅9148＝本文の1.1倍／前120ms・後120ms の無音）
    ⚠️ 異音 c620-3 take1: 末尾に余計な音: 100ms の無音 → 190ms の音（4.29秒地点・振幅10093＝本文の1.4倍）
c620:  18.41s  (3行)
c621:   7.61s  (2行)
    ⚠️ 異音 c622-3 take1: 途中に浮いた音: 190ms（3.39秒地点・振幅7063＝本文の1.3倍／前100ms・後1240ms の無音）
c622:  21.69s  (3行)

合成 22 カット／持ち越し 106 カット／未作成 65／記録 128／台本 193
⚠️ まだ作っていないカット 65: c701,c702,c703,c704,c705,c706,c707,c708…
作ったぶん: 128カット 8175字 → 発話＋行間 1506.1秒（5.43字/秒・行間込み。AivisSpeech は 5.52）
本編の見込み 39.4分（全 11780字をこの速さで＋LEAD/TAIL 0.85×193＋quote 2.0×16。許容 27〜40分）
最長の1行 = 9.49秒「調整の前なら、約54キロか約68キロ（120か150ポンド）で倒れていた。」
API 54行（1,919字）／キャッシュ 0行／振り直し 5回／本物と判定 0／要耳 0（記録＝audio/el_qa/ep13_el_retakes.tsv）
クレジット 151,275 → 152,431（消費 1,156）⚠️ 反映が遅れることがある
exit=1
