pr01:  12.79s  (2行)
pr02:   9.03s  (2行)
pr03:  10.26s  (2行)
pr04:  11.05s  (3行)
pr05:  10.09s  (2行)
pr06:  10.36s  (2行)
pr07:  10.31s  (2行)
pr08:  10.23s  (2行)
pr09:  14.62s  (3行)
pr10:  11.32s  (3行)
pr11:  10.97s  (3行)
c101:  11.73s  (2行)
c102:  13.12s  (3行)
c103:  14.27s  (3行)
c104:  14.47s  (3行)
c105:  11.45s  (3行)
c106:  14.92s  (3行)
c107:   9.31s  (2行)
c108:  12.78s  (3行)
c109:   6.68s  (2行)
c110:  12.76s  (3行)
c111:  13.29s  (3行)
c112:   7.81s  (2行)
c113:  10.50s  (3行)
c114:   9.01s  (2行)
c115:   8.81s  (2行)
c116:   7.52s  (2行)
c201:   8.66s  (2行)
c202:  15.84s  (3行)
c203:  18.67s  (3行)
c204:  14.59s  (3行)
c205:  12.89s  (3行)
c206:  11.47s  (2行)
c207:   8.65s  (2行)
c208:   8.25s  (2行)
c209:   9.23s  (2行)
c210:   9.93s  (3行)
c211:   7.40s  (2行)
c212:   8.15s  (2行)
c213:  19.67s  (3行)
c214:   9.41s  (2行)
c215:  11.85s  (3行)
c216:   7.54s  (2行)
c217:   7.35s  (2行)
c218:   6.68s  (2行)
c301:  12.45s  (3行)
c302:   6.01s  (2行)
c303:   7.06s  (2行)
c304:  18.22s  (3行)
c305:  13.00s  (2行)
c306:  15.53s  (3行)
c307:   8.57s  (2行)
c308:   7.04s  (2行)
c309:  13.84s  (3行)
c310:   6.09s  (2行)
c311:  11.01s  (3行)
c312:  10.99s  (3行)
c313:  14.24s  (3行)
c314:   8.68s  (2行)
c315:   9.19s  (2行)
c316:   9.07s  (2行)
c317:  12.65s  (3行)
c318:  14.70s  (3行)
c319:   7.89s  (2行)
c320:   8.90s  (2行)
c321:  11.61s  (3行)
c322:   7.16s  (2行)
c401:   7.67s  (2行)
c402:  11.23s  (2行)
c403:  14.55s  (3行)
c404:   8.63s  (2行)
c405:  16.42s  (3行)
c406:   7.47s  (2行)
c407:  12.75s  (3行)
c408:   8.57s  (2行)
c409:  12.76s  (3行)
c410:   7.32s  (2行)
c411:  11.00s  (3行)
c412:   7.88s  (2行)
c413:  12.25s  (3行)
c414:  11.33s  (2行)
c415:  11.08s  (2行)
c416:   8.69s  (2行)
c417:   8.34s  (2行)
c418:   7.64s  (2行)
c501:   9.29s  (2行)
c502:  11.27s  (3行)
c503:  10.24s  (2行)
c504:  10.16s  (2行)
c505:   9.74s  (2行)
c506:  10.37s  (2行)
c507:   8.04s  (2行)
c508:   8.50s  (2行)
c509:   9.40s  (2行)
c510:  10.19s  (3行)
c511:  11.47s  (3行)
c512:   7.02s  (2行)
c513:   8.90s  (2行)
c514:  15.27s  (3行)
c515:   6.98s  (2行)
c516:  12.12s  (3行)
c517:  13.25s  (3行)
c518:  11.98s  (3行)
c519:  12.99s  (3行)
c520:  18.21s  (3行)
c521:  15.37s  (3行)
c522:  12.30s  (2行)
c601:   9.53s  (2行)
c602:   6.87s  (2行)
c603:   8.28s  (2行)
c604:   8.96s  (2行)
c605:  11.47s  (3行)
c606:   7.71s  (2行)
c607:   9.24s  (2行)
c608:   6.08s  (2行)
c609:  13.96s  (3行)
c610:  12.83s  (3行)
c611:   8.29s  (2行)
c612:   7.25s  (2行)
c613:  11.47s  (3行)
c614:   9.16s  (2行)
c615:   9.93s  (3行)
c616:   7.29s  (2行)
c617:   6.91s  (2行)
c618:   6.16s  (2行)
c619:   7.95s  (2行)
c620:   7.27s  (2行)
c701:  10.93s  (2行)
c702:  10.23s  (2行)
c703:   6.90s  (2行)
c704:   8.27s  (2行)
c705:   7.67s  (2行)
c706:   7.82s  (2行)
c707:  15.26s  (3行)
c708:   9.53s  (2行)
c709:   9.54s  (2行)
c710:   6.85s  (2行)
c711:  12.82s  (3行)
c712:  12.42s  (3行)
c713:   7.43s  (2行)
c714:   8.11s  (2行)
c715:   8.10s  (2行)
c716:   7.79s  (2行)
c801:   8.57s  (2行)
c802:  11.67s  (2行)
c803:   8.72s  (2行)
c804:  11.32s  (3行)
c805:  12.44s  (3行)
c806:   7.14s  (2行)
c807:  19.36s  (2行)
c808:  10.52s  (2行)
c809:   9.61s  (2行)
c810:  10.04s  (2行)
c811:  13.51s  (3行)
c812:  10.26s  (2行)
c813:   9.73s  (2行)
c814:   8.35s  (2行)
c815:   8.91s  (2行)
c816:   6.47s  (2行)
c817:   8.88s  (2行)
c818:   9.56s  (2行)
c819:  16.01s  (3行)
c820:  12.95s  (3行)
c821:  14.94s  (3行)
c822:   7.89s  (2行)
c901:   8.11s  (2行)
c902:  16.62s  (3行)
c903:   6.53s  (2行)
c904:  13.88s  (3行)
c905:   9.93s  (2行)
c906:  16.78s  (3行)
c907:  10.28s  (2行)
c908:  13.31s  (2行)
c909:   9.40s  (2行)
c910:  10.91s  (2行)
c911:   8.04s  (2行)
c912:   9.48s  (2行)
c913:  13.03s  (3行)
c914:  13.80s  (2行)
c915:  13.50s  (3行)
c916:   6.39s  (2行)
ep01:   9.48s  (2行)
ep02:  13.41s  (3行)
ep03:   8.63s  (2行)
ep04:  10.13s  (2行)
ep05:  14.93s  (3行)
ep06:  13.00s  (2行)
ep07:   9.84s  (2行)
ep08:  12.22s  (3行)
ep09:  11.81s  (3行)
ep10:  12.61s  (2行)
ep11:  10.99s  (2行)
ep12:  12.79s  (2行)
ep13:  14.96s  (3行)
ep14:   9.49s  (2行)

合成 195 カット／持ち越し 0 カット／未作成 0／記録 195／台本 195
作ったぶん: 195カット 11531字 → 発話＋行間 2065.6秒（5.58字/秒・行間込み。AivisSpeech は 5.52）
本編の見込み 37.7分（全 11531字をこの速さで＋LEAD/TAIL 0.85×195＋quote 2.0×14。許容 27〜40分）
最長の1行 = 9.64秒「7月19日までに入った消防・警察・軍・市の職員は、のべ68,808人。」
