ElevenLabs: 声=Otani（3JDquces8E8bkmvbh6Bc） モデル=eleven_v3 settings={'stability': 1.0, 'similarity_boost': 0.75, 'style': 0.0, 'speed': 1.0, 'use_speaker_boost': True} ／クレジット 146,991 / 158,500／GAP 0.4s
c101:  13.41s  (2行)
c102:  14.69s  (2行)
c103:   8.34s  (2行)
c104:  11.04s  (2行)
c105:  14.39s  (3行)
c106:   7.96s  (2行)
c107:   7.80s  (2行)
c108:  11.42s  (2行)
c109:  13.59s  (3行)
c110:  18.25s  (3行)
c111:  20.15s  (3行)
c112:  19.50s  (3行)
c113:   8.57s  (2行)
c114:   7.36s  (2行)
（記録に無いカットの wav を 22 本削除）

合成 14 カット／持ち越し 155 カット／未作成 22／記録 169／台本 191
⚠️ まだ作っていないカット 22: c215,c401,c402,c404,c414,c416,c421,c422…
作ったぶん: 169カット 10056字 → 発話＋行間 1867.5秒（5.38字/秒・行間込み。AivisSpeech は 5.52）
本編の見込み 38.9分（全 11535字をこの速さで＋LEAD/TAIL 0.85×191＋quote 2.0×16。許容 27〜40分）
最長の1行 = 9.75秒「1954年3月1日、午前6時45分。太平洋のまん中の、ビキニ環礁。」
API 0行（0字）／キャッシュ 33行／振り直し 0回／本物と判定 0／要耳 0（記録＝audio/el_qa/ep12_el_retakes.tsv）
クレジット 146,991 → 146,991（消費 0）⚠️ 反映が遅れることがある
exit=1
