ElevenLabs: 声=Otani（3JDquces8E8bkmvbh6Bc） モデル=eleven_v3 settings={'stability': 1.0, 'similarity_boost': 0.75, 'style': 0.0, 'speed': 1.0, 'use_speaker_boost': True} ／クレジット 153,347 / 158,500／GAP 0.4s
c801:  12.38s  (2行)
c802:   5.59s  (1行)
c803:   7.18s  (1行)
c804:   8.50s  (2行)
c805:  15.42s  (2行)
    ⚠️ 異音 c806-2 take1: 途中に浮いた音: 130ms（3.71秒地点・振幅16024＝本文の2.0倍／前500ms・後110ms の無音）
    ⚠️ 異音 c806-2 take2: 途中に浮いた音: 140ms（3.55秒地点・振幅14661＝本文の1.5倍／前170ms・後80ms の無音）
    ⚠️ 異音 c806-2 take3: 途中に浮いた音: 120ms（3.67秒地点・振幅7270＝本文の1.0倍／前440ms・後110ms の無音）
c806:   8.70s  (2行)
c807:   3.25s  (1行)
    ⚠️ 異音 c808-2 take1: 途中に浮いた音: 250ms（6.33秒地点・振幅24626＝本文の2.9倍／前490ms・後260ms の無音）
    ⚠️ 異音 c808-2 take2: 途中に浮いた音: 230ms（6.92秒地点・振幅24390＝本文の2.8倍／前770ms・後330ms の無音）
    ⚠️ 異音 c808-2 take3: 末尾に余計な音: 120ms の無音 → 180ms の音（8.29秒地点・振幅8809＝本文の1.0倍）
c808:  16.55s  (2行)
    ⚠️ 異音 c809-1 take1: 末尾に余計な音: 90ms の無音 → 160ms の音（3.68秒地点・振幅13898＝本文の1.9倍）
c809:   9.94s  (2行)
c810:  20.45s  (3行)
c811:   8.26s  (2行)
c812:   9.48s  (2行)
c813:  10.67s  (2行)
c814:   7.98s  (1行)
c815:   5.97s  (1行)
c816:   9.93s  (2行)
c817:   6.12s  (1行)
c818:   3.60s  (1行)
c819:   3.63s  (1行)
c820:  12.56s  (2行)
    ⚠️ 異音 c821-3 take1: 途中に浮いた音: 240ms（3.58秒地点・振幅24931＝本文の3.4倍／前620ms・後370ms の無音）
    ⚠️ 異音 c821-3 take2: 途中に浮いた音: 160ms（2.72秒地点・振幅6645＝本文の1.0倍／前100ms・後600ms の無音）
c821:  19.14s  (3行)
    ⚠️ 異音 c822-2 take1: 末尾に余計な音: 680ms の無音 → 240ms の音（7.12秒地点・振幅14996＝本文の1.8倍）
c822:  18.33s  (3行)

合成 22 カット／持ち越し 150 カット／未作成 21／記録 172／台本 193
⚠️ まだ作っていないカット 21: c901,c902,c903,c904,c905,c906,c907,c908…
作ったぶん: 172カット 10532字 → 発話＋行間 1944.9秒（5.42字/秒・行間込み。AivisSpeech は 5.52）
本編の見込み 39.5分（全 11780字をこの速さで＋LEAD/TAIL 0.85×193＋quote 2.0×16。許容 27〜40分）
最長の1行 = 10.33秒「事故の2日後、運輸大臣の徳永正利は「49名、1名はまだ確認されていない」と述べた。」
API 47行（1,554字）／キャッシュ 0行／振り直し 8回／本物と判定 0／要耳 2（記録＝audio/el_qa/ep13_el_retakes.tsv）
クレジット 153,347 → 154,056（消費 709）⚠️ 反映が遅れることがある
exit=1
