EL_YOMI: 175件 → 当たった行 141／389
門番: 境界規則 14件 ✓（import 時に通過ずみ）
  ✓ 検査は出荷する音（atempo 後）を見ている
  ✓ 知らない引数で止まる（有料の道具 6本に設置）
selftest=0
ElevenLabs: 声=Otani（3JDquces8E8bkmvbh6Bc） モデル=eleven_v3 settings={'stability': 1.0, 'similarity_boost': 0.75, 'style': 0.0, 'speed': 1.0, 'use_speaker_boost': True} ／クレジット 157,491 / 158,500／GAP 0.4s
c614:  11.03s  (2行)
c713:   6.62s  (2行)
c906:   8.16s  (2行)

合成 3 カット／持ち越し 190 カット／未作成 0／記録 193／台本 193
作ったぶん: 193カット 11780字 → 発話＋行間 1774.4秒（6.64字/秒・行間込み。AivisSpeech は 5.52）
本編の見込み 32.8分（全 11780字をこの速さで＋LEAD/TAIL 0.85×193＋quote 2.0×16。許容 27〜40分）
最長の1行 = 6.25秒「1972年12月、29号機はトルコ航空に引き渡された。」
API 3行（80字）／キャッシュ 3行／振り直し 0回／本物と判定 0／要耳 0（記録＝audio/el_qa/ep13_el_retakes.tsv）
クレジット 157,491 → 157,491（消費 0）⚠️ 反映が遅れることがある
build=0
  c101-2 take1: ✓  トルコ航空981便乗っていた346人は全員が亡くなった。
c101-2: 1テイク → 採用（文字起こしが台本と合う）

1行 → 要耳 0 -> C:\Users\konar\Desktop\zukai-engine-ep13a5\audio\el_qa\ep13_retake_gate.tsv
⚠️ 差し替えた行のカットは `python tools/el_build.py --dry --cuts <cid>` で wav と json に反映すること
rt101=0
  c607-2 take1: ✓  旅客機の売り込みをめぐる汚職、ロッキード事件を調べる衆議院の委員会だった。
c607-2: 1テイク → 採用（文字起こしが台本と合う）

1行 → 要耳 0 -> C:\Users\konar\Desktop\zukai-engine-ep13a5\audio\el_qa\ep13_retake_gate.tsv
⚠️ 差し替えた行のカットは `python tools/el_build.py --dry --cuts <cid>` で wav と json に反映すること
rt607=0
c101:  14.38s  (2行)
c607:  11.33s  (2行)

合成 2 カット／持ち越し 191 カット／未作成 0／記録 193／台本 193
作ったぶん: 193カット 11780字 → 発話＋行間 1774.1秒（6.64字/秒・行間込み。AivisSpeech は 5.52）
本編の見込み 32.8分（全 11780字をこの速さで＋LEAD/TAIL 0.85×193＋quote 2.0×16。許容 27〜40分）
最長の1行 = 7.68秒「1974年3月3日、日曜日の昼。パリの北東37キロの森に、旅客機が落ちた。」
dry=0
✓ ep13: 389行・発話 28.3分 → C:\Users\konar\Desktop\zukai-engine-ep13a5\out\phon
prep=0
modal=0
✗ c614-1  間「年｜１２月」0.44s／間「は｜トルコ」0.60s
    1972年12月、にじゅうきゅうごうきはトルコ航空に引き渡された。
✗ c713-2  読み「は」w→h GOP-9.3
    かんせいのレーダーの画面からは、きゅうはちいちびんのびんめいが消えた。
✗ c906-2  読み「畳」t→∅[頭] GOP-6.9
    畳1枚より、少し大きい。
✗ c101-2  読み「は」w→h GOP-6.8／読み「全員」N→e GOP-5.4／間「航空｜きゅう」0.40s
    トルコ航空きゅうはちいちびん。乗っていた346人は、全員が亡くなった。
✗ c607-2  読み「衆議院」g→n GOP-8.5／間「調べる｜衆議院」0.30s
    りょかくきの売りこみをめぐる汚職、ロッキード事件を調べる衆議院の委員会だった。

確かめた 5行／所見のある行 5
verify=0
