  ✓ 検査は出荷する音（atempo 後）を見ている
  ✓ 知らない引数で止まる（有料の道具 6本に設置）
selftest=0
ElevenLabs: 声=Otani（3JDquces8E8bkmvbh6Bc） モデル=eleven_v3 settings={'stability': 1.0, 'similarity_boost': 0.75, 'style': 0.0, 'speed': 1.0, 'use_speaker_boost': True} ／クレジット 158,234 / 158,500／GAP 0.4s
c309:   8.09s  (2行)
c312:   7.06s  (2行)
c318:  10.02s  (2行)
c414:  17.36s  (3行)
c904:   6.47s  (1行)

合成 5 カット／持ち越し 188 カット／未作成 0／記録 193／台本 193
作ったぶん: 193カット 11780字 → 発話＋行間 1770.8秒（6.65字/秒・行間込み。AivisSpeech は 5.52）
本編の見込み 32.8分（全 11780字をこの速さで＋LEAD/TAIL 0.85×193＋quote 2.0×16。許容 27〜40分）
最長の1行 = 6.47秒「7月には、通気扉の改修や、のぞき窓の取り替えなど、さらに5つのSBが義務になった。」
API 3行（128字）／キャッシュ 7行／振り直し 0回／本物と判定 0／要耳 0（記録＝audio/el_qa/ep13_el_retakes.tsv）
クレジット 158,234 → 158,234（消費 0）⚠️ 反映が遅れることがある
build=0
  c312-1 take1: ✓  つまりハンドルが倒れ、通気扉が閉まり、明かりが消えればドアは閉まっている。
c312-1: 1テイク → 採用（文字起こしが台本と合う）

1行 → 要耳 0 -> C:\Users\konar\Desktop\zukai-engine-ep13a5\audio\el_qa\ep13_retake_gate.tsv
⚠️ 差し替えた行のカットは `python tools/el_build.py --dry --cuts <cid>` で wav と json に反映すること
rt312=0
c312:   7.37s  (2行)

合成 1 カット／持ち越し 192 カット／未作成 0／記録 193／台本 193
作ったぶん: 193カット 11780字 → 発話＋行間 1771.1秒（6.65字/秒・行間込み。AivisSpeech は 5.52）
本編の見込み 32.8分（全 11780字をこの速さで＋LEAD/TAIL 0.85×193＋quote 2.0×16。許容 27〜40分）
最長の1行 = 5.17秒「つまり、ハンドルが倒れ、通気扉が閉まり、灯りが消えれば、ドアは閉まっている。」
dry=0
✓ ep13: 389行・発話 28.2分 → C:\Users\konar\Desktop\zukai-engine-ep13a5\out\phon
prep=0
modal=0
✗ c309-1  読み「開い」hir→∅ GOP-11.5
    つうきとびらは、安全のための仕かけだ。錠がかかっていなければ開いたままになり、
✗ c312-1  読み「灯り」tomo→aka GOP-11.0
    つまり、ハンドルが倒れ、つうきとびらが閉まり、灯りが消えれば、ドアは閉まっている。
✓ c318-1  
    フランスの報告書も、この設計では、通気扉が閉まり、錠がかかって見えても、
✓ c414-1  
    係員は、ひざで押しこんだ。ハンドルは収まったが、つうきとびらは少し斜めに閉まっていた。
✗ c904-1  間「さらに｜い」0.30s
    七月には、つうきとびらの改修や、のぞき窓の取り替えなど、さらに いつつのSBが義務になった。
✗ c718-2  読み「報告」h→m[頭] GOP-1.6／間「およそ｜ななじゅう」0.28s
    報告書によれば、減圧から地面に当たるまで、およそななじゅうななびょうだった。
✓ c601-1  
    SB ごじゅうにのさんじゅうななは、みっつの貨物ドアの錠の部品を取り替え、
✓ c606-1  
    工場での呼び名は、胴体二十九号機。製造番号はヨンロクナナマルヨン。
✗ c612-2  間「に｜ヨン」0.48s
    そのあと議員が、ろっきの製造番号を読み上げた。その中にヨンロクナナマルヨンがある。
✗ c415-1  読み「約」y→hy GOP-2.2／読み「万」∅→icl GOP0.0／間「さ｜約」0.30s
    午後7時25分ごろ、高さ約3580メートル（1万1750フィート）で、
✓ c714-1  
    減圧から22秒後には、機首が20度ほど下向きに傾き、時速670キロに達していた。
✓ c112-2  
    この動画では、それに1時間足した、パリの時刻で話す。
✗ c812-1  間「に｜羽田」0.38s
    遺族たちは、遺体に会えないまま、3月11日の夜に羽田空港へ帰ってきた。
✓ c418-2  
    そうしてデトロイトへ戻り、午後7時44分に着陸させた。

確かめた 14行／所見のある行 7
残り 170
