ElevenLabs: 声=Otani（3JDquces8E8bkmvbh6Bc） モデル=eleven_v3 settings={'stability': 1.0, 'similarity_boost': 0.75, 'style': 0.0, 'speed': 1.0, 'use_speaker_boost': True} ／クレジット 147,016 / 158,500／GAP 0.4s
c601:  12.32s  (2行)
c602:  10.96s  (2行)
c603:   8.88s  (2行)
c604:  11.75s  (3行)
c605:   7.96s  (2行)
c606:  11.06s  (2行)
c607:   8.96s  (2行)
c608:  12.04s  (2行)
c609:  12.01s  (3行)
c610:  12.30s  (3行)
c611:  15.93s  (3行)
c612:   8.20s  (2行)
c613:  12.99s  (3行)
c614:   5.81s  (1行)
c615:  10.43s  (2行)
c616:  18.13s  (3行)
c617:   8.52s  (2行)
c618:   7.20s  (2行)
c619:  12.34s  (2行)
c620:  13.31s  (3行)
c621:   7.06s  (2行)
c622:   7.43s  (2行)
c623:  16.36s  (3行)
c624:   8.83s  (2行)
c625:  20.35s  (3行)
c626:   6.76s  (2行)

合成 26 カット／持ち越し 154 カット／未作成 11／記録 180／台本 191
⚠️ まだ作っていないカット 11: c701,c707,c708,c711,c713,c720,c721,c804…
作ったぶん: 180カット 10807字 → 発話＋行間 2016.6秒（5.36字/秒・行間込み。AivisSpeech は 5.52）
本編の見込み 39.1分（全 11535字をこの速さで＋LEAD/TAIL 0.85×191＋quote 2.0×16。許容 27〜40分）
最長の1行 = 8.57秒「1954年1月22日の昼前、静岡県の焼津港から、1隻のマグロ漁船が出ていった。」
API 0行（0字）／キャッシュ 60行／振り直し 0回／本物と判定 0／要耳 0（記録＝audio/el_qa/ep12_el_retakes.tsv）
クレジット 147,016 → 147,016（消費 0）⚠️ 反映が遅れることがある
exit=1
