ElevenLabs: 声=Otani（3JDquces8E8bkmvbh6Bc） モデル=eleven_v3 settings={'stability': 1.0, 'similarity_boost': 0.75, 'style': 0.0, 'speed': 1.0, 'use_speaker_boost': True} ／クレジット 131,782 / 158,500／GAP 0.4s
c901:   7.60s  (2行)
c902:   5.62s  (2行)
c903:   6.75s  (2行)
c904:   8.05s  (2行)
c905:   8.04s  (2行)
c906:   6.75s  (2行)
    ⚠️ 異音 c907-1 take1: 末尾に余計な音: 90ms の無音 → 140ms の音（3.14秒地点・振幅15568＝本文の1.6倍）
c907:   8.56s  (2行)
c908:  13.14s  (3行)
c909:   8.12s  (2行)
    ⚠️ 異音 c910-2 take1: 途中に浮いた音: 230ms（2.78秒地点・振幅12857＝本文の1.0倍／前80ms・後80ms の無音）
c910:   7.34s  (2行)
c911:   6.90s  (2行)
c912:   6.90s  (2行)
c913:   7.59s  (2行)
c914:   6.66s  (2行)
c915:   9.95s  (3行)
c916:   7.34s  (2行)

合成 16 カット／持ち越し 162 カット／未作成 13／記録 178／台本 191
⚠️ まだ作っていないカット 13: ep01,ep02,ep03,ep04,ep05,ep06,ep07,ep08…
作ったぶん: 178カット 10889字 → 発話＋行間 1804.0秒（6.04字/秒・行間込み。AivisSpeech は 5.52）
本編の見込み 35.2分（全 11546字をこの速さで＋LEAD/TAIL 0.85×191＋quote 2.0×18。許容 27〜40分）
最長の1行 = 5.14秒「燃料タンクに積んでいた、機体を壊すための火薬も、火が付かずに回収された。」
API 36行（839字）／キャッシュ 0行／振り直し 2回／本物と判定 0／要耳 0（記録＝audio/el_qa/ep11_el_retakes.tsv）
クレジット 131,782 → 131,967（消費 185）⚠️ 反映が遅れることがある
exit=1
