  c101-1  96.6%  1954年3月1日午前6時45分、太平洋の真ん中のビキニ環礁。
  c101-2 100.0%  アメリカが水素爆弾の実験を行った。
  c102-1  83.3%  爆発は広島の原爆のおよそ千倍。TNT火薬に直して千五百万トン分。
  c102-2  83.0%  一番ありそうとされた六百万トンと比べると二点五倍になる
  c103-1 100.0%  アメリカ国防総省の報告書もはっきりこう書いている。
  c103-2 100.0%  爆発の威力は予想よりはるかに大きかった。
  c104-1  96.6%  爆発で巻き上げられた放射能を帯びた灰は風に乗って東へ流れた。
  c104-2 100.0%  その先の海にいたのが日本のマグロ漁船第五福竜丸である。
  c105-1  89.8%  船はビキニ環礁から東北高千穂百五十七キロの海の上にいた。
  c105-2 100.0%  夜明け前の空が光るのを乗組員たちは見ている。
  c105-3  91.4%  数時間後、船の上に白い灰が降り始めた。
  c106-1 100.0%  乗っていたのは23人。
  c106-2  87.1%  灰を浴びた乗組員は一週間ほどで火傷のような痛みに苦しみ始めた。
  c107-1 100.0%  その年の九月、船の無線長だった久保山愛吉さんが亡くなっている。
  c107-2  90.9%  四十歳だった。
  c108-1 100.0%  灰が降ったのは船の上だけではない。
  c108-2  93.5%  東の島々でも住民に百三十九人とアメリカ兵二十八人が肺の放射線を浴びた。
  c109-1 100.0%  この動画が追いかける問いは二つある。
  c109-2  93.3%  一つ、見込みを超えた威力が灰を島に降らせたのか。
  c109-3  91.4%  二つ、何が灰を人の住む島へ運んだのか。
  c110-1 100.0%  よく語られる答えは、撃つ前の夜、高さ六百キロの風が人の住む島へ向かっていたことだ。
  c110-2 100.0%  実験の司令部はそれを知りながら、遅い風なので心配ないと見て撃っている。
  c110-3 100.0%  だが、二〇一三年の報告書は違う答えを出している。
  c111-1 100.0%  この動画はアメリカ政府の報告書を英語の原文で読んで作っている。
  c111-2 100.0%  国防総省の機関が 1982年と 2013年にまとめた二冊と医師団の報告書である。
  c111-3 100.0%  日本側の出来事は日本政府の当時の記録と国会の議事録で確かめた。
  c112-1 100.0%  なお、日付と時刻はビキニの現地のものを使う。
  c112-2  89.9%  土肥沖には日付変更線の西にあるので、アメリカ本土ではまだ二月二十八日だった。
  c112-3  98.2%  公式の実験の一覧も世界の標準時で二十二月二十八日と記している。
  c113-1 100.0%  爆発したのはシュリンプと呼ばれた装置である。
  c113-2 100.0%  飛行機で運べる大きさを目指して作られた新しい型の水爆だった。
  c114-1 100.0%  なぜ見込みはこれほど外れたのか。
  c114-2 100.0%  話は水素爆弾という兵器が生まれたところから始まる。
  c201-1  66.7%  話を少し遡る。
  c201-2 100.0%  アメリカで水素爆弾の開発が始まったのは1950年のことだった。
  c202-1 100.0%  それまでの原子爆弾は、ウランやプルトニウムという重い原子を割って力を取り出す
  c202-2 100.0%  広島と長崎に落とされたのがこの型である。
  c203-1  81.8%  水素爆弾は仕組みが違う。
  c203-2  83.9%  水素の仲間の軽い原子同士をくっつけて、さらに大きな力を取り出す。
  c203-3 100.0%  太陽が光り続けているのもこの核融合の力である。
  c204-1  91.2%  ただ、原子同士をくっつけるにはとてつもない温度と圧力がいる。
  c204-2  93.8%  その火付け役に使うのが原子爆弾だ。
  c205-1 100.0%  アメリカは1952年11月1日、この仕組みでマイクという装置を爆発させた。
  c205-2  83.3%  威力はTNT火薬に直して千四十万トン分
  c205-3  90.9%  場所はマーシャル諸島のエニウェト区間礁だった。
  c206-1 100.0%  ただ、マイクの燃料はとても低い温度で冷やして液体にしておく必要があった。
  c206-2  95.5%  冷やす設備も入り、装置は三階建ての建物を占めた。
  c207-1 100.0%  報告書はマイクのことをこう書いている。
  c207-2 100.0%  マイクは運んで使える兵器ではなかった。
  c208-1  92.7%  次の狙いは飛行機に積んで運べる水爆である。
  c208-2 100.0%  それを試すのが1954年春のキャッスル作戦だった。
  c209-1  89.4%  北朝鮮では三月から五月までに六回の爆発が行われた。
  c209-2  90.9%  五階がビキニ環礁、一階がエニウェトク環礁である。
  c210-1  90.2%  六回のうち三回はPNT火薬に直して一千万トンを超えた。
  c210-2  97.4%  その最初の回が三月一日のブラボーである。
  c211-1  92.3%  実験を行ったのは軍と核兵器を受け持つ国の原子力委員会が作った部隊。
  c211-2 100.0%  放射線の量を記録するバッジを配られた人だけで一万人を超えていた。
  c211-3 100.0%  部隊の名前は第七合同任務部隊という。
  c212-1  94.4%  実験所は太平洋のマーシャル諸島にある。
  c212-2  86.7%  珊瑚の小さな島が輪のように連なる環礁という地形の島々である。
  c213-1 100.0%  使われたのはビキニとエニウェトクの二つの環礁
  c213-2 100.0%  ビキニでは 1946年の夏にも原子爆弾の実験が二回行われている。
  c214-1 100.0%  ブラボーの装置は環礁の北西の端、ナム島の沖に置かれた
  c214-2  87.2%  珊瑚礁の上に建てた小さな建物の中である
  c214-3  97.2%  据え付けが終わったのは二月二十二日。空ではなく地面の上で爆発させる実験だった。
  c215-1  93.9%  周りの島々には爆風や放射線を測る機械が並べられた。
  c215-2  90.5%  北凡総省の実験だけで二十九の計画が動いていた。
  c216-1 100.0%  放射線から身を守る決まりも細かく作られていた。
  c216-2  87.5%  作戦の間に浴びて良い量には上限が決められていた。
  c217-1 100.0%  部隊は住民の安全を気にかけつつ、島々の放射線を測る必要はないと考えた。
  c217-2 100.0%  それでも原子力委員会の研究所がロンゲリックやマジュロなどの島に
  c217-3 100.0%  放射線を測り続ける計器を置いていた。
  c218-1  89.7%  西さんが五月一日に試される装置はロスアラモス科学研究所が作った
  c218-2  95.8%  天気の条件が良ければ、その日に爆発させる予定だった。
  c219-1  92.6%  この装置はそれまでの水爆とは燃料の形が全く違っていた。
  c219-2 100.0%  うまくいけば飛行機で運べる水爆への道が開ける。
  c220-1 100.0%  ブラボーはその最初の試験だった。
  c220-2 100.0%  鍵を握るのは燃料である。
  c301-1 100.0%  マイクの弱点は冷やし続けなければならない液体の燃料だった。
  c302-1 100.0%  そこでロスアラモスは燃料を固体にする道を選んだ。
  c302-2 100.0%  重い水素とリチウムという軽い金属を結びつけた重水素化リチウムである。
  c303-1 100.0%  これなら冷やす設備はいらない。
  c303-2 100.0%  燃料が固体のこの型は乾式の水爆と呼ばれる。
  c304-1 100.0%  リチウムには重さの違う二つの種類がある。リチウム六とリチウム七だ。
  c304-2  98.2%  天然のリチウムはほとんどがリチウム7で、リチウム6はわずか
  c305-1 100.0%  リチウム六は中性子という粒を受けると三重水素という燃料を生む。
  c305-2  91.8%  爆弾の中で燃料を作るにはこのリチウム六がいると考えられていた。
  c306-1 100.0%  一方、数の多いリチウム七はどう見られていたか。
  c306-2 100.0%  実験の前はリチウム六や液体の重い水素よりずっと劣る燃料と見られていた。
  c307-1 100.0%  こうして作られたブラボーの装置はシュリンプと呼ばれた。
  c307-2 100.0%  英語でエビという意味である。
  c308-1  92.1%  申告書はこの装置を兵器そのものではないとした上で、こう書いている。
  c308-2 100.0%  マイクより強力で飛行機で運べる装置
  c309-1 100.0%  ただ、この日は飛行機から落とさず、あの小さな建物の中で爆発させた。
  c310-1 100.0%  爆発の前、研究所は威力を見積もっていた。
  c310-2  86.3%  予想の幅はTNT火薬に直して四百万トンから八百万トン分
  c311-1  80.0%  一番ありそうな値は六百万トンとされていた。
  c311-2  80.0%  実際の威力は千五百万トンに上った。
  c312-1  75.6%  一番ありそうなネットと比べると二点五倍にあたる
  c312-2  87.5%  予想の幅の一番上と比べても二倍近い大きさである。
  c313-1 100.0%  なぜここまで外れたのか。
  c313-2  80.0%  事件の四ヶ月余り後、研究所の担当者は国の委員会でこう説明した。
  c314-1 100.0%  燃料として劣ると見ていたリチウム7が核反応で思った以上に働いたのだと
  c314-2  96.2%  早い中性子が当たればリチウム七からも三重水素ができる。
  c315-1 100.0%  しかも威力が予想を大きく超えたのはブラボーだけではなかった。
  c315-2 100.0%  担当者は作戦のほとんどの回でそうだったと話している。
  c316-1 100.0%  リチウム七の見込み違いは威力が大きすぎた理由として広く語られる。
  c317-1  98.4%  ところが、二千二十四年、同じロスアラモスの研究者二人が論文にこう書いた。
  c317-2  94.4%  ビチウム七の見込み違い説は誤りである。
  c318-1  76.0%  七十年余り経った今も、その説明は一つに揃っていない。
  c318-2  90.9%  教授からの説明と二千二十四年の論文とが食い違ったままである。
  c319-1 100.0%  もう一つよく語られる話がある。
  c319-2  94.3%  千五百万トンという威力は誰も考えていなかったというものだ。
  c320-1 100.0%  だが、二〇一三年に国防総省の機関がまとめた報告書は違うことを書いている。
  c320-2  92.3%  研究所は起きるとはみないが、備える上限を千五百万トン規模と計算していた。
  c320-3 100.0%  その数字は2月18日の電報で現地に伝えられていた。
  c321-1 100.0%  部隊は隊員を守る手立てをこの上限をもとに決める方針だった。
  c321-2  97.4%  化学の責任者は前年 12月、さらに大きい威力を考え、飛行機を離す距離を指示していた。
  c322-1  94.5%  では、威力が作った側の予定通りだったら、島は無事だったのか？
  c322-2 100.0%  同じ報告書はこう書いている。
  c322-3 100.0%  予定の威力でも人の住む島は汚れたはずだ。
  c323-1  94.7%  千五百万トンの威力は事態をさらに悪くしただけだ、と報告書は言う。
  c323-2  93.3%  雲の高さと形は威力にあまり左右されないからです。
  c323-3  88.9%  七百万トンの別の階、ユニオンの雲もブラボーと大差なく上った。
  c324-1 100.0%  では、何が灰を人の住む島まで運んだのか。
  c324-2 100.0%  よく語られるのは、撃つ前の夜の風の話である。
  c401-1  91.7%  話を打つ前の数日間に戻す。
  c401-2  94.1%  実験場の周りにはアメリカが定めた警戒の区域があった。
  c401-3  96.8%  エニウェトクとビキニを囲む縦に百七十八キロ、横五百五十六キロの区域である。
  c402-1  94.7%  陸域の東の外側には人の住む島々があった。
  c402-2  87.9%  ロンゲラップに六十四人、隣のアイリングナイに十八人、ウトリックに百五十七人
  c402-3  96.2%  ロンゲリック環礁にはアメリカ兵に十八人の観測所があった
  c403-1 100.0%  灰がどこへ流れるかは上空の風で決まる。
  c403-2  90.3%  舞台には風の向きと灰の落ちる先を予報する大きな版が置かれていた。
  c404-1 100.0%  風の向きと強さは高さによって違う。
  c404-2  92.6%  ファンは高さごとの風を重ね合わせて灰の落ちる先を予想した。
  c405-1 100.0%  ただ、灰の予報には弱点があった。
  c405-2  97.4%  火の広がりを見積もる方法は、主にネバダの威力の小さい実験の記録をもとにしていた。
  c405-3  96.3%  大きな爆発の灰には足りないと実験が始まってからわかった。
  c406-1 100.0%  地上で爆発させた実験で遠くまでの灰を測った記録は
  c406-2  89.4%  1951年の威力の小さな実験一回分しかなかった。
  c407-1  96.6%  うつ。五日前、部隊は本国と太平洋軍の司令部に見通しを伝えている。
  c407-2 100.0%  予報の風が続けば、灰は北西から北東へ扇形に広がる。
  c407-3  94.1%  部隊はこれを都合の良い風と見ていた。
  c408-1 100.0%  そこで二日前と前の日に北西の海を飛行機で探した。
  c408-2  93.0%  通りがかりの船がいないかを確かめるためです。
  c408-3 100.0%  船は見つからなかった。
  c409-1  98.4%  撃つ前の日の午前十一時、部隊は太平洋軍の司令部にこう予報を送った。
  c409-2  84.8%  予報。人の住む島々に大きな荒廃なし。
  c410-1  93.6%  風の見通しが変わり始めたのは、その日の夕方である。
  c410-2 100.0%  午後六時の気象の打ち合わせで、予報の風は前より悪くなっていた。
  c411-1 100.0%  報告書はこの打ち合わせのことをこう書いている。
  c411-2 100.0%  それでも撃つ決定は改めて確認された。
  c412-1 100.0%  ただし、真夜中にもう一度風を見直すことにした。
  c412-2 100.0%  また、ビキニの西に置く予定だった駆逐艦を南寄りへ移すよう命じた。
  c412-3  94.9%  山野の行方を見張る飛行機は爆発の二時間後に飛ぶ手はずになった。
  c413-1  97.9%  真夜中の打ち合わせでは、風邪はさらに悪くなっていた。
  c413-2  92.3%  悪くなったのは高さ三キロから七点五キロ辺りの風である。
  c414-1  89.4%  中でも気になる風の向きを報告書はこう書いていた。
  c414-2  91.9%  高さ六パキロの風がドンゲラップへ向かう。
   ⚠️ 聞取の通信に失敗（URLError: <urlopen error EOF occurred in violation of protocol (_ssl.c:2427)>）→ 5秒後に再試行 1/3
  c415-1 100.0%  ただ、部隊の司令部は予報ではその風は遅く、心配はいらないと判断した。
  c415-2 100.0%  ビキニ島とエネマン島はおそらく汚れるとも見ていた。
  c415-3 100.0%  撃つ決定はここでも改めて確認された。
  c416-1  80.0%  この時、一つ手が加えられている。
  c416-2  95.1%  爆発の当日、東北たちの海へ船を探す飛行機を追加で飛ばすことにした。
  c416-3  93.6%  およそ1100キロ先まで海を見て回る飛行である。
  c417-1  96.3%  最後の見直しは午前四時三十分。
  c417-2  92.9%  風に大きな変化はないとされた。
  c417-3 100.0%  ただ、ビキニの低い空では風が北や西から吹く向きに変わりつつあった。
  c418-1  87.2%  放射線の安全を受け持つ係は一つ提案した。
  c418-2 100.0%  南東で待つ艦隊を五十六キロ先から九十三キロ先まで下げてはどうか。
  c419-1 100.0%  下がったのは小さくて足の遅い船だけだった。
  c419-2  97.4%  大きな船は起爆の合図を送る司令所との無線を保ち、すぐ戻れるよう元の場所に残った。
  c420-1  81.1%  この頃艦隊はすでに干渉の外へ出ていた。
  c420-2  91.8%  操縦士のそばに残ったのは起爆の準備をする班とその警備だけである。
  c421-1  84.4%  ハンは準備を終えると、エニュ島島の司令所へ移った。
  c421-2  79.1%  被爆の班の他は誰も鑑賞に残らない手順である。
  c421-3  83.6%  司令所は爆心から干潮の内側の海を挟んだ向こう岸にあった。
  c422-1  95.4%  後にこの夜は風が島へ向かうと知りながら撃ったと語られるようになる。
  c422-2  95.5%  だが、二千十三年の報告書は高さ六パキロの風は島の灰に直接関わらないとする。
  c422-3  93.6%  話を戻す。夜明け前、予定通り午前六時四十五分を迎える。
  c501-1 100.0%  1954年3月1日午前6時45分
  c501-2 100.0%  起爆の信号が送られ、装置が爆発した。
  c501-3 100.0%  日本の時計では夜明け前の午前三時四十五分である。
  c502-1  97.9%  数秒のうちに直径およそ四点八キロの火の玉ができた。
  c502-2  93.9%  歩いて一時間かかる道のりが丸ごと入る大きさである。
  c503-1  95.5%  火の玉は一分のうちに高さ13.7キロまで登った。
  c503-2 100.0%  旅客機が飛ぶ高さよりさらに上である。
  c503-3  97.4%  同じ一分で雲は幅四点八キロに広がっていた。
  c504-1  85.7%  放たれた力はTNT火薬に直して千五百万トン分
  c504-2  87.0%  アメリカが行った核実験で一番大きな爆発である。
  c505-1  92.9%  サンゴ礁には幅一点六キロ、深さ六十メートルを超える穴が開いた。
  c505-2  90.5%  二十階建てのビルがほぼ沈んでしまう深さです。
  c506-1 100.0%  砕けたサンゴはそのまま雲の中へ吸い上げられた。
  c506-2  93.3%  放射能を帯びたこの粉が後で降ってくる灰になる。
  c507-1  93.3%  爆風は近くの島々の木を剥ぎ取り
  c507-2  92.3%  二十キロ余り離れた無人のキャンプの建物も大きく壊した。
  c508-1 100.0%  電線がショートして火事も起き
  c508-2 100.0%  並べてあった観測の機械の多くが焼けた。
  c509-1  98.2%  火の玉の光は東へ二百五十キロ離れた島からも一分近く見えていた。
  c509-2  98.0%  東北東へ百五十七キロの海の上では、日本の漁船が見ていた。
  c510-1  95.2%  漁船に音が届いたのは光から七、八分経ってから。
  c510-2 100.0%  ライフルを撃ったような大きな音が二回聞こえた。
  c510-3  96.0%  東へ二百五十キロの島では、十一分後に建物の窓が揺れている。
  c511-1  84.8%  十分後、雲の幅は百キロを超えていた。
  c511-2  96.3%  てっぺんは高さ三十五キロを超え、富士山のおよそ十倍に達した。
  c512-1  94.7%  およそ三分後、雲を取る飛行機から何かが落ちてくるのが見えた。
  c513-1  87.9%  爆心から海を挟んだ被爆の指令所の周りでも、一時間で放射線が強まった。
  c513-2  87.8%  外の強さは司令所の中のおよそ七千倍である。
  c513-3  92.9%  中にいた藩は壁に守られていた。
  c514-1  89.8%  午前八時、南東の海で待っていた艦隊に灰が降り始める。
  c514-2 100.0%  五十七キロ離れた空母はちょうどビキニへ戻る支度をしていたところだった。
  c514-3 100.0%  島の様子を見に飛ばしたヘリコプターは呼び戻された。
  c515-1 100.0%  降ってきたものを報告書はこう書いている。
  c515-2  71.4%  はい。ピンの頭ほどの白くザラザラした雪のよう。
  c516-1 100.0%  各艦は甲板に水を流し続ける装置を動かし
  c516-2  91.7%  ビキニから九十三キロのところまで全速力で南へ下がった。
  c517-1  92.6%  空母では甲板の排水溝に灰が溜まり、強い放射線を出していた。
  c517-2  96.2%  換気を早く止めたので、灰の多くは船の中へ入らずに済んだ。
  c517-3  96.3%  肺を洗い落とす作業が終わったのは三月四日の終わりである。
  c518-1  96.3%  司令所に残った起爆の班がヘリコプターで助け出されたのは
  c518-2  92.3%  昼の十二時半、爆発から六時間近く経っていた。
  c519-1  88.9%  愛を運ぶ雲は東へ流れていった。
  c519-2  90.5%  雲の幅はおよそ百六十キロあったと見られている。
  c519-3  95.7%  艦隊には昼過ぎから夜にかけて二度目の灰も降った。
  c520-1  96.3%  人の住むロンゲラップ環礁はビキニから東へおよそ百九十キロ。
  c520-2  75.0%  後の計算では、昼過ぎには肺の尖頭が底を越えていた。
  c521-1 100.0%  島に降った灰はどこから来たのか。
  c521-2  96.8%  二〇一三年の報告書は、空の高くまで登った雲の上の部分からだとする。
  c521-3 100.0%  予報はそこから降ってくる灰を十分に見込んでいなかった。
  c522-1 100.0%  灰は東へ向かっていた。
  c522-2 100.0%  その空の下にいたのは日本のマグロ漁船と島の人々だった。
  c601-1  82.8%  話を一ヶ月余り前の日本へ戻す。
  c601-2  97.2%  1954年1月22日の昼前、静岡県の焼津港から一隻のマグロ漁船が出て行った。
  c602-1  86.8%  第五幅。龍丸。長さ三十メートルほどの木で作られた漁船である。
  c602-2 100.0%  乗っていたのは二十三人の乗組員。
  c603-1 100.0%  漁のやり方ははえ縄漁。
  c603-2  92.5%  長い縄にたくさんの釣り針を下げて海に流し、後で巻き上げてマグロを捕る。
  c604-1 100.0%  二月三日から漁を始め
  c604-2  96.3%  二月二十三日にはマーシャル諸島の近くまで漁坊を移していた。
  c604-3 100.0%  そこから西へ向かいながら漁を続けた。
  c605-1 100.0%  三月一日の夜明け前、船は縄を海に入れ終えた。
  c605-2  91.4%  エンジンを止め、潮の流れに任せていた。
  c606-1  91.3%  場所はビキニ環礁から東北東へ 157km の海の上。
  c606-2 100.0%  アメリカの報告書もこの船が爆発の光を見ていたと書いている。
  c607-1  90.9%  西南、獅子の空に赤く明るい光が見えた。
  c607-2 100.0%  光は白っぽい黄色に変わり、また赤くなって消えていった。
  c608-1  95.0%  七、八分経って、爆発の音が二回続けて聞こえた。
  c608-2  83.6%  光の方角にはキノコの形の雲が立ち上り、空に広がっていった。
  c609-1 100.0%  何人かは新聞で読んだ原子爆弾の実験かもしれないと思った。
  c609-2  90.3%  危ないと考え、縄を引き上げ始めた。
  c609-3  88.9%  光を見てから二十分ほど後のことである。
  c610-1 100.0%  縄は機械で巻き上げる。
  c610-2  91.2%  エンジン班の数人の他はほぼ全員が甲板と操舵室で働いていた。
  c610-3  94.7%  船はゆっくり進んでは止まるを繰り返した。
  c611-1  94.9%  日本政府の記録では、光からおよそ三時間後、甲板に灰が降り始めた。
  c611-2 100.0%  アメリカの報告書はもっと早い爆発の一時間半後とする。
  c611-3  89.5%  灰が降る間も縄の引き上げは続いていた。
  c612-1 100.0%  甲板は灰で白くなった。
  c612-2  86.7%  アメリカの艦隊に降ったのと同じザラザラした雪のような灰である。
  c613-1  93.3%  縄を引き上げ始めてから終えるまで、およそ六時間。
  c613-2  88.9%  その後も乗組員は甲板で取れた魚の処理を続けた。
  c613-3  91.4%  灰は日本の時計で昼頃まで降り続けた。
  c614-1  98.3%  縄を上げ終えると、船は灰の降らない北へ時速十三キロほどで逃げた。
  c615-1  90.3%  灰が降り始めた頃、アメリカの飛行機が東北東の海で船を探していた。
  c615-2 100.0%  前の夜に追加が決まったあの捜索の飛行である。
  c616-1 100.0%  午前九時四十九分。その飛行機は強い放射線を浴びて引き返した。
  c616-2  80.0%  記録の一つでは、バクシンから東へおよそ百二十キロの地点である。
  c616-3 100.0%  この記録なら船が見えてくる少し手前で引き返したことになる。
  c617-1  94.1%  アメリカの原子力委員会の委員長は後にこう述べている。
  c617-2  97.0%  この船は捜索から漏れていたようだ。
  c618-1 100.0%  アメリカの報告書はこの船についてこう書いている。
  c618-2 100.0%  船は部隊の誰にも気づかれなかった。
  c619-1 100.0%  船はアメリカが近づかないよう前もって知らせていた危険区域の内側か外側か。
  c619-2  86.8%  この点は後に日本とアメリカの間で食い違うことになる。
  c620-1  95.5%  日本政府の記録では、船が警告を受けた形跡はない。
  c620-2 100.0%  あの朝、飛行機の音も乗組員は聞いていない。
  c620-3  89.8%  他の船が警告を受けた形跡もないと記録は書いている。
  c621-1 100.0%  次の日、船は向きを北西に変え、焼津へ向かった。
  c621-2  95.7%  帰り着くまで十二日かかる。
  c622-1  95.8%  愛を浴びてから二、三日のうちに全員が軽い頭痛を感じ
  c622-2 100.0%  吐き気を感じる者も出た。
  c623-1  76.6%  雨を浴びてから七、夜を過たすと、首や顔、耳が痛み出した。
  c623-2  90.9%  灰のついた鉢巻きを巻いていたところも同じだった。
  c623-3  91.8%  日本政府の記録は火傷のように見える痛みのある炎症と書いている。
  c624-1  97.1%  三月十四日の朝六時、船は焼津港に戻った。
  c624-2  85.7%  事故から五十一日後のことである。
  c625-1  94.7%  後に委員長は乗組員を十分に診察させてもらえていないと述べた。
  c625-2 100.0%  日本側の答えは、広島と長崎で原爆の影響を調べていたアメリカの機関の医師が
  c625-3  96.3%  三月十九日に東京で、二十日に焼津で診察したというものだった。
  c626-1 100.0%  同じ灰はマーシャル諸島の人々の上にも降っていた。
  c626-2 100.0%  島では何が起きていたのか。
  c701-1  71.8%  バクシンから東へ二百五十キロ。ロンゲリック管掌。
  c701-2  96.0%  ここではアメリカ兵に十八人が天気などの観測をしていた。
  c702-1  81.2%  灰が降り始めたのは午後二時半頃。
  c702-2 100.0%  爆発からおよそ八時間後である。
  c702-3  93.0%  後の計算ではロンゲラップより二時間近く遅い。
  c703-1 100.0%  島には放射線を記録する計器が置いてあった。
  c703-2 100.0%  遠くの島に届くごく弱い放射線を測るための計器である。
  c703-3 100.0%  置いていった係は針が振り切れたら知らせてほしいと頼んでいた。
  c704-1  92.3%  午後二時五十分。
  c704-2  90.9%  記録系の針が振り切れた。
  c705-1  96.6%  知らせは午後三時十五分に打たれ
  c705-2 100.0%  エニウェトクの通信所まで届いた。
  c705-3 100.0%  その先の司令部へ回されたかどうかは記録に残っていない。
  c706-1 100.0%  いずれにしても、上の司令部は
  c706-2 100.0%  ロン・ゲリックにどれほど灰が降ったかを知らなかった
  c707-1  87.8%  島の兵士たちはそのまま普段の仕事を続けた。
  c707-2  76.9%  ほとんどのものが半袖半ズボンを長袖長ズボンに換えた
  c708-1  89.5%  灰は深いところで一パーセントほど積もった。
  c708-2 100.0%  食堂や宿舎のテーブルにも目に見える層ができた。
  c709-1  90.9%  兵士たちは灰を顕微鏡で覗いてみた。
  c709-2 100.0%  昔のテレビの画面の部品ブラウン管が灰で光ることにも気づいた。
  c710-1 100.0%  その夜、雲を追う飛行機が東へ飛んだ。
  c710-2 100.0%  しかし、はっきりした手がかりは得られなかった。
  c710-3 100.0%  高さ三キロの空からは住民のロンゲラップ、兵士のロンゲリックの上でも弱い値だった。
  c711-1  90.2%  1982年の報告書はこの世の司令部をこう書いています。
  c711-2 100.0%  司令部は雲の行方も通り道も知らなかった。
  c712-1  87.7%  それでも慌てた様子はない。次の追跡の飛行は取り止めになった。
  c712-2  93.9%  前の水爆実験では肺のほとんどを覆えなかったが、何も起きなかったからだ。
  c713-1  89.4%  夜八時頃、ドンゲリックから二通目の知らせが届いた。
  c713-2  86.4%  パリは午後二時五十分から降り切れたままだという。
  c714-1  96.2%  司令部は夜10時、大きな危険はないという返事を用意した。
  c714-2 100.0%  その返事が司令部のいる船から送られたのは翌日になってからである。
  c715-1 100.0%  一方で、別の上官からは「作業をやめて金属の建物に入れ」という命令が出た。
  c715-2  88.9%  日付が変わる頃のことである。
  c716-1  97.1%  翌二日の昼前、放射線の係を乗せた水上飛行機がドンゲリックの上を低く飛んだ。
  c716-2 100.0%  係は上空から測った数字を見て、自分の判断で島を空にすると決めた。
  c716-3 100.0%  降りて測ると、建物の中でも外でも強い放射線があった。
  c717-1 100.0%  係は隊の責任者に先に運ぶ八人を選ぶよう頼んだ。
  c717-2  95.0%  八人は苗字のアルファベット順に決められた。
  c718-1  94.4%  飛行機は昼過ぎに八人を乗せて飛び立ち
  c718-2  97.3%  その日のうちに残りの二十人も運び出した。
  c718-3  97.0%  28人はクゼリンの基地へ運ばれた。
  c719-1  95.2%  同じ二日の午後、見回りの飛行機がロンゲラップで強い放射線を捉えた。
  c719-2 100.0%  住民を運び出すと決まり、駆逐艦がすぐに向かった。
  c719-3 100.0%  夕方には別の飛行機の係が島に降りて、住む場所の放射線を測った。
  c720-1 100.0%  避難が始まったのは三日の朝七時半。
  c720-2  81.5%  爆発から丸二日が経っていた。
  c720-3  85.7%  近くの干潮で漁をしていた十八人も後から駆逐艦に乗せられた。
  c721-1  97.6%  年寄りや病人の十六人は水上飛行機で運ばれた。
  c721-2  95.7%  四日にはウトリック環礁の百五十七人も島を離れ、住民に百三十九人の避難が終わった。
  c721-3  91.2%  避難した人たちは船の上とケズリンで体の灰を洗い落とされた。
  c722-1  76.5%  マビタ放射線はロンゲラップの人々が一番多く、ウトリックのおよそ十二パー。
  c722-2 100.0%  兵士のいたロンゲリックではロンゲラップの半分近くだった。
  c722-3  96.7%  そして島の人々が避難した。十日後、灰を浴びた漁船が日本に帰り着く。
  c801-1  96.6%  三月十四日、焼津に戻った乗組員は
  c801-2 100.0%  その日のうちに焼津の病院で診察を受けている。
  c802-1  98.0%  翌十五日、症状の重い乗組員が東京大学の病院へ送られた。
  c802-2 100.0%  そこで放射線を浴びていることがはっきりした。
  c803-1  97.0%  十六日、読売新聞がこの出来事を伝えた。
  c803-2  91.3%  ビキニの灰の話はここから日本中に知られていく。
  c804-1  85.7%  残る乗組員もファッタ7月の下旬に東京へ移された。
  c804-2 100.0%  二十三人は東京大学の病院と国立東京第一病院に分かれて入院した。
  c805-1 100.0%  問題は人の体だけではなかった。
  c805-2  94.7%  バイ五福。竜丸が持ち帰ったマグロからも放射能が見つかっていた。
  c806-1  98.0%  国は三月十八日、南の海から戻る船が入る港を五つに絞った。
  c806-2  93.5%  骨と魚を調べるためである。検査はその年の十二、二月の終わりまで続いた。
  c807-1 100.0%  放射能を帯びたマグロは原爆マグロと呼ばれた。
  c807-2 100.0%  魚屋の店先にはうちでは売っていないと知らせる看板まで出た。
  c808-1 100.0%  その年の終わりまでに汚染されたマグロを水揚げした船は記録で八百五十六隻。
  c808-2  95.7%  これはブラボー一回ではなく、三月から五月までの六回の実験の後の数である。
  c809-1  98.5%  三月三十日、原子力委員会のストローズ委員長が大統領に水爆実験を報告した。
  c809-2 100.0%  翌三十一日、委員長は第五福竜丸についても述べている。
  c810-1 100.0%  委員長によれば、船長は光を見てから六分後に音を聞いたと話したという。
  c810-2  96.2%  音が届くまでの時間が短いほど爆心地近かったことになる。
  c811-1  90.3%  委員長はその話を元にこう述べた。
  c811-2  97.3%  委員長。船は危険区域の十分内側にいたはず。
  c812-1  98.0%  日本政府は四月十二日、在米大使館を通してこれに反論した。
  c812-2 100.0%  音が聞こえたのは六分後ではなく七、八分後だった。
  c812-3 100.0%  1982年のアメリカの報告書も七、八分と書いている。
  c813-1 100.0%  日本政府は船の位置についてもこう書いている。
  c813-2  92.3%  日本側。船は危険区域の外にいたと見られる。
  c814-1  83.3%  その記録では、光を見たところは区域の外へ三十キロ余り、灰を浴びたところはさらに外。
  c814-2  97.1%  区域はアメリカ自身が前もって船乗り向けの広報で知らせていたものである。
  c815-1  82.1%  ブラボーの後、被験区域は大きく広げられた。
  c815-2  84.0%  県庁の辺りを中心にした半径八百三十三キロの扇形である。
  c816-1  97.0%  船でただ一人無線の資格を持っていたのが無線嬢の久保山愛吉さんである。
  c816-2  92.3%  坪山さんは東京の病院で治療を受け続けた。
  c817-1  97.7%  九月二十三日、久保山さんは亡くなった。四十歳だった。
  c817-2  97.1%  灰を浴びてから二百六日目のことである。
  c818-1 100.0%  日本政府は放射能の影響で亡くなったとした。
  c818-2 100.0%  解剖した医師も放射能による変化があるとした。
  c818-3  94.3%  アメリカ政府の内部の電報や日本の医師の一部は、輸血による甘言を疑っていた。
  c819-1 100.0%  1955年1月4日、日本とアメリカの話し合いが決着した。
  c819-2  96.7%  アメリカは法律上の責任には触れずに慰謝料として二百万ドルを払う。
  c819-3  91.2%  当時のお金でな、 億二千万。その六割余りはマグロの値下がりの損害に充てられた。
  c820-1 100.0%  この出来事を受けて、東京の杉並など各地で原水爆禁止の署名が始まった。
  c820-2 100.0%  署名は1955年の秋までに3200万を超えた。
  c820-3 100.0%  一方、マーシャル諸島の人々はその後どうなったのか。
  c901-1  91.4%  ブラボーの後も作戦は止まらなかった。
  c901-2 100.0%  二十六日後の三月二十七日には、ブラボーのクレーターの上で次の爆発が行われている。
  c902-1  97.9%  最後の爆発は五月十四日、エニウェトク環礁で行われた
  c902-2 100.0%  これで六回の爆発をすべて終えた。
  c903-1  93.9%  爆発の後、船で島々を回り、残った放射線が調べ直された。
  c903-2  95.8%  ノンゲラップに上がる人たちは靴に覆いを巻いていた。
  c903-3  90.3%  調べ直しは四月の初めまで続いた。
  c904-1  87.3%  部隊の中にも肺で小さな火傷のような傷を負った兵士がいた。
  c904-2 100.0%  二隻の船の三十七人で傷はどれも治っている。
  c905-1  98.0%  決めていた上限の二十倍を超える量を浴びた兵士もいた。
  c905-2  98.6%  残りの実験のため、上限の一、二倍まで浴びてよいという特別な許可も何度も出された。
  c906-1  91.7%  島の人々を見た医師団の報告書にはこう書かれていた。
  c906-2  96.3%  キャッスル作戦には人の体を調べる計画がもともとなかった。
  c906-3 100.0%  医師たちは何の備えもないまま集められた。
  c907-1  97.1%  ドンゲラップの人々のおよそ三人に二人が一日か二日のうちに吐き気を訴えた。
  c907-2  94.5%  目や皮膚が焼けるように痒いという人も四人に一人を超えた。
  c908-1  94.1%  二週間ほど経つと髪が抜ける人が出た。
  c908-2  86.2%  皮膚にはまだらに黒ずんだ傷ができ、ジクジクとただれる人もいた。
  c909-1  89.7%  血を固める血小板は減り続けた。
  c909-2  82.9%  一番少なくなったのは二十五日目から三十日目。
  c909-3  81.4%  そのガとは増え始めたが、七十六日目でも普通の値には届かなかった。
  c910-1  96.9%  1954年の時点で、医師団は体の中に取り込んだ放射性の物質について
  c910-2  92.3%  長く続く害はないと見ていた。
  c911-1 100.0%  住民の体の調査は、 1956年からアメリカの国立の研究所が続けた。
  c911-2 100.0%  報告書がまとめられた 1982年の時点でもまだ続いていた。
  c912-1 100.0%  灰の少なかったウトリック環礁の人々は、一九五四年六月に島へ戻った。
  c913-1 100.0%  ロンゲラップの人々は同じマーシャル諸島のマジュロに移された。
  c913-2  94.7%  ドンゲラップの住民は1957年に戻った。
  c914-1 100.0%  冒頭の二つの問いに戻る。見込みを超えた威力が灰を島に降らせたのか。
  c914-2 100.0%  二〇一三年の報告書は予定の威力でも島は汚れたはずだとする。
  c914-3  83.0%  威力が外れた理由も七十年余り経った今も定まっていない。
  c915-1 100.0%  何が灰を人の住む島へ運んだのか。
  c915-2  96.7%  よく語られるのは、打つ前の夜に島へ向かっていた高さ六百キロの風だ。
  c915-3  91.7%  二〇一三年の報告書が挙げるのは、予報が十分に見込まなかった高く登った雲の配置
  c916-1 100.0%  1982年の報告書は、この爆発が予期しない重い被曝をもたらしたと書いている。
  c916-2  94.3%  復権を支えたアメリカ兵の一部に、外国の漁師に、そしてマーシャル諸島の人々に
  c917-1  96.0%  第五、福留丸はその後名前を変えて水産大学の船になった。
  c917-2 100.0%  1967年に役目を終え、ゴミの埋め立て地だった夢の島に置き去りにされた。
  c918-1 100.0%  1976年、東京都が夢の島に展示館を開き、船は公開された。
  c918-2  88.9%  今もそこで見ることができる。
  c919-1  96.8%  あの日まで高く登った雲の灰がどう落ちるかは推し量るしかなかった。
   ⚠️ 聞取の通信に失敗（URLError: <urlopen error EOF occurred in violation of protocol (_ssl.c:2427)>）→ 5秒後に再試行 1/3
  c919-2 100.0%  それを十分に見込めないまま、灰は海の上と島の上に降った。
  c920-1 100.0%  1954年3月1日午前6時45分
  c920-2 100.0%  ビキニ環礁の空に上がった雲の下には
  c920-3 100.0%  やがて灰を浴びる漁船と島の人々と兵士たちがいた。
  ed01-1 100.0%  ご視聴ありがとうございました。
  ed01-2 100.0%  この動画が少しでも気に入れば、高評価と
  ed01-3 100.0%  チャンネル登録をお願いします。

=== 一致率の低い順 438行（★耳で確かめる候補）===

c201-1  一致率 66.7%
   台本: 話を、少しさかのぼる。
   聞取: 話を少し遡る。

c515-2  一致率 71.4%
   台本: 灰：ピンの頭ほどの白くざらざらした雪のよう
   聞取: はい。ピンの頭ほどの白くザラザラした雪のよう。

c701-1  一致率 71.8%
   台本: 爆心から東へ250キロ、ロンゲリック環礁。
   送信: 爆心から東へ にひゃくごじゅっキロ、ロンゲリック環礁。   ← EL_YOMI で書き換えた文
   聞取: バクシンから東へ二百五十キロ。ロンゲリック管掌。

c520-2  一致率 75.0%
   台本: あとの計算では、昼すぎには、灰の先頭がそこを越えていた。
   聞取: 後の計算では、昼過ぎには肺の尖頭が底を越えていた。

c312-1  一致率 75.6%
   台本: いちばんありそうな値と比べると、2.5倍にあたる。
   送信: いちばんありそうな値と比べると、にてんごばいにあたる。   ← EL_YOMI で書き換えた文
   聞取: 一番ありそうなネットと比べると二点五倍にあたる

c318-1  一致率 76.0%
   台本: 70年あまりたったいまも、その説明は一つにそろっていない。
   送信: ななじゅうねんあまりたったいまも、その説明はひとつにそろっていない。   ← EL_YOMI で書き換えた文
   聞取: 七十年余り経った今も、その説明は一つに揃っていない。

c722-1  一致率 76.5%
   台本: 浴びた放射線は、ロンゲラップの人々がいちばん多く、ウトリックのおよそ12倍。
   送信: 浴びた放射線は、ロンゲラップの人々がいちばん多く、ウトリックのおよそじゅうにばい。   ← EL_YOMI で書き換えた文
   聞取: マビタ放射線はロンゲラップの人々が一番多く、ウトリックのおよそ十二パー。

c623-1  一致率 76.6%
   台本: 灰を浴びてから7、8日たつと、首や顔、耳が痛みだした。
   送信: 灰を浴びてからなな、ようかたつと、首や顔、耳が痛みだした。   ← EL_YOMI で書き換えた文
   聞取: 雨を浴びてから七、夜を過たすと、首や顔、耳が痛み出した。

c707-2  一致率 76.9%
   台本: ほとんどの者が、半そで半ズボンを長そで長ズボンに着がえた。
   聞取: ほとんどのものが半袖半ズボンを長袖長ズボンに換えた

c421-2  一致率 79.1%
   台本: 起爆の班のほかは、誰も環礁に残らない手順である。
   聞取: 被爆の班の他は誰も鑑賞に残らない手順である。

c311-1  一致率 80.0%
   台本: いちばんありそうな値は、600万トンとされていた。
   送信: いちばんありそうな値は、ろっぴゃくまんトンとされていた。   ← EL_YOMI で書き換えた文
   聞取: 一番ありそうな値は六百万トンとされていた。

c311-2  一致率 80.0%
   台本: 実際の威力は、1500万トンにのぼった。
   送信: 実際の威力は、せんごひゃくまんトンにのぼった。   ← EL_YOMI で書き換えた文
   聞取: 実際の威力は千五百万トンに上った。

c313-2  一致率 80.0%
   台本: 実験の4か月あまりのち、研究所の担当者は、国の委員会でこう説明した。
   送信: 実験のよんかげつあまりのち、研究所の担当者は、国の委員会でこう説明した。   ← EL_YOMI で書き換えた文
   聞取: 事件の四ヶ月余り後、研究所の担当者は国の委員会でこう説明した。

c416-1  一致率 80.0%
   台本: このとき、ひとつ手が加えられている。
   聞取: この時、一つ手が加えられている。

c616-2  一致率 80.0%
   台本: 記録のひとつでは、爆心から東へ、およそ120キロの地点である。
   送信: 記録のひとつでは、爆心から東へ、およそひゃくにじゅっキロの地点である。   ← EL_YOMI で書き換えた文
   聞取: 記録の一つでは、バクシンから東へおよそ百二十キロの地点である。

c420-1  一致率 81.1%
   台本: このころ艦隊は、すでに環礁の外へ出ていた。
   聞取: この頃艦隊はすでに干渉の外へ出ていた。

c702-1  一致率 81.2%
   台本: 灰が降りはじめたのは、午後2時半ごろ。
   送信: 灰が降りはじめたのは、午後 にじはんごろ。   ← EL_YOMI で書き換えた文
   聞取: 灰が降り始めたのは午後二時半頃。

c909-3  一致率 81.4%
   台本: その後は増えはじめたが、76日目でもふつうの値には届かなかった。
   送信: その後は増えはじめたが、ななじゅうろくにちめでもふつうの値には届かなかった。   ← EL_YOMI で書き換えた文
   聞取: そのガとは増え始めたが、七十六日目でも普通の値には届かなかった。

c720-2  一致率 81.5%
   台本: 爆発から、まる2日がたっていた。
   送信: 爆発から、まるふつかがたっていた。   ← EL_YOMI で書き換えた文
   聞取: 爆発から丸二日が経っていた。

c203-1  一致率 81.8%
   台本: 水素爆弾は、しくみが違う。
   聞取: 水素爆弾は仕組みが違う。

c815-1  一致率 82.1%
   台本: ブラボーのあと、危険区域は大きく広げられた。
   聞取: ブラボーの後、被験区域は大きく広げられた。

c601-1  一致率 82.8%
   台本: 話を、1か月あまり前の日本へ戻す。
   送信: 話を、いっかげつあまり前の日本へ戻す。   ← EL_YOMI で書き換えた文
   聞取: 話を一ヶ月余り前の日本へ戻す。

c909-2  一致率 82.9%
   台本: いちばん少なくなったのは、25日目から30日目。
   送信: いちばん少なくなったのは、にじゅうごにちめからさんじゅうにちめ。   ← EL_YOMI で書き換えた文
   聞取: 一番少なくなったのは二十五日目から三十日目。

c102-2  一致率 83.0%
   台本: いちばんありそうとされた600万トンと比べると、2.5倍になる。
   送信: いちばんありそうとされたろっぴゃくまんトンと比べると、にてんごばいになる。   ← EL_YOMI で書き換えた文
   聞取: 一番ありそうとされた六百万トンと比べると二点五倍になる

c914-3  一致率 83.0%
   台本: 威力が外れた理由も、70年あまりたったいまも定まっていない。
   送信: 威力が外れた理由も、ななじゅうねんあまりたったいまも定まっていない。   ← EL_YOMI で書き換えた文
   聞取: 威力が外れた理由も七十年余り経った今も定まっていない。

c102-1  一致率 83.3%
   台本: 爆発は、広島の原爆のおよそ1000倍。TNT火薬に直して1500万トンぶん。
   送信: 爆発は、広島の原爆のおよそせんばい。TNT火薬に直してせんごひゃくまんトンぶん。   ← EL_YOMI で書き換えた文
   聞取: 爆発は広島の原爆のおよそ千倍。TNT火薬に直して千五百万トン分。

c205-2  一致率 83.3%
   台本: 威力は、TNT火薬に直して1040万トンぶん。
   送信: 威力は、TNT火薬に直してせんよんじゅうまんトンぶん。   ← EL_YOMI で書き換えた文
   聞取: 威力はTNT火薬に直して千四十万トン分

c814-1  一致率 83.3%
   台本: その記録では、光を見た所は区域の外へ30キロあまり、灰を浴びた所はさらに外。
   送信: その記録では、光を見た所は区域の外へさんじゅっキロあまり、灰を浴びた所はさらに外。   ← EL_YOMI で書き換えた文
   聞取: その記録では、光を見たところは区域の外へ三十キロ余り、灰を浴びたところはさらに外。

c421-3  一致率 83.6%
   台本: 指令所は、爆心から、環礁の内側の海をはさんだ向こう岸にあった。
   聞取: 司令所は爆心から干潮の内側の海を挟んだ向こう岸にあった。

c608-2  一致率 83.6%
   台本: 光の方角には、きのこの形の雲が立ちのぼり、空に広がっていった。
   聞取: 光の方角にはキノコの形の雲が立ち上り、空に広がっていった。

c203-2  一致率 83.9%
   台本: 水素のなかまの軽い原子どうしをくっつけて、さらに大きな力を取り出す。
   聞取: 水素の仲間の軽い原子同士をくっつけて、さらに大きな力を取り出す。

c815-2  一致率 84.0%
   台本: 実験場のあたりを中心にした、半径833キロの扇形である。
   送信: 実験場のあたりを中心にした、半径 はっぴゃくさんじゅうさんキロのおうぎがたである。   ← EL_YOMI で書き換えた文
   聞取: 県庁の辺りを中心にした半径八百三十三キロの扇形である。

c421-1  一致率 84.4%
   台本: 班は準備を終えると、エニュー島の指令所へ移った。
   聞取: ハンは準備を終えると、エニュ島島の司令所へ移った。

c409-2  一致率 84.8%
   台本: 予報：人の住む島々に、大きな降灰なし
   送信: 予報：人の住む島々に、大きなこうはいなし   ← EL_YOMI で書き換えた文
   聞取: 予報。人の住む島々に大きな荒廃なし。

c511-1  一致率 84.8%
   台本: 10分後、雲の幅は100キロを超えていた。
   送信: じゅっぷんご、雲の幅はひゃっキロを超えていた。   ← EL_YOMI で書き換えた文
   聞取: 十分後、雲の幅は百キロを超えていた。

c504-1  一致率 85.7%
   台本: 放たれた力は、TNT火薬に直して1500万トンぶん。
   送信: 放たれた力は、TNT火薬に直してせんごひゃくまんトンぶん。   ← EL_YOMI で書き換えた文
   聞取: 放たれた力はTNT火薬に直して千五百万トン分

c624-2  一致率 85.7%
   台本: 出港から、51日後のことである。
   送信: 出港から、ごじゅういちにちごのことである。   ← EL_YOMI で書き換えた文
   聞取: 事故から五十一日後のことである。

c720-3  一致率 85.7%
   台本: 近くの環礁で漁をしていた18人も、あとから駆逐艦に乗せられた。
   送信: 近くの環礁で漁をしていたじゅうはちにんも、あとから駆逐艦に乗せられた。   ← EL_YOMI で書き換えた文
   聞取: 近くの干潮で漁をしていた十八人も後から駆逐艦に乗せられた。

c804-1  一致率 85.7%
   台本: 残る乗組員も、3月の下旬に東京へ移された。
   送信: 残る乗組員も、さんがつの下旬に東京へ移された。   ← EL_YOMI で書き換えた文
   聞取: 残る乗組員もファッタ7月の下旬に東京へ移された。

c908-2  一致率 86.2%
   台本: 皮膚には、まだらに黒ずんだ傷ができ、じくじくとただれる人もいた。
   聞取: 皮膚にはまだらに黒ずんだ傷ができ、ジクジクとただれる人もいた。

c310-2  一致率 86.3%
   台本: 予想の幅は、TNT火薬に直して400万トンから800万トンぶん。
   送信: 予想の幅は、TNT火薬に直してよんひゃくまんトンから はっぴゃくまんトンぶん。   ← EL_YOMI で書き換えた文
   聞取: 予想の幅はTNT火薬に直して四百万トンから八百万トン分

c713-2  一致率 86.4%
   台本: 針は午後2時50分から、振り切れたままだという。
   送信: 針は午後 にじごじゅっぷんから、振り切れたままだという。   ← EL_YOMI で書き換えた文
   聞取: パリは午後二時五十分から降り切れたままだという。

c212-2  一致率 86.7%
   台本: サンゴの小さな島が輪のようにつらなる、「環礁」という地形の島々である。
   聞取: 珊瑚の小さな島が輪のように連なる環礁という地形の島々である。

c612-2  一致率 86.7%
   台本: アメリカの艦隊に降ったのと同じ、ざらざらした雪のような灰である。
   聞取: アメリカの艦隊に降ったのと同じザラザラした雪のような灰である。

c602-1  一致率 86.8%
   台本: 第五福竜丸。長さ30メートルほどの、木で造られた漁船である。
   送信: 第五福竜丸。長ささんじゅうメートルほどの、木で造られた漁船である。   ← EL_YOMI で書き換えた文
   聞取: 第五幅。龍丸。長さ三十メートルほどの木で作られた漁船である。

c619-2  一致率 86.8%
   台本: この点は、のちに日本とアメリカのあいだで食い違うことになる。
   聞取: この点は後に日本とアメリカの間で食い違うことになる。

c504-2  一致率 87.0%
   台本: アメリカが行った核実験で、いちばん大きな爆発である。
   聞取: アメリカが行った核実験で一番大きな爆発である。

c106-2  一致率 87.1%
   台本: 灰を浴びた乗組員は、1週間ほどで、やけどのような痛みに苦しみはじめた。
   送信: 灰を浴びた乗組員は、いっしゅうかんほどで、やけどのような痛みに苦しみはじめた。   ← EL_YOMI で書き換えた文
   聞取: 灰を浴びた乗組員は一週間ほどで火傷のような痛みに苦しみ始めた。

c214-2  一致率 87.2%
   台本: サンゴ礁の上に建てた、小さな建物の中である。
   聞取: 珊瑚礁の上に建てた小さな建物の中である

c418-1  一致率 87.2%
   台本: 放射線の安全を受けもつ係は、ひとつ提案した。
   聞取: 放射線の安全を受け持つ係は一つ提案した。

c904-1  一致率 87.3%
   台本: 部隊の中にも、灰で小さなやけどのような傷を負った兵士がいた。
   聞取: 部隊の中にも肺で小さな火傷のような傷を負った兵士がいた。

c216-2  一致率 87.5%
   台本: 作戦のあいだに浴びてよい量には、上限が決められていた。
   聞取: 作戦の間に浴びて良い量には上限が決められていた。

c312-2  一致率 87.5%
   台本: 予想の幅のいちばん上と比べても、2倍近い大きさである。
   送信: 予想の幅のいちばん上と比べても、にばい近い大きさである。   ← EL_YOMI で書き換えた文
   聞取: 予想の幅の一番上と比べても二倍近い大きさである。

c712-1  一致率 87.7%
   台本: それでも、あわてた様子は無い。次の追跡の飛行は、取りやめになった。
   聞取: それでも慌てた様子はない。次の追跡の飛行は取り止めになった。

c513-2  一致率 87.8%
   台本: 外の強さは、指令所の中の、およそ7000倍である。
   送信: 外の強さは、指令所の中の、およそななせんばいである。   ← EL_YOMI で書き換えた文
   聞取: 外の強さは司令所の中のおよそ七千倍である。

c707-1  一致率 87.8%
   台本: 島の兵士たちは、そのまま、ふだんの仕事を続けた。
   聞取: 島の兵士たちはそのまま普段の仕事を続けた。

c402-2  一致率 87.9%
   台本: ロンゲラップに64人、となりのアイリングナエに18人、ウトリックに157人。
   送信: ロンゲラップに ろくじゅうよにん、となりのアイリングナエに じゅうはちにん、ウトリックに ひゃくごじゅうななにん。   ← EL_YOMI で書き換えた文
   聞取: ロンゲラップに六十四人、隣のアイリングナイに十八人、ウトリックに百五十七人

c513-1  一致率 87.9%
   台本: 爆心から海をはさんだ、起爆の指令所のまわりでも、1時間で放射線が強まった。
   送信: 爆心から海をはさんだ、起爆の指令所のまわりでも、いちじかんで放射線が強まった。   ← EL_YOMI で書き換えた文
   聞取: 爆心から海を挟んだ被爆の指令所の周りでも、一時間で放射線が強まった。

c323-3  一致率 88.9%
   台本: 700万トンの別の回「ユニオン」の雲も、ブラボーと大差なく昇った。
   送信: ななひゃくまんトンの別の回「ユニオン」の雲も、ブラボーと大差なく昇った。   ← EL_YOMI で書き換えた文
   聞取: 七百万トンの別の階、ユニオンの雲もブラボーと大差なく上った。

c519-1  一致率 88.9%
   台本: 灰を運ぶ雲は、東へ流れていた。
   聞取: 愛を運ぶ雲は東へ流れていった。

c609-3  一致率 88.9%
   台本: 光を見てから、20分ほどあとのことである。
   送信: 光を見てから、にじゅっぷんほどあとのことである。   ← EL_YOMI で書き換えた文
   聞取: 光を見てから二十分ほど後のことである。

c613-2  一致率 88.9%
   台本: そのあとも乗組員は、甲板で、獲れた魚の処理を続けた。
   送信: そのあとも乗組員は、かんぱんで、獲れた魚の処理を続けた。   ← EL_YOMI で書き換えた文
   聞取: その後も乗組員は甲板で取れた魚の処理を続けた。

c715-2  一致率 88.9%
   台本: 日付が変わるころのことである。
   聞取: 日付が変わる頃のことである。

c918-2  一致率 88.9%
   台本: いまも、そこで見ることができる。
   聞取: 今もそこで見ることができる。

c209-1  一致率 89.4%
   台本: 作戦では、3月から5月までに、6回の爆発が行われた。
   送信: 作戦では、さんがつからごがつまでに、ろっかいの爆発が行われた。   ← EL_YOMI で書き換えた文
   聞取: 北朝鮮では三月から五月までに六回の爆発が行われた。

c406-2  一致率 89.4%
   台本: 1951年の、威力の小さな実験1回ぶんしか無かった。
   送信: せんきゅうひゃくごじゅういちねんの、威力の小さな実験いっかいぶんしか無かった。   ← EL_YOMI で書き換えた文
   聞取: 1951年の威力の小さな実験一回分しかなかった。

c414-1  一致率 89.4%
   台本: なかでも気になる風の向きを、報告書はこう書いている。
   聞取: 中でも気になる風の向きを報告書はこう書いていた。

c713-1  一致率 89.4%
   台本: 夜8時ごろ、ロンゲリックから2通目の知らせが届いた。
   送信: 夜 はちじごろ、ロンゲリックから につうめの知らせが届いた。   ← EL_YOMI で書き換えた文
   聞取: 夜八時頃、ドンゲリックから二通目の知らせが届いた。

c611-3  一致率 89.5%
   台本: 灰が降るあいだも、縄の引き上げは続いていた。
   聞取: 灰が降る間も縄の引き上げは続いていた。

c708-1  一致率 89.5%
   台本: 灰は、深いところで1センチほど積もった。
   送信: 灰は、深いところでいっセンチほど積もった。   ← EL_YOMI で書き換えた文
   聞取: 灰は深いところで一パーセントほど積もった。

c218-1  一致率 89.7%
   台本: 3月1日に試される装置は、ロスアラモス科学研究所が作った。
   送信: さんがつついたちに試される装置は、ロスアラモス科学研究所が作った。   ← EL_YOMI で書き換えた文
   聞取: 西さんが五月一日に試される装置はロスアラモス科学研究所が作った

c909-1  一致率 89.7%
   台本: 血を固める血小板は、減りつづけた。
   聞取: 血を固める血小板は減り続けた。

c105-1  一致率 89.8%
   台本: 船は、ビキニ環礁から東北東へ157キロの海の上にいた。
   送信: 船は、ビキニ環礁から東北東へひゃくごじゅうななキロの海の上にいた。   ← EL_YOMI で書き換えた文
   聞取: 船はビキニ環礁から東北高千穂百五十七キロの海の上にいた。

c514-1  一致率 89.8%
   台本: 午前8時、南東の海で待っていた艦隊に、灰が降りはじめた。
   送信: 午前 はちじ、南東の海で待っていた艦隊に、灰が降りはじめた。   ← EL_YOMI で書き換えた文
   聞取: 午前八時、南東の海で待っていた艦隊に灰が降り始める。

c620-3  一致率 89.8%
   台本: ほかの船が警告を受けた形跡も無い、と記録は書いている。
   聞取: 他の船が警告を受けた形跡もないと記録は書いている。

c112-2  一致率 89.9%
   台本: ビキニは日付変更線の西にあるので、アメリカ本土では、まだ2月28日だった。
   送信: ビキニは日付変更線の西にあるので、アメリカ本土では、まだ にがつ にじゅうはちにちだった。   ← EL_YOMI で書き換えた文
   聞取: 土肥沖には日付変更線の西にあるので、アメリカ本土ではまだ二月二十八日だった。

c210-1  一致率 90.2%
   台本: 6回のうち3回は、TNT火薬に直して1000万トンを超えた。
   送信: ろっかいのうちさんかいは、TNT火薬に直していっせんまんトンを超えた。   ← EL_YOMI で書き換えた文
   聞取: 六回のうち三回はPNT火薬に直して一千万トンを超えた。

c711-1  一致率 90.2%
   台本: 1982年の報告書は、この夜の司令部をこう書いている。
   送信: せんきゅうひゃくはちじゅうにねんの報告書は、この夜の司令部をこう書いている。   ← EL_YOMI で書き換えた文
   聞取: 1982年の報告書はこの世の司令部をこう書いています。

c403-2  一致率 90.3%
   台本: 部隊には、風の向きと、灰の落ちる先を予報する大きな班が置かれていた。
   聞取: 舞台には風の向きと灰の落ちる先を予報する大きな版が置かれていた。

c609-2  一致率 90.3%
   台本: 危ないと考え、縄を引き上げはじめた。
   聞取: 危ないと考え、縄を引き上げ始めた。

c615-1  一致率 90.3%
   台本: 灰が降りはじめたころ、アメリカの飛行機が、東北東の海で船を探していた。
   聞取: 灰が降り始めた頃、アメリカの飛行機が東北東の海で船を探していた。

c811-1  一致率 90.3%
   台本: 委員長は、その話をもとに、こう述べた。
   聞取: 委員長はその話を元にこう述べた。

c903-3  一致率 90.3%
   台本: 調べ直しは、4月のはじめまで続いた。
   送信: 調べ直しは、しがつのはじめまで続いた。   ← EL_YOMI で書き換えた文
   聞取: 調べ直しは四月の初めまで続いた。

c215-2  一致率 90.5%
   台本: 国防総省の実験だけで、29の計画が動いていた。
   送信: 国防総省の実験だけで、にじゅうきゅうの計画が動いていた。   ← EL_YOMI で書き換えた文
   聞取: 北凡総省の実験だけで二十九の計画が動いていた。

c505-2  一致率 90.5%
   台本: 20階建てのビルが、ほぼ沈んでしまう深さである。
   送信: にじゅっかいだてのビルが、ほぼ沈んでしまう深さである。   ← EL_YOMI で書き換えた文
   聞取: 二十階建てのビルがほぼ沈んでしまう深さです。

c519-2  一致率 90.5%
   台本: 雲の幅は、およそ160キロあったとみられている。
   送信: 雲の幅は、およそひゃくろくじゅっキロあったとみられている。   ← EL_YOMI で書き換えた文
   聞取: 雲の幅はおよそ百六十キロあったと見られている。

c107-2  一致率 90.9%
   台本: 40歳だった。
   送信: よんじゅっさいだった。   ← EL_YOMI で書き換えた文
   聞取: 四十歳だった。

c205-3  一致率 90.9%
   台本: 場所は、マーシャル諸島のエニウェトク環礁だった。
   聞取: 場所はマーシャル諸島のエニウェト区間礁だった。

c209-2  一致率 90.9%
   台本: 5回がビキニ環礁、1回がエニウェトク環礁である。
   送信: ごかいがビキニ環礁、いっかいがエニウェトク環礁である。   ← EL_YOMI で書き換えた文
   聞取: 五階がビキニ環礁、一階がエニウェトク環礁である。

c318-2  一致率 90.9%
   台本: 当時からの説明と、2024年の論文とが、食い違ったままである。
   送信: 当時からの説明と、にせんにじゅうよねんの論文とが、食い違ったままである。   ← EL_YOMI で書き換えた文
   聞取: 教授からの説明と二千二十四年の論文とが食い違ったままである。

c607-1  一致率 90.9%
   台本: 西南西の空に、赤く明るい光が見えた。
   聞取: 西南、獅子の空に赤く明るい光が見えた。

c623-2  一致率 90.9%
   台本: 灰のついた鉢巻きを巻いていた所も、同じだった。
   聞取: 灰のついた鉢巻きを巻いていたところも同じだった。

c704-2  一致率 90.9%
   台本: 記録計の針が、振り切れた
   聞取: 記録系の針が振り切れた。

c709-1  一致率 90.9%
   台本: 兵士たちは、灰を顕微鏡でのぞいてみた。
   聞取: 兵士たちは灰を顕微鏡で覗いてみた。

c819-3  一致率 91.2%
   台本: 当時のお金で7億2千万円。その6割あまりは、マグロの値下がりの損害に充てられた。
   送信: 当時のお金でななおく にせんまんえん。そのろくわりあまりは、マグロの値下がりの損害に充てられた。   ← EL_YOMI で書き換えた文
   聞取: 当時のお金でな、 億二千万。その六割余りはマグロの値下がりの損害に充てられた。

c204-1  一致率 91.2%
   台本: ただ、原子どうしをくっつけるには、とてつもない温度と圧力がいる。
   聞取: ただ、原子同士をくっつけるにはとてつもない温度と圧力がいる。

c610-2  一致率 91.2%
   台本: エンジン番の数人のほかは、ほぼ全員が、甲板と操舵室で働いていた。
   送信: エンジン番の数人のほかは、ほぼ全員が、かんぱんと操舵室で働いていた。   ← EL_YOMI で書き換えた文
   聞取: エンジン班の数人の他はほぼ全員が甲板と操舵室で働いていた。

c721-3  一致率 91.2%
   台本: 避難した人たちは、船の上とクェゼリンで、体の灰を洗い落とされた。
   聞取: 避難した人たちは船の上とケズリンで体の灰を洗い落とされた。

c606-1  一致率 91.3%
   台本: 場所は、ビキニ環礁から東北東へ157キロの海の上。
   送信: 場所は、ビキニ環礁から東北東へひゃくごじゅうななキロの海の上。   ← EL_YOMI で書き換えた文
   聞取: 場所はビキニ環礁から東北東へ 157km の海の上。

c803-2  一致率 91.3%
   台本: ビキニの灰の話は、ここから日本じゅうに知られていく。
   聞取: ビキニの灰の話はここから日本中に知られていく。

c105-3  一致率 91.4%
   台本: 数時間後、船の上に白い灰が降りはじめた。
   聞取: 数時間後、船の上に白い灰が降り始めた。

c109-3  一致率 91.4%
   台本: ふたつ。何が、灰を人の住む島へ運んだのか。
   聞取: 二つ、何が灰を人の住む島へ運んだのか。

c605-2  一致率 91.4%
   台本: エンジンを止め、潮の流れにまかせていた。
   聞取: エンジンを止め、潮の流れに任せていた。

c613-3  一致率 91.4%
   台本: 灰は、日本の時計で昼ごろまで降り続けた
   聞取: 灰は日本の時計で昼頃まで降り続けた。

c901-1  一致率 91.4%
   台本: ブラボーのあとも、作戦は止まらなかった。
   聞取: ブラボーの後も作戦は止まらなかった。

c401-1  一致率 91.7%
   台本: 話を、撃つ前の数日間に戻す。
   聞取: 話を打つ前の数日間に戻す。

c516-2  一致率 91.7%
   台本: ビキニから93キロの所まで、全速力で南へ下がった。
   送信: ビキニからきゅうじゅうさんキロの所まで、全速力で南へ下がった。   ← EL_YOMI で書き換えた文
   聞取: ビキニから九十三キロのところまで全速力で南へ下がった。

c906-1  一致率 91.7%
   台本: 島の人々を診た医師団の報告書には、こう書かれている。
   聞取: 島の人々を見た医師団の報告書にはこう書かれていた。

c915-3  一致率 91.7%
   台本: 2013年の報告書が挙げるのは、予報が十分に見込まなかった、高く昇った雲の灰だ。
   送信: にせんじゅうさんねんの報告書が挙げるのは、予報がじゅうぶんに見込まなかった、高く昇った雲の灰だ。   ← EL_YOMI で書き換えた文
   聞取: 二〇一三年の報告書が挙げるのは、予報が十分に見込まなかった高く登った雲の配置

c305-2  一致率 91.8%
   台本: 爆弾の中で燃料をつくるには、このリチウム6が要ると考えられていた。
   送信: 爆弾の中で燃料をつくるには、このリチウムろくが要ると考えられていた。   ← EL_YOMI で書き換えた文
   聞取: 爆弾の中で燃料を作るにはこのリチウム六がいると考えられていた。

c420-2  一致率 91.8%
   台本: 装置のそばに残ったのは、起爆の準備をする班と、その警備だけである。
   聞取: 操縦士のそばに残ったのは起爆の準備をする班とその警備だけである。

c623-3  一致率 91.8%
   台本: 日本政府の記録は、「やけどのように見える、痛みのある炎症」と書いている。
   聞取: 日本政府の記録は火傷のように見える痛みのある炎症と書いている。

c414-2  一致率 91.9%
   台本: 高さ6キロの風が、ロンゲラップへ向かう
   送信: 高さろっキロの風が、ロンゲラップへ向かう   ← EL_YOMI で書き換えた文
   聞取: 高さ六パキロの風がドンゲラップへ向かう。

c308-1  一致率 92.1%
   台本: 報告書は、この装置を、兵器そのものではないとしたうえで、こう書いている。
   聞取: 申告書はこの装置を兵器そのものではないとした上で、こう書いている。

c211-1  一致率 92.3%
   台本: 実験を行ったのは、軍と、核兵器を受けもつ国の原子力委員会がつくった部隊。
   聞取: 実験を行ったのは軍と核兵器を受け持つ国の原子力委員会が作った部隊。

c320-2  一致率 92.3%
   台本: 研究所は、起きるとは見ないが備える上限を、1500万トン規模と計算していた。
   送信: 研究所は、起きるとは見ないが備える上限を、せんごひゃくまんトン規模と計算していた。   ← EL_YOMI で書き換えた文
   聞取: 研究所は起きるとはみないが、備える上限を千五百万トン規模と計算していた。

c413-2  一致率 92.3%
   台本: 悪くなったのは、高さ3キロから7.5キロあたりの風である。
   送信: 悪くなったのは、高ささんキロからななてんごキロあたりの風である。   ← EL_YOMI で書き換えた文
   聞取: 悪くなったのは高さ三キロから七点五キロ辺りの風である。

c507-2  一致率 92.3%
   台本: 20キロあまり離れた無人のキャンプの建物も、大きく壊した。
   送信: にじゅっキロあまり離れた無人のキャンプの建物も、大きく壊した。   ← EL_YOMI で書き換えた文
   聞取: 二十キロ余り離れた無人のキャンプの建物も大きく壊した。

c518-2  一致率 92.3%
   台本: 昼の12時半。爆発から、6時間近くたっていた。
   送信: 昼のじゅうにじはん。爆発から、ろくじかん近くたっていた。   ← EL_YOMI で書き換えた文
   聞取: 昼の十二時半、爆発から六時間近く経っていた。

c704-1  一致率 92.3%
   台本: 午後2時50分。
   送信: 午後 にじごじゅっぷん。   ← EL_YOMI で書き換えた文
   聞取: 午後二時五十分。

c813-2  一致率 92.3%
   台本: 日本側：船は危険区域の外にいたとみられる
   聞取: 日本側。船は危険区域の外にいたと見られる。

c816-2  一致率 92.3%
   台本: 久保山さんは、東京の病院で治療を受け続けた。
   聞取: 坪山さんは東京の病院で治療を受け続けた。

c910-2  一致率 92.3%
   台本: 長く続く害は無い、と見ていた。
   聞取: 長く続く害はないと見ていた。

c603-2  一致率 92.5%
   台本: 長い縄にたくさんの釣り針を下げて海に流し、あとで巻き上げてマグロをとる。
   聞取: 長い縄にたくさんの釣り針を下げて海に流し、後で巻き上げてマグロを捕る。

c219-1  一致率 92.6%
   台本: この装置は、それまでの水爆とは、燃料の形がまったく違っていた。
   聞取: この装置はそれまでの水爆とは燃料の形が全く違っていた。

c404-2  一致率 92.6%
   台本: 班は、高さごとの風を重ね合わせて、灰の落ちる先を予想した。
   聞取: ファンは高さごとの風を重ね合わせて灰の落ちる先を予想した。

c517-1  一致率 92.6%
   台本: 空母では、甲板の排水口に灰がたまり、強い放射線を出していた。
   送信: 空母では、かんぱんの排水口に灰がたまり、強い放射線を出していた。   ← EL_YOMI で書き換えた文
   聞取: 空母では甲板の排水溝に灰が溜まり、強い放射線を出していた。

c208-1  一致率 92.7%
   台本: 次のねらいは、飛行機に積んで運べる水爆である。
   聞取: 次の狙いは飛行機に積んで運べる水爆である。

c417-2  一致率 92.9%
   台本: 風に大きな変化は無い、とされた。
   聞取: 風に大きな変化はないとされた。

c505-1  一致率 92.9%
   台本: サンゴ礁には、幅1.6キロ、深さ60メートルを超える穴があいた。
   送信: サンゴ礁には、幅いってんろくキロ、深さろくじゅうメートルを超える穴があいた。   ← EL_YOMI で書き換えた文
   聞取: サンゴ礁には幅一点六キロ、深さ六十メートルを超える穴が開いた。

c513-3  一致率 92.9%
   台本: 中にいた班は、壁に守られていた。
   聞取: 中にいた藩は壁に守られていた。

c408-2  一致率 93.0%
   台本: 通りがかりの船がいないかを、確かめるためである。
   聞取: 通りがかりの船がいないかを確かめるためです。

c702-3  一致率 93.0%
   台本: あとの計算では、ロンゲラップより2時間近く遅い。
   送信: あとの計算では、ロンゲラップより にじかん近く遅い。   ← EL_YOMI で書き換えた文
   聞取: 後の計算ではロンゲラップより二時間近く遅い。

c109-2  一致率 93.3%
   台本: ひとつ。見込みを超えた威力が、灰を島に降らせたのか。
   聞取: 一つ、見込みを超えた威力が灰を島に降らせたのか。

c323-2  一致率 93.3%
   台本: 雲の高さと形は、威力にあまり左右されないからだ。
   聞取: 雲の高さと形は威力にあまり左右されないからです。

c506-2  一致率 93.3%
   台本: 放射能を帯びたこの粉が、あとで降ってくる灰になる。
   聞取: 放射能を帯びたこの粉が後で降ってくる灰になる。

c507-1  一致率 93.3%
   台本: 爆風は近くの島々の木をはぎ取り、
   聞取: 爆風は近くの島々の木を剥ぎ取り

c613-1  一致率 93.3%
   台本: 縄を引き上げはじめてから終えるまで、およそ6時間。
   送信: 縄を引き上げはじめてから終えるまで、およそろくじかん。   ← EL_YOMI で書き換えた文
   聞取: 縄を引き上げ始めてから終えるまで、およそ六時間。

c108-2  一致率 93.5%
   台本: 東の島々でも、住民239人とアメリカ兵28人が、灰の放射線を浴びた。
   送信: 東の島々でも、住民 にひゃくさんじゅうきゅうにんとアメリカ兵 にじゅうはちにんが、灰の放射線を浴びた。   ← EL_YOMI で書き換えた文
   聞取: 東の島々でも住民に百三十九人とアメリカ兵二十八人が肺の放射線を浴びた。

c806-2  一致率 93.5%
   台本: 船と魚を調べるためである。検査は、その年の12月の終わりまで続いた。
   送信: 船と魚を調べるためである。検査は、その年のじゅうにがつの終わりまで続いた。   ← EL_YOMI で書き換えた文
   聞取: 骨と魚を調べるためである。検査はその年の十二、二月の終わりまで続いた。

c410-1  一致率 93.6%
   台本: 風の見通しが変わりはじめたのは、その日の夕方である。
   聞取: 風の見通しが変わり始めたのは、その日の夕方である。

c416-3  一致率 93.6%
   台本: およそ1100キロ先まで、海を見てまわる飛行である。
   送信: およそせんひゃくキロ先まで、海を見てまわる飛行である。   ← EL_YOMI で書き換えた文
   聞取: およそ1100キロ先まで海を見て回る飛行である。

c422-3  一致率 93.6%
   台本: 話を戻す。夜明け前、予定どおり午前6時45分を迎える。
   送信: 話を戻す。夜明け前、予定どおり午前ろくじよんじゅうごふんを迎える。   ← EL_YOMI で書き換えた文
   聞取: 話を戻す。夜明け前、予定通り午前六時四十五分を迎える。

c204-2  一致率 93.8%
   台本: その火つけ役に使うのが、原子爆弾だ。
   聞取: その火付け役に使うのが原子爆弾だ。

c215-1  一致率 93.9%
   台本: まわりの島々には、爆風や放射線を測る機械が並べられた。
   聞取: 周りの島々には爆風や放射線を測る機械が並べられた。

c502-2  一致率 93.9%
   台本: 歩いて1時間かかる道のりが、まるごと入る大きさである。
   送信: 歩いていちじかんかかる道のりが、まるごと入る大きさである。   ← EL_YOMI で書き換えた文
   聞取: 歩いて一時間かかる道のりが丸ごと入る大きさである。

c903-1  一致率 93.9%
   台本: 爆発のあと、船で島々を回り、残った放射線が調べ直された。
   聞取: 爆発の後、船で島々を回り、残った放射線が調べ直された。

c712-2  一致率 93.9%
   台本: 前の水爆実験では、灰のほとんどを追えなかったが、何も起きなかったからだ。
   聞取: 前の水爆実験では肺のほとんどを覆えなかったが、何も起きなかったからだ。

c401-2  一致率 94.1%
   台本: 実験場のまわりには、アメリカが定めた警戒の区域があった。
   聞取: 実験場の周りにはアメリカが定めた警戒の区域があった。

c407-3  一致率 94.1%
   台本: 部隊はこれを、都合のよい風と見ていた。
   聞取: 部隊はこれを都合の良い風と見ていた。

c617-1  一致率 94.1%
   台本: アメリカの原子力委員会の委員長は、のちにこう述べている。
   聞取: アメリカの原子力委員会の委員長は後にこう述べている。

c908-1  一致率 94.1%
   台本: 2週間ほどたつと、髪が抜ける人が出た。
   送信: にしゅうかんほどたつと、髪が抜ける人が出た。   ← EL_YOMI で書き換えた文
   聞取: 二週間ほど経つと髪が抜ける人が出た。

c818-3  一致率 94.3%
   台本: アメリカ政府の内部の電報や、日本の医師の一部は、輸血による肝炎を疑っていた。
   聞取: アメリカ政府の内部の電報や日本の医師の一部は、輸血による甘言を疑っていた。

c916-2  一致率 94.3%
   台本: 実験を支えたアメリカ兵の一部に、外国の漁師に、そしてマーシャル諸島の人々に。
   聞取: 復権を支えたアメリカ兵の一部に、外国の漁師に、そしてマーシャル諸島の人々に

c319-2  一致率 94.3%
   台本: 1500万トンという威力は、誰も考えていなかった、というものだ。
   送信: せんごひゃくまんトンという威力は、誰も考えていなかった、というものだ。   ← EL_YOMI で書き換えた文
   聞取: 千五百万トンという威力は誰も考えていなかったというものだ。

c212-1  一致率 94.4%
   台本: 実験場は、太平洋のマーシャル諸島にある。
   聞取: 実験所は太平洋のマーシャル諸島にある。

c317-2  一致率 94.4%
   台本: リチウム7の見込み違い説は、誤りである
   送信: リチウムななの見込み違い説は、誤りである   ← EL_YOMI で書き換えた文
   聞取: ビチウム七の見込み違い説は誤りである。

c718-1  一致率 94.4%
   台本: 飛行機は、昼すぎに8人を乗せて飛び立ち、
   送信: 飛行機は、昼すぎに はちにんを乗せて飛び立ち、   ← EL_YOMI で書き換えた文
   聞取: 飛行機は昼過ぎに八人を乗せて飛び立ち

c322-1  一致率 94.5%
   台本: では、威力が作った側の予定どおりだったら、島は無事だったのか。
   聞取: では、威力が作った側の予定通りだったら、島は無事だったのか？

c907-2  一致率 94.5%
   台本: 目や皮膚が焼けるようにかゆい、という人も、4人に1人を超えた。
   送信: 目や皮膚が焼けるようにかゆい、という人も、よにんにひとりを超えた。   ← EL_YOMI で書き換えた文
   聞取: 目や皮膚が焼けるように痒いという人も四人に一人を超えた。

c323-1  一致率 94.7%
   台本: 1500万トンの威力は、事態をさらに悪くしただけだ、と報告書は言う。
   送信: せんごひゃくまんトンの威力は、事態をさらに悪くしただけだ、と報告書は言う。   ← EL_YOMI で書き換えた文
   聞取: 千五百万トンの威力は事態をさらに悪くしただけだ、と報告書は言う。

c402-1  一致率 94.7%
   台本: 区域の東の外側には、人の住む島々があった。
   聞取: 陸域の東の外側には人の住む島々があった。

c512-1  一致率 94.7%
   台本: およそ30分後、雲を撮る飛行機から、何かが落ちてくるのが見えた。
   送信: およそさんじゅっぷんご、雲を撮る飛行機から、何かが落ちてくるのが見えた。   ← EL_YOMI で書き換えた文
   聞取: およそ三分後、雲を取る飛行機から何かが落ちてくるのが見えた。

c610-3  一致率 94.7%
   台本: 船は、ゆっくり進んでは止まる、をくり返した。
   聞取: 船はゆっくり進んでは止まるを繰り返した。

c625-1  一致率 94.7%
   台本: のちに委員長は、乗組員を十分に診察させてもらえていない、と述べた。
   送信: のちに委員長は、乗組員をじゅうぶんに診察させてもらえていない、と述べた。   ← EL_YOMI で書き換えた文
   聞取: 後に委員長は乗組員を十分に診察させてもらえていないと述べた。

c805-2  一致率 94.7%
   台本: 第五福竜丸が持ち帰ったマグロからも、放射能が見つかっていた。
   聞取: バイ五福。竜丸が持ち帰ったマグロからも放射能が見つかっていた。

c913-2  一致率 94.7%
   台本: ロンゲラップの住民は、1957年に戻った
   送信: ロンゲラップの住民は、せんきゅうひゃくごじゅうななねんに戻った   ← EL_YOMI で書き換えた文
   聞取: ドンゲラップの住民は1957年に戻った。

c412-3  一致率 94.9%
   台本: 雲の行方を見張る飛行機は、爆発の2時間後に飛ぶ手はずになった。
   送信: 雲の行方を見張る飛行機は、爆発の にじかんごに飛ぶ手はずになった。   ← EL_YOMI で書き換えた文
   聞取: 山野の行方を見張る飛行機は爆発の二時間後に飛ぶ手はずになった。

c611-1  一致率 94.9%
   台本: 日本政府の記録では、光からおよそ3時間後、甲板に灰が降りはじめた。
   送信: 日本政府の記録では、光からおよそさんじかんご、かんぱんに灰が降りはじめた。   ← EL_YOMI で書き換えた文
   聞取: 日本政府の記録では、光からおよそ三時間後、甲板に灰が降り始めた。

c608-1  一致率 95.0%
   台本: 7、8分たって、爆発の音が2回、続けて聞こえた。
   送信: なな、はっぷんたって、爆発の音が にかい、続けて聞こえた。   ← EL_YOMI で書き換えた文
   聞取: 七、八分経って、爆発の音が二回続けて聞こえた。

c717-2  一致率 95.0%
   台本: 8人は、名字のアルファベット順に決められた。
   送信: はちにんは、名字のアルファベット順に決められた。   ← EL_YOMI で書き換えた文
   聞取: 八人は苗字のアルファベット順に決められた。

c416-2  一致率 95.1%
   台本: 爆発の当日、東北東の海へ、船を探す飛行機を追加で飛ばすことにした。
   聞取: 爆発の当日、東北たちの海へ船を探す飛行機を追加で飛ばすことにした。

c510-1  一致率 95.2%
   台本: 漁船に音が届いたのは、光から7、8分たってから。
   送信: 漁船に音が届いたのは、光からなな、はっぷんたってから。   ← EL_YOMI で書き換えた文
   聞取: 漁船に音が届いたのは光から七、八分経ってから。

c719-1  一致率 95.2%
   台本: 同じ2日の午後、見回りの飛行機が、ロンゲラップで強い放射線をとらえた。
   送信: 同じふつかの午後、見回りの飛行機が、ロンゲラップで強い放射線をとらえた。   ← EL_YOMI で書き換えた文
   聞取: 同じ二日の午後、見回りの飛行機がロンゲラップで強い放射線を捉えた。

c422-1  一致率 95.4%
   台本: のちにこの夜は、「風が島へ向かうと知りながら撃った」と語られるようになる。
   聞取: 後にこの夜は風が島へ向かうと知りながら撃ったと語られるようになる。

c206-2  一致率 95.5%
   台本: 冷やす設備も要り、装置は3階建ての建物を占めた。
   送信: 冷やす設備も要り、装置はさんがいだての建物を占めた。   ← EL_YOMI で書き換えた文
   聞取: 冷やす設備も入り、装置は三階建ての建物を占めた。

c503-1  一致率 95.5%
   台本: 火の玉は1分のうちに、高さ13.7キロまで昇った。
   送信: 火の玉は いっぷんのうちに、高さじゅうさんてんななキロまで昇った。   ← EL_YOMI で書き換えた文
   聞取: 火の玉は一分のうちに高さ13.7キロまで登った。

c620-1  一致率 95.5%
   台本: 日本政府の記録では、船が警告を受けた形跡は無い。
   聞取: 日本政府の記録では、船が警告を受けた形跡はない。

c422-2  一致率 95.5%
   台本: だが2013年の報告書は、高さ6キロの風は島の灰に直接関わらないとする。
   送信: だが にせんじゅうさんねんの報告書は、高さろっキロの風は島の灰に直接関わらないとする。   ← EL_YOMI で書き換えた文
   聞取: だが、二千十三年の報告書は高さ六パキロの風は島の灰に直接関わらないとする。

c519-3  一致率 95.7%
   台本: 艦隊には、昼すぎから夜にかけて、2度目の灰も降った。
   送信: 艦隊には、昼すぎから夜にかけて、にどめの灰も降った。   ← EL_YOMI で書き換えた文
   聞取: 艦隊には昼過ぎから夜にかけて二度目の灰も降った。

c621-2  一致率 95.7%
   台本: 帰り着くまで、12日かかる。
   送信: 帰り着くまで、じゅうににちかかる。   ← EL_YOMI で書き換えた文
   聞取: 帰り着くまで十二日かかる。

c721-2  一致率 95.7%
   台本: 4日には、ウトリック環礁の157人も島を離れ、住民239人の避難が終わった。
   送信: よっかには、ウトリック環礁のひゃくごじゅうななにんも島を離れ、住民 にひゃくさんじゅうきゅうにんの避難が終わった。   ← EL_YOMI で書き換えた文
   聞取: 四日にはウトリック環礁の百五十七人も島を離れ、住民に百三十九人の避難が終わった。

c808-2  一致率 95.7%
   台本: これはブラボー1回ではなく、3月から5月までの6回の実験のあとの数である。
   送信: これはブラボーいっかいではなく、さんがつからごがつまでのろっかいの実験のあとの数である。   ← EL_YOMI で書き換えた文
   聞取: これはブラボー一回ではなく、三月から五月までの六回の実験の後の数である。

c218-2  一致率 95.8%
   台本: 天気の条件がよければ、その日に爆発させる予定だった。
   聞取: 天気の条件が良ければ、その日に爆発させる予定だった。

c622-1  一致率 95.8%
   台本: 灰を浴びてから2、3日のうちに、全員が軽い頭痛を感じ、
   送信: 灰を浴びてから に、さんにちのうちに、全員が軽い頭痛を感じ、   ← EL_YOMI で書き換えた文
   聞取: 愛を浴びてから二、三日のうちに全員が軽い頭痛を感じ

c903-2  一致率 95.8%
   台本: ロンゲラップに上がる人たちは、靴に覆いを巻いていた。
   聞取: ノンゲラップに上がる人たちは靴に覆いを巻いていた。

c510-3  一致率 96.0%
   台本: 東へ250キロの島では、11分後に建物の窓が揺れている。
   送信: 東へ にひゃくごじゅっキロの島では、じゅういっぷんごに建物の窓が揺れている。   ← EL_YOMI で書き換えた文
   聞取: 東へ二百五十キロの島では、十一分後に建物の窓が揺れている。

c701-2  一致率 96.0%
   台本: ここではアメリカ兵28人が、天気などの観測をしていた。
   送信: ここではアメリカ兵 にじゅうはちにんが、天気などの観測をしていた。   ← EL_YOMI で書き換えた文
   聞取: ここではアメリカ兵に十八人が天気などの観測をしていた。

c917-1  一致率 96.0%
   台本: 第五福竜丸は、その後、名前を変えて水産大学の船になった。
   聞取: 第五、福留丸はその後名前を変えて水産大学の船になった。

c314-2  一致率 96.2%
   台本: 速い中性子が当たれば、リチウム7からも三重水素ができる。
   送信: 速い中性子が当たれば、リチウムななからもさんじゅうすいそができる。   ← EL_YOMI で書き換えた文
   聞取: 早い中性子が当たればリチウム七からも三重水素ができる。

c402-3  一致率 96.2%
   台本: ロンゲリック環礁には、アメリカ兵28人の観測所があった。
   送信: ロンゲリック環礁には、アメリカ兵 にじゅうはちにんの観測所があった。   ← EL_YOMI で書き換えた文
   聞取: ロンゲリック環礁にはアメリカ兵に十八人の観測所があった

c517-2  一致率 96.2%
   台本: 換気を早く止めたので、灰の多くは船の中へ入らずにすんだ。
   聞取: 換気を早く止めたので、灰の多くは船の中へ入らずに済んだ。

c714-1  一致率 96.2%
   台本: 司令部は夜10時、「大きな危険は無い」という返事を用意した。
   送信: 司令部は夜じゅうじ、「大きな危険は無い」という返事を用意した。   ← EL_YOMI で書き換えた文
   聞取: 司令部は夜10時、大きな危険はないという返事を用意した。

c810-2  一致率 96.2%
   台本: 音が届くまでの時間が短いほど、爆心に近かったことになる。
   聞取: 音が届くまでの時間が短いほど爆心地近かったことになる。

c405-3  一致率 96.3%
   台本: 大きな爆発の灰には足りないと、実験が始まってから分かった。
   聞取: 大きな爆発の灰には足りないと実験が始まってからわかった。

c417-1  一致率 96.3%
   台本: 最後の見直しは、午前4時30分。
   送信: 最後の見直しは、午前よじさんじゅっぷん。   ← EL_YOMI で書き換えた文
   聞取: 最後の見直しは午前四時三十分。

c511-2  一致率 96.3%
   台本: てっぺんは高さ35キロを超え、富士山のおよそ10倍に達した。
   送信: てっぺんは高ささんじゅうごキロを超え、富士山のおよそじゅうばいに達した。   ← EL_YOMI で書き換えた文
   聞取: てっぺんは高さ三十五キロを超え、富士山のおよそ十倍に達した。

c517-3  一致率 96.3%
   台本: 灰を洗い落とす作業が終わったのは、3月4日の終わりである。
   送信: 灰を洗い落とす作業が終わったのは、さんがつよっかの終わりである。   ← EL_YOMI で書き換えた文
   聞取: 肺を洗い落とす作業が終わったのは三月四日の終わりである。

c518-1  一致率 96.3%
   台本: 指令所に残った起爆の班が、ヘリコプターで助け出されたのは、
   聞取: 司令所に残った起爆の班がヘリコプターで助け出されたのは

c520-1  一致率 96.3%
   台本: 人の住むロンゲラップ環礁は、ビキニから東へおよそ190キロ。
   送信: 人の住むロンゲラップ環礁は、ビキニから東へおよそひゃくきゅうじゅっキロ。   ← EL_YOMI で書き換えた文
   聞取: 人の住むロンゲラップ環礁はビキニから東へおよそ百九十キロ。

c604-2  一致率 96.3%
   台本: 2月23日には、マーシャル諸島の近くまで漁場を移していた。
   送信: にがつ にじゅうさんにちには、マーシャル諸島の近くまで漁場を移していた。   ← EL_YOMI で書き換えた文
   聞取: 二月二十三日にはマーシャル諸島の近くまで漁坊を移していた。

c625-3  一致率 96.3%
   台本: 3月19日に東京で、20日に焼津で診察した、というものだった。
   送信: さんがつじゅうくにちに東京で、はつかに焼津で診察した、というものだった。   ← EL_YOMI で書き換えた文
   聞取: 三月十九日に東京で、二十日に焼津で診察したというものだった。

c906-2  一致率 96.3%
   台本: キャッスル作戦には、人の体を調べる計画が、もともと無かった。
   聞取: キャッスル作戦には人の体を調べる計画がもともとなかった。

c101-1  一致率 96.6%
   台本: 1954年3月1日、午前6時45分。太平洋のまん中の、ビキニ環礁。
   送信: せんきゅうひゃくごじゅうよねんさんがつついたち、午前ろくじよんじゅうごふん。太平洋のまん中の、ビキニ環礁。   ← EL_YOMI で書き換えた文
   聞取: 1954年3月1日午前6時45分、太平洋の真ん中のビキニ環礁。

c104-1  一致率 96.6%
   台本: 爆発でまき上げられた、放射能を帯びた灰は、風に乗って東へ流れた。
   聞取: 爆発で巻き上げられた放射能を帯びた灰は風に乗って東へ流れた。

c407-1  一致率 96.6%
   台本: 撃つ5日前、部隊は本国と太平洋軍の司令部に見通しを伝えている。
   送信: 撃つ いつかまえ、部隊は本国と太平洋軍の司令部に見通しを伝えている。   ← EL_YOMI で書き換えた文
   聞取: うつ。五日前、部隊は本国と太平洋軍の司令部に見通しを伝えている。

c705-1  一致率 96.6%
   台本: 知らせは午後3時15分に打たれ、
   送信: 知らせは午後さんじじゅうごふんに打たれ、   ← EL_YOMI で書き換えた文
   聞取: 知らせは午後三時十五分に打たれ

c801-1  一致率 96.6%
   台本: 3月14日、焼津に戻った乗組員は、
   送信: さんがつじゅうよっか、焼津に戻った乗組員は、   ← EL_YOMI で書き換えた文
   聞取: 三月十四日、焼津に戻った乗組員は

c722-3  一致率 96.7%
   台本: そして島の人々が避難した10日後、灰を浴びた漁船が、日本に帰り着く。
   送信: そして島の人々が避難した とおかご、灰を浴びた漁船が、日本に帰り着く。   ← EL_YOMI で書き換えた文
   聞取: そして島の人々が避難した。十日後、灰を浴びた漁船が日本に帰り着く。

c819-2  一致率 96.7%
   台本: アメリカは、法律上の責任には触れずに、慰謝料として200万ドルを払う。
   送信: アメリカは、法律上の責任には触れずに、慰謝料として にひゃくまんドルを払う。   ← EL_YOMI で書き換えた文
   聞取: アメリカは法律上の責任には触れずに慰謝料として二百万ドルを払う。

c915-2  一致率 96.7%
   台本: よく語られるのは、撃つ前の夜に島へ向かっていた、高さ6キロの風だ。
   送信: よく語られるのは、撃つ前の夜に島へ向かっていた、高さろっキロの風だ。   ← EL_YOMI で書き換えた文
   聞取: よく語られるのは、打つ前の夜に島へ向かっていた高さ六百キロの風だ。

c401-3  一致率 96.8%
   台本: エニウェトクとビキニを囲む、縦278キロ、横556キロの区域である。
   送信: エニウェトクとビキニを囲む、縦 にひゃくななじゅうはちキロ、横ごひゃくごじゅうろくキロの区域である。   ← EL_YOMI で書き換えた文
   聞取: エニウェトクとビキニを囲む縦に百七十八キロ、横五百五十六キロの区域である。

c521-2  一致率 96.8%
   台本: 2013年の報告書は、空の高くまで昇った、雲の上の部分からだとする。
   送信: にせんじゅうさんねんの報告書は、空の高くまで昇った、雲の上の部分からだとする。   ← EL_YOMI で書き換えた文
   聞取: 二〇一三年の報告書は、空の高くまで登った雲の上の部分からだとする。

c919-1  一致率 96.8%
   台本: あの日まで、高く昇った雲の灰がどう落ちるかは、推し量るしかなかった。
   聞取: あの日まで高く登った雲の灰がどう落ちるかは推し量るしかなかった。

c910-1  一致率 96.9%
   台本: 1954年の時点で医師団は、体の中に取りこんだ放射性の物質について、
   送信: せんきゅうひゃくごじゅうよねんの時点で医師団は、体の中に取りこんだ放射性の物質について、   ← EL_YOMI で書き換えた文
   聞取: 1954年の時点で、医師団は体の中に取り込んだ放射性の物質について

c617-2  一致率 97.0%
   台本: この船は、捜索から漏れていたようだ、と。
   聞取: この船は捜索から漏れていたようだ。

c718-3  一致率 97.0%
   台本: 28人は、クェゼリンの基地へ運ばれた。
   送信: にじゅうはちにんは、クェゼリンの基地へ運ばれた。   ← EL_YOMI で書き換えた文
   聞取: 28人はクゼリンの基地へ運ばれた。

c803-1  一致率 97.0%
   台本: 16日、読売新聞がこの出来事を伝えた。
   送信: じゅうろくにち、読売新聞がこの出来事を伝えた。   ← EL_YOMI で書き換えた文
   聞取: 十六日、読売新聞がこの出来事を伝えた。

c816-1  一致率 97.0%
   台本: 船でただ一人、無線の資格を持っていたのが、無線長の久保山愛吉さんである。
   送信: 船でただひとり、無線の資格を持っていたのが、無線長の久保山あいきちさんである。   ← EL_YOMI で書き換えた文
   聞取: 船でただ一人無線の資格を持っていたのが無線嬢の久保山愛吉さんである。

c814-2  一致率 97.1%
   台本: 区域は、アメリカ自身が、前もって船乗り向けの公報で知らせていたものである。
   聞取: 区域はアメリカ自身が前もって船乗り向けの広報で知らせていたものである。

c624-1  一致率 97.1%
   台本: 3月14日の朝6時、船は焼津港に戻った。
   送信: さんがつじゅうよっかの朝ろくじ、船は焼津港に戻った。   ← EL_YOMI で書き換えた文
   聞取: 三月十四日の朝六時、船は焼津港に戻った。

c716-1  一致率 97.1%
   台本: 翌2日の昼前、放射線の係を乗せた水上飛行機が、ロンゲリックの上を低く飛んだ。
   送信: 翌ふつかの昼前、放射線の係を乗せた水上飛行機が、ロンゲリックの上を低く飛んだ。   ← EL_YOMI で書き換えた文
   聞取: 翌二日の昼前、放射線の係を乗せた水上飛行機がドンゲリックの上を低く飛んだ。

c817-2  一致率 97.1%
   台本: 灰を浴びてから、206日目のことである。
   送信: 灰を浴びてから、にひゃくろくにちめのことである。   ← EL_YOMI で書き換えた文
   聞取: 灰を浴びてから二百六日目のことである。

c907-1  一致率 97.1%
   台本: ロンゲラップの人々のおよそ3人に2人が、1日か2日のうちに吐き気を訴えた。
   送信: ロンゲラップの人々のおよそさんにんにふたりが、いちにちかふつかのうちに吐き気を訴えた。   ← EL_YOMI で書き換えた文
   聞取: ドンゲラップの人々のおよそ三人に二人が一日か二日のうちに吐き気を訴えた。

c214-3  一致率 97.2%
   台本: 据えつけが終わったのは2月22日。空ではなく、地面の上で爆発させる実験だった。
   送信: 据えつけが終わったのは にがつ にじゅうににち。空ではなく、地面の上で爆発させる実験だった。   ← EL_YOMI で書き換えた文
   聞取: 据え付けが終わったのは二月二十二日。空ではなく地面の上で爆発させる実験だった。

c601-2  一致率 97.2%
   台本: 1954年1月22日の昼前、静岡県の焼津港から、1隻のマグロ漁船が出ていった。
   送信: せんきゅうひゃくごじゅうよねんいちがつ にじゅうににちの昼前、静岡県の焼津港から、いっせきのマグロ漁船が出ていった。   ← EL_YOMI で書き換えた文
   聞取: 1954年1月22日の昼前、静岡県の焼津港から一隻のマグロ漁船が出て行った。

c718-2  一致率 97.3%
   台本: その日のうちに、残りの20人も運び出した。
   送信: その日のうちに、残りの にじゅうにんも運び出した。   ← EL_YOMI で書き換えた文
   聞取: その日のうちに残りの二十人も運び出した。

c811-2  一致率 97.3%
   台本: 委員長：船は危険区域の十分内側にいたはず
   送信: 委員長：船は危険区域のじゅうぶん内側にいたはず   ← EL_YOMI で書き換えた文
   聞取: 委員長。船は危険区域の十分内側にいたはず。

c321-2  一致率 97.4%
   台本: 科学の責任者は前年12月、さらに大きい威力を考え、飛行機を離す距離を指示していた。
   送信: 科学の責任者は前年じゅうにがつ、さらに大きい威力を考え、飛行機を離す距離を指示していた。   ← EL_YOMI で書き換えた文
   聞取: 化学の責任者は前年 12月、さらに大きい威力を考え、飛行機を離す距離を指示していた。

c405-2  一致率 97.4%
   台本: 灰の広がりを見積もる方法は、主にネバダの、威力の小さい実験の記録をもとにしていた。
   聞取: 火の広がりを見積もる方法は、主にネバダの威力の小さい実験の記録をもとにしていた。

c419-2  一致率 97.4%
   台本: 大きな船は、起爆の合図を送る指令所との無線を保ち、すぐ戻れるよう元の場所に残った。
   聞取: 大きな船は起爆の合図を送る司令所との無線を保ち、すぐ戻れるよう元の場所に残った。

c210-2  一致率 97.4%
   台本: その最初の1回が、3月1日の「ブラボー」である。
   送信: その最初のいっかいが、さんがつついたちの「ブラボー」である。   ← EL_YOMI で書き換えた文
   聞取: その最初の回が三月一日のブラボーである。

c503-3  一致率 97.4%
   台本: 同じ1分で、雲は幅4.8キロに広がっていた。
   送信: 同じいっぷんで、雲は幅よんてんはちキロに広がっていた。   ← EL_YOMI で書き換えた文
   聞取: 同じ一分で雲は幅四点八キロに広がっていた。

c721-1  一致率 97.6%
   台本: 年寄りや病人の16人は、水上飛行機で運ばれた。
   送信: 年寄りや病人のじゅうろくにんは、水上飛行機で運ばれた。   ← EL_YOMI で書き換えた文
   聞取: 年寄りや病人の十六人は水上飛行機で運ばれた。

c817-1  一致率 97.7%
   台本: 9月23日、久保山さんは亡くなった。40歳だった。
   送信: くがつ にじゅうさんにち、久保山さんは亡くなった。よんじゅっさいだった。   ← EL_YOMI で書き換えた文
   聞取: 九月二十三日、久保山さんは亡くなった。四十歳だった。

c413-1  一致率 97.9%
   台本: 真夜中の打ち合わせでは、風はさらに悪くなっていた。
   聞取: 真夜中の打ち合わせでは、風邪はさらに悪くなっていた。

c502-1  一致率 97.9%
   台本: 数秒のうちに、直径およそ4.8キロの火の玉ができた。
   送信: 数秒のうちに、直径およそよんてんはちキロの火の玉ができた。   ← EL_YOMI で書き換えた文
   聞取: 数秒のうちに直径およそ四点八キロの火の玉ができた。

c902-1  一致率 97.9%
   台本: 最後の爆発は、5月14日、エニウェトク環礁で行われた。
   送信: 最後の爆発は、ごがつじゅうよっか、エニウェトク環礁で行われた。   ← EL_YOMI で書き換えた文
   聞取: 最後の爆発は五月十四日、エニウェトク環礁で行われた

c509-2  一致率 98.0%
   台本: 東北東へ157キロの海の上では、日本の漁船が見ていた。
   送信: 東北東へひゃくごじゅうななキロの海の上では、日本の漁船が見ていた。   ← EL_YOMI で書き換えた文
   聞取: 東北東へ百五十七キロの海の上では、日本の漁船が見ていた。

c802-1  一致率 98.0%
   台本: 翌15日、症状の重い乗組員が、東京大学の病院へ送られた。
   送信: 翌じゅうごにち、症状の重い乗組員が、東京大学の病院へ送られた。   ← EL_YOMI で書き換えた文
   聞取: 翌十五日、症状の重い乗組員が東京大学の病院へ送られた。

c905-1  一致率 98.0%
   台本: 決めていた上限の、20倍を超える量を浴びた兵士もいた。
   送信: 決めていた上限の、にじゅうばいを超える量を浴びた兵士もいた。   ← EL_YOMI で書き換えた文
   聞取: 決めていた上限の二十倍を超える量を浴びた兵士もいた。

c806-1  一致率 98.0%
   台本: 国は3月18日、南の海から戻る船が入る港を、5つに絞った。
   送信: 国は さんがつじゅうはちにち、南の海から戻る船が入る港を、いつつに絞った。   ← EL_YOMI で書き換えた文
   聞取: 国は三月十八日、南の海から戻る船が入る港を五つに絞った。

c812-1  一致率 98.0%
   台本: 日本政府は4月12日、在米大使館を通して、これに反論した。
   送信: 日本政府は しがつじゅうににち、在米大使館を通して、これに反論した。   ← EL_YOMI で書き換えた文
   聞取: 日本政府は四月十二日、在米大使館を通してこれに反論した。

c112-3  一致率 98.2%
   台本: 公式の実験の一覧も、世界の標準時で2月28日と記している。
   送信: 公式の実験の一覧も、世界の標準時で にがつ にじゅうはちにちと記している。   ← EL_YOMI で書き換えた文
   聞取: 公式の実験の一覧も世界の標準時で二十二月二十八日と記している。

c304-2  一致率 98.2%
   台本: 天然のリチウムは、ほとんどがリチウム7で、リチウム6はわずかだ。
   送信: 天然のリチウムは、ほとんどがリチウムななで、リチウムろくはわずかだ。   ← EL_YOMI で書き換えた文
   聞取: 天然のリチウムはほとんどがリチウム7で、リチウム6はわずか

c509-1  一致率 98.2%
   台本: 火の玉の光は、東へ250キロ離れた島からも、1分近く見えていた。
   送信: 火の玉の光は、東へ にひゃくごじゅっキロ離れた島からも、いっぷん近く見えていた。   ← EL_YOMI で書き換えた文
   聞取: 火の玉の光は東へ二百五十キロ離れた島からも一分近く見えていた。

c614-1  一致率 98.3%
   台本: 縄を上げ終えると、船は灰の降らない北へ、時速13キロほどで逃げた。
   送信: 縄を上げ終えると、船は灰の降らない北へ、時速じゅうさんキロほどで逃げた。   ← EL_YOMI で書き換えた文
   聞取: 縄を上げ終えると、船は灰の降らない北へ時速十三キロほどで逃げた。

c409-1  一致率 98.4%
   台本: 撃つ前の日の午前11時。部隊は、太平洋軍の司令部に、こう予報を送った。
   送信: 撃つ前の日の午前じゅういちじ。部隊は、太平洋軍の司令部に、こう予報を送った。   ← EL_YOMI で書き換えた文
   聞取: 撃つ前の日の午前十一時、部隊は太平洋軍の司令部にこう予報を送った。

c317-1  一致率 98.4%
   台本: ところが2024年、同じロスアラモスの研究者2人が、論文にこう書いた。
   送信: ところが にせんにじゅうよねん、同じロスアラモスの研究者ふたりが、論文にこう書いた。   ← EL_YOMI で書き換えた文
   聞取: ところが、二千二十四年、同じロスアラモスの研究者二人が論文にこう書いた。

c809-1  一致率 98.5%
   台本: 3月30日、原子力委員会のストローズ委員長が、大統領に水爆実験を報告した。
   送信: さんがつさんじゅうにち、原子力委員会のストローズ委員長が、大統領に水爆実験を報告した。   ← EL_YOMI で書き換えた文
   聞取: 三月三十日、原子力委員会のストローズ委員長が大統領に水爆実験を報告した。

c905-2  一致率 98.6%
   台本: 残りの実験のため、上限の2倍まで浴びてよいという特別な許可も、何度も出された。
   送信: 残りの実験のため、上限の にばいまで浴びてよいという特別な許可も、何度も出された。   ← EL_YOMI で書き換えた文
   聞取: 残りの実験のため、上限の一、二倍まで浴びてよいという特別な許可も何度も出された。

c101-2  一致率 100.0%
   台本: アメリカが、水素爆弾の実験を行った。
   聞取: アメリカが水素爆弾の実験を行った。

c103-1  一致率 100.0%
   台本: アメリカ国防総省の報告書も、はっきりこう書いている。
   聞取: アメリカ国防総省の報告書もはっきりこう書いている。

c103-2  一致率 100.0%
   台本: 爆発の威力は、予想よりはるかに大きかった
   聞取: 爆発の威力は予想よりはるかに大きかった。

c104-2  一致率 100.0%
   台本: その先の海にいたのが、日本のマグロ漁船「第五福竜丸」である。
   聞取: その先の海にいたのが日本のマグロ漁船第五福竜丸である。

c105-2  一致率 100.0%
   台本: 夜明け前の空が光るのを、乗組員たちは見ている。
   聞取: 夜明け前の空が光るのを乗組員たちは見ている。

c106-1  一致率 100.0%
   台本: 乗っていたのは23人。
   送信: 乗っていたのは にじゅうさんにん。   ← EL_YOMI で書き換えた文
   聞取: 乗っていたのは23人。

c107-1  一致率 100.0%
   台本: その年の9月、船の無線長だった久保山愛吉さんが亡くなっている。
   送信: その年のくがつ、船の無線長だった久保山あいきちさんが亡くなっている。   ← EL_YOMI で書き換えた文
   聞取: その年の九月、船の無線長だった久保山愛吉さんが亡くなっている。

c108-1  一致率 100.0%
   台本: 灰が降ったのは、船の上だけではない。
   聞取: 灰が降ったのは船の上だけではない。

c109-1  一致率 100.0%
   台本: この動画が追いかける問いは、二つある。
   送信: この動画が追いかける問いは、ふたつある。   ← EL_YOMI で書き換えた文
   聞取: この動画が追いかける問いは二つある。

c110-1  一致率 100.0%
   台本: よく語られる答えは、撃つ前の夜、高さ6キロの風が人の住む島へ向かっていたことだ。
   送信: よく語られる答えは、撃つ前の夜、高さろっキロの風が人の住む島へ向かっていたことだ。   ← EL_YOMI で書き換えた文
   聞取: よく語られる答えは、撃つ前の夜、高さ六百キロの風が人の住む島へ向かっていたことだ。

c110-2  一致率 100.0%
   台本: 実験の司令部はそれを知りながら、遅い風なので心配ないと見て撃っている。
   聞取: 実験の司令部はそれを知りながら、遅い風なので心配ないと見て撃っている。

c110-3  一致率 100.0%
   台本: だが、2013年の報告書は、違う答えを出している。
   送信: だが、にせんじゅうさんねんの報告書は、違う答えを出している。   ← EL_YOMI で書き換えた文
   聞取: だが、二〇一三年の報告書は違う答えを出している。

c111-1  一致率 100.0%
   台本: この動画は、アメリカ政府の報告書を、英語の原文で読んで作っている。
   聞取: この動画はアメリカ政府の報告書を英語の原文で読んで作っている。

c111-2  一致率 100.0%
   台本: 国防総省の機関が1982年と2013年にまとめた2冊と、医師団の報告書である。
   送信: 国防総省の機関がせんきゅうひゃくはちじゅうにねんと にせんじゅうさんねんにまとめた にさつと、医師団の報告書である。   ← EL_YOMI で書き換えた文
   聞取: 国防総省の機関が 1982年と 2013年にまとめた二冊と医師団の報告書である。

c111-3  一致率 100.0%
   台本: 日本側の出来事は、日本政府の当時の記録と、国会の議事録で確かめた。
   聞取: 日本側の出来事は日本政府の当時の記録と国会の議事録で確かめた。

c112-1  一致率 100.0%
   台本: なお、日付と時刻は、ビキニの現地のものを使う。
   聞取: なお、日付と時刻はビキニの現地のものを使う。

c113-1  一致率 100.0%
   台本: 爆発したのは、「シュリンプ」と呼ばれた装置である。
   聞取: 爆発したのはシュリンプと呼ばれた装置である。

c113-2  一致率 100.0%
   台本: 飛行機で運べる大きさを目指して作られた、新しい型の水爆だった。
   聞取: 飛行機で運べる大きさを目指して作られた新しい型の水爆だった。

c114-1  一致率 100.0%
   台本: なぜ、見込みはこれほど外れたのか。
   聞取: なぜ見込みはこれほど外れたのか。

c114-2  一致率 100.0%
   台本: 話は、水素爆弾という兵器が生まれたところから始まる。
   聞取: 話は水素爆弾という兵器が生まれたところから始まる。

c201-2  一致率 100.0%
   台本: アメリカで水素爆弾の開発が始まったのは、1950年のことだった。
   送信: アメリカで水素爆弾の開発が始まったのは、せんきゅうひゃくごじゅうねんのことだった。   ← EL_YOMI で書き換えた文
   聞取: アメリカで水素爆弾の開発が始まったのは1950年のことだった。

c202-1  一致率 100.0%
   台本: それまでの原子爆弾は、ウランやプルトニウムという重い原子を割って、力を取り出す。
   聞取: それまでの原子爆弾は、ウランやプルトニウムという重い原子を割って力を取り出す

c202-2  一致率 100.0%
   台本: 広島と長崎に落とされたのが、この型である。
   聞取: 広島と長崎に落とされたのがこの型である。

c203-3  一致率 100.0%
   台本: 太陽が光り続けているのも、この「核融合」の力である。
   聞取: 太陽が光り続けているのもこの核融合の力である。

c205-1  一致率 100.0%
   台本: アメリカは1952年11月1日、この仕組みで「マイク」という装置を爆発させた。
   送信: アメリカはせんきゅうひゃくごじゅうにねんじゅういちがつついたち、この仕組みで「マイク」という装置を爆発させた。   ← EL_YOMI で書き換えた文
   聞取: アメリカは1952年11月1日、この仕組みでマイクという装置を爆発させた。

c206-1  一致率 100.0%
   台本: ただ、マイクの燃料は、とても低い温度で冷やして、液体にしておく必要があった。
   聞取: ただ、マイクの燃料はとても低い温度で冷やして液体にしておく必要があった。

c207-1  一致率 100.0%
   台本: 報告書は、マイクのことをこう書いている。
   聞取: 報告書はマイクのことをこう書いている。

c207-2  一致率 100.0%
   台本: マイクは、運んで使える兵器ではなかった
   聞取: マイクは運んで使える兵器ではなかった。

c208-2  一致率 100.0%
   台本: それを試すのが、1954年春の「キャッスル作戦」だった。
   送信: それを試すのが、せんきゅうひゃくごじゅうよねん春の「キャッスル作戦」だった。   ← EL_YOMI で書き換えた文
   聞取: それを試すのが1954年春のキャッスル作戦だった。

c211-2  一致率 100.0%
   台本: 放射線の量を記録するバッジを配られた人だけで、1万人を超えていた。
   送信: 放射線の量を記録するバッジを配られた人だけで、いちまんにんを超えていた。   ← EL_YOMI で書き換えた文
   聞取: 放射線の量を記録するバッジを配られた人だけで一万人を超えていた。

c211-3  一致率 100.0%
   台本: 部隊の名前は、第7合同任務部隊という。
   送信: 部隊の名前は、だいなな合同任務部隊という。   ← EL_YOMI で書き換えた文
   聞取: 部隊の名前は第七合同任務部隊という。

c213-1  一致率 100.0%
   台本: 使われたのは、ビキニとエニウェトクの2つの環礁。
   送信: 使われたのは、ビキニとエニウェトクのふたつの環礁。   ← EL_YOMI で書き換えた文
   聞取: 使われたのはビキニとエニウェトクの二つの環礁

c213-2  一致率 100.0%
   台本: ビキニでは1946年の夏にも、原子爆弾の実験が2回行われている。
   送信: ビキニではせんきゅうひゃくよんじゅうろくねんの夏にも、原子爆弾の実験が にかい行われている。   ← EL_YOMI で書き換えた文
   聞取: ビキニでは 1946年の夏にも原子爆弾の実験が二回行われている。

c214-1  一致率 100.0%
   台本: ブラボーの装置は、環礁の北西の端、ナム島の沖に置かれた。
   聞取: ブラボーの装置は環礁の北西の端、ナム島の沖に置かれた

c216-1  一致率 100.0%
   台本: 放射線から身を守る決まりも、細かく作られていた。
   聞取: 放射線から身を守る決まりも細かく作られていた。

c217-1  一致率 100.0%
   台本: 部隊は住民の安全を気にかけつつ、島々の放射線を測る必要はないと考えた。
   聞取: 部隊は住民の安全を気にかけつつ、島々の放射線を測る必要はないと考えた。

c217-2  一致率 100.0%
   台本: それでも、原子力委員会の研究所が、ロンゲリックやマジュロなどの島に、
   聞取: それでも原子力委員会の研究所がロンゲリックやマジュロなどの島に

c217-3  一致率 100.0%
   台本: 放射線を測り続ける計器を置いていた。
   聞取: 放射線を測り続ける計器を置いていた。

c219-2  一致率 100.0%
   台本: うまくいけば、飛行機で運べる水爆への道が開ける。
   聞取: うまくいけば飛行機で運べる水爆への道が開ける。

c220-1  一致率 100.0%
   台本: ブラボーは、その最初の試験だった。
   聞取: ブラボーはその最初の試験だった。

c220-2  一致率 100.0%
   台本: 鍵を握るのは、燃料である。
   聞取: 鍵を握るのは燃料である。

c301-1  一致率 100.0%
   台本: マイクの弱点は、冷やし続けなければならない、液体の燃料だった。
   聞取: マイクの弱点は冷やし続けなければならない液体の燃料だった。

c302-1  一致率 100.0%
   台本: そこでロスアラモスは、燃料を固体にする道を選んだ。
   聞取: そこでロスアラモスは燃料を固体にする道を選んだ。

c302-2  一致率 100.0%
   台本: 重い水素と、リチウムという軽い金属を結びつけた、「重水素化リチウム」である。
   送信: 重い水素と、リチウムという軽い金属を結びつけた、「じゅうすいそかリチウム」である。   ← EL_YOMI で書き換えた文
   聞取: 重い水素とリチウムという軽い金属を結びつけた重水素化リチウムである。

c303-1  一致率 100.0%
   台本: これなら、冷やす設備はいらない。
   聞取: これなら冷やす設備はいらない。

c303-2  一致率 100.0%
   台本: 燃料が固体のこの型は、「乾式」の水爆と呼ばれる。
   聞取: 燃料が固体のこの型は乾式の水爆と呼ばれる。

c304-1  一致率 100.0%
   台本: リチウムには、重さの違う2つの種類がある。リチウム6と、リチウム7だ。
   送信: リチウムには、重さの違うふたつの種類がある。リチウムろくと、リチウムななだ。   ← EL_YOMI で書き換えた文
   聞取: リチウムには重さの違う二つの種類がある。リチウム六とリチウム七だ。

c305-1  一致率 100.0%
   台本: リチウム6は、中性子という粒を受けると、三重水素という燃料を生む。
   送信: リチウムろくは、中性子という粒を受けると、さんじゅうすいそという燃料を生む。   ← EL_YOMI で書き換えた文
   聞取: リチウム六は中性子という粒を受けると三重水素という燃料を生む。

c306-1  一致率 100.0%
   台本: 一方、数の多いリチウム7は、どう見られていたか。
   送信: 一方、数の多いリチウムななは、どう見られていたか。   ← EL_YOMI で書き換えた文
   聞取: 一方、数の多いリチウム七はどう見られていたか。

c306-2  一致率 100.0%
   台本: 実験の前は、リチウム6や液体の重い水素より、ずっと劣る燃料と見られていた。
   送信: 実験の前は、リチウムろくや液体の重い水素より、ずっと劣る燃料と見られていた。   ← EL_YOMI で書き換えた文
   聞取: 実験の前はリチウム六や液体の重い水素よりずっと劣る燃料と見られていた。

c307-1  一致率 100.0%
   台本: こうして作られたブラボーの装置は、「シュリンプ」と呼ばれた。
   聞取: こうして作られたブラボーの装置はシュリンプと呼ばれた。

c307-2  一致率 100.0%
   台本: 英語で、エビという意味である。
   聞取: 英語でエビという意味である。

c308-2  一致率 100.0%
   台本: マイクより強力で、飛行機で運べる装置
   聞取: マイクより強力で飛行機で運べる装置

c309-1  一致率 100.0%
   台本: ただ、この日は飛行機から落とさず、あの小さな建物の中で爆発させた。
   聞取: ただ、この日は飛行機から落とさず、あの小さな建物の中で爆発させた。

c310-1  一致率 100.0%
   台本: 爆発の前、研究所は威力を見積もっていた。
   聞取: 爆発の前、研究所は威力を見積もっていた。

c313-1  一致率 100.0%
   台本: なぜ、ここまで外れたのか。
   聞取: なぜここまで外れたのか。

c314-1  一致率 100.0%
   台本: 燃料として劣ると見ていたリチウム7が、核反応で、思った以上に働いたのだ、と。
   送信: 燃料として劣ると見ていたリチウムななが、核反応で、思った以上に働いたのだ、と。   ← EL_YOMI で書き換えた文
   聞取: 燃料として劣ると見ていたリチウム7が核反応で思った以上に働いたのだと

c315-1  一致率 100.0%
   台本: しかも、威力が予想を大きく超えたのは、ブラボーだけではなかった。
   聞取: しかも威力が予想を大きく超えたのはブラボーだけではなかった。

c315-2  一致率 100.0%
   台本: 担当者は、作戦のほとんどの回で、そうだったと話している。
   聞取: 担当者は作戦のほとんどの回でそうだったと話している。

c316-1  一致率 100.0%
   台本: 「リチウム7の見込み違い」は、威力が大きすぎた理由として広く語られる。
   送信: 「リチウムななの見込み違い」は、威力が大きすぎた理由として広く語られる。   ← EL_YOMI で書き換えた文
   聞取: リチウム七の見込み違いは威力が大きすぎた理由として広く語られる。

c319-1  一致率 100.0%
   台本: もう一つ、よく語られる話がある。
   送信: もうひとつ、よく語られる話がある。   ← EL_YOMI で書き換えた文
   聞取: もう一つよく語られる話がある。

c320-1  一致率 100.0%
   台本: だが、2013年に国防総省の機関がまとめた報告書は、違うことを書いている。
   送信: だが、にせんじゅうさんねんに国防総省の機関がまとめた報告書は、違うことを書いている。   ← EL_YOMI で書き換えた文
   聞取: だが、二〇一三年に国防総省の機関がまとめた報告書は違うことを書いている。

c320-3  一致率 100.0%
   台本: その数字は、2月18日の電報で、現地に伝えられていた。
   送信: その数字は、にがつじゅうはちにちの電報で、現地に伝えられていた。   ← EL_YOMI で書き換えた文
   聞取: その数字は2月18日の電報で現地に伝えられていた。

c321-1  一致率 100.0%
   台本: 部隊は、隊員を守る手立てを、この上限をもとに決める方針だった。
   聞取: 部隊は隊員を守る手立てをこの上限をもとに決める方針だった。

c322-2  一致率 100.0%
   台本: 同じ報告書は、こう書いている。
   聞取: 同じ報告書はこう書いている。

c322-3  一致率 100.0%
   台本: 予定の威力でも、人の住む島は汚れたはずだ
   聞取: 予定の威力でも人の住む島は汚れたはずだ。

c324-1  一致率 100.0%
   台本: では、何が灰を、人の住む島まで運んだのか。
   聞取: では、何が灰を人の住む島まで運んだのか。

c324-2  一致率 100.0%
   台本: よく語られるのは、撃つ前の夜の、風の話である。
   聞取: よく語られるのは、撃つ前の夜の風の話である。

c403-1  一致率 100.0%
   台本: 灰がどこへ流れるかは、上空の風で決まる。
   聞取: 灰がどこへ流れるかは上空の風で決まる。

c404-1  一致率 100.0%
   台本: 風の向きと強さは、高さによって違う。
   聞取: 風の向きと強さは高さによって違う。

c405-1  一致率 100.0%
   台本: ただ、灰の予報には弱点があった。
   聞取: ただ、灰の予報には弱点があった。

c406-1  一致率 100.0%
   台本: 地上で爆発させた実験で、遠くまでの灰を測った記録は、
   聞取: 地上で爆発させた実験で遠くまでの灰を測った記録は

c407-2  一致率 100.0%
   台本: 予報の風が続けば、灰は北西から北東へ、扇形に広がる。
   送信: 予報の風が続けば、灰は北西から北東へ、おうぎがたに広がる。   ← EL_YOMI で書き換えた文
   聞取: 予報の風が続けば、灰は北西から北東へ扇形に広がる。

c408-1  一致率 100.0%
   台本: そこで、2日前と前の日に、北西の海を飛行機で探した。
   送信: そこで、ふつかまえと前の日に、北西の海を飛行機で探した。   ← EL_YOMI で書き換えた文
   聞取: そこで二日前と前の日に北西の海を飛行機で探した。

c408-3  一致率 100.0%
   台本: 船は、見つからなかった。
   聞取: 船は見つからなかった。

c410-2  一致率 100.0%
   台本: 午後6時の気象の打ち合わせで、予報の風は前より悪くなっていた。
   送信: 午後ろくじの気象の打ち合わせで、予報の風は前より悪くなっていた。   ← EL_YOMI で書き換えた文
   聞取: 午後六時の気象の打ち合わせで、予報の風は前より悪くなっていた。

c411-1  一致率 100.0%
   台本: 報告書は、この打ち合わせのことを、こう書いている。
   聞取: 報告書はこの打ち合わせのことをこう書いている。

c411-2  一致率 100.0%
   台本: それでも、撃つ決定は改めて確認された
   聞取: それでも撃つ決定は改めて確認された。

c412-1  一致率 100.0%
   台本: ただし、真夜中にもう一度、風を見直すことにした。
   聞取: ただし、真夜中にもう一度風を見直すことにした。

c412-2  一致率 100.0%
   台本: また、ビキニの西に置く予定だった駆逐艦を、南寄りへ移すよう命じた。
   聞取: また、ビキニの西に置く予定だった駆逐艦を南寄りへ移すよう命じた。

c415-1  一致率 100.0%
   台本: ただ部隊の司令部は、予報ではその風は遅く、心配はいらないと判断した。
   聞取: ただ、部隊の司令部は予報ではその風は遅く、心配はいらないと判断した。

c415-2  一致率 100.0%
   台本: ビキニ島とエネマン島は、おそらく汚れる、とも見ていた。
   聞取: ビキニ島とエネマン島はおそらく汚れるとも見ていた。

c415-3  一致率 100.0%
   台本: 撃つ決定は、ここでも改めて確認された。
   聞取: 撃つ決定はここでも改めて確認された。

c417-3  一致率 100.0%
   台本: ただビキニの低い空では、風が北や西から吹く向きに変わりつつあった。
   聞取: ただ、ビキニの低い空では風が北や西から吹く向きに変わりつつあった。

c418-2  一致率 100.0%
   台本: 南東で待つ艦隊を、56キロ先から93キロ先まで下げてはどうか。
   送信: 南東で待つ艦隊を、ごじゅうろくキロ先からきゅうじゅうさんキロ先まで下げてはどうか。   ← EL_YOMI で書き換えた文
   聞取: 南東で待つ艦隊を五十六キロ先から九十三キロ先まで下げてはどうか。

c419-1  一致率 100.0%
   台本: 下がったのは、小さくて足の遅い船だけだった。
   聞取: 下がったのは小さくて足の遅い船だけだった。

c501-1  一致率 100.0%
   台本: 1954年3月1日、午前6時45分。
   送信: せんきゅうひゃくごじゅうよねんさんがつついたち、午前ろくじよんじゅうごふん。   ← EL_YOMI で書き換えた文
   聞取: 1954年3月1日午前6時45分

c501-2  一致率 100.0%
   台本: 起爆の信号が送られ、装置が爆発した。
   聞取: 起爆の信号が送られ、装置が爆発した。

c501-3  一致率 100.0%
   台本: 日本の時計では、夜明け前の午前3時45分である。
   送信: 日本の時計では、夜明け前の午前さんじよんじゅうごふんである。   ← EL_YOMI で書き換えた文
   聞取: 日本の時計では夜明け前の午前三時四十五分である。

c503-2  一致率 100.0%
   台本: 旅客機が飛ぶ高さより、さらに上である。
   聞取: 旅客機が飛ぶ高さよりさらに上である。

c506-1  一致率 100.0%
   台本: 砕けたサンゴは、そのまま雲の中へ吸い上げられた。
   聞取: 砕けたサンゴはそのまま雲の中へ吸い上げられた。

c508-1  一致率 100.0%
   台本: 電線がショートして火事も起き、
   聞取: 電線がショートして火事も起き

c508-2  一致率 100.0%
   台本: 並べてあった観測の機械の多くが焼けた。
   聞取: 並べてあった観測の機械の多くが焼けた。

c510-2  一致率 100.0%
   台本: ライフルを撃ったような大きな音が、2回聞こえた。
   送信: ライフルを撃ったような大きな音が、にかい聞こえた。   ← EL_YOMI で書き換えた文
   聞取: ライフルを撃ったような大きな音が二回聞こえた。

c514-2  一致率 100.0%
   台本: 57キロ離れた空母は、ちょうどビキニへ戻る支度をしていたところだった。
   送信: ごじゅうななキロ離れた空母は、ちょうどビキニへ戻る支度をしていたところだった。   ← EL_YOMI で書き換えた文
   聞取: 五十七キロ離れた空母はちょうどビキニへ戻る支度をしていたところだった。

c514-3  一致率 100.0%
   台本: 島の様子を見に飛ばしたヘリコプターは、呼び戻された。
   聞取: 島の様子を見に飛ばしたヘリコプターは呼び戻された。

c515-1  一致率 100.0%
   台本: 降ってきたものを、報告書はこう書いている。
   聞取: 降ってきたものを報告書はこう書いている。

c516-1  一致率 100.0%
   台本: 各艦は、甲板に水を流し続ける装置を動かし、
   送信: 各艦は、かんぱんに水を流し続ける装置を動かし、   ← EL_YOMI で書き換えた文
   聞取: 各艦は甲板に水を流し続ける装置を動かし

c521-1  一致率 100.0%
   台本: 島に降った灰は、どこから来たのか。
   聞取: 島に降った灰はどこから来たのか。

c521-3  一致率 100.0%
   台本: 予報は、そこから降ってくる灰を、十分に見込んでいなかった。
   送信: 予報は、そこから降ってくる灰を、じゅうぶんに見込んでいなかった。   ← EL_YOMI で書き換えた文
   聞取: 予報はそこから降ってくる灰を十分に見込んでいなかった。

c522-1  一致率 100.0%
   台本: 灰は、東へ向かっていた。
   聞取: 灰は東へ向かっていた。

c522-2  一致率 100.0%
   台本: その空の下にいたのは、日本のマグロ漁船と、島の人々だった。
   聞取: その空の下にいたのは日本のマグロ漁船と島の人々だった。

c602-2  一致率 100.0%
   台本: 乗っていたのは、23人の乗組員。
   送信: 乗っていたのは、にじゅうさんにんの乗組員。   ← EL_YOMI で書き換えた文
   聞取: 乗っていたのは二十三人の乗組員。

c603-1  一致率 100.0%
   台本: 漁のやり方は、はえ縄漁。
   聞取: 漁のやり方ははえ縄漁。

c604-1  一致率 100.0%
   台本: 2月3日から漁を始め、
   送信: にがつみっかから漁を始め、   ← EL_YOMI で書き換えた文
   聞取: 二月三日から漁を始め

c604-3  一致率 100.0%
   台本: そこから西へ向かいながら、漁を続けた。
   聞取: そこから西へ向かいながら漁を続けた。

c605-1  一致率 100.0%
   台本: 3月1日の夜明け前、船は縄を海に入れ終えた。
   送信: さんがつついたちの夜明け前、船は縄を海に入れ終えた。   ← EL_YOMI で書き換えた文
   聞取: 三月一日の夜明け前、船は縄を海に入れ終えた。

c606-2  一致率 100.0%
   台本: アメリカの報告書も、この船が爆発の光を見ていたと書いている。
   聞取: アメリカの報告書もこの船が爆発の光を見ていたと書いている。

c607-2  一致率 100.0%
   台本: 光は白っぽい黄色に変わり、また赤くなって消えていった。
   聞取: 光は白っぽい黄色に変わり、また赤くなって消えていった。

c609-1  一致率 100.0%
   台本: 何人かは、新聞で読んだ原子爆弾の実験かもしれない、と思った。
   送信: なんにんかは、新聞で読んだ原子爆弾の実験かもしれない、と思った。   ← EL_YOMI で書き換えた文
   聞取: 何人かは新聞で読んだ原子爆弾の実験かもしれないと思った。

c610-1  一致率 100.0%
   台本: 縄は、機械で巻き上げる。
   聞取: 縄は機械で巻き上げる。

c611-2  一致率 100.0%
   台本: アメリカの報告書は、もっと早い、爆発の1時間半後とする。
   送信: アメリカの報告書は、もっと早い、爆発のいちじかんはんごとする。   ← EL_YOMI で書き換えた文
   聞取: アメリカの報告書はもっと早い爆発の一時間半後とする。

c612-1  一致率 100.0%
   台本: 甲板は、灰で白くなった。
   送信: かんぱんは、灰で白くなった。   ← EL_YOMI で書き換えた文
   聞取: 甲板は灰で白くなった。

c615-2  一致率 100.0%
   台本: 前の夜に追加が決まった、あの捜索の飛行である。
   聞取: 前の夜に追加が決まったあの捜索の飛行である。

c616-1  一致率 100.0%
   台本: 午前9時49分、その飛行機は強い放射線を浴びて、引き返した。
   送信: 午前くじよんじゅうきゅうふん、その飛行機は強い放射線を浴びて、引き返した。   ← EL_YOMI で書き換えた文
   聞取: 午前九時四十九分。その飛行機は強い放射線を浴びて引き返した。

c616-3  一致率 100.0%
   台本: この記録なら、船が見えてくる少し手前で引き返したことになる。
   聞取: この記録なら船が見えてくる少し手前で引き返したことになる。

c618-1  一致率 100.0%
   台本: アメリカの報告書は、この船についてこう書いている。
   聞取: アメリカの報告書はこの船についてこう書いている。

c618-2  一致率 100.0%
   台本: 船は、部隊の誰にも気づかれなかった
   聞取: 船は部隊の誰にも気づかれなかった。

c619-1  一致率 100.0%
   台本: 船は、アメリカが近づかないよう前もって知らせていた危険区域の、内側か外側か。
   聞取: 船はアメリカが近づかないよう前もって知らせていた危険区域の内側か外側か。

c620-2  一致率 100.0%
   台本: あの朝、飛行機の音も、乗組員は聞いていない。
   聞取: あの朝、飛行機の音も乗組員は聞いていない。

c621-1  一致率 100.0%
   台本: 次の日、船は向きを北西に変え、焼津へ向かった。
   聞取: 次の日、船は向きを北西に変え、焼津へ向かった。

c622-2  一致率 100.0%
   台本: 吐き気を感じる者も出た。
   聞取: 吐き気を感じる者も出た。

c625-2  一致率 100.0%
   台本: 日本側の答えは、広島と長崎で原爆の影響を調べていたアメリカの機関の医師が、
   聞取: 日本側の答えは、広島と長崎で原爆の影響を調べていたアメリカの機関の医師が

c626-1  一致率 100.0%
   台本: 同じ灰は、マーシャル諸島の人々の上にも降っていた。
   聞取: 同じ灰はマーシャル諸島の人々の上にも降っていた。

c626-2  一致率 100.0%
   台本: 島では、何が起きていたのか。
   聞取: 島では何が起きていたのか。

c702-2  一致率 100.0%
   台本: 爆発から、およそ8時間後である。
   送信: 爆発から、およそ はちじかんごである。   ← EL_YOMI で書き換えた文
   聞取: 爆発からおよそ八時間後である。

c703-1  一致率 100.0%
   台本: 島には、放射線を記録する計器が置いてあった。
   聞取: 島には放射線を記録する計器が置いてあった。

c703-2  一致率 100.0%
   台本: 遠くの島に届く、ごく弱い放射線を測るための計器である。
   聞取: 遠くの島に届くごく弱い放射線を測るための計器である。

c703-3  一致率 100.0%
   台本: 置いていった係は、針が振り切れたら知らせてほしい、と頼んでいた。
   聞取: 置いていった係は針が振り切れたら知らせてほしいと頼んでいた。

c705-2  一致率 100.0%
   台本: エニウェトクの通信所まで届いた。
   聞取: エニウェトクの通信所まで届いた。

c705-3  一致率 100.0%
   台本: その先の司令部へ回されたかどうかは、記録に残っていない。
   聞取: その先の司令部へ回されたかどうかは記録に残っていない。

c706-1  一致率 100.0%
   台本: いずれにしても、上の司令部は、
   聞取: いずれにしても、上の司令部は

c706-2  一致率 100.0%
   台本: ロンゲリックにどれほど灰が降ったかを、知らなかった。
   聞取: ロン・ゲリックにどれほど灰が降ったかを知らなかった

c708-2  一致率 100.0%
   台本: 食堂や宿舎のテーブルにも、目に見える層ができた。
   聞取: 食堂や宿舎のテーブルにも目に見える層ができた。

c709-2  一致率 100.0%
   台本: 昔のテレビの画面の部品、ブラウン管が、灰で光ることにも気づいた。
   聞取: 昔のテレビの画面の部品ブラウン管が灰で光ることにも気づいた。

c710-1  一致率 100.0%
   台本: その夜、雲を追う飛行機が、東へ飛んだ。
   聞取: その夜、雲を追う飛行機が東へ飛んだ。

c710-2  一致率 100.0%
   台本: しかし、はっきりした手がかりは得られなかった。
   聞取: しかし、はっきりした手がかりは得られなかった。

c710-3  一致率 100.0%
   台本: 高さ3キロの空からは、住民のロンゲラップ、兵士のロンゲリックの上でも弱い値だった。
   送信: 高ささんキロの空からは、住民のロンゲラップ、兵士のロンゲリックの上でも弱い値だった。   ← EL_YOMI で書き換えた文
   聞取: 高さ三キロの空からは住民のロンゲラップ、兵士のロンゲリックの上でも弱い値だった。

c711-2  一致率 100.0%
   台本: 司令部は、雲の行方も通り道も知らなかった
   聞取: 司令部は雲の行方も通り道も知らなかった。

c714-2  一致率 100.0%
   台本: その返事が、司令部のいる船から送られたのは、翌日になってからである。
   聞取: その返事が司令部のいる船から送られたのは翌日になってからである。

c715-1  一致率 100.0%
   台本: 一方で、別の上官からは、作業をやめて金属の建物に入れという命令が出た。
   聞取: 一方で、別の上官からは「作業をやめて金属の建物に入れ」という命令が出た。

c716-2  一致率 100.0%
   台本: 係は、上空から測った数字を見て、自分の判断で島を空にすると決めた。
   送信: 係は、上空から測った数字を見て、自分の判断で島をからにすると決めた。   ← EL_YOMI で書き換えた文
   聞取: 係は上空から測った数字を見て、自分の判断で島を空にすると決めた。

c716-3  一致率 100.0%
   台本: 降りて測ると、建物の中でも外でも、強い放射線があった。
   聞取: 降りて測ると、建物の中でも外でも強い放射線があった。

c717-1  一致率 100.0%
   台本: 係は隊の責任者に、先に運ぶ8人を選ぶよう頼んだ。
   送信: 係は隊の責任者に、先に運ぶ はちにんを選ぶよう頼んだ。   ← EL_YOMI で書き換えた文
   聞取: 係は隊の責任者に先に運ぶ八人を選ぶよう頼んだ。

c719-2  一致率 100.0%
   台本: 住民を運び出すと決まり、駆逐艦がすぐに向かった。
   聞取: 住民を運び出すと決まり、駆逐艦がすぐに向かった。

c719-3  一致率 100.0%
   台本: 夕方には、別の飛行機の係が島に降りて、住む場所の放射線を測った。
   聞取: 夕方には別の飛行機の係が島に降りて、住む場所の放射線を測った。

c720-1  一致率 100.0%
   台本: 避難が始まったのは、3日の朝7時半。
   送信: 避難が始まったのは、みっかの朝しちじはん。   ← EL_YOMI で書き換えた文
   聞取: 避難が始まったのは三日の朝七時半。

c722-2  一致率 100.0%
   台本: 兵士のいたロンゲリックでは、ロンゲラップの半分近くだった。
   聞取: 兵士のいたロンゲリックではロンゲラップの半分近くだった。

c801-2  一致率 100.0%
   台本: その日のうちに、焼津の病院で診察を受けている。
   聞取: その日のうちに焼津の病院で診察を受けている。

c802-2  一致率 100.0%
   台本: そこで、放射線を浴びていることがはっきりした。
   聞取: そこで放射線を浴びていることがはっきりした。

c804-2  一致率 100.0%
   台本: 23人は、東京大学の病院と国立東京第一病院に分かれて入院した。
   送信: にじゅうさんにんは、東京大学の病院と国立東京第一病院に分かれて入院した。   ← EL_YOMI で書き換えた文
   聞取: 二十三人は東京大学の病院と国立東京第一病院に分かれて入院した。

c805-1  一致率 100.0%
   台本: 問題は、人の体だけではなかった。
   聞取: 問題は人の体だけではなかった。

c807-1  一致率 100.0%
   台本: 放射能を帯びたマグロは、「原爆マグロ」と呼ばれた。
   聞取: 放射能を帯びたマグロは原爆マグロと呼ばれた。

c807-2  一致率 100.0%
   台本: 魚屋の店先には、うちでは売っていない、と知らせる看板まで出た。
   聞取: 魚屋の店先にはうちでは売っていないと知らせる看板まで出た。

c808-1  一致率 100.0%
   台本: その年の終わりまでに、汚染されたマグロを水揚げした船は、記録で856隻。
   送信: その年の終わりまでに、汚染されたマグロを水揚げした船は、記録で はっぴゃくごじゅうろくせき。   ← EL_YOMI で書き換えた文
   聞取: その年の終わりまでに汚染されたマグロを水揚げした船は記録で八百五十六隻。

c809-2  一致率 100.0%
   台本: 翌31日、委員長は、第五福竜丸についても述べている。
   送信: 翌さんじゅういちにち、委員長は、第五福竜丸についても述べている。   ← EL_YOMI で書き換えた文
   聞取: 翌三十一日、委員長は第五福竜丸についても述べている。

c810-1  一致率 100.0%
   台本: 委員長によれば、船長は、光を見てから6分後に音を聞いたと話したという。
   送信: 委員長によれば、船長は、光を見てからろっぷんごに音を聞いたと話したという。   ← EL_YOMI で書き換えた文
   聞取: 委員長によれば、船長は光を見てから六分後に音を聞いたと話したという。

c812-2  一致率 100.0%
   台本: 音が聞こえたのは6分後ではなく、7、8分後だった。
   送信: 音が聞こえたのはろっぷんごではなく、なな、はっぷんごだった。   ← EL_YOMI で書き換えた文
   聞取: 音が聞こえたのは六分後ではなく七、八分後だった。

c812-3  一致率 100.0%
   台本: 1982年のアメリカの報告書も、7、8分と書いている。
   送信: せんきゅうひゃくはちじゅうにねんのアメリカの報告書も、なな、はっぷんと書いている。   ← EL_YOMI で書き換えた文
   聞取: 1982年のアメリカの報告書も七、八分と書いている。

c813-1  一致率 100.0%
   台本: 日本政府は、船の位置についても、こう書いている。
   聞取: 日本政府は船の位置についてもこう書いている。

c818-1  一致率 100.0%
   台本: 日本政府は、放射能の影響で亡くなったとした。
   聞取: 日本政府は放射能の影響で亡くなったとした。

c818-2  一致率 100.0%
   台本: 解剖した医師も、放射能による変化があるとした。
   聞取: 解剖した医師も放射能による変化があるとした。

c819-1  一致率 100.0%
   台本: 1955年1月4日、日本とアメリカの話し合いが決着した。
   送信: せんきゅうひゃくごじゅうごねんいちがつよっか、日本とアメリカの話し合いが決着した。   ← EL_YOMI で書き換えた文
   聞取: 1955年1月4日、日本とアメリカの話し合いが決着した。

c820-1  一致率 100.0%
   台本: この出来事を受けて、東京の杉並など各地で、原水爆禁止の署名が始まった。
   聞取: この出来事を受けて、東京の杉並など各地で原水爆禁止の署名が始まった。

c820-2  一致率 100.0%
   台本: 署名は、1955年の秋までに3200万を超えた。
   送信: 署名は、せんきゅうひゃくごじゅうごねんの秋までに さんぜんにひゃくまんを超えた。   ← EL_YOMI で書き換えた文
   聞取: 署名は1955年の秋までに3200万を超えた。

c820-3  一致率 100.0%
   台本: 一方、マーシャル諸島の人々は、その後どうなったのか。
   聞取: 一方、マーシャル諸島の人々はその後どうなったのか。

c901-2  一致率 100.0%
   台本: 26日後の3月27日には、ブラボーのクレーターの上で、次の爆発が行われている。
   送信: にじゅうろくにちごのさんがつ にじゅうしちにちには、ブラボーのクレーターの上で、次の爆発が行われている。   ← EL_YOMI で書き換えた文
   聞取: 二十六日後の三月二十七日には、ブラボーのクレーターの上で次の爆発が行われている。

c902-2  一致率 100.0%
   台本: これで、6回の爆発をすべて終えた。
   送信: これで、ろっかいの爆発をすべて終えた。   ← EL_YOMI で書き換えた文
   聞取: これで六回の爆発をすべて終えた。

c904-2  一致率 100.0%
   台本: 2隻の船の37人で、傷はどれも治っている。
   送信: にせきの船のさんじゅうななにんで、傷はどれも治っている。   ← EL_YOMI で書き換えた文
   聞取: 二隻の船の三十七人で傷はどれも治っている。

c906-3  一致率 100.0%
   台本: 医師たちは、何の備えもないまま集められた。
   聞取: 医師たちは何の備えもないまま集められた。

c911-1  一致率 100.0%
   台本: 住民の体の調査は、1956年から、アメリカの国立の研究所が続けた。
   送信: 住民の体の調査は、せんきゅうひゃくごじゅうろくねんから、アメリカの国立の研究所が続けた。   ← EL_YOMI で書き換えた文
   聞取: 住民の体の調査は、 1956年からアメリカの国立の研究所が続けた。

c911-2  一致率 100.0%
   台本: 報告書がまとめられた1982年の時点でも、まだ続いていた。
   送信: 報告書がまとめられたせんきゅうひゃくはちじゅうにねんの時点でも、まだ続いていた。   ← EL_YOMI で書き換えた文
   聞取: 報告書がまとめられた 1982年の時点でもまだ続いていた。

c912-1  一致率 100.0%
   台本: 灰の少なかったウトリック環礁の人々は、1954年6月に島へ戻った。
   送信: 灰の少なかったウトリック環礁の人々は、せんきゅうひゃくごじゅうよねんろくがつに島へ戻った。   ← EL_YOMI で書き換えた文
   聞取: 灰の少なかったウトリック環礁の人々は、一九五四年六月に島へ戻った。

c913-1  一致率 100.0%
   台本: ロンゲラップの人々は、同じマーシャル諸島のマジュロに移された。
   聞取: ロンゲラップの人々は同じマーシャル諸島のマジュロに移された。

c914-1  一致率 100.0%
   台本: 冒頭の二つの問いに、戻る。見込みを超えた威力が、灰を島に降らせたのか。
   送信: 冒頭のふたつの問いに、戻る。見込みを超えた威力が、灰を島に降らせたのか。   ← EL_YOMI で書き換えた文
   聞取: 冒頭の二つの問いに戻る。見込みを超えた威力が灰を島に降らせたのか。

c914-2  一致率 100.0%
   台本: 2013年の報告書は、予定の威力でも島は汚れたはずだ、とする。
   送信: にせんじゅうさんねんの報告書は、予定の威力でも島は汚れたはずだ、とする。   ← EL_YOMI で書き換えた文
   聞取: 二〇一三年の報告書は予定の威力でも島は汚れたはずだとする。

c915-1  一致率 100.0%
   台本: 何が、灰を人の住む島へ運んだのか。
   聞取: 何が灰を人の住む島へ運んだのか。

c916-1  一致率 100.0%
   台本: 1982年の報告書は、この爆発が、予期しない重い被曝をもたらしたと書いている。
   送信: せんきゅうひゃくはちじゅうにねんの報告書は、この爆発が、予期しない重い被曝をもたらしたと書いている。   ← EL_YOMI で書き換えた文
   聞取: 1982年の報告書は、この爆発が予期しない重い被曝をもたらしたと書いている。

c917-2  一致率 100.0%
   台本: 1967年に役目を終え、ゴミの埋め立て地だった夢の島に置き去りにされた。
   送信: せんきゅうひゃくろくじゅうななねんに役目を終え、ゴミの埋め立て地だった夢の島に置き去りにされた。   ← EL_YOMI で書き換えた文
   聞取: 1967年に役目を終え、ゴミの埋め立て地だった夢の島に置き去りにされた。

c918-1  一致率 100.0%
   台本: 1976年、東京都が夢の島に展示館を開き、船は公開された。
   送信: せんきゅうひゃくななじゅうろくねん、東京都が夢の島に展示館を開き、船は公開された。   ← EL_YOMI で書き換えた文
   聞取: 1976年、東京都が夢の島に展示館を開き、船は公開された。

c919-2  一致率 100.0%
   台本: それを十分に見込めないまま、灰は、海の上と島の上に降った。
   送信: それをじゅうぶんに見込めないまま、灰は、海の上と島の上に降った。   ← EL_YOMI で書き換えた文
   聞取: それを十分に見込めないまま、灰は海の上と島の上に降った。

c920-1  一致率 100.0%
   台本: 1954年3月1日、午前6時45分。
   送信: せんきゅうひゃくごじゅうよねんさんがつついたち、午前ろくじよんじゅうごふん。   ← EL_YOMI で書き換えた文
   聞取: 1954年3月1日午前6時45分

c920-2  一致率 100.0%
   台本: ビキニ環礁の空に上がった雲の下には、
   聞取: ビキニ環礁の空に上がった雲の下には

c920-3  一致率 100.0%
   台本: やがて灰を浴びる漁船と、島の人々と、兵士たちがいた。
   聞取: やがて灰を浴びる漁船と島の人々と兵士たちがいた。

ed01-1  一致率 100.0%
   台本: ご視聴ありがとうございました。
   聞取: ご視聴ありがとうございました。

ed01-2  一致率 100.0%
   台本: この動画が少しでも気に入れば、高評価と
   聞取: この動画が少しでも気に入れば、高評価と

ed01-3  一致率 100.0%
   台本: チャンネル登録をお願いします。
   聞取: チャンネル登録をお願いします。

検査 438行 -> C:\Users\konar\Desktop\zukai-engine\audio\el_qa\ep12_el_yomi.tsv（記録 438行／台本 438行）
Scribe: 音声 2071.1秒を文字起こし／クレジット 143,618 → 144,275（消費 657／上限 158,500） ⚠️ 反映が遅れることがある
exit=0
