  pr01-1 100.0%  1986年1月28日の朝、アメリカフロリダの発射台は凍っていた。
  pr01-2  98.1%  鉄の足場から三十センチほどのつららが何本も下がっている。
  pr02-1 100.0%  午前11時38分、スペースシャトルチャレンジャー号が飛び立った。
  pr02-2 100.0%  打ち上げはこれで25回目だった。
  pr03-1  81.0%  その七十三秒後、機体は空の上でバラバラに壊れた。
  pr03-2 100.0%  乗っていた七人は全員が亡くなっている。
  pr04-1 100.0%  なぜこの打ち上げは止まらなかったのか。
  pr04-2  90.9%  前の夜、飛んで良いかを決める会議が開かれていた。
  pr04-3  82.8%  技術者は一人も賛成しなかった。
  pr05-1 100.0%  七人のうち二人は職業の宇宙飛行士ではなかった。
  pr05-2 100.0%  そのうち一人はニューハンプシャー州で教えていた現役の教師である。
  pr05-3 100.0%  名前をクリスタ・マコーリフという。
  pr06-1 100.0%  教えていたのは中学生と高校生である。
  pr06-2  90.0%  上院に加わったのは打ち上げの半年前だった。
  pr07-1  96.3%  壊れた原因は機体の横についた細長い補助ロケットにあった。
  pr07-2  82.0%  バニラの筒をつないだ継ぎ目を塞いでいたのは二本のゴムの輪で
  pr07-3 100.0%  太さは七ミリほど。自転車のタイヤのゴムに近い。
  pr08-1  95.8%  この日の気温は摂氏2.2度、華氏で言えば36度である。
  pr08-2  97.8%  過去のどの打ち上げよりも摂氏で八点三度低かった。
  pr08-3  81.8%  ゴムは冷えると硬くなり、隙間を塞ぐのが遅れる。
  pr09-1  87.0%  氷は夜の間に発射台そのものにも張り付いていた。
  pr09-2 100.0%  乗員が逃げるための通路まで凍りついていた。
  pr10-1  96.3%  この動画が扱うのは、大統領の委員会がまとめた報告書である。
  pr10-2 100.0%  1986年6月6日に出された事故の調査報告書。
  pr10-3 100.0%  その第一巻の全文を英語の原文で当たっている。
  pr11-1 100.0%  追いかける問いは二つある。
  pr11-2  74.4%  一つ。なぜゴムの輪は隙間を塞げなかったのか。
  pr11-3  93.9%  二つ。なぜ前の夜の反対は朝までにひっくり返ったのか。
  c101-1  91.9%  話は打ち上げの前の日の夕方から始まる。
  c101-2 100.0%  一月二十七日、フロリダのケネディ宇宙センターである。
  c102-1  96.4%  その夜の予報は摂氏でマイナス六度ほどまで冷え込むとあった。
  c102-2  83.3%  しかもそれが十一時間続く
  c102-3  86.7%  フロリダの一月としては珍しい。
  c103-1 100.0%  発射台には、消火や音を抑えるための水の配管が通っている。
  c103-2   7.1%  [笑い]
  c103-3 100.0%  ところがこの夜は翌朝が打ち上げでそれができなかった。
  c105-1  93.0%  そこで配管が凍らないよう水を細く流し続けた。
  c105-2  95.2%  朝、発射台の下の水受けには厚い氷があっていた。
  c105-3 100.0%  凍らないための薬を入れていたのにである。
  c106-1  91.4%  流し続けた水と、氷点下の気温と強い風。
  c106-2 100.0%  この三つが重なって、塔には大量の氷がついていった。
  c107-1  95.2%  氷がついたのは塔の地上二十九メートルから六十五メートルの辺りだった。
  c107-2  92.7%  北側と西側に特に大きな氷とつららがついた。
  c108-1  94.1%  氷がついた場所の一つが乗員の緊急脱出用の通路だった。
  c108-2  85.7%  打ち上げ前に何かあった時、カゴで滑り降りる道である。
  c108-3 100.0%  もし逃げるとなれば、乗員は凍った床の上を走ることになっていた。
  c109-1  79.2%  市場の通信箱の一つは氷に覆われて使えなくなった。
  c109-2 100.0%  委員会は通路の氷を乗員に知らせるべきだったと書いている。
  c109-3  93.9%  打ち上げを遅らせることももっと考えるべきだったと。
  c110-1  93.9%  氷に最初に気づいたのは発射台を見回る氷の班だった。
  c110-2  91.4%  時刻は一月二十八日の午前二時頃である。
  c111-1 100.0%  配管を守るため水を流す。それ自体は理屈が通っている。
  c111-2  98.1%  ただし、報告書はこれについて一二行だけはっきり書いている。
  c111-3  92.3%  そのやり方は前例がなかった。
  c112-1  78.8%  氷のことは夜の間検討され続けた。
  c112-2 100.0%  そして午前九時、打ち上げの可否を決める会議にかけられる。
  c112-3 100.0%  運用管理チームと呼ばれるその日の判断をまとめる会議である。
  c113-1 100.0%  懸念を出したのは本体を作ったロックウェルという会社だった。
  c113-2 100.0%  本体とは飛行機の形をした人が乗る部分のことである。
  c113-3 100.0%  気にしていたのは、氷が落ちてその表面に当たることだった。
  c114-1  94.4%  一つ、発射台の上の氷が風で飛んで当たり
  c114-2  87.2%  五つ。エンジン点火の時に氷が跳ねて当たる。
  c114-3  86.3%  三つ大きな補助ロケットが空気を吸い込み、氷を巻き込ます。
  c115-1 100.0%  ロックウェルの宇宙輸送部門の社長はこう言っている。
  c115-2 100.0%  こういう条件で打ち上げたことが一度もない。
  c115-3  91.7%  何が起きるかわからないと。
  c116-1  91.5%  会社としての立場はケネディにいた副社長からカイニに伝えられた。
  c116-2   0.0%  [outro jingle]
  c117-1 100.0%  ロックウェルは飛んで安全だと百パーセントは保証できない。
  c117-2  90.9%  そこまで言って副社長は言い直した。
  c117-3 100.0%  ロックウェルは飛んで安全だと保証できない。
  c118-1  79.1%  100%という逃げ道を副社長は自分で消した。
  c118-2 100.0%  ただし、打ち上げるなとまでは言っていない。
  c118-3  86.4%  委員会もこの言い方は曖昧だったと書いている。
  c119-1 100.0%  NASAは会社に安全だと証明させるのではなく、危険だと証明させていた。
  c119-2 100.0%  委員会はそう書き、氷そのものは原因ではないと結論している。
  c119-3 100.0%  それでも「この朝に打ち上げるべきではなかった」とも書いている。
  c201-1  87.5%  そんな七人がどんな人たちだったか。
  c201-2 100.0%  最初の五人の名前が発表されたのは1985年1月27日である。
