  c105-1 100.0%  船はビキニ環礁から東北東へ157キロの海の上にいた。
  c108-2  96.8%  東の島々でも住民二百三十九人とアメリカ兵二十八人が肺の放射線を浴びた。
  c110-1 100.0%  よく語られる答えは、撃つ前の夜、高さ六キロの風が人の住む島へ向かっていたことだ。
  c112-3 100.0%  公式の実験の一覧も世界の標準時で二月二十八日と記している。
  c215-2 100.0%  国防総省の実験だけで二十九の計画が動いていた。
  c401-3 100.0%  エニウェトクとビキニを囲む縦二百七十八キロ、横五百五十六キロの区域である。
  c402-3 100.0%  ロンゲリック環礁にはアメリカ兵二十八人の観測所があった
  c404-2  94.3%  ハンは高さごとの風を重ね合わせて、灰の落ちる先を予想した。
  c414-2 100.0%  高さ六キロの風がロンゲラップへ向かう。
  c416-2 100.0%  爆発の当日、東北東の海へ船を探す飛行機を追加で飛ばすことにした。
  c421-2  74.4%  木爆の藩の他は誰も鑑賞に残らない手順である。
  c421-3  90.9%  司令所は爆心から環礁の内側の海を挟んだ向こう岸にあった。
  c422-2  97.0%  だが、二千十三年の報告書は高さ六キロの風は島の灰に直接関わらないとする。
  c512-1  94.7%  およそ三分後、雲を取る飛行機から何かが落ちてくるのが見えた。
  c604-2 100.0%  二月二十三日にはマーシャル諸島の近くまで漁場を移していた。
  c607-1 100.0%  西南西の空に赤く明るい光が見えた。
  c623-1  91.3%  灰を浴びてから七、八日。立つと首や顔、耳が痛み出した。
  c701-2 100.0%  ここではアメリカ兵二十八人が天気などの観測をしていた。
  c707-2  84.6%  ほとんどの者が半袖半ズボンを長袖長ズボンに着替えた。
  c708-1 100.0%  灰は深いところで一センチほど積もった。
  c711-1  96.0%  1982年の報告書は、この夜の司令部をこう書いていた。
  c713-2  97.7%  針は午後二時五十分から振り切れたままだという。
  c720-3  92.9%  近くの環礁で漁をしていた十八人も後から駆逐艦に乗せられた。
  c721-2  98.6%  四日にはウトリック環礁の百五十七人も島を離れ、住民二百三十九人の避難が終わった。
  c804-1 100.0%  残る乗組員も三月の下旬に東京へ移された。
  c818-3 100.0%  アメリカ政府の内部の電報や日本の医師の一部は、輸血による肝炎を疑っていた。
  c819-3  95.7%  当時のお金で七億二千万円。その六割余りはマグロの値下がりの損害に充てられた。
  c915-2  96.7%  よく語られるのは、打つ前の夜に島へ向かっていた高さ六キロの風だ。

=== 一致率の低い順 28行（★耳で確かめる候補）===

c421-2  一致率 74.4%
   台本: 起爆の班のほかは、誰も環礁に残らない手順である。
   送信: 起爆の班のほかは、誰もかんしょうに残らない手順である。   ← EL_YOMI で書き換えた文
   聞取: 木爆の藩の他は誰も鑑賞に残らない手順である。

c707-2  一致率 84.6%
   台本: ほとんどの者が、半そで半ズボンを長そで長ズボンに着がえた。
   送信: ほとんどの者が、半そで半ズボンを長そで長ズボンにきがえた。   ← EL_YOMI で書き換えた文
   聞取: ほとんどの者が半袖半ズボンを長袖長ズボンに着替えた。

c421-3  一致率 90.9%
   台本: 指令所は、爆心から、環礁の内側の海をはさんだ向こう岸にあった。
   送信: 指令所は、爆心から、かんしょうの内側の海をはさんだ向こう岸にあった。   ← EL_YOMI で書き換えた文
   聞取: 司令所は爆心から環礁の内側の海を挟んだ向こう岸にあった。

c623-1  一致率 91.3%
   台本: 灰を浴びてから7、8日たつと、首や顔、耳が痛みだした。
   送信: 灰を浴びてからなな、ようか たつと、首や顔、耳が痛みだした。   ← EL_YOMI で書き換えた文
   聞取: 灰を浴びてから七、八日。立つと首や顔、耳が痛み出した。

c720-3  一致率 92.9%
   台本: 近くの環礁で漁をしていた18人も、あとから駆逐艦に乗せられた。
   送信: 近くのかんしょうで漁をしていたじゅうはちにんも、あとから駆逐艦に乗せられた。   ← EL_YOMI で書き換えた文
   聞取: 近くの環礁で漁をしていた十八人も後から駆逐艦に乗せられた。

c404-2  一致率 94.3%
   台本: 班は、高さごとの風を重ね合わせて、灰の落ちる先を予想した。
   送信: ハンは、高さごとの風を重ね合わせて、灰の落ちる先を予想した。   ← EL_YOMI で書き換えた文
   聞取: ハンは高さごとの風を重ね合わせて、灰の落ちる先を予想した。

c512-1  一致率 94.7%
   台本: およそ30分後、雲を撮る飛行機から、何かが落ちてくるのが見えた。
   送信: およそさんじゅうふんご、雲を撮る飛行機から、何かが落ちてくるのが見えた。   ← EL_YOMI で書き換えた文
   聞取: およそ三分後、雲を取る飛行機から何かが落ちてくるのが見えた。

c819-3  一致率 95.7%
   台本: 当時のお金で7億2千万円。その6割あまりは、マグロの値下がりの損害に充てられた。
   送信: 当時のお金で七億二千万円。そのろくわりあまりは、マグロの値下がりの損害に充てられた。   ← EL_YOMI で書き換えた文
   聞取: 当時のお金で七億二千万円。その六割余りはマグロの値下がりの損害に充てられた。

c711-1  一致率 96.0%
   台本: 1982年の報告書は、この夜の司令部をこう書いている。
   送信: せんきゅうひゃくはちじゅうにねんの報告書は、このよるの司令部をこう書いている。   ← EL_YOMI で書き換えた文
   聞取: 1982年の報告書は、この夜の司令部をこう書いていた。

c915-2  一致率 96.7%
   台本: よく語られるのは、撃つ前の夜に島へ向かっていた、高さ6キロの風だ。
   送信: よく語られるのは、撃つ前の夜に島へ向かっていた、高さろくキロの風だ。   ← EL_YOMI で書き換えた文
   聞取: よく語られるのは、打つ前の夜に島へ向かっていた高さ六キロの風だ。

c108-2  一致率 96.8%
   台本: 東の島々でも、住民239人とアメリカ兵28人が、灰の放射線を浴びた。
   送信: 東の島々でも、住民二百三十九人とアメリカ兵 にじゅうはちにんが、灰の放射線を浴びた。   ← EL_YOMI で書き換えた文
   聞取: 東の島々でも住民二百三十九人とアメリカ兵二十八人が肺の放射線を浴びた。

c422-2  一致率 97.0%
   台本: だが2013年の報告書は、高さ6キロの風は島の灰に直接関わらないとする。
   送信: だが にせんじゅうさんねんの報告書は、高さろくキロの風は島の灰に直接関わらないとする。   ← EL_YOMI で書き換えた文
   聞取: だが、二千十三年の報告書は高さ六キロの風は島の灰に直接関わらないとする。

c713-2  一致率 97.7%
   台本: 針は午後2時50分から、振り切れたままだという。
   送信: はりは午後 にじごじゅっぷんから、振り切れたままだという。   ← EL_YOMI で書き換えた文
   聞取: 針は午後二時五十分から振り切れたままだという。

c721-2  一致率 98.6%
   台本: 4日には、ウトリック環礁の157人も島を離れ、住民239人の避難が終わった。
   送信: よっかには、ウトリック環礁のひゃくごじゅうななにんも島を離れ、住民二百三十九人の避難が終わった。   ← EL_YOMI で書き換えた文
   聞取: 四日にはウトリック環礁の百五十七人も島を離れ、住民二百三十九人の避難が終わった。

c105-1  一致率 100.0%
   台本: 船は、ビキニ環礁から東北東へ157キロの海の上にいた。
   送信: 船は、ビキニ環礁からとうほくとうへひゃくごじゅうななキロの海の上にいた。   ← EL_YOMI で書き換えた文
   聞取: 船はビキニ環礁から東北東へ157キロの海の上にいた。

c110-1  一致率 100.0%
   台本: よく語られる答えは、撃つ前の夜、高さ6キロの風が人の住む島へ向かっていたことだ。
   送信: よく語られる答えは、撃つ前の夜、高さろくキロの風が人の住む島へ向かっていたことだ。   ← EL_YOMI で書き換えた文
   聞取: よく語られる答えは、撃つ前の夜、高さ六キロの風が人の住む島へ向かっていたことだ。

c112-3  一致率 100.0%
   台本: 公式の実験の一覧も、世界の標準時で2月28日と記している。
   送信: 公式の実験の一覧も、世界の標準時で二月二十八日と記している。   ← EL_YOMI で書き換えた文
   聞取: 公式の実験の一覧も世界の標準時で二月二十八日と記している。

c215-2  一致率 100.0%
   台本: 国防総省の実験だけで、29の計画が動いていた。
   送信: こくぼうそうしょうの実験だけで、にじゅうきゅうの計画が動いていた。   ← EL_YOMI で書き換えた文
   聞取: 国防総省の実験だけで二十九の計画が動いていた。

c401-3  一致率 100.0%
   台本: エニウェトクとビキニを囲む、縦278キロ、横556キロの区域である。
   送信: エニウェトクとビキニを囲む、縦二百七十八キロ、横ごひゃくごじゅうろくキロの区域である。   ← EL_YOMI で書き換えた文
   聞取: エニウェトクとビキニを囲む縦二百七十八キロ、横五百五十六キロの区域である。

c402-3  一致率 100.0%
   台本: ロンゲリック環礁には、アメリカ兵28人の観測所があった。
   送信: ロンゲリック環礁には、アメリカ兵二十八人の観測所があった。   ← EL_YOMI で書き換えた文
   聞取: ロンゲリック環礁にはアメリカ兵二十八人の観測所があった

c414-2  一致率 100.0%
   台本: 高さ6キロの風が、ロンゲラップへ向かう
   送信: 高さろくキロの風が、ロンゲラップへ向かう   ← EL_YOMI で書き換えた文
   聞取: 高さ六キロの風がロンゲラップへ向かう。

c416-2  一致率 100.0%
   台本: 爆発の当日、東北東の海へ、船を探す飛行機を追加で飛ばすことにした。
   送信: 爆発の当日、とうほくとうの海へ、船を探す飛行機を追加で飛ばすことにした。   ← EL_YOMI で書き換えた文
   聞取: 爆発の当日、東北東の海へ船を探す飛行機を追加で飛ばすことにした。

c604-2  一致率 100.0%
   台本: 2月23日には、マーシャル諸島の近くまで漁場を移していた。
   送信: にがつ にじゅうさんにちには、マーシャル諸島の近くまでぎょじょうを移していた。   ← EL_YOMI で書き換えた文
   聞取: 二月二十三日にはマーシャル諸島の近くまで漁場を移していた。

c607-1  一致率 100.0%
   台本: 西南西の空に、赤く明るい光が見えた。
   送信: せいなんせいの空に、赤く明るい光が見えた。   ← EL_YOMI で書き換えた文
   聞取: 西南西の空に赤く明るい光が見えた。

c701-2  一致率 100.0%
   台本: ここではアメリカ兵28人が、天気などの観測をしていた。
   送信: ここではアメリカ兵二十八人が、天気などの観測をしていた。   ← EL_YOMI で書き換えた文
   聞取: ここではアメリカ兵二十八人が天気などの観測をしていた。

c708-1  一致率 100.0%
   台本: 灰は、深いところで1センチほど積もった。
   送信: 灰は、深いところでいっせんちほど積もった。   ← EL_YOMI で書き換えた文
   聞取: 灰は深いところで一センチほど積もった。

c804-1  一致率 100.0%
   台本: 残る乗組員も、3月の下旬に東京へ移された。
   送信: 残る乗組員も、三月の下旬に東京へ移された。   ← EL_YOMI で書き換えた文
   聞取: 残る乗組員も三月の下旬に東京へ移された。

c818-3  一致率 100.0%
   台本: アメリカ政府の内部の電報や、日本の医師の一部は、輸血による肝炎を疑っていた。
   送信: アメリカ政府の内部の電報や、日本の医師の一部は、輸血によるかんえんを疑っていた。   ← EL_YOMI で書き換えた文
   聞取: アメリカ政府の内部の電報や日本の医師の一部は、輸血による肝炎を疑っていた。

検査 28行 -> C:\Users\konar\Desktop\zukai-engine\audio\el_qa\ep12_el_yomi.tsv（記録 438行／台本 438行）
Scribe: 音声 156.7秒を文字起こし／クレジット 146,902 → 146,964（消費 62／上限 158,500） ⚠️ 反映が遅れることがある
