ElevenLabs: 声=Koichi-Deep Calm Japanese Narrator（H8ZPDxbrPcks5hEsi2fq） モデル=eleven_v3 settings={'stability': 0.64, 'similarity_boost': 0.89, 'style': 0.0, 'speed': 1.0, 'use_speaker_boost': True} ／クレジット 67,839 / 131,000／GAP 0.4s
pr01:   8.79s  (2行)
pr02:   8.08s  (2行)
pr03:   8.80s  (2行)
pr04:  10.88s  (3行)
    ⚠️ 異音 pr05-2 take1: 末尾に余計な音: 80ms の無音 → 140ms の音（3.17秒地点・振幅9753＝本文の0.9倍）
    ⚠️ 異音 pr05-2 take2: 末尾に余計な音: 80ms の無音 → 170ms の音（3.03秒地点・振幅9500＝本文の1.0倍）
pr05:  10.48s  (3行)
pr06:  10.88s  (3行)
pr07:   8.73s  (2行)
pr08:   7.59s  (2行)
pr09:   8.80s  (2行)
    ⚠️ 異音 pr10-1 take1: 途中に浮いた音: 230ms（2.85秒地点・振幅19984＝本文の2.1倍／前120ms・後80ms の無音）
pr10:   8.11s  (2行)
pr11:  11.44s  (3行)
pr12:   7.68s  (2行)
c101:   8.96s  (2行)
c102:   6.48s  (2行)
c103:   7.04s  (2行)
c104:   8.24s  (2行)
c105:  12.14s  (3行)
c106:   6.95s  (2行)
c107:   8.38s  (2行)
    ⚠️ 異音 c108-1 take1: 末尾に余計な音: 100ms の無音 → 250ms の音（4.26秒地点・振幅12939＝本文の1.2倍）
c108:   8.72s  (2行)
c109:   9.12s  (2行)
c110:  12.63s  (2行)
c111:   7.20s  (2行)
c112:   8.08s  (2行)
c113:   8.08s  (2行)
c114:  11.04s  (3行)
c115:   8.71s  (2行)
c116:   8.45s  (2行)
    ⚠️ 異音 c117-1 take1: 途中に浮いた音: 210ms（0.80秒地点・振幅10316＝本文の1.1倍／前80ms・後120ms の無音）
c117:   9.19s  (2行)
c118:  10.89s  (3行)
c119:  10.38s  (2行)
    ⚠️ 異音 c120-2 take1: 末尾に余計な音: 110ms の無音 → 140ms の音（1.62秒地点・振幅11366＝本文の1.7倍）
    ⚠️ 異音 c120-2 take2: 末尾に余計な音: 80ms の無音 → 100ms の音（1.82秒地点・振幅6908＝本文の0.9倍）
    ⚠️ 異音 c120-2 take3: 末尾に余計な音: 110ms の無音 → 190ms の音（1.57秒地点・振幅5826＝本文の0.9倍）
c120:  10.26s  (3行)
c121:  13.59s  (3行)
c122:  12.32s  (3行)
c123:   7.92s  (2行)
c124:  10.24s  (3行)
c201:  10.00s  (2行)
c202:   8.32s  (2行)
c203:  10.56s  (2行)
c204:   7.68s  (2行)
c205:   8.32s  (2行)
c206:   7.04s  (2行)
c207:   7.84s  (2行)
    ⚠️ 異音 c208-2 take1: 途中に浮いた音: 220ms（2.46秒地点・振幅18632＝本文の2.2倍／前120ms・後90ms の無音）
c208:  10.88s  (3行)
c209:  10.48s  (3行)
c210:   7.36s  (2行)
c211:   7.38s  (2行)
c212:   7.76s  (2行)
c213:   7.92s  (2行)
c214:   8.24s  (2行)
c215:   8.88s  (2行)
c216:  13.04s  (3行)
c217:  12.16s  (3行)
c218:   7.43s  (2行)
c219:   7.44s  (2行)
c220:   8.24s  (2行)
c221:  11.52s  (3行)
c222:   7.52s  (2行)
c223:   7.12s  (2行)
c224:   8.71s  (2行)
c301:  10.25s  (2行)
c302:   9.50s  (2行)
c303:  11.52s  (2行)
c304:   7.35s  (2行)
c305:  12.53s  (3行)
c306:   8.15s  (2行)
c307:   7.52s  (2行)
    ⚠️ 異音 c308-3 take1: 末尾に余計な音: 80ms の無音 → 80ms の音（1.57秒地点・振幅7938＝本文の1.2倍）
    ⚠️ 異音 c308-3 take2: 末尾に余計な音: 100ms の無音 → 90ms の音（1.67秒地点・振幅5393＝本文の1.1倍）; 先頭に余計な音: 120ms の音（振幅18909＝本文の3.7倍）のあと 90ms の無音
c308:  10.96s  (3行)
c309:   8.27s  (2行)
c310:   7.65s  (2行)
c311:   8.08s  (2行)
c312:   7.10s  (2行)
c313:   6.80s  (2行)
c314:   7.20s  (2行)
c315:   9.76s  (3行)
c316:   7.15s  (2行)
c317:   8.40s  (2行)
c318:   7.60s  (2行)
c319:  11.04s  (3行)
c320:   7.65s  (2行)
c321:  10.63s  (3行)
c322:  11.70s  (3行)
c401:   7.84s  (2行)
c402:   8.80s  (2行)
c403:   7.92s  (2行)
c404:  10.00s  (2行)
c405:  10.78s  (3行)
c406:   6.56s  (2行)
c407:  12.06s  (3行)
c408:   8.49s  (2行)
c409:   7.36s  (2行)
c410:   7.59s  (2行)
c411:   8.48s  (2行)
c412:   6.16s  (2行)
c413:   8.16s  (2行)
c414:   9.68s  (3行)
c415:   8.16s  (2行)
c416:  10.00s  (2行)
c417:   7.74s  (2行)
c418:   7.04s  (2行)
c419:   8.16s  (2行)
c420:   9.49s  (2行)
    ⚠️ 異音 c421-1 take1: 末尾に余計な音: 80ms の無音 → 250ms の音（2.39秒地点・振幅12197＝本文の1.1倍）
c421:  10.94s  (3行)
c422:  10.70s  (3行)
c501:   8.08s  (2行)
c502:   9.84s  (3行)
c503:  10.54s  (3行)
c504:   7.76s  (2行)
c505:   6.64s  (2行)
c506:   6.35s  (2行)
c507:   7.83s  (2行)
c508:   7.44s  (2行)
c509:   7.60s  (2行)
c510:   9.04s  (3行)
c511:   7.04s  (2行)
    ⚠️ 異音 c512-2 take1: 末尾に余計な音: 120ms の無音 → 190ms の音（2.92秒地点・振幅12004＝本文の1.3倍）; 途中に浮いた音: 170ms（2.63秒地点・振幅11639＝本文の1.3倍／前90ms・後120ms の無音）
    ⚠️ 異音 c512-2 take2: 末尾に余計な音: 100ms の無音 → 190ms の音（2.93秒地点・振幅6874＝本文の0.9倍）; 途中に浮いた音: 170ms（2.66秒地点・振幅9251＝本文の1.3倍／前80ms・後100ms の無音）
c512:   6.32s  (2行)
c513:   6.96s  (2行)
c514:   8.00s  (2行)
c515:   8.96s  (2行)
c516:   6.08s  (2行)
c517:   7.20s  (2行)
c518:   6.64s  (2行)
    ⚠️ 異音 c519-2 take1: 途中に浮いた音: 190ms（2.66秒地点・振幅11968＝本文の1.3倍／前100ms・後250ms の無音）
    ⚠️ 異音 c519-2 take2: 途中に浮いた音: 210ms（2.56秒地点・振幅12580＝本文の1.1倍／前130ms・後190ms の無音）
    ⚠️ 異音 c519-2 take3: 途中に浮いた音: 190ms（2.51秒地点・振幅13326＝本文の1.4倍／前90ms・後110ms の無音）
c519:   8.32s  (2行)
    ⚠️ 異音 c520-3 take1: 末尾に余計な音: 80ms の無音 → 100ms の音（2.14秒地点・振幅11960＝本文の1.1倍）
c520:  10.40s  (3行)
c601:   7.97s  (2行)
c602:   8.88s  (2行)
c603:   9.01s  (2行)
c604:   9.01s  (2行)
    ⚠️ 異音 c605-1 take1: 途中に浮いた音: 210ms（0.98秒地点・振幅9206＝本文の1.3倍／前80ms・後140ms の無音）
    ⚠️ 異音 c605-1 take2: 途中に浮いた音: 210ms（0.95秒地点・振幅13927＝本文の1.5倍／前110ms・後140ms の無音）
    ⚠️ 異音 c605-1 take3: 途中に浮いた音: 210ms（0.90秒地点・振幅12499＝本文の1.4倍／前90ms・後280ms の無音）
c605:   7.68s  (2行)
c606:   7.52s  (2行)
c607:   8.39s  (2行)
c608:   7.38s  (2行)
c609:  11.03s  (3行)
c610:  10.88s  (3行)
c611:   7.76s  (2行)
c612:  11.11s  (3行)
c613:  12.62s  (3行)
c614:   8.56s  (2行)
c615:   7.68s  (2行)
c616:   7.92s  (2行)
c617:   9.67s  (2行)
    ⚠️ 異音 c618-3 take1: 末尾に余計な音: 80ms の無音 → 130ms の音（2.89秒地点・振幅7545＝本文の1.2倍）
c618:  10.58s  (3行)
c619:   7.68s  (2行)
c620:   7.97s  (2行)
c621:   8.91s  (2行)
c622:   6.08s  (2行)
c623:   9.51s  (3行)
c624:  12.88s  (3行)
c701:   8.80s  (2行)
    ⚠️ 異音 c702-1 take1: 途中に浮いた音: 230ms（1.02秒地点・振幅15805＝本文の1.4倍／前90ms・後150ms の無音）
c702:  11.76s  (3行)
c703:   9.76s  (2行)
c704:   7.04s  (2行)
c705:   7.84s  (2行)
c706:  11.74s  (3行)
    ⚠️ 異音 c707-2 take1: 途中に浮いた音: 220ms（1.14秒地点・振幅9155＝本文の1.6倍／前80ms・後290ms の無音）
    ⚠️ 異音 c707-2 take2: 途中に浮いた音: 230ms（1.10秒地点・振幅6881＝本文の1.1倍／前80ms・後90ms の無音）
c707:   7.52s  (2行)
c708:   7.20s  (2行)
    ⚠️ 異音 c709-1 take1: 末尾に余計な音: 100ms の無音 → 120ms の音（3.55秒地点・振幅9973＝本文の1.1倍）; 途中に浮いた音: 230ms（0.98秒地点・振幅12904＝本文の1.4倍／前90ms・後100ms の無音）
c709:   7.28s  (2行)
c710:   8.20s  (2行)
c711:   6.95s  (2行)
    ⚠️ 異音 c712-1 take1: 途中に浮いた音: 150ms（2.39秒地点・振幅20953＝本文の2.2倍／前90ms・後80ms の無音）
    ⚠️ 異音 c712-1 take2: 途中に浮いた音: 140ms（2.48秒地点・振幅21747＝本文の2.3倍／前90ms・後80ms の無音）
c712:   7.84s  (2行)
c713:   8.00s  (2行)
    ⚠️ 異音 c714-3 take1: 先頭に余計な音: 160ms の音（振幅31205＝本文の2.8倍）のあと 110ms の無音
c714:   8.60s  (3行)
c715:   8.49s  (2行)
c716:   7.94s  (2行)
c717:   6.64s  (2行)
    ⚠️ 異音 c718-1 take1: 途中に浮いた音: 140ms（3.36秒地点・振幅14196＝本文の1.6倍／前100ms・後90ms の無音）
    ⚠️ 異音 c718-1 take2: 途中に浮いた音: 150ms（3.02秒地点・振幅17680＝本文の1.7倍／前100ms・後80ms の無音）
    ⚠️ 異音 c718-1 take3: 途中に浮いた音: 140ms（3.40秒地点・振幅21947＝本文の2.2倍／前110ms・後90ms の無音）
c718:   7.76s  (2行)
c719:   6.56s  (2行)
c720:  10.24s  (3行)
c801:   7.44s  (2行)
c802:  12.88s  (3行)
c803:   6.71s  (2行)
c804:   8.64s  (2行)
c805:   9.76s  (2行)
c806:   6.96s  (2行)
c807:   8.56s  (2行)
c808:  10.47s  (3行)
c809:   6.56s  (2行)
c810:   7.00s  (2行)
c811:  10.24s  (2行)
c812:   8.24s  (2行)
c813:   7.48s  (2行)
c814:   7.92s  (2行)
c815:   7.92s  (2行)
c816:   7.28s  (2行)
c817:   7.20s  (2行)
c818:   9.76s  (3行)
    ⚠️ 異音 c901-1 take1: 末尾に余計な音: 90ms の無音 → 210ms の音（4.27秒地点・振幅9860＝本文の1.2倍）
    ⚠️ 異音 c901-1 take2: 末尾に余計な音: 100ms の無音 → 140ms の音（3.94秒地点・振幅13353＝本文の1.5倍）
c901:   8.39s  (2行)
c902:   7.36s  (2行)
c903:   9.44s  (3行)
c904:   7.28s  (2行)
c905:   6.40s  (2行)
c906:   7.47s  (2行)
c907:   8.24s  (3行)
c908:   7.88s  (2行)
c909:   9.49s  (3行)
c910:  11.11s  (3行)
ep01:   6.99s  (2行)
    ⚠️ 異音 ep02-1 take1: 途中に浮いた音: 190ms（1.91秒地点・振幅7490＝本文の1.0倍／前80ms・後80ms の無音）
ep02:  10.27s  (3行)
ep03:   8.48s  (2行)
    ⚠️ 異音 ep04-2 take1: 末尾に余計な音: 90ms の無音 → 90ms の音（3.99秒地点・振幅9459＝本文の1.0倍）
ep04:   9.04s  (2行)
ep05:   7.84s  (2行)
ep06:   7.20s  (2行)
（記録に無いカットの wav を 40 本削除）

合成 202 カット／持ち越し 0 カット／未作成 0／記録 202／台本 202
作ったぶん: 202カット 11157字 → 発話＋行間 1759.8秒（6.34字/秒・行間込み。AivisSpeech は 5.52）
本編の見込み 32.9分（全 11157字をこの速さで＋LEAD/TAIL 0.85×202＋quote 2.0×22。許容 27〜40分）
最長の1行 = 7.28秒「93便は182席に37人。175便は168席に56人である。」
API 486行（11,872字）／キャッシュ 0行／振り直し 32回／本物と判定 3／要耳 1（記録＝audio/el_qa/ep7_el_retakes.tsv）
クレジット 67,839 → 74,249（消費 6,410）⚠️ 反映が遅れることがある
exit=0
