  pr01-1  96.6%  2010年9月11日火曜日、アメリカ東部はよく晴れた朝だった。
  pr01-2 100.0%  この日、四機の旅客機が続けざまに乗っ取られた。
  pr02-1 100.0%  四機とも東海岸から西海岸へ飛ぶ長い路線である。
  pr02-2 100.0%  長い路線ほど燃料を多く積む。そこが狙われている。
  pr03-1  97.0%  この動画が見ていくのは、その四基と地上でそれを追っていた人たちである。
  pr03-2 100.0%  空の道を見張る管制官と防空の当直だった。
  pr04-1  94.7%  ズンが一機目の乗っ取りを知らされたのは、ぶつかる九分前だった。
  pr04-2  87.0%  残りの三機については、水チルまで知らされていない。
  pr04-3  82.8%  猶予は九分、その後は零分だった。
  pr05-1 100.0%  なぜそうなったのかは二〇〇一年という年から見ていく。
  pr05-2 100.0%  当時は飛行機に乗るのが今よりずっと気楽だった。
  pr05-3  95.0%  検査で探していたのが主に爆弾と拳銃である。
  pr06-1  95.7%  ハイジャックは犯人の要求を飲んで着陸させるもの。
  pr06-2 100.0%  乗員も管制も何十年もそう訓練されてきた。
  pr06-3  97.8%  万人と戦うことは手引きのどこにも書かれていない。
  pr07-1 100.0%  この動画の背骨になるのは一冊の報告書である。
  pr07-2 100.0%  アメリカの独立調査委員会が2004年に出した委員会報告と呼ぶ。
  pr08-1 100.0%  建物がなぜ崩れたのかは別の役所が別に調べている。
  pr08-2  93.0%  ここでは扱わない。追いかけるのは空の方である。
  pr09-1 100.0%  空には決められた道があり、その道を見張る部屋がある。
  pr09-2 100.0%  航空路管制センターという空港の管制塔とは別の建物である。
  pr10-1  87.0%  その朝、アメリカは自分の国の空を一旦全部閉じた。
  pr10-2  92.3%  飛んでいた機さ全てに最寄りの空港へ降りろと命じている。
  pr11-1 100.0%  この日、二千九百七十三人が亡くなった。
  pr11-2  88.0%  アメリカが自分の国の土地で受けた攻撃では一番多い
  pr11-3 100.0%  この数に乗っ取った側の19人は入っていない。
  pr12-1 100.0%  これは四機の飛行機とそれを追っていた人たちの記録である。
  pr12-2 100.0%  報告書に書かれた時刻だけを使ってその朝をたどる。
  c101-1 100.0%  出てくる時刻はすべてアメリカ東部の時間である。
  c101-2  97.4%  画面に出る数字は左から十五時十分秒の順に読む。
  c102-1 100.0%  ニューヨーク市の南の端をローワーマンハッタンという
  c102-2 100.0%  島の先っぽにあたる細長い一帯である。
  c103-1 100.0%  その先っぽに世界貿易センターが建っていた。
  c103-2  91.7%  花塔の建物と地下の商店街をまとめてそう呼んでいる。
  c104-1  86.2%  ヨンビンの出発地は三箇所、ボストン、ワシントン、ニューアークである。
  c104-2 100.0%  行き先は二か所、ロサンゼルスとサンフランシスコだった。
  c105-1  95.0%  便名はアメリカン十一便、ユナイテッド百七十五便。
  c105-2 100.0%  アメリカン七十七便、ユナイテッド九十三便の四つ
  c105-3  94.1%  この動画では最後までこの弁名で呼ぶ。
  c106-1 100.0%  ボストンのローガン空港から二便が出発する。
  c106-2  95.2%  アメリカン十一便とユナイテッド百七十五便である。
  c107-1 100.0%  ワシントン郊外のダレス空港からアメリカン七十七便
  c107-2 100.0%  ニューヨーク近郊のニューアーク空港からユナイテッド93便
  c108-1  95.5%  十一便と百七十五便の機種はボーイング767だった。
  c108-2  90.5%  角質の通路が二本ある胴体の太い大型機である。
  c109-1  95.2%  二十七便と九十三便はボーイング七五七という機種。
  c109-2  86.4%  通路が一本の七百六十七より一回り細い機体である。
  c110-1  97.9%  百七十五便と九十三便はその朝、いつもより客が少なかった。
  c110-2  94.3%  九十三便は百八十二席に三十七人、百七十五便は百六十八席に五十六人である。
  c111-1  92.7%  出発の前には今と同じように保安検査がある。
  c111-2  89.8%  金属探知機をくぐり、手荷物をX線に通す手順だった。
  c112-1  94.3%  探知機は小型の拳銃分の金属で鳴るように合わせてあった。
  c112-2  95.5%  だった人だけ係員が手に持つ棒でもう一度調べる。
  c113-1  90.9%  当時は刃渡り十センチ、四インチ未満の刃物なら
  c113-2 100.0%  機内に持ち込めた。航空会社の手引きがはっきり認めていた。
  c114-1 100.0%  機内に武装した保安要員はほとんど乗っていない。
  c114-2 100.0%  訓練を受けた連邦航空保安官の数はこの時点で
  c114-3 100.0%  全米で三十三人。国内線には原則いない。
  c115-1  97.8%  七時五十九分、アメリカン十一便がボストンを離陸した。
  c115-2  97.6%  乗っていたのは乗客八十一人と乗員十一人である。
  c116-1  95.8%  八時十四分、ユナイテッド百七十五便が同じ空港を離陸する。
  c116-2 100.0%  こちらは乗客五十六人と乗員九人だった。
  c117-1  97.9%  八時二十分、アメリカン七十七便がダレス空港を離陸した。
  c117-2  95.7%  乗客五十八人と乗員六人、合わせて六十四人が乗っている。
  c118-1 100.0%  八時四十二分、ユナイテッド九十三便がニューアークを離陸した。
  c118-2 100.0%  朝の混雑で離陸は二五分あまり遅れている。
  c118-3  88.0%  この遅れが後に効いてくる。
  c119-1 100.0%  四機はどれも長い距離を飛ぶために燃料を満載していた。
  c119-2 100.0%  積める量は最大でおよそ43.150リットル、11.400ガロンである。
  c120-1  90.5%  七時五十九分から八時四十二分まで四十三分の間に
  c120-2 100.0%  四機はすべて空に上がった。
  c120-3 100.0%  ここまではどこにでもある火曜の朝である。
  c121-1 100.0%  この決まりには名前が付いていた。共通戦略という。
  c121-2 100.0%  犯人と交渉し、安全に着陸させることを最優先にしていた。
  c121-3 100.0%  1986年からの15年、アメリカ機は一機も乗っ取られていない。
  c122-1  88.4%  乗っ取りがわかると管制官はまず上司に向くせる。
  c122-2  94.5%  どうせは連邦航空局という役所の本部へ上がり、国防総省へ渡る。
  c122-3  95.2%  屯の指揮系統をまた降りて、やっと戦闘機が動く。
  c123-1  92.3%  この時すぐ飛べる戦闘機は全米七か所に二機ずつ、計十四機。
  c123-2 100.0%  そのうち二か所がこの日の話に出てくる。
  c124-1 100.0%  この仕組みは外から来る敵を止めるためのものだった。
  c124-2  90.9%  国内を飛ぶ旅客機が武器になることが想定にない。
  c124-3  78.6%  童貞の底からその朝は始まった。
  c201-1  91.7%  八時十四分の少し前、十一便は高度およそ七千九百メートル
  c201-2  90.2%  二十六千フィートまで上がっていた。ここまでは異常がない。
  c202-1 100.0%  当時の規則でも操縦室の扉は飛行中は閉めて施錠する。
  c202-2  90.2%  ただし、緊急の時にすぐ開けられる作りが求められていた。
  c203-1  93.3%  飛行機を乗っ取ったのは四機合わせて十九人である。
  c203-2  96.0%  十一便、百七十五便、七十七便に五人ずつ、九十三便だけが四人だった。
  c204-1 100.0%  19人は全員当日の保安検査を通り抜けている。
  c204-2  93.9%  検査係のうち、後から彼らを思い出せた人はいなかった。
  c205-1  96.2%  八時十九分、十一便の客室乗務員が会社の予約窓口に電話した。
  c205-2 100.0%  操縦室が応答しないと伝えている。
  c206-1  87.5%  この電話は長い間切れずに続いた。
  c206-2 100.0%  操縦室に入った人の座席番号まで落ち着いて伝えている。
  c207-1  95.2%  八時二十一分、十一便のトランスポンダーが切られた。
  c207-2  61.9%  漢字変換の画面から弁明とコードの表示が消える。
  c208-1  96.2%  トランスポンダが機体が自分から名乗るための装置である。
  c208-2  92.3%  私はこの便で今この高さですと自動で返す。
  c208-3 100.0%  切ってしまうと名前のない点だけが残る。
  c209-1 100.0%  電波が物に当たって跳ね返るのが一次レーダー。
  c209-2  83.7%  機体が電波に応えて返すのね。虹レーダーである。
  c209-3  73.2%  万事栄冠が普段画面で見ていたのは後者だった。
  c210-1  88.4%  一次レーダーの点は普段は画面に出していない。
  c210-2 100.0%  出すには管制官が自分で表示の設定を切り替える必要がある。
  c211-1  95.8%  8時24分38秒。十一便から管制屋の無線に声が流れた。
  c211-2 100.0%  複数の飛行機がある。
  c212-1 100.0%  ところが、担当の管制官にはこの一言が聞き取れなかった。
  c212-2  95.5%  何か言っているとだけわかったと記録されている。
  c213-1  97.6%  十一便が向かった先が世界貿易センターである。
  c213-2  80.8%  七頭あるうち、一番背の高い二頭をツインタワーと呼んだ。
  c214-1  90.9%  北棟と南棟、どちらも百十階建てだった。
  c214-2  96.3%  事務所の広さは二棟合わせておよそ九十七万平方メートルである。
  c215-1  98.2%  建物の断面は一辺がおよそ六十三メートル、二百八フィートの正方形。
  c215-2 100.0%  上から見ると細長い箱が二つ並んでいた。
  c216-1  83.9%  二等の高さがおよそ四百十一メートル。
  c216-2  91.2%  委員会報告が書いているのは元の単位で千三百五十フィートである。
  c216-3  98.0%  東京タワーが三百三十三メートルだから、その一点二倍になる。
  c217-1  87.5%  ただし、高さの数字は出所で変わる。
  c217-2  94.3%  建物を調べた役所の資料では、北道の屋上まで四百十七メートル
  c217-3 100.0%  屋上のアンテナの先までなら五百二十七メートルになる。
  c218-1  90.9%  地頭は事務所として貸し出されていた建物である。
  c218-2 100.0%  ただし、火曜の八時台は人がまだ入りきっていない時間だった。
  c219-1 100.0%  八時三十四分、ボストンの管制センターは決められた手順を飛ばして
  c219-2 100.0%  自分たちで軍に連絡を取ろうとした
  c220-1 100.0%  八時三十七分五十二秒。ようやく防空の当直につながる。
  c220-2  90.9%  訓練か本物かと聞かれ、「訓練ではない」と答えた。
  c221-1  93.9%  繋がった先は北東航空防衛セクターという部署である。
  c221-2  90.9%  ニューヨーク州ローマにある防空の盗聴室だった
  c221-3 100.0%  この動画では以下これを防空司令部と呼ぶ。
  c222-1  92.0%  八時四十六分、オーティス基地のF3に発進が命じられた。
  c222-2 100.0%  ただし、どこへ向かわせるかが決まっていない。
  c223-1 100.0%  名前の消えた点がニューヨークへ向かって南へ下りていく。
  c223-2  86.4%  パンジエが追えているのは跳ね返りの点だけである。
  c224-1  96.0%  航空司令部が知らされてから八分四十八秒後のことだった。
  c224-2  97.4%  八時四十六分四十秒、一機目が北棟にぶつかった。
  c301-1  98.0%  八時四十六分四十秒の時点で乗っ取られた便はあと三機ある。
  c301-2  97.4%  百七十五便、七十七便、九十三便がまだ空を飛んでいる。
  c302-1  86.4%  七十五便は十一便の十五分後に同じ空港を出ていた。
  c302-2  96.0%  八時三十三分には高度およそ九千四百メートルに達している。
  c303-1  85.2%  漢字江は百七十五便に行方のわからない十一便を探してくれと頼んでいる。
  c303-2  94.7%  175便は11便を見つけ、その上で妙な無線を聞いたと伝えた。
  c304-1  88.4%  百七十五便から届いた最後の更新はその報告だった。
  c304-2 100.0%  それから数分のうちにこの便も乗っ取られている。
  c305-1  98.0%  八時四十七分、百七十五便の応答符号が二回続けて書き換わった。
  c305-2  93.6%  応答符号は、機体が名乗る時に使う四桁の番号である。
  c305-3 100.0%  乗っ取りはこの前後に起きている。
  c306-1  88.5%  この時、担当の管制官は他の便の相手で手が離せずにいた。
  c306-2  91.7%  時報が変わったことに気づいたのは八時五十一分である。
  c307-1  89.5%  八時五十三分、関税官は同僚にこう伝えている。
  c307-2 100.0%  乗っ取られたかもしれない。機体がどこにも見つからないと。
  c308-1  98.1%  およそ二八分前に十一便から流れたあの一言は複数形だった。
  c308-2 100.0%  もし聞き取れていれば、意味はまるで変わっていた。
  c308-3 100.0%  一機だけの話ではなかった。
  c309-1  98.1%  百七十五便からも客室乗務員と乗客が地上に電話をかけている。
  c309-2 100.0%  操縦室の乗員が動かないという内容だった。
  c310-1  93.6%  航空会社にはこの時点で2機分の通報が届いていた。
  c310-2  90.5%  ただし、その情報は官邸にも軍にも回っていない。
  c311-1  84.4%  地頭は1970年から人が入り始めた建物である。
  c311-2  85.1%  ニューヨークの街の顔として三十年の間立っていた。
  c312-1 100.0%  そこで働いていたのは多い日でおよそ五万人
  c312-2  92.3%  他に四万人が毎日この区画を通り抜けていた。
  c313-1  84.8%  北東の上の方から煙が上がっている。
  c313-2 100.0%  街の人もテレビもこの時点ではまだ事故だと思っていた。
  c314-1 100.0%  消防と警察が次々に現場へ入っていく。
  c314-2  69.8%  十七分の間、町中の関心が北堂に集まっていた。
  c315-1  83.7%  その間にもう一機が南の方から近づいていた。
  c315-2  94.7%  百七十五便はトランスポンダーを切っていない。
  c315-3 100.0%  応答符号だけを別の番号に書き換えていた。
  c316-1  97.6%  百七十五便は管制の画面にはちゃんと映っていた。
  c316-2 100.0%  ただし、乗っ取られた便としては誰も見ていない。
  c317-1  94.7%  九時三分十一秒、百七十五便が南棟にぶつかった。
  c317-2  78.4%  悟空スリーブがこの瓶のことを知ったのはこの瞬間である。
  c318-1  93.9%  航空司令部は百七十五便の乗っ取りを事前に聞いていない。
  c318-2  93.6%  ニューヨークの管制からの電話で初めて知らされた
  c319-1 100.0%  九時七分、ボストンの管制は全機に警告を出すよう求めた。
  c319-2 100.0%  操縦室の守りを固めろという内容である。
  c319-3  94.7%  それが実行された後は記録に残っていない。
  c320-1 100.0%  この時点で全米の空には数千機の民間機が飛んでいる。
  c320-2  95.7%  そのどれが乗っ取られているのか誰にもわからない。
  c321-1  83.9%  一期目から二期目まで十七分あった。
  c321-2  96.2%  二機目がぶつかった瞬間に事故ではないと誰もがわかった。
  c321-3  92.3%  ここから先、全米のソロの扱いが変わっていく。
  c322-1  96.4%  百七十五便は応答符号が変わってから衝突まで十六分ほどしかない。
  c322-2  95.8%  誰かが気づいたとしても知らせを届ける先がなかった。
  c322-3  87.5%  二期目は最後まで終えていなかった。
  c401-1  93.3%  四時三分十一秒の時点で乗っ取られた便はあと二機
  c401-2  94.1%  二七便と九十三便がまだ空を飛んでいる。
  c402-1  97.4%  七十七便は八時二十分にダレス空港を出ていた。
  c402-2  92.0%  八時四十六分には高度およそ十千七百メートルに達している。
  c403-1  75.0%  八時五十一分、七十七便は普段通りの定時更新をしている。
  c403-2 100.0%  これがこの便から届いた最後の無線になった。
  c404-1  95.5%  八時五十四分、七十七便が決められた道から南へ逸れた。
  c404-2  92.3%  乗っ取りは八時五十一分から八時五十四分の間に起きている。
  c405-1  97.4%  八時五十六分。まずトランスポンダーが切られた。
  c405-2  92.3%  さらに跳ね返りの点の方まで見えなくなる
  c405-3  88.4%  漢字への画面から七十七便は完全に消えてしまった。
  c406-1 100.0%  担当していたのはインディアナポリスの管制センターである。
  c406-2  82.4%  何度も呼びかけたが、全く応答がない。
  c407-1  87.5%  カン・ジエは七十七便がどこかに墜落したのだろうと考えた。
  c407-2 100.0%  だから探したのは機体が消えた西側の地上である。
  c407-3  89.4%  州の警察にも落ちたきたの報告がないかを聞いている。
  c408-1 100.0%  九時五分、航空会社は七十七便も乗っ取られたと把握する。
  c409-1 100.0%  ところが、七十七便が実際に向かっていたのは東である。
  c409-2 100.0%  首都ワシントンの川を挟んだ対岸だった
  c410-1 100.0%  ペンタゴンはアメリカ国防総省が入っている建物である。
  c410-2 100.0%  建物の名前そのものが五角形という意味になっている。
  c411-1  87.5%  五尺径の輪が何重にも入れ子になった作りをしている。
  c411-2 100.0%  高い建物ではない。低く横に大きく広がっている。
  c412-1  81.2%  御所系の真ん中には広い中庭がある。
  c412-2  85.0%  外から見えるのは一番外側の輪だけである。
  c413-1 100.0%  九時二十一分、全米の便の流れを見ているコマンドセンターが
  c413-2 100.0%  ダレスの管制に跳ね返りの点を探してみてくれと頼んだ。
  c414-1 100.0%  九時三十二分、ダレスの管制官たちが画面の設定を切り替えて探した。
  c414-2 100.0%  見つかったものがこれである。
  c414-3  87.0%  高速で東へ動く点が一つ。
  c415-1 100.0%  九時三十四分。その点はホワイトハウスの方角へ向かっていた。
  c415-2 100.0%  空港はすぐに大統領警護隊へ連絡を入れている。
  c416-1  94.7%  後から分かったことだが、自動操縦は九時二十九分に切られていた。
  c416-2  94.7%  高度およそ二千百メートル、ペンタゴンの西六十一キロの地点である。
  c417-1  93.9%  はペンタゴンの西南西八キロ五マイルまで来ていた。
  c417-2 100.0%  そこでほぼ一周し、向き直った先がペンタゴンだった。
  c418-1 100.0%  最後の数分で高度は一気に下がっている。
  c418-2  82.9%  普通の着陸の掘り方とは線の形がまるで違う。
  c419-1 100.0%  近くを飛んでいた軍の輸送機が管制に頼まれてこの点を追った。
  c419-2  95.7%  操縦士はあれはボーイング707だと見分けている。
  c420-1 100.0%  九時三十七分四十六秒、七十七便がペンタゴンの西側にぶつかった。
  c420-2 100.0%  追っていた輸送機が衝突の数秒後にそれを伝えている。
  c421-1 100.0%  この便に乗っていた六十四人が亡くなった。
  c421-2  97.3%  建物の中にいた百二十五人も亡くなっている。
  c421-3  97.4%  軍人が五十五人、それ以外の職員が七十人である。
  c422-1 100.0%  防空司令部は七十七便が乗っ取られたとは聞かされていない。
  c422-2 100.0%  九時三十四分に見失ったと聞いただけである。
  c422-3 100.0%  三機目は探されていた場所にいなかった。
  c501-1 100.0%  九時三十七分四十六秒の時点で乗っ取られた便はあと一機。
  c501-2 100.0%  九十三便だけがまだ空を飛んでいる。
  c502-1 100.0%  ここからしばらく空の上の話をしない。
  c502-2 100.0%  時計を少し戻して地上の部屋の話をする。
  c502-3  98.0%  バージニア州ハンドンにあるコマンドセンターである。
  c503-1 100.0%  コマンドセンターは全米の便の流れを見ている部屋である。
  c503-2 100.0%  天候や混雑に合わせてどの便をいつ飛ばすかを決める。
  c503-3 100.0%  その日の責任者はベン・スライニーといった。
  c504-1 100.0%  九時二十五分、コマンドセンターが全米の離陸を止めた。
  c504-2  96.2%  ただし、もう飛んでいる木に対してはまだ何も言っていない。
  c505-1  97.7%  走路の手前まで出ていた機体がその場で止まる。
  c505-2  92.7%  搭乗口を離れた基地も動かないまま待たされた。
  c506-1 100.0%  それでも空にはまだ数千機が浮いたままである。
  c506-2  92.3%  止められるのはこれから飛ぶ基地だけだった。
  c507-1 100.0%  九時四十二分、スライニーが次の命令を出した。
  c507-2  93.0%  今飛んでいる全部の機を最寄りの空港に降ろせ。
  c508-1  80.0%  行き先の空港ではない、一番近い空港であり
  c508-2 100.0%  乗客がどこへ行きたかったかはこの命令では考えない。
  c509-1  85.2%  パンジエ艦は自分の担当する空域の機を一機ずつ降ろしていく。
  c509-2 100.0%  手引きにこういう場合のやり方は書かれていなかった。
  c510-1  95.7%  アメリカの空を国ごと閉じたことは一度もなかった。
  c510-2 100.0%  委員会報告はこの命令をこう書いている。
  c510-3  92.3%  これは前例のない命令だった。
  c511-1 100.0%  画面には降下を始めた点がずらりと並ぶ。
  c511-2 100.0%  受け入れる空港の側は何機来るのかを知らされていない。
  c512-1 100.0%  東海岸から順に画面の点が減っていく。
  c512-2  94.4%  減り方が地図の東から西へ移っていった。
  c513-1 100.0%  降ろされた空港の駐機場はすぐにいっぱいになった。
  c513-2  88.4%  流入道路に止めたままその日を終えた空港もある。
  c514-1 100.0%  画面から点が一つ消えるたびに、一機が無事に地上に降りている。
  c514-2  84.4%  点が消えることがこの日初めて良い夢癖になった。
  c515-1  92.0%  帰還からほどなく、民間機はほとんど全部が地上に降りた。
  c515-2  95.8%  その数はおよそ四千五百機。旅客機も小型機も含んでいる。
  c516-1  95.2%  降ろした先は予定になかった空港ばかりだった。
  c516-2 100.0%  乗客はそこから何日も動けなくなる。
  c517-1 100.0%  空港の待合室でそのまま寝泊まりした人も多い。
  c517-2  93.6%  民間機が普通に飛び始めるのは数日後のことである。
  c518-1  90.9%  これだけの数の木を一度にまとめて下ろしている。
  c518-2 100.0%  それでも降りる途中の事故は一件も起きていない。
  c519-1  94.3%  委員会報告はこの時の管制の仕事ぶりを高く評価している。
  c519-2  96.3%  手引きにないことをその場で決めてやりきったと書いている。
  c520-1  96.6%  九時二十五分に離陸を止め、九時四十二分に全機を下ろす命令を出した。
  c520-2 100.0%  そこから画面の点が消えきるまで。
  c520-3  89.7%  その日のうちに空は空になった。
  c601-1 100.0%  九時四十二分の時点で乗っ取られた便は九十三便だけである。
  c601-2  88.4%  その他におよそ四千五百機が降りようとしている。
  c602-1 100.0%  93便は8時42分にニューアークを離陸していた。
  c602-2  94.1%  あの二五分余りの遅れがこの便を最後の一機にしている。
  c603-1 100.0%  九時二十四分、会社の運航管理者が九十三便に文字の警告を送った。
  c603-2 100.0%  操縦室への侵入に気をつけろという内容である。
  c604-1  94.5%  九十三便からは今の知らせをもう一度確かめたいと返事が来た。
  c604-2  96.2%  この警告が届いて、そのおよそ四分後に乗っ取りが始まった。
  c605-1 100.0%  九時二十八分、管制の無線に争っている音が流れた。
  c605-2 100.0%  続いて、ここから出ろという叫び声が入っている。
  c606-1  96.2%  この音を受けたのがクリーブランドの管制センターだった。
  c606-2  89.8%  同じ周波数を使っていた他の瓶もこの音を聞いている。
  c607-1  82.6%  九時三十分、関税官は他の便に順に問い合わせていく。
  c607-2  93.3%  今の音が聞こえたか？と。何機かが聞こえたと答えた。
  c608-1  93.1%  乗っ取りのその瞬間、九十三便は二百十メートル、七百フィート下がった。
  c608-2  92.3%  何度呼びかけても返事がない。
  c609-1  90.0%  九時三十二分、艦政の無線に三度目の声が流れた。
  c609-2  95.2%  席についていろ。機内に爆弾があると言っている。
  c609-3  91.7%  学術に向けた放送が無線に乗ってしまったものである。
  c610-1  94.5%  そのすぐ後、九十三便の自動操縦に東へ戻れという指示が入った。
  c610-2  95.2%  西へ向かっていた木が向きを変えたことになる。
  c610-3  92.3%  四期目は来た道を引き返した。
  c611-1 100.0%  西へ向かっていた点が飛行の途中で大きく回って向きを変える。
  c611-2 100.0%  向き直った先は首都ワシントンの方角だった。
  c612-1 100.0%  九時四十一分、九十三便のトランスポンダも切られた。
  c612-2 100.0%  四機のうち三機が名前の消えた点になったことになる。
  c612-3 100.0%  追えるのは電波の跳ね返りだけになった。
  c613-1  93.0%  ここで時計を少し戻す。九時三十四分のことである。
  c613-2  96.7%  九十三便が乗っ取られたという伏せは連邦航空局の本部に届いていた。
  c613-3  92.3%  ただし、この話はこの後軍には回っていない。
  c614-1 100.0%  機内では乗客と乗員が次々に地上へ電話をかけていた。
  c614-2 100.0%  座席についている電話と手持ちの電話の両方が使われている。
  c615-1 100.0%  電話で伝わったのは機内の状況だけではない。
  c615-2 100.0%  世界貿易センターで何が起きたかも地上から機内へ伝わっていた。
  c616-1 100.0%  少なくとも五本の電話でその話が出たと記録されている。
  c616-2  94.3%  何が起きているかを分かった上で、機内の話し合いが始まる。
  c617-1 100.0%  名前の消えた点はペンシルベニア州の上空を東へ進んでいく。
  c617-2 100.0%  九時四十六分、コマンドセンターは首都まであと二九分と伝えている。
  c618-1 100.0%  家族との電話を切って客室の前へ向かった人たちがいる。
  c618-2  94.4%  委員会報告がその時刻をこう書いている。
  c618-3 100.0%  九時五十七分、機内の反撃が始まった。
  c619-1 100.0%  操縦室の音声記録装置がこの数分を記録していた。
  c619-2 100.0%  機体は左右に大きく振られ、上下にも揺さぶられている。
  c620-1  92.7%  十時三分十一秒、レーダーの画面から点が消えた。
  c620-2 100.0%  落ちたのはペンシルベニア州シャンクスビル近くの野原である。
  c621-1 100.0%  この便に乗っていた44人が全員亡くなった。
  c621-2 100.0%  乗客が三十七人、乗員が七人、地上で巻き込まれた人はいない。
  c622-1 100.0%  落ちた場所は何も建っていない野原だった。
  c622-2  97.6%  首都まで飛行機であと二十分ほどの距離である。
  c623-1 100.0%  首都まであとどれくらいだったのか。
  c623-2 100.0%  委員会報告はその距離をこう書いている。
  c623-3  88.9%  首都までおよそ二百一キロ、百二十五マイル。
  c624-1 100.0%  93便が乗っ取られてから墜落するまで35分だった。
  c624-2 100.0%  そのうち最後の六分は機内の人が動いていた時間である。
  c624-3 100.0%  四機のうち狙った建物に届かなかったのはこの一機だけだった。
  c701-1  88.9%  十時三分十一秒、乗っ取られた便は空からなくなった。
  c701-2 100.0%  ここから軍の側の時計をもう一度最初まで巻き戻す。
  c702-1 100.0%  八時四十六分、マサチューセッツ州のオーティス基地から
  c702-2  97.6%  戦闘機のF15が二機緊急発進を命じられた。
  c702-3  97.8%  十一便が北棟にぶつかったちょうどその時刻である。
  c703-1 100.0%  命令が出てから実際に離陸するまで七分かかっている。
  c703-2  92.3%  離陸は八時五十三分。十一便がぶつかったおよそ六分後だった。
  c704-1 100.0%  発進はした。ただし、行き先が決まっていない。
  c704-2  95.8%  追うべき木が画面のどこにいるのか誰も言えなかった。
  c705-1  95.8%  発信を指示した将校の言葉が当直の録音に残っている。
  c705-2  92.0%  どこへ向かわせればいいのかわからない。方角が欲しいと。
  c706-1  97.8%  防空司令部が十一便を知ったのは八時三十七分五二秒。
  c706-2  97.1%  ぶつかったのは八時四十六分四十秒である。
  c706-3  83.3%  この9分がその日一番長い余裕だった。
  c707-1  97.8%  九時九分、バージニア州ラングレー基地のF16が
  c707-2 100.0%  機内で待機に入った。まだ発進ではない。
  c708-1  84.6%  この時、ラングル駅の向かう先として考えられていたのは
  c708-2  92.0%  ニューヨークだった。燃料の欠いた先発機との交代である。
  c709-1 100.0%  九時二十一分、防空司令部にこんな連絡が入った。
  c709-2  97.9%  十一便がまだ飛んでいて、ワシントンへ向かっていると。
  c710-1  97.9%  十一便はそのおよそ三十四分前に北棟にぶつかっている。
  c710-2  82.4%  このチラシがどこから出たのかは、いかまもわかっていない。
  c711-1  94.7%  九時二十四分、ラングレーに発信が命じられた。
  c711-2  97.6%  理由になったのはもう存在しない十一便である。
  c712-1  84.0%  九時三十分に離陸したF16は一旦東の海上へ飛んだ。
  c712-2  90.0%  そこから向き直って使徒の方角へ戻っている。
  c713-1  90.9%  七十七便がペンタゴンにぶつかった時
  c713-2  93.9%  F16はまだおよそ二百四十一キロ、百五十マイル離れていた。
  c714-1  90.9%  十時十分、首都の上を飛ぶF16にはっきりした指示が届いた。
  c714-2 100.0%  ただし、それは撃てという指示ではない。
  c714-3 100.0%  撃ってはならない。
  c715-1  87.3%  副大統領が二度目に撃墜を許したのは十時十二分から十八分頃。
  c715-2  77.4%  九十三便はその時すでに移していた。
  c716-1  95.2%  その許可が防空司令部に届いたのは十時三十一分。
  c716-2 100.0%  最初の衝突から一時間四十四分が経っていた。
  c717-1 100.0%  命令は現場の操縦士のところまでは降りていない。
  c717-2 100.0%  委員会報告は届いていなかったとはっきり書いている。
  c718-1  92.3%  四基のうち、乗っ取りを事前に軍へ知らされたのは一基だけ。
  c718-2  81.6%  残る三基はウツシルまで乗っ取りとして伝わっていない。
  c719-1  85.0%  主とは別の基地からも戦闘機が上がっていた。
  c719-2  95.7%  ただし、こちらは軍の指揮系統の外から出た木である。
  c720-1 100.0%  委員会は迎撃が間に合ったとは書いていない。
  c720-2  88.9%  乳汁三便が乗っ取られたことを軍はついちるまで知らなかった。
  c720-3 100.0%  迎撃は間に合う順番になっていなかった。
  c801-1  95.2%  ここまでの時刻はどうして分単位でわかるのか。
  c801-2  94.1%  その前に世界貿易センターの来歴を一つだけ置いておく。
  c802-1 100.0%  ここが狙われたのはこの日が初めてではない。
  c802-2 100.0%  1993年2月26日、地下の駐車場で貨物車の爆薬が爆発した。
  c802-3  81.0%  六人が亡くなり、およそ千人が怪我をしている。
  c803-1  76.2%  漢字への無線は普段からずっと録音されている。
  c803-2  95.2%  防空司令部の当直席も同じように撮られていた。
  c804-1  94.3%  録音の他にレーダーの記録と当直の書き込みが残っていた。
  c804-2 100.0%  どれも誰かの記憶ではなく、機械と手順が残したものである。
  c805-1 100.0%  機体側の記録装置が回収できたのは四機のうち二機だけ。
  c805-2 100.0%  93便は2つとも、77便は飛行を記録した側だけである。
  c806-1  91.9%  九十三便は何も建っていない野原に墜落した。
  c806-2 100.0%  残る三機が飛び込んだのは建物の中である。
  c807-1  91.7%  委員会は十九日間の公聴会を開き、人から話を聞いた。
  c807-2  93.3%  その上で証言と録音と記録簿を突き合わせている。
  c808-1 100.0%  その結果、先に公表されていた時系列と録音とが食い違った。
  c808-2  82.8%  委員会は録音の方を取っている？
  c808-3 100.0%  最初に公表された筋書きは違っていた。
  c809-1  96.0%  食い違っていたのがラングレー機が発進した理由である。
  c809-2  94.7%  実際には存在しない弁に向けて飛んでいた。
  c810-1  93.0%  レーダーの記録は後から画面として再現できる。
  c810-2  91.3%  この動画に出てくる鉱石の画面がまさにそれである。
  c811-1 100.0%  一機目の衝突時刻は資料によって三つある。
  c811-2  95.7%  八時四十六分四十秒。八時四十六分三十秒。八時四十六分二十六秒。
  c812-1 100.0%  どれかが嘘なのではない。測っている量が違うだけである。
  c812-2  89.8%  漢字への時計と建物を調べる側の基準は別のものだった。
  c813-1  91.4%  建物の方を調べたのは別の役所である。
  c813-2 100.0%  崩れ方を秒単位で見るために時刻の基準を作り直している。
  c814-1  86.8%  漢字への時計はどの瓶がいつ消えたかを合わせるためのもの。
  c814-2  96.4%  建物側の時計は、いつ木がどこへ回ったかを合わせるためのもの。
  c815-1  88.9%  この動画が一番多く使ったのは委員会報告の第一章である。
  c815-2  88.4%  瞬単位の細かい記述はそこに全部書かれている。
  c816-1  95.0%  わかっていないこともそのまま書かれている。
  c816-2  94.3%  あの九時二十一分の誤った連絡の出どころがその一つである。
  c817-1  90.5%  委員会はわからないことをわからないと書いた。
  c817-2  88.5%  その上で、それまで通っていた説明の方を書き改めている。
  c818-1 100.0%  人の記憶は20年も経てば薄れていく。
  c818-2 100.0%  それでもこの日の分単位の記録は残った。
  c818-3 100.0%  残ったのは録音とレーダーと記録簿である。
  c901-1  93.9%  2001年11月、アメリカの議会が法律を一つ作った。
  c901-2 100.0%  空港の保安検査を国の仕事にするための法律である。
  c902-1  96.0%  それまで保安検査は航空会社が業者に頼んでやっていた。
  c902-2 100.0%  ここから国の職員が自分で行うことになる。
  c903-1  84.8%  操縦室の扉もその後作りが変わった。
  c903-2 100.0%  当時の決まりは緊急時にすぐ開けられることを求めていた。
  c903-3  88.0%  今の決まりはその逆である。
  c904-1  65.0%  100あたり10cm、4インチ未満の刃物も
  c904-2  94.7%  今は機内に持ち込めない。当時は手引きが認めていたものである。
  c905-1  93.8%  変わったのは空港の差だけではない。
  c905-2  81.6%  バンジエと軍とのつなぎ方もこの日の後に作り直された。
  c906-1  96.4%  当時は、むせが本部を何段も上がってから軍へ渡る決まりだった。
  c906-2 100.0%  あの朝、その順番は間に合わなかった。
  c907-1 100.0%  機内での決まりも変わっている。
  c907-2 100.0%  あの日まで乗員は犯人と戦わないように教えられていた。
  c907-3  88.9%  今はそう教えられてはいない。
  c908-1  97.8%  当時すぐ飛べる戦闘機は全米七か所に十四機だった。
  c908-2  93.6%  外から来る敵を止めるための冷戦の頃の配置である。
  c909-1  93.6%  今、飛行機に乗るたびに通っている手順のいくつかは
  c909-2  90.3%  この日の後に作られたものである。
  c909-3 100.0%  二十五年が経ってもその手順はまだ続いている。
  c910-1  88.9%  9月11日より前、国中の空を閉じるという考えはなかった。
  c910-2 100.0%  閉じ方をその場で決めたのは地上のコマンドセンターである。
  c910-3 100.0%  空は閉じられる場所になった。
  ep01-1 100.0%  この日の朝、アメリカ東部はよく晴れていた。
  ep01-2 100.0%  遠くまで見通せる飛行機を飛ばすのに良い天気だった。
  ep02-1  94.1%  アメリカン十一便、ユナイテッド百七十五便
  ep02-2 100.0%  アメリカン七十七便、ユナイテッド九十三便
  ep02-3  90.0%  この動画はその四つの弁明だけで組み立てた。
  ep03-1  81.5%  四期を追っていた人たちに届いたヨーヨーは九分と零分だった。
  ep03-2  95.8%  攻められる順番ではなく、間に合わなかった順番である。
  ep04-1  98.2%  一機目がぶつかってから四機目が墜ちるまで、およそ一時間十七分。
  ep04-2  94.5%  その一時間余りで、空の決まりは作り替えられることになった。
  ep05-1  96.3%  その日の夕方、アメリカの空を飛ぶ民間機はほとんどなかった。
  ep05-2 100.0%  およそ4500機が最寄りの空港に降りていた。
  ep06-1  90.6%  記録に残っているのは時刻と無線のことかと画面の点である。
  ep06-2 100.0%  あの朝、空を見ていた人たちがいた。

=== 一致率の低い順 453行（★耳で確かめる候補）===

c207-2  一致率 61.9%
   台本: 管制官の画面から、便名と高度の表示が消える。
   聞取: 漢字変換の画面から弁明とコードの表示が消える。

c904-1  一致率 65.0%
   台本: 刃渡り10センチ（4インチ）未満の刃物も、
   聞取: 100あたり10cm、4インチ未満の刃物も

c314-2  一致率 69.8%
   台本: 17分のあいだ、街じゅうの関心が北棟に集まっていた。
   聞取: 十七分の間、町中の関心が北堂に集まっていた。

c209-3  一致率 73.2%
   台本: 管制官がふだん画面で見ていたのは、後者だった。
   聞取: 万事栄冠が普段画面で見ていたのは後者だった。

c403-1  一致率 75.0%
   台本: 8時51分。77便は、ふだんどおりの定時交信をしている。
   聞取: 八時五十一分、七十七便は普段通りの定時更新をしている。

c803-1  一致率 76.2%
   台本: 管制の無線は、ふだんからずっと録音されている。
   聞取: 漢字への無線は普段からずっと録音されている。

c715-2  一致率 77.4%
   台本: 93便は、そのときすでに墜ちていた。
   聞取: 九十三便はその時すでに移していた。

c317-2  一致率 78.4%
   台本: 防空司令部がこの便のことを知ったのは、この瞬間である。
   聞取: 悟空スリーブがこの瓶のことを知ったのはこの瞬間である。

c124-3  一致率 78.6%
   台本: 想定の外から、その朝は始まった
   聞取: 童貞の底からその朝は始まった。

c508-1  一致率 80.0%
   台本: 行き先の空港ではない。いちばん近い空港である。
   聞取: 行き先の空港ではない、一番近い空港であり

c213-2  一致率 80.8%
   台本: 7棟あるうち、いちばん背の高い2棟をツインタワーと呼んだ。
   聞取: 七頭あるうち、一番背の高い二頭をツインタワーと呼んだ。

c802-3  一致率 81.0%
   台本: 6人が亡くなり、およそ1,000人がけがをしている。
   聞取: 六人が亡くなり、およそ千人が怪我をしている。

c412-1  一致率 81.2%
   台本: 五角形の真ん中には、広い中庭がある。
   聞取: 御所系の真ん中には広い中庭がある。

ep03-1  一致率 81.5%
   台本: 4機を追っていた人たちに届いた猶予は、9分と、0分だった。
   聞取: 四期を追っていた人たちに届いたヨーヨーは九分と零分だった。

c718-2  一致率 81.6%
   台本: 残る3機は、墜ちるまで乗っ取りとして伝わっていない。
   聞取: 残る三基はウツシルまで乗っ取りとして伝わっていない。

c905-2  一致率 81.6%
   台本: 管制と軍とのつなぎ方も、この日のあとに作り直された。
   聞取: バンジエと軍とのつなぎ方もこの日の後に作り直された。

c406-2  一致率 82.4%
   台本: 何度も呼びかけたが、まったく応答が無い。
   聞取: 何度も呼びかけたが、全く応答がない。

c710-2  一致率 82.4%
   台本: この知らせがどこから出たのかは、いまも分かっていない。
   聞取: このチラシがどこから出たのかは、いかまもわかっていない。

c607-1  一致率 82.6%
   台本: 9時30分。管制官は、ほかの便に順に問い合わせていく。
   聞取: 九時三十分、関税官は他の便に順に問い合わせていく。

pr04-3  一致率 82.8%
   台本: 猶予は9分。そのあとは0分だった
   聞取: 猶予は九分、その後は零分だった。

c808-2  一致率 82.8%
   台本: 委員会は、録音のほうを採っている。
   聞取: 委員会は録音の方を取っている？

c418-2  一致率 82.9%
   台本: ふつうの着陸の降り方とは、線の形がまるで違う。
   聞取: 普通の着陸の掘り方とは線の形がまるで違う。

c706-3  一致率 83.3%
   台本: この9分が、その日いちばん長い余裕だった
   聞取: この9分がその日一番長い余裕だった。

c209-2  一致率 83.7%
   台本: 機体が電波に答えて返すのが、二次レーダーである。
   聞取: 機体が電波に応えて返すのね。虹レーダーである。

c315-1  一致率 83.7%
   台本: そのあいだに、もう1機が南のほうから近づいていた。
   聞取: その間にもう一機が南の方から近づいていた。

c216-1  一致率 83.9%
   台本: 2棟の高さは、およそ411メートル。
   聞取: 二等の高さがおよそ四百十一メートル。

c321-1  一致率 83.9%
   台本: 1機目から2機目まで、17分あった。
   聞取: 一期目から二期目まで十七分あった。

c712-1  一致率 84.0%
   台本: 9時30分に離陸したF-16は、いったん東の海上へ飛んだ。
   聞取: 九時三十分に離陸したF16は一旦東の海上へ飛んだ。

c311-1  一致率 84.4%
   台本: 2棟は、1970年から人が入りはじめた建物である。
   聞取: 地頭は1970年から人が入り始めた建物である。

c514-2  一致率 84.4%
   台本: 点が消えることが、この日はじめて良い報せになった。
   聞取: 点が消えることがこの日初めて良い夢癖になった。

c708-1  一致率 84.6%
   台本: このときラングレー機の向かう先として考えられていたのは、
   聞取: この時、ラングル駅の向かう先として考えられていたのは

c313-1  一致率 84.8%
   台本: 北棟の上のほうから、煙が上がっている。
   聞取: 北東の上の方から煙が上がっている。

c903-1  一致率 84.8%
   台本: 操縦室の扉も、そのあと造りが変わった。
   聞取: 操縦室の扉もその後作りが変わった。

c412-2  一致率 85.0%
   台本: 外から見えるのは、いちばん外側の輪だけである。
   聞取: 外から見えるのは一番外側の輪だけである。

c719-1  一致率 85.0%
   台本: 首都の別の基地からも、戦闘機が上がっていた。
   聞取: 主とは別の基地からも戦闘機が上がっていた。

c311-2  一致率 85.1%
   台本: ニューヨークの街の顔として、30年のあいだ建っていた。
   聞取: ニューヨークの街の顔として三十年の間立っていた。

c509-1  一致率 85.2%
   台本: 管制官は、自分の担当する空域の機を1機ずつ降ろしていく。
   聞取: パンジエ艦は自分の担当する空域の機を一機ずつ降ろしていく。

c303-1  一致率 85.2%
   台本: 管制は175便に、行方の分からない11便を探してくれと頼んでいる。
   聞取: 漢字江は百七十五便に行方のわからない十一便を探してくれと頼んでいる。

c104-1  一致率 86.2%
   台本: 4便の出発地は3か所。ボストン、ワシントン、ニューアークである。
   聞取: ヨンビンの出発地は三箇所、ボストン、ワシントン、ニューアークである。

c109-2  一致率 86.4%
   台本: 通路が1本の、767よりひとまわり細い機体である。
   聞取: 通路が一本の七百六十七より一回り細い機体である。

c223-2  一致率 86.4%
   台本: 管制が追えているのは、跳ね返りの点だけである。
   聞取: パンジエが追えているのは跳ね返りの点だけである。

c302-1  一致率 86.4%
   台本: 175便は、11便の15分あとに同じ空港を出ていた。
   聞取: 七十五便は十一便の十五分後に同じ空港を出ていた。

c814-1  一致率 86.8%
   台本: 管制の時計は、どの便がいつ消えたかを合わせるためのもの。
   聞取: 漢字への時計はどの瓶がいつ消えたかを合わせるためのもの。

pr04-2  一致率 87.0%
   台本: 残りの3機については、墜ちるまで知らされていない。
   聞取: 残りの三機については、水チルまで知らされていない。

pr10-1  一致率 87.0%
   台本: その朝、アメリカは自分の国の空を、いったん全部閉じた。
   聞取: その朝、アメリカは自分の国の空を一旦全部閉じた。

c414-3  一致率 87.0%
   台本: 高速で東へ動く点が、ひとつ
   聞取: 高速で東へ動く点が一つ。

c715-1  一致率 87.3%
   台本: 副大統領が2度目に撃墜を許したのは、10時12分から18分ごろ。
   聞取: 副大統領が二度目に撃墜を許したのは十時十二分から十八分頃。

c206-1  一致率 87.5%
   台本: この電話は、長いあいだ切れずに続いた。
   聞取: この電話は長い間切れずに続いた。

c217-1  一致率 87.5%
   台本: ただし、高さの数字は出どころで変わる。
   聞取: ただし、高さの数字は出所で変わる。

c322-3  一致率 87.5%
   台本: 2機目は、最後まで追えていなかった
   聞取: 二期目は最後まで終えていなかった。

c407-1  一致率 87.5%
   台本: 管制は、77便がどこかに墜落したのだろうと考えた。
   聞取: カン・ジエは七十七便がどこかに墜落したのだろうと考えた。

c411-1  一致率 87.5%
   台本: 五角形の輪が、何重にも入れ子になった造りをしている。
   聞取: 五尺径の輪が何重にも入れ子になった作りをしている。

pr11-2  一致率 88.0%
   台本: アメリカが自分の国の土地で受けた攻撃では、いちばん多い。
   聞取: アメリカが自分の国の土地で受けた攻撃では一番多い

c118-3  一致率 88.0%
   台本: この遅れが、のちに効いてくる。
   聞取: この遅れが後に効いてくる。

c903-3  一致率 88.0%
   台本: いまの決まりは、その逆である。
   聞取: 今の決まりはその逆である。

c122-1  一致率 88.4%
   台本: 乗っ取りが分かると、管制官はまず上司に報せる。
   聞取: 乗っ取りがわかると管制官はまず上司に向くせる。

c210-1  一致率 88.4%
   台本: 一次レーダーの点は、ふだんは画面に出していない。
   聞取: 一次レーダーの点は普段は画面に出していない。

c304-1  一致率 88.4%
   台本: 175便から届いた最後の交信は、その報告だった。
   聞取: 百七十五便から届いた最後の更新はその報告だった。

c405-3  一致率 88.4%
   台本: 管制の画面から、77便は完全に消えてしまった。
   聞取: 漢字への画面から七十七便は完全に消えてしまった。

c513-2  一致率 88.4%
   台本: 誘導路に止めたまま、その日を終えた空港もある。
   聞取: 流入道路に止めたままその日を終えた空港もある。

c601-2  一致率 88.4%
   台本: そのほかに、およそ4,500機が降りようとしている。
   聞取: その他におよそ四千五百機が降りようとしている。

c815-2  一致率 88.4%
   台本: 分単位のこまかい記述は、そこに全部書かれている。
   聞取: 瞬単位の細かい記述はそこに全部書かれている。

c306-1  一致率 88.5%
   台本: このとき担当の管制官は、ほかの便の相手で手が離せずにいた。
   聞取: この時、担当の管制官は他の便の相手で手が離せずにいた。

c817-2  一致率 88.5%
   台本: そのうえで、それまで通っていた説明のほうを書き改めている。
   聞取: その上で、それまで通っていた説明の方を書き改めている。

c623-3  一致率 88.9%
   台本: 首都まで、およそ201キロ（125マイル）
   聞取: 首都までおよそ二百一キロ、百二十五マイル。

c701-1  一致率 88.9%
   台本: 10時3分11秒。乗っ取られた便は、空から無くなった。
   聞取: 十時三分十一秒、乗っ取られた便は空からなくなった。

c720-2  一致率 88.9%
   台本: 93便が乗っ取られたことを、軍は墜ちるまで知らなかった。
   聞取: 乳汁三便が乗っ取られたことを軍はついちるまで知らなかった。

c815-1  一致率 88.9%
   台本: この動画がいちばん多く使ったのは、委員会報告の第1章である。
   聞取: この動画が一番多く使ったのは委員会報告の第一章である。

c907-3  一致率 88.9%
   台本: いまは、そう教えられてはいない。
   聞取: 今はそう教えられてはいない。

c910-1  一致率 88.9%
   台本: 9月11日より前、国じゅうの空を閉じるという考えは無かった。
   聞取: 9月11日より前、国中の空を閉じるという考えはなかった。

c407-3  一致率 89.4%
   台本: 州の警察にも、落ちた機の報告が無いかを聞いている。
   聞取: 州の警察にも落ちたきたの報告がないかを聞いている。

c307-1  一致率 89.5%
   台本: 8時53分。管制官は同僚にこう伝えている。
   聞取: 八時五十三分、関税官は同僚にこう伝えている。

c520-3  一致率 89.7%
   台本: その日のうちに、空はからになった
   聞取: その日のうちに空は空になった。

c111-2  一致率 89.8%
   台本: 金属探知機をくぐり、手荷物をエックス線に通す手順だった。
   聞取: 金属探知機をくぐり、手荷物をX線に通す手順だった。

c606-2  一致率 89.8%
   台本: 同じ周波数を使っていたほかの便も、この音を聞いている。
   聞取: 同じ周波数を使っていた他の瓶もこの音を聞いている。

c812-2  一致率 89.8%
   台本: 管制の時計と、建物を調べる側の基準は、別のものだった。
   聞取: 漢字への時計と建物を調べる側の基準は別のものだった。

c609-1  一致率 90.0%
   台本: 9時32分。管制の無線に、3度目の声が流れた。
   聞取: 九時三十二分、艦政の無線に三度目の声が流れた。

c712-2  一致率 90.0%
   台本: そこから向き直って、首都の方角へ戻っている。
   聞取: そこから向き直って使徒の方角へ戻っている。

ep02-3  一致率 90.0%
   台本: この動画は、その4つの便名だけで組み立てた。
   聞取: この動画はその四つの弁明だけで組み立てた。

c201-2  一致率 90.2%
   台本: 26,000フィートまで上がっていた。ここまでは異常が無い。
   聞取: 二十六千フィートまで上がっていた。ここまでは異常がない。

c202-2  一致率 90.2%
   台本: ただし、緊急のときにすぐ開けられる造りが求められていた。
   聞取: ただし、緊急の時にすぐ開けられる作りが求められていた。

c909-2  一致率 90.3%
   台本: この日のあとに作られたものである。
   聞取: この日の後に作られたものである。

c108-2  一致率 90.5%
   台本: 客室の通路が2本ある、胴体の太い大型機である。
   聞取: 角質の通路が二本ある胴体の太い大型機である。

c120-1  一致率 90.5%
   台本: 7時59分から8時42分まで、43分のあいだに、
   聞取: 七時五十九分から八時四十二分まで四十三分の間に

c310-2  一致率 90.5%
   台本: ただしその情報は、管制にも軍にも回っていない。
   聞取: ただし、その情報は官邸にも軍にも回っていない。

c817-1  一致率 90.5%
   台本: 委員会は、分からないことを分からないと書いた。
   聞取: 委員会はわからないことをわからないと書いた。

ep06-1  一致率 90.6%
   台本: 記録に残っているのは、時刻と、無線の言葉と、画面の点である。
   聞取: 記録に残っているのは時刻と無線のことかと画面の点である。

c113-1  一致率 90.9%
   台本: 当時は、刃渡り10センチ（4インチ）未満の刃物なら、
   聞取: 当時は刃渡り十センチ、四インチ未満の刃物なら

c124-2  一致率 90.9%
   台本: 国内を飛ぶ旅客機が武器になることは、想定に無い。
   聞取: 国内を飛ぶ旅客機が武器になることが想定にない。

c214-1  一致率 90.9%
   台本: 北棟と南棟。どちらも110階建てだった。
   聞取: 北棟と南棟、どちらも百十階建てだった。

c218-1  一致率 90.9%
   台本: 2棟は、事務所として貸し出されていた建物である。
   聞取: 地頭は事務所として貸し出されていた建物である。

c220-2  一致率 90.9%
   台本: 訓練か本物かと聞かれ、管制官は「訓練ではない」と答えた。
   聞取: 訓練か本物かと聞かれ、「訓練ではない」と答えた。

c221-2  一致率 90.9%
   台本: ニューヨーク州ローマにある、防空の当直室だった。
   聞取: ニューヨーク州ローマにある防空の盗聴室だった

c518-1  一致率 90.9%
   台本: これだけの数の機を、一度にまとめて降ろしている。
   聞取: これだけの数の木を一度にまとめて下ろしている。

c713-1  一致率 90.9%
   台本: 77便がペンタゴンにぶつかったとき、
   聞取: 七十七便がペンタゴンにぶつかった時

c714-1  一致率 90.9%
   台本: 10時10分。首都の上を飛ぶF-16に、はっきりした指示が届いた。
   聞取: 十時十分、首都の上を飛ぶF16にはっきりした指示が届いた。

c216-2  一致率 91.2%
   台本: 委員会報告が書いているのは、もとの単位で1,350フィートである。
   聞取: 委員会報告が書いているのは元の単位で千三百五十フィートである。

c810-2  一致率 91.3%
   台本: この動画に出てくる航跡の画面が、まさにそれである。
   聞取: この動画に出てくる鉱石の画面がまさにそれである。

c813-1  一致率 91.4%
   台本: 建物のほうを調べたのは、別の役所である。
   聞取: 建物の方を調べたのは別の役所である。

c103-2  一致率 91.7%
   台本: 7棟の建物と、地下の商店街をまとめて、そう呼んでいる。
   聞取: 花塔の建物と地下の商店街をまとめてそう呼んでいる。

c201-1  一致率 91.7%
   台本: 8時14分の少し前。11便は高度およそ7,900メートル、
   聞取: 八時十四分の少し前、十一便は高度およそ七千九百メートル

c306-2  一致率 91.7%
   台本: 符号が変わったことに気づいたのは、8時51分である。
   聞取: 時報が変わったことに気づいたのは八時五十一分である。

c609-3  一致率 91.7%
   台本: 客室に向けた放送が、無線に乗ってしまったものである。
   聞取: 学術に向けた放送が無線に乗ってしまったものである。

c807-1  一致率 91.7%
   台本: 委員会は19日間の公聴会を開き、160人から話を聞いた。
   聞取: 委員会は十九日間の公聴会を開き、人から話を聞いた。

c806-1  一致率 91.9%
   台本: 93便は、何も建っていない野原に墜ちた。
   聞取: 九十三便は何も建っていない野原に墜落した。

c222-1  一致率 92.0%
   台本: 8時46分。オーティス基地のF-15に、発進が命じられた。
   聞取: 八時四十六分、オーティス基地のF3に発進が命じられた。

c402-2  一致率 92.0%
   台本: 8時46分には、高度およそ10,700メートルに達している。
   聞取: 八時四十六分には高度およそ十千七百メートルに達している。

c515-1  一致率 92.0%
   台本: 命令からほどなく、民間機はほとんど全部が地上に降りた。
   聞取: 帰還からほどなく、民間機はほとんど全部が地上に降りた。

c705-2  一致率 92.0%
   台本: どこへ向かわせればいいのか分からない、方角がほしい、と。
   聞取: どこへ向かわせればいいのかわからない。方角が欲しいと。

c708-2  一致率 92.0%
   台本: ニューヨークだった。燃料の減った先発機との交代である。
   聞取: ニューヨークだった。燃料の欠いた先発機との交代である。

pr10-2  一致率 92.3%
   台本: 飛んでいた機すべてに、最寄りの空港へ降りろと命じている。
   聞取: 飛んでいた機さ全てに最寄りの空港へ降りろと命じている。

c123-1  一致率 92.3%
   台本: このときすぐ飛べる戦闘機は、全米7か所に2機ずつ、計14機。
   聞取: この時すぐ飛べる戦闘機は全米七か所に二機ずつ、計十四機。

c208-2  一致率 92.3%
   台本: 「私はこの便で、いまこの高さです」と自動で返す。
   聞取: 私はこの便で今この高さですと自動で返す。

c312-2  一致率 92.3%
   台本: ほかに4万人が、毎日この区画を通り抜けていた。
   聞取: 他に四万人が毎日この区画を通り抜けていた。

c321-3  一致率 92.3%
   台本: ここから先、全米の空の扱いが変わっていく。
   聞取: ここから先、全米のソロの扱いが変わっていく。

c404-2  一致率 92.3%
   台本: 乗っ取りは、8時51分から8時54分のあいだに起きている。
   聞取: 乗っ取りは八時五十一分から八時五十四分の間に起きている。

c405-2  一致率 92.3%
   台本: さらに、跳ね返りの点のほうまで見えなくなる。
   聞取: さらに跳ね返りの点の方まで見えなくなる

c506-2  一致率 92.3%
   台本: 止められるのは、これから飛ぶ機だけだった。
   聞取: 止められるのはこれから飛ぶ基地だけだった。

c510-3  一致率 92.3%
   台本: これは、前例の無い命令だった
   聞取: これは前例のない命令だった。

c608-2  一致率 92.3%
   台本: 何度呼びかけても、返事が無い。
   聞取: 何度呼びかけても返事がない。

c610-3  一致率 92.3%
   台本: 4機目は、来た道を引き返した
   聞取: 四期目は来た道を引き返した。

c613-3  一致率 92.3%
   台本: ただしこの話は、このあと軍には回っていない。
   聞取: ただし、この話はこの後軍には回っていない。

c703-2  一致率 92.3%
   台本: 離陸は8時53分。11便がぶつかった、およそ6分あとだった。
   聞取: 離陸は八時五十三分。十一便がぶつかったおよそ六分後だった。

c718-1  一致率 92.3%
   台本: 4機のうち、乗っ取りを事前に軍へ知らされたのは1機だけ。
   聞取: 四基のうち、乗っ取りを事前に軍へ知らされたのは一基だけ。

c111-1  一致率 92.7%
   台本: 出発の前には、いまと同じように保安検査がある。
   聞取: 出発の前には今と同じように保安検査がある。

c505-2  一致率 92.7%
   台本: 搭乗口を離れた機も、動かないまま待たされた。
   聞取: 搭乗口を離れた基地も動かないまま待たされた。

c620-1  一致率 92.7%
   台本: 10時3分11秒。レーダーの画面から、点が消えた。
   聞取: 十時三分十一秒、レーダーの画面から点が消えた。

pr08-2  一致率 93.0%
   台本: ここでは扱わない。追いかけるのは、空のほうである。
   聞取: ここでは扱わない。追いかけるのは空の方である。

c507-2  一致率 93.0%
   台本: いま飛んでいる全部の機を、最寄りの空港に降ろせ。
   聞取: 今飛んでいる全部の機を最寄りの空港に降ろせ。

c613-1  一致率 93.0%
   台本: ここで時計をすこし戻す。9時34分のことである。
   聞取: ここで時計を少し戻す。九時三十四分のことである。

c810-1  一致率 93.0%
   台本: レーダーの記録は、あとから画面として再現できる。
   聞取: レーダーの記録は後から画面として再現できる。

c608-1  一致率 93.1%
   台本: 乗っ取りのその瞬間、93便は210メートル、700フィート下がった。
   聞取: 乗っ取りのその瞬間、九十三便は二百十メートル、七百フィート下がった。

c203-1  一致率 93.3%
   台本: 飛行機を乗っ取ったのは、4機あわせて19人である。
   聞取: 飛行機を乗っ取ったのは四機合わせて十九人である。

c401-1  一致率 93.3%
   台本: 9時3分11秒の時点で、乗っ取られた便はあと2機。
   聞取: 四時三分十一秒の時点で乗っ取られた便はあと二機

c607-2  一致率 93.3%
   台本: いまの音が聞こえたか、と。何機かが、聞こえたと答えた。
   聞取: 今の音が聞こえたか？と。何機かが聞こえたと答えた。

c807-2  一致率 93.3%
   台本: そのうえで、証言と録音と記録簿を突き合わせている。
   聞取: その上で証言と録音と記録簿を突き合わせている。

c305-2  一致率 93.6%
   台本: 応答符号は、機体が名乗るときに使う4桁の番号である。
   聞取: 応答符号は、機体が名乗る時に使う四桁の番号である。

c310-1  一致率 93.6%
   台本: 航空会社には、この時点で2機ぶんの通報が届いていた。
   聞取: 航空会社にはこの時点で2機分の通報が届いていた。

c318-2  一致率 93.6%
   台本: ニューヨークの管制からの電話で、はじめて知らされた。
   聞取: ニューヨークの管制からの電話で初めて知らされた

c517-2  一致率 93.6%
   台本: 民間機が普通に飛び始めるのは、数日あとのことである。
   聞取: 民間機が普通に飛び始めるのは数日後のことである。

c908-2  一致率 93.6%
   台本: 外から来る敵を止めるための、冷戦のころの配置である。
   聞取: 外から来る敵を止めるための冷戦の頃の配置である。

c909-1  一致率 93.6%
   台本: いま飛行機に乗るたびに通っている手順のいくつかは、
   聞取: 今、飛行機に乗るたびに通っている手順のいくつかは

c905-1  一致率 93.8%
   台本: 変わったのは、空港の側だけではない。
   聞取: 変わったのは空港の差だけではない。

c204-2  一致率 93.9%
   台本: 検査係のうち、あとから彼らを思い出せた人はいなかった。
   聞取: 検査係のうち、後から彼らを思い出せた人はいなかった。

c221-1  一致率 93.9%
   台本: つながった先は、北東航空防衛セクターという部署である。
   聞取: 繋がった先は北東航空防衛セクターという部署である。

c318-1  一致率 93.9%
   台本: 防空司令部は、175便の乗っ取りを事前に聞いていない。
   聞取: 航空司令部は百七十五便の乗っ取りを事前に聞いていない。

c417-1  一致率 93.9%
   台本: 点は、ペンタゴンの西南西8キロ（5マイル）まで来ていた。
   聞取: はペンタゴンの西南西八キロ五マイルまで来ていた。

c713-2  一致率 93.9%
   台本: F-16はまだ、およそ241キロ、150マイル離れていた。
   聞取: F16はまだおよそ二百四十一キロ、百五十マイル離れていた。

c901-1  一致率 93.9%
   台本: 2001年11月、アメリカの議会が法律をひとつ作った。
   聞取: 2001年11月、アメリカの議会が法律を一つ作った。

c105-3  一致率 94.1%
   台本: この動画では、最後までこの便名で呼ぶ。
   聞取: この動画では最後までこの弁名で呼ぶ。

c401-2  一致率 94.1%
   台本: 77便と93便が、まだ空を飛んでいる。
   聞取: 二七便と九十三便がまだ空を飛んでいる。

c602-2  一致率 94.1%
   台本: あの25分あまりの遅れが、この便を最後の1機にしている。
   聞取: あの二五分余りの遅れがこの便を最後の一機にしている。

c801-2  一致率 94.1%
   台本: その前に、世界貿易センターの来歴をひとつだけ置いておく。
   聞取: その前に世界貿易センターの来歴を一つだけ置いておく。

ep02-1  一致率 94.1%
   台本: アメリカン11便。ユナイテッド175便。
   聞取: アメリカン十一便、ユナイテッド百七十五便

c110-2  一致率 94.3%
   台本: 93便は182席に37人。175便は168席に56人である。
   聞取: 九十三便は百八十二席に三十七人、百七十五便は百六十八席に五十六人である。

c112-1  一致率 94.3%
   台本: 探知機は、小型の拳銃ぶんの金属で鳴るように合わせてあった。
   聞取: 探知機は小型の拳銃分の金属で鳴るように合わせてあった。

c217-2  一致率 94.3%
   台本: 建物を調べた役所の資料では、北棟の屋上まで417メートル。
   聞取: 建物を調べた役所の資料では、北道の屋上まで四百十七メートル

c519-1  一致率 94.3%
   台本: 委員会報告は、このときの管制の仕事ぶりを高く評価している。
   聞取: 委員会報告はこの時の管制の仕事ぶりを高く評価している。

c616-2  一致率 94.3%
   台本: 何が起きているかを分かったうえで、機内の話し合いが始まる。
   聞取: 何が起きているかを分かった上で、機内の話し合いが始まる。

c804-1  一致率 94.3%
   台本: 録音のほかに、レーダーの記録と、当直の書き込みが残っていた。
   聞取: 録音の他にレーダーの記録と当直の書き込みが残っていた。

c816-2  一致率 94.3%
   台本: あの9時21分の誤った連絡の出どころが、そのひとつである。
   聞取: あの九時二十一分の誤った連絡の出どころがその一つである。

c512-2  一致率 94.4%
   台本: 減り方は、地図の東から西へ移っていった。
   聞取: 減り方が地図の東から西へ移っていった。

c618-2  一致率 94.4%
   台本: 委員会報告は、その時刻をこう書いている。
   聞取: 委員会報告がその時刻をこう書いている。

c122-2  一致率 94.5%
   台本: 報せは連邦航空局という役所の本部へ上がり、国防総省へ渡る。
   聞取: どうせは連邦航空局という役所の本部へ上がり、国防総省へ渡る。

c604-1  一致率 94.5%
   台本: 93便からは、いまの知らせをもう一度確かめたい、と返事が来た。
   聞取: 九十三便からは今の知らせをもう一度確かめたいと返事が来た。

c610-1  一致率 94.5%
   台本: そのすぐあと、93便の自動操縦に、東へ戻れという指示が入った。
   聞取: そのすぐ後、九十三便の自動操縦に東へ戻れという指示が入った。

ep04-2  一致率 94.5%
   台本: その1時間あまりで、空の決まりは作り替えられることになった。
   聞取: その一時間余りで、空の決まりは作り替えられることになった。

pr04-1  一致率 94.7%
   台本: 軍が1機目の乗っ取りを知らされたのは、ぶつかる9分前だった。
   聞取: ズンが一機目の乗っ取りを知らされたのは、ぶつかる九分前だった。

c303-2  一致率 94.7%
   台本: 175便は11便を見つけ、そのうえで妙な無線を聞いた、と伝えた。
   聞取: 175便は11便を見つけ、その上で妙な無線を聞いたと伝えた。

c315-2  一致率 94.7%
   台本: 175便は、トランスポンダを切っていない。
   聞取: 百七十五便はトランスポンダーを切っていない。

c317-1  一致率 94.7%
   台本: 9時3分11秒。175便が南棟にぶつかった。
   聞取: 九時三分十一秒、百七十五便が南棟にぶつかった。

c319-3  一致率 94.7%
   台本: それが実行された跡は、記録に残っていない。
   聞取: それが実行された後は記録に残っていない。

c416-1  一致率 94.7%
   台本: あとから分かったことだが、自動操縦は9時29分に切られていた。
   聞取: 後から分かったことだが、自動操縦は九時二十九分に切られていた。

c416-2  一致率 94.7%
   台本: 高度およそ2,100メートル。ペンタゴンの西61キロの地点である。
   聞取: 高度およそ二千百メートル、ペンタゴンの西六十一キロの地点である。

c711-1  一致率 94.7%
   台本: 9時24分、ラングレーに発進が命じられた。
   聞取: 九時二十四分、ラングレーに発信が命じられた。

c809-2  一致率 94.7%
   台本: 実際には、存在しない便に向けて飛んでいた。
   聞取: 実際には存在しない弁に向けて飛んでいた。

c904-2  一致率 94.7%
   台本: いまは機内に持ち込めない。当時は、手引きが認めていたものである。
   聞取: 今は機内に持ち込めない。当時は手引きが認めていたものである。

pr05-3  一致率 95.0%
   台本: 検査で探していたのは、主に爆弾と拳銃である。
   聞取: 検査で探していたのが主に爆弾と拳銃である。

c105-1  一致率 95.0%
   台本: 便名は、アメリカン11便、ユナイテッド175便、
   聞取: 便名はアメリカン十一便、ユナイテッド百七十五便。

c816-1  一致率 95.0%
   台本: 分かっていないことも、そのまま書かれている。
   聞取: わかっていないこともそのまま書かれている。

c106-2  一致率 95.2%
   台本: アメリカン11便と、ユナイテッド175便である。
   聞取: アメリカン十一便とユナイテッド百七十五便である。

c109-1  一致率 95.2%
   台本: 77便と93便は、ボーイング757という機種。
   聞取: 二十七便と九十三便はボーイング七五七という機種。

c122-3  一致率 95.2%
   台本: 軍の指揮系統をまた降りて、やっと戦闘機が動く。
   聞取: 屯の指揮系統をまた降りて、やっと戦闘機が動く。

c207-1  一致率 95.2%
   台本: 8時21分。11便のトランスポンダが切られた。
   聞取: 八時二十一分、十一便のトランスポンダーが切られた。

c516-1  一致率 95.2%
   台本: 降ろした先は、予定に無かった空港ばかりだった。
   聞取: 降ろした先は予定になかった空港ばかりだった。

c609-2  一致率 95.2%
   台本: 席に着いていろ、機内に爆弾がある、と言っている。
   聞取: 席についていろ。機内に爆弾があると言っている。

c610-2  一致率 95.2%
   台本: 西へ向かっていた機が、向きを変えたことになる。
   聞取: 西へ向かっていた木が向きを変えたことになる。

c716-1  一致率 95.2%
   台本: その許可が防空司令部に届いたのは、10時31分。
   聞取: その許可が防空司令部に届いたのは十時三十一分。

c801-1  一致率 95.2%
   台本: ここまでの時刻は、どうして分単位で分かるのか。
   聞取: ここまでの時刻はどうして分単位でわかるのか。

c803-2  一致率 95.2%
   台本: 防空司令部の当直席も、同じように録られていた。
   聞取: 防空司令部の当直席も同じように撮られていた。

c108-1  一致率 95.5%
   台本: 11便と175便の機種は、ボーイング767だった。
   聞取: 十一便と百七十五便の機種はボーイング767だった。

c112-2  一致率 95.5%
   台本: 鳴った人だけ、係員が手に持つ棒でもう一度調べる。
   聞取: だった人だけ係員が手に持つ棒でもう一度調べる。

c212-2  一致率 95.5%
   台本: 何か言っている、とだけ分かったと記録されている。
   聞取: 何か言っているとだけわかったと記録されている。

c404-1  一致率 95.5%
   台本: 8時54分。77便が、決められた道から南へそれた。
   聞取: 八時五十四分、七十七便が決められた道から南へ逸れた。

pr06-1  一致率 95.7%
   台本: ハイジャックは、犯人の要求をのんで着陸させるもの。
   聞取: ハイジャックは犯人の要求を飲んで着陸させるもの。

c117-2  一致率 95.7%
   台本: 乗客58人と乗員6人。あわせて64人が乗っている。
   聞取: 乗客五十八人と乗員六人、合わせて六十四人が乗っている。

c320-2  一致率 95.7%
   台本: そのどれが乗っ取られているのか、誰にも分からない。
   聞取: そのどれが乗っ取られているのか誰にもわからない。

c419-2  一致率 95.7%
   台本: 操縦士は、あれはボーイング757だと見分けている。
   聞取: 操縦士はあれはボーイング707だと見分けている。

c510-1  一致率 95.7%
   台本: アメリカの空を、国ごと閉じたことは一度も無かった。
   聞取: アメリカの空を国ごと閉じたことは一度もなかった。

c719-2  一致率 95.7%
   台本: ただしこちらは、軍の指揮系統の外から出た機である。
   聞取: ただし、こちらは軍の指揮系統の外から出た木である。

c811-2  一致率 95.7%
   台本: 8時46分40秒、8時46分30秒、8時46分26秒。
   聞取: 八時四十六分四十秒。八時四十六分三十秒。八時四十六分二十六秒。

c116-1  一致率 95.8%
   台本: 8時14分。ユナイテッド175便が、同じ空港を離陸する。
   聞取: 八時十四分、ユナイテッド百七十五便が同じ空港を離陸する。

c211-1  一致率 95.8%
   台本: 8時24分38秒。11便から、管制の無線に声が流れた。
   聞取: 8時24分38秒。十一便から管制屋の無線に声が流れた。

c322-2  一致率 95.8%
   台本: 誰かが気づいたとしても、知らせを届ける先が無かった。
   聞取: 誰かが気づいたとしても知らせを届ける先がなかった。

c515-2  一致率 95.8%
   台本: その数は、およそ4,500機。旅客機も、小型機も含んでいる。
   聞取: その数はおよそ四千五百機。旅客機も小型機も含んでいる。

c704-2  一致率 95.8%
   台本: 追うべき機が画面のどこにいるのか、誰も言えなかった。
   聞取: 追うべき木が画面のどこにいるのか誰も言えなかった。

c705-1  一致率 95.8%
   台本: 発進を指示した将校の言葉が、当直の録音に残っている。
   聞取: 発信を指示した将校の言葉が当直の録音に残っている。

ep03-2  一致率 95.8%
   台本: 責められる順番ではなく、間に合わなかった順番である。
   聞取: 攻められる順番ではなく、間に合わなかった順番である。

c203-2  一致率 96.0%
   台本: 11便、175便、77便に5人ずつ。93便だけが4人だった。
   聞取: 十一便、百七十五便、七十七便に五人ずつ、九十三便だけが四人だった。

c224-1  一致率 96.0%
   台本: 防空司令部が知らされてから、8分48秒後のことだった。
   聞取: 航空司令部が知らされてから八分四十八秒後のことだった。

c302-2  一致率 96.0%
   台本: 8時33分には、高度およそ9,400メートルに達している。
   聞取: 八時三十三分には高度およそ九千四百メートルに達している。

c809-1  一致率 96.0%
   台本: 食い違っていたのは、ラングレー機が発進した理由である。
   聞取: 食い違っていたのがラングレー機が発進した理由である。

c902-1  一致率 96.0%
   台本: それまで、保安検査は航空会社が業者に頼んで行っていた。
   聞取: それまで保安検査は航空会社が業者に頼んでやっていた。

c205-1  一致率 96.2%
   台本: 8時19分。11便の客室乗務員が、会社の予約窓口に電話した。
   聞取: 八時十九分、十一便の客室乗務員が会社の予約窓口に電話した。

c208-1  一致率 96.2%
   台本: トランスポンダは、機体が自分から名乗るための装置である。
   聞取: トランスポンダが機体が自分から名乗るための装置である。

c321-2  一致率 96.2%
   台本: 2機目がぶつかった瞬間に、事故ではないと誰もが分かった。
   聞取: 二機目がぶつかった瞬間に事故ではないと誰もがわかった。

c504-2  一致率 96.2%
   台本: ただし、もう飛んでいる機に対しては、まだ何も言っていない。
   聞取: ただし、もう飛んでいる木に対してはまだ何も言っていない。

c604-2  一致率 96.2%
   台本: この警告が届いた、そのおよそ4分後に乗っ取りが始まった。
   聞取: この警告が届いて、そのおよそ四分後に乗っ取りが始まった。

c606-1  一致率 96.2%
   台本: この音を受けたのは、クリーブランドの管制センターだった。
   聞取: この音を受けたのがクリーブランドの管制センターだった。

c214-2  一致率 96.3%
   台本: 事務所の広さは、2棟あわせておよそ97万平方メートルである。
   聞取: 事務所の広さは二棟合わせておよそ九十七万平方メートルである。

c519-2  一致率 96.3%
   台本: 手引きに無いことを、その場で決めてやりきった、と書いている。
   聞取: 手引きにないことをその場で決めてやりきったと書いている。

ep05-1  一致率 96.3%
   台本: その日の夕方、アメリカの空を飛ぶ民間機はほとんど無かった。
   聞取: その日の夕方、アメリカの空を飛ぶ民間機はほとんどなかった。

c322-1  一致率 96.4%
   台本: 175便は、応答符号が変わってから衝突まで16分ほどしかない。
   聞取: 百七十五便は応答符号が変わってから衝突まで十六分ほどしかない。

c814-2  一致率 96.4%
   台本: 建物側の時計は、いつ火がどこへ回ったかを合わせるためのもの。
   聞取: 建物側の時計は、いつ木がどこへ回ったかを合わせるためのもの。

c906-1  一致率 96.4%
   台本: 当時は、報せが本部を何段も上がってから軍へ渡る決まりだった。
   聞取: 当時は、むせが本部を何段も上がってから軍へ渡る決まりだった。

pr01-1  一致率 96.6%
   台本: 2001年9月11日、火曜日。アメリカ東部は、よく晴れた朝だった。
   聞取: 2010年9月11日火曜日、アメリカ東部はよく晴れた朝だった。

c520-1  一致率 96.6%
   台本: 9時25分に離陸を止め、9時42分に全機を降ろす命令を出した。
   聞取: 九時二十五分に離陸を止め、九時四十二分に全機を下ろす命令を出した。

c613-2  一致率 96.7%
   台本: 93便が乗っ取られたという報せは、連邦航空局の本部に届いていた。
   聞取: 九十三便が乗っ取られたという伏せは連邦航空局の本部に届いていた。

pr03-1  一致率 97.0%
   台本: この動画が見ていくのは、その4機と、地上でそれを追っていた人たちである。
   聞取: この動画が見ていくのは、その四基と地上でそれを追っていた人たちである。

c706-2  一致率 97.1%
   台本: ぶつかったのは、8時46分40秒である。
   聞取: ぶつかったのは八時四十六分四十秒である。

c421-2  一致率 97.3%
   台本: 建物の中にいた125人も、亡くなっている。
   聞取: 建物の中にいた百二十五人も亡くなっている。

c101-2  一致率 97.4%
   台本: 画面に出る数字は、左から時、分、秒の順に読む。
   聞取: 画面に出る数字は左から十五時十分秒の順に読む。

c224-2  一致率 97.4%
   台本: 8時46分40秒。1機目が北棟にぶつかった
   聞取: 八時四十六分四十秒、一機目が北棟にぶつかった。

c301-2  一致率 97.4%
   台本: 175便、77便、93便が、まだ空を飛んでいる。
   聞取: 百七十五便、七十七便、九十三便がまだ空を飛んでいる。

c402-1  一致率 97.4%
   台本: 77便は、8時20分にダレス空港を出ていた。
   聞取: 七十七便は八時二十分にダレス空港を出ていた。

c405-1  一致率 97.4%
   台本: 8時56分。まずトランスポンダが切られた。
   聞取: 八時五十六分。まずトランスポンダーが切られた。

c421-3  一致率 97.4%
   台本: 軍人が55人、それ以外の職員が70人である。
   聞取: 軍人が五十五人、それ以外の職員が七十人である。

c115-2  一致率 97.6%
   台本: 乗っていたのは、乗客81人と、乗員11人である。
   聞取: 乗っていたのは乗客八十一人と乗員十一人である。

c213-1  一致率 97.6%
   台本: 11便が向かった先が、世界貿易センターである。
   聞取: 十一便が向かった先が世界貿易センターである。

c316-1  一致率 97.6%
   台本: 175便は、管制の画面にはちゃんと映っていた。
   聞取: 百七十五便は管制の画面にはちゃんと映っていた。

c622-2  一致率 97.6%
   台本: 首都まで、飛行機であと20分ほどの距離である。
   聞取: 首都まで飛行機であと二十分ほどの距離である。

c702-2  一致率 97.6%
   台本: 戦闘機のF-15が2機、緊急発進を命じられた。
   聞取: 戦闘機のF15が二機緊急発進を命じられた。

c711-2  一致率 97.6%
   台本: 理由になったのは、もう存在しない11便である。
   聞取: 理由になったのはもう存在しない十一便である。

c505-1  一致率 97.7%
   台本: 滑走路の手前まで出ていた機体が、その場で止まる。
   聞取: 走路の手前まで出ていた機体がその場で止まる。

pr06-3  一致率 97.8%
   台本: 犯人と戦うことは、手引きのどこにも書かれていない。
   聞取: 万人と戦うことは手引きのどこにも書かれていない。

c115-1  一致率 97.8%
   台本: 7時59分。アメリカン11便が、ボストンを離陸した。
   聞取: 七時五十九分、アメリカン十一便がボストンを離陸した。

c702-3  一致率 97.8%
   台本: 11便が北棟にぶつかった、ちょうどその時刻である。
   聞取: 十一便が北棟にぶつかったちょうどその時刻である。

c706-1  一致率 97.8%
   台本: 防空司令部が11便を知ったのは、8時37分52秒。
   聞取: 防空司令部が十一便を知ったのは八時三十七分五二秒。

c707-1  一致率 97.8%
   台本: 9時9分。バージニア州ラングレー基地のF-16が、
   聞取: 九時九分、バージニア州ラングレー基地のF16が

c908-1  一致率 97.8%
   台本: 当時、すぐ飛べる戦闘機は全米7か所に14機だった。
   聞取: 当時すぐ飛べる戦闘機は全米七か所に十四機だった。

c110-1  一致率 97.9%
   台本: 175便と93便は、その朝いつもより客が少なかった。
   聞取: 百七十五便と九十三便はその朝、いつもより客が少なかった。

c117-1  一致率 97.9%
   台本: 8時20分。アメリカン77便が、ダレス空港を離陸した。
   聞取: 八時二十分、アメリカン七十七便がダレス空港を離陸した。

c709-2  一致率 97.9%
   台本: 11便がまだ飛んでいて、ワシントンへ向かっている、と。
   聞取: 十一便がまだ飛んでいて、ワシントンへ向かっていると。

c710-1  一致率 97.9%
   台本: 11便は、そのおよそ34分前に北棟にぶつかっている。
   聞取: 十一便はそのおよそ三十四分前に北棟にぶつかっている。

c216-3  一致率 98.0%
   台本: 東京タワーが333メートルだから、その1.2倍になる。
   聞取: 東京タワーが三百三十三メートルだから、その一点二倍になる。

c502-3  一致率 98.0%
   台本: バージニア州ハーンドンにある、コマンドセンターである。
   聞取: バージニア州ハンドンにあるコマンドセンターである。

c301-1  一致率 98.0%
   台本: 8時46分40秒の時点で、乗っ取られた便はあと3機ある。
   聞取: 八時四十六分四十秒の時点で乗っ取られた便はあと三機ある。

c305-1  一致率 98.0%
   台本: 8時47分。175便の応答符号が、2回続けて書き換わった。
   聞取: 八時四十七分、百七十五便の応答符号が二回続けて書き換わった。

c308-1  一致率 98.1%
   台本: およそ28分前に11便から流れたあの一言は、複数形だった。
   聞取: およそ二八分前に十一便から流れたあの一言は複数形だった。

c309-1  一致率 98.1%
   台本: 175便からも、客室乗務員と乗客が地上に電話をかけている。
   聞取: 百七十五便からも客室乗務員と乗客が地上に電話をかけている。

c215-1  一致率 98.2%
   台本: 建物の断面は、1辺がおよそ63メートル、208フィートの正方形。
   聞取: 建物の断面は一辺がおよそ六十三メートル、二百八フィートの正方形。

ep04-1  一致率 98.2%
   台本: 1機目がぶつかってから4機目が墜ちるまで、およそ1時間17分。
   聞取: 一機目がぶつかってから四機目が墜ちるまで、およそ一時間十七分。

pr01-2  一致率 100.0%
   台本: この日、4機の旅客機が、続けざまに乗っ取られた。
   聞取: この日、四機の旅客機が続けざまに乗っ取られた。

pr02-1  一致率 100.0%
   台本: 4機とも、東海岸から西海岸へ飛ぶ長い路線である。
   聞取: 四機とも東海岸から西海岸へ飛ぶ長い路線である。

pr02-2  一致率 100.0%
   台本: 長い路線ほど燃料を多く積む。そこが狙われている。
   聞取: 長い路線ほど燃料を多く積む。そこが狙われている。

pr03-2  一致率 100.0%
   台本: 空の道を見張る管制官と、防空の当直だった。
   聞取: 空の道を見張る管制官と防空の当直だった。

pr05-1  一致率 100.0%
   台本: なぜそうなったのかは、2001年という年から見ていく。
   聞取: なぜそうなったのかは二〇〇一年という年から見ていく。

pr05-2  一致率 100.0%
   台本: 当時は、飛行機に乗るのが今よりずっと気楽だった。
   聞取: 当時は飛行機に乗るのが今よりずっと気楽だった。

pr06-2  一致率 100.0%
   台本: 乗員も管制も、何十年もそう訓練されてきた。
   聞取: 乗員も管制も何十年もそう訓練されてきた。

pr07-1  一致率 100.0%
   台本: この動画の背骨になるのは、1冊の報告書である。
   聞取: この動画の背骨になるのは一冊の報告書である。

pr07-2  一致率 100.0%
   台本: アメリカの独立調査委員会が2004年に出した。委員会報告と呼ぶ。
   聞取: アメリカの独立調査委員会が2004年に出した委員会報告と呼ぶ。

pr08-1  一致率 100.0%
   台本: 建物がなぜ崩れたのかは、別の役所が別に調べている。
   聞取: 建物がなぜ崩れたのかは別の役所が別に調べている。

pr09-1  一致率 100.0%
   台本: 空には決められた道があり、その道を見張る部屋がある。
   聞取: 空には決められた道があり、その道を見張る部屋がある。

pr09-2  一致率 100.0%
   台本: 航空路管制センターという。空港の管制塔とは別の建物である。
   聞取: 航空路管制センターという空港の管制塔とは別の建物である。

pr11-1  一致率 100.0%
   台本: この日、2,973人が亡くなった。
   聞取: この日、二千九百七十三人が亡くなった。

pr11-3  一致率 100.0%
   台本: この数に、乗っ取った側の19人は入っていない。
   聞取: この数に乗っ取った側の19人は入っていない。

pr12-1  一致率 100.0%
   台本: これは、4機の飛行機と、それを追っていた人たちの記録である。
   聞取: これは四機の飛行機とそれを追っていた人たちの記録である。

pr12-2  一致率 100.0%
   台本: 報告書に書かれた時刻だけを使って、その朝をたどる。
   聞取: 報告書に書かれた時刻だけを使ってその朝をたどる。

c101-1  一致率 100.0%
   台本: 出てくる時刻は、すべてアメリカ東部の時間である。
   聞取: 出てくる時刻はすべてアメリカ東部の時間である。

c102-1  一致率 100.0%
   台本: ニューヨーク市の南の端を、ローワーマンハッタンという。
   聞取: ニューヨーク市の南の端をローワーマンハッタンという

c102-2  一致率 100.0%
   台本: 島の先っぽにあたる、細長い一帯である。
   聞取: 島の先っぽにあたる細長い一帯である。

c103-1  一致率 100.0%
   台本: その先っぽに、世界貿易センターが建っていた。
   聞取: その先っぽに世界貿易センターが建っていた。

c104-2  一致率 100.0%
   台本: 行き先は2か所。ロサンゼルスと、サンフランシスコだった。
   聞取: 行き先は二か所、ロサンゼルスとサンフランシスコだった。

c105-2  一致率 100.0%
   台本: アメリカン77便、ユナイテッド93便の4つ。
   聞取: アメリカン七十七便、ユナイテッド九十三便の四つ

c106-1  一致率 100.0%
   台本: ボストンのローガン空港から、2便が出発する。
   聞取: ボストンのローガン空港から二便が出発する。

c107-1  一致率 100.0%
   台本: ワシントン郊外のダレス空港から、アメリカン77便。
   聞取: ワシントン郊外のダレス空港からアメリカン七十七便

c107-2  一致率 100.0%
   台本: ニューヨーク近郊のニューアーク空港から、ユナイテッド93便。
   聞取: ニューヨーク近郊のニューアーク空港からユナイテッド93便

c113-2  一致率 100.0%
   台本: 機内に持ち込めた。航空会社の手引きが、はっきり認めていた。
   聞取: 機内に持ち込めた。航空会社の手引きがはっきり認めていた。

c114-1  一致率 100.0%
   台本: 機内に、武装した保安要員はほとんど乗っていない。
   聞取: 機内に武装した保安要員はほとんど乗っていない。

c114-2  一致率 100.0%
   台本: 訓練を受けた連邦航空保安官の数は、この時点で、
   聞取: 訓練を受けた連邦航空保安官の数はこの時点で

c114-3  一致率 100.0%
   台本: 全米で33人。国内線には原則いない
   聞取: 全米で三十三人。国内線には原則いない。

c116-2  一致率 100.0%
   台本: こちらは、乗客56人と乗員9人だった。
   聞取: こちらは乗客五十六人と乗員九人だった。

c118-1  一致率 100.0%
   台本: 8時42分。ユナイテッド93便が、ニューアークを離陸した。
   聞取: 八時四十二分、ユナイテッド九十三便がニューアークを離陸した。

c118-2  一致率 100.0%
   台本: 朝の混雑で、離陸は25分あまり遅れている。
   聞取: 朝の混雑で離陸は二五分あまり遅れている。

c119-1  一致率 100.0%
   台本: 4機はどれも、長い距離を飛ぶために燃料を満載していた。
   聞取: 四機はどれも長い距離を飛ぶために燃料を満載していた。

c119-2  一致率 100.0%
   台本: 積める量は、最大でおよそ43,150リットル、11,400ガロンである。
   聞取: 積める量は最大でおよそ43.150リットル、11.400ガロンである。

c120-2  一致率 100.0%
   台本: 4機はすべて空に上がった。
   聞取: 四機はすべて空に上がった。

c120-3  一致率 100.0%
   台本: ここまでは、どこにでもある火曜の朝である。
   聞取: ここまではどこにでもある火曜の朝である。

c121-1  一致率 100.0%
   台本: この決まりには、名前が付いていた。共通戦略という。
   聞取: この決まりには名前が付いていた。共通戦略という。

c121-2  一致率 100.0%
   台本: 犯人と交渉し、安全に着陸させることを最優先にしていた。
   聞取: 犯人と交渉し、安全に着陸させることを最優先にしていた。

c121-3  一致率 100.0%
   台本: 1986年からの15年、アメリカ機は1機も乗っ取られていない。
   聞取: 1986年からの15年、アメリカ機は一機も乗っ取られていない。

c123-2  一致率 100.0%
   台本: そのうち2か所が、この日の話に出てくる。
   聞取: そのうち二か所がこの日の話に出てくる。

c124-1  一致率 100.0%
   台本: この仕組みは、外から来る敵を止めるためのものだった。
   聞取: この仕組みは外から来る敵を止めるためのものだった。

c202-1  一致率 100.0%
   台本: 当時の規則でも、操縦室の扉は飛行中は閉めて施錠する。
   聞取: 当時の規則でも操縦室の扉は飛行中は閉めて施錠する。

c204-1  一致率 100.0%
   台本: 19人は全員、当日の保安検査を通り抜けている。
   聞取: 19人は全員当日の保安検査を通り抜けている。

c205-2  一致率 100.0%
   台本: 操縦室が応答しない、と伝えている。
   聞取: 操縦室が応答しないと伝えている。

c206-2  一致率 100.0%
   台本: 操縦室に入った人の座席番号まで、落ち着いて伝えている。
   聞取: 操縦室に入った人の座席番号まで落ち着いて伝えている。

c208-3  一致率 100.0%
   台本: 切ってしまうと、名前のない点だけが残る。
   聞取: 切ってしまうと名前のない点だけが残る。

c209-1  一致率 100.0%
   台本: 電波が物に当たって跳ね返るのが、一次レーダー。
   聞取: 電波が物に当たって跳ね返るのが一次レーダー。

c210-2  一致率 100.0%
   台本: 出すには、管制官が自分で表示の設定を切り替える必要がある。
   聞取: 出すには管制官が自分で表示の設定を切り替える必要がある。

c211-2  一致率 100.0%
   台本: 「複数の飛行機がある」
   聞取: 複数の飛行機がある。

c212-1  一致率 100.0%
   台本: ところが、担当の管制官にはこの一言が聞き取れなかった。
   聞取: ところが、担当の管制官にはこの一言が聞き取れなかった。

c215-2  一致率 100.0%
   台本: 上から見ると、細長い箱が2つ並んでいた。
   聞取: 上から見ると細長い箱が二つ並んでいた。

c217-3  一致率 100.0%
   台本: 屋上のアンテナの先までなら、527メートルになる。
   聞取: 屋上のアンテナの先までなら五百二十七メートルになる。

c218-2  一致率 100.0%
   台本: ただし火曜の8時台は、人がまだ入りきっていない時間だった。
   聞取: ただし、火曜の八時台は人がまだ入りきっていない時間だった。

c219-1  一致率 100.0%
   台本: 8時34分。ボストンの管制センターは、決められた手順を飛ばして、
   聞取: 八時三十四分、ボストンの管制センターは決められた手順を飛ばして

c219-2  一致率 100.0%
   台本: 自分たちで軍に連絡を取ろうとした。
   聞取: 自分たちで軍に連絡を取ろうとした

c220-1  一致率 100.0%
   台本: 8時37分52秒。ようやく防空の当直につながる。
   聞取: 八時三十七分五十二秒。ようやく防空の当直につながる。

c221-3  一致率 100.0%
   台本: この動画では、以下これを防空司令部と呼ぶ。
   聞取: この動画では以下これを防空司令部と呼ぶ。

c222-2  一致率 100.0%
   台本: ただし、どこへ向かわせるかが決まっていない。
   聞取: ただし、どこへ向かわせるかが決まっていない。

c223-1  一致率 100.0%
   台本: 名前の消えた点が、ニューヨークへ向かって南へ下りていく。
   聞取: 名前の消えた点がニューヨークへ向かって南へ下りていく。

c304-2  一致率 100.0%
   台本: それから数分のうちに、この便も乗っ取られている。
   聞取: それから数分のうちにこの便も乗っ取られている。

c305-3  一致率 100.0%
   台本: 乗っ取りは、この前後に起きている。
   聞取: 乗っ取りはこの前後に起きている。

c307-2  一致率 100.0%
   台本: 乗っ取られたかもしれない、機体がどこにも見つからない、と。
   聞取: 乗っ取られたかもしれない。機体がどこにも見つからないと。

c308-2  一致率 100.0%
   台本: もし聞き取れていれば、意味はまるで変わっていた。
   聞取: もし聞き取れていれば、意味はまるで変わっていた。

c308-3  一致率 100.0%
   台本: 1機だけの話ではなかった
   聞取: 一機だけの話ではなかった。

c309-2  一致率 100.0%
   台本: 操縦室の乗員が動かない、という内容だった。
   聞取: 操縦室の乗員が動かないという内容だった。

c312-1  一致率 100.0%
   台本: そこで働いていたのは、多い日でおよそ5万人。
   聞取: そこで働いていたのは多い日でおよそ五万人

c313-2  一致率 100.0%
   台本: 街の人もテレビも、この時点ではまだ事故だと思っていた。
   聞取: 街の人もテレビもこの時点ではまだ事故だと思っていた。

c314-1  一致率 100.0%
   台本: 消防と警察が、次々に現場へ入っていく。
   聞取: 消防と警察が次々に現場へ入っていく。

c315-3  一致率 100.0%
   台本: 応答符号だけを、別の番号に書き換えていた。
   聞取: 応答符号だけを別の番号に書き換えていた。

c316-2  一致率 100.0%
   台本: ただし「乗っ取られた便」としては、誰も見ていない。
   聞取: ただし、乗っ取られた便としては誰も見ていない。

c319-1  一致率 100.0%
   台本: 9時7分。ボストンの管制は、全機に警告を出すよう求めた。
   聞取: 九時七分、ボストンの管制は全機に警告を出すよう求めた。

c319-2  一致率 100.0%
   台本: 操縦室の守りを固めろ、という内容である。
   聞取: 操縦室の守りを固めろという内容である。

c320-1  一致率 100.0%
   台本: この時点で、全米の空には数千機の民間機が飛んでいる。
   聞取: この時点で全米の空には数千機の民間機が飛んでいる。

c403-2  一致率 100.0%
   台本: これが、この便から届いた最後の無線になった。
   聞取: これがこの便から届いた最後の無線になった。

c406-1  一致率 100.0%
   台本: 担当していたのは、インディアナポリスの管制センターである。
   聞取: 担当していたのはインディアナポリスの管制センターである。

c407-2  一致率 100.0%
   台本: だから探したのは、機体が消えた西側の地上である。
   聞取: だから探したのは機体が消えた西側の地上である。

c408-1  一致率 100.0%
   台本: 9時5分。航空会社は、77便も乗っ取られたと把握する。
   聞取: 九時五分、航空会社は七十七便も乗っ取られたと把握する。

c409-1  一致率 100.0%
   台本: ところが77便が実際に向かっていたのは、東である。
   聞取: ところが、七十七便が実際に向かっていたのは東である。

c409-2  一致率 100.0%
   台本: 首都ワシントンの、川を挟んだ対岸だった。
   聞取: 首都ワシントンの川を挟んだ対岸だった

c410-1  一致率 100.0%
   台本: ペンタゴンは、アメリカ国防総省が入っている建物である。
   聞取: ペンタゴンはアメリカ国防総省が入っている建物である。

c410-2  一致率 100.0%
   台本: 建物の名前そのものが、五角形という意味になっている。
   聞取: 建物の名前そのものが五角形という意味になっている。

c411-2  一致率 100.0%
   台本: 高い建物ではない。低く、横に大きく広がっている。
   聞取: 高い建物ではない。低く横に大きく広がっている。

c413-1  一致率 100.0%
   台本: 9時21分。全米の便の流れを見ているコマンドセンターが、
   聞取: 九時二十一分、全米の便の流れを見ているコマンドセンターが

c413-2  一致率 100.0%
   台本: ダレスの管制に、跳ね返りの点を探してみてくれと頼んだ。
   聞取: ダレスの管制に跳ね返りの点を探してみてくれと頼んだ。

c414-1  一致率 100.0%
   台本: 9時32分。ダレスの管制官たちが、画面の設定を切り替えて探した。
   聞取: 九時三十二分、ダレスの管制官たちが画面の設定を切り替えて探した。

c414-2  一致率 100.0%
   台本: 見つかったものが、これである。
   聞取: 見つかったものがこれである。

c415-1  一致率 100.0%
   台本: 9時34分。その点はホワイトハウスの方角へ向かっていた。
   聞取: 九時三十四分。その点はホワイトハウスの方角へ向かっていた。

c415-2  一致率 100.0%
   台本: 空港は、すぐに大統領警護隊へ連絡を入れている。
   聞取: 空港はすぐに大統領警護隊へ連絡を入れている。

c417-2  一致率 100.0%
   台本: そこでほぼ一周し、向き直った先がペンタゴンだった。
   聞取: そこでほぼ一周し、向き直った先がペンタゴンだった。

c418-1  一致率 100.0%
   台本: 最後の数分で、高度は一気に下がっている。
   聞取: 最後の数分で高度は一気に下がっている。

c419-1  一致率 100.0%
   台本: 近くを飛んでいた軍の輸送機が、管制に頼まれてこの点を追った。
   聞取: 近くを飛んでいた軍の輸送機が管制に頼まれてこの点を追った。

c420-1  一致率 100.0%
   台本: 9時37分46秒。77便がペンタゴンの西側にぶつかった。
   聞取: 九時三十七分四十六秒、七十七便がペンタゴンの西側にぶつかった。

c420-2  一致率 100.0%
   台本: 追っていた輸送機が、衝突の数秒後にそれを伝えている。
   聞取: 追っていた輸送機が衝突の数秒後にそれを伝えている。

c421-1  一致率 100.0%
   台本: この便に乗っていた64人が亡くなった。
   聞取: この便に乗っていた六十四人が亡くなった。

c422-1  一致率 100.0%
   台本: 防空司令部は、77便が乗っ取られたとは聞かされていない。
   聞取: 防空司令部は七十七便が乗っ取られたとは聞かされていない。

c422-2  一致率 100.0%
   台本: 9時34分に、見失った、と聞いただけである。
   聞取: 九時三十四分に見失ったと聞いただけである。

c422-3  一致率 100.0%
   台本: 3機目は、探されていた場所にいなかった
   聞取: 三機目は探されていた場所にいなかった。

c501-1  一致率 100.0%
   台本: 9時37分46秒の時点で、乗っ取られた便はあと1機。
   聞取: 九時三十七分四十六秒の時点で乗っ取られた便はあと一機。

c501-2  一致率 100.0%
   台本: 93便だけが、まだ空を飛んでいる。
   聞取: 九十三便だけがまだ空を飛んでいる。

c502-1  一致率 100.0%
   台本: ここからしばらく、空の上の話をしない。
   聞取: ここからしばらく空の上の話をしない。

c502-2  一致率 100.0%
   台本: 時計を少し戻して、地上の部屋の話をする。
   聞取: 時計を少し戻して地上の部屋の話をする。

c503-1  一致率 100.0%
   台本: コマンドセンターは、全米の便の流れを見ている部屋である。
   聞取: コマンドセンターは全米の便の流れを見ている部屋である。

c503-2  一致率 100.0%
   台本: 天候や混雑に合わせて、どの便をいつ飛ばすかを決める。
   聞取: 天候や混雑に合わせてどの便をいつ飛ばすかを決める。

c503-3  一致率 100.0%
   台本: その日の責任者は、ベン・スライニーといった。
   聞取: その日の責任者はベン・スライニーといった。

c504-1  一致率 100.0%
   台本: 9時25分。コマンドセンターが、全米の離陸を止めた。
   聞取: 九時二十五分、コマンドセンターが全米の離陸を止めた。

c506-1  一致率 100.0%
   台本: それでも、空にはまだ数千機が浮いたままである。
   聞取: それでも空にはまだ数千機が浮いたままである。

c507-1  一致率 100.0%
   台本: 9時42分。スライニーが、次の命令を出した。
   聞取: 九時四十二分、スライニーが次の命令を出した。

c508-2  一致率 100.0%
   台本: 乗客がどこへ行きたかったかは、この命令では考えない。
   聞取: 乗客がどこへ行きたかったかはこの命令では考えない。

c509-2  一致率 100.0%
   台本: 手引きに、こういう場合のやり方は書かれていなかった。
   聞取: 手引きにこういう場合のやり方は書かれていなかった。

c510-2  一致率 100.0%
   台本: 委員会報告は、この命令をこう書いている。
   聞取: 委員会報告はこの命令をこう書いている。

c511-1  一致率 100.0%
   台本: 画面には、降下を始めた点がずらりと並ぶ。
   聞取: 画面には降下を始めた点がずらりと並ぶ。

c511-2  一致率 100.0%
   台本: 受け入れる空港の側は、何機来るのかを知らされていない。
   聞取: 受け入れる空港の側は何機来るのかを知らされていない。

c512-1  一致率 100.0%
   台本: 東海岸から順に、画面の点が減っていく。
   聞取: 東海岸から順に画面の点が減っていく。

c513-1  一致率 100.0%
   台本: 降ろされた空港の駐機場は、すぐにいっぱいになった。
   聞取: 降ろされた空港の駐機場はすぐにいっぱいになった。

c514-1  一致率 100.0%
   台本: 画面から点が1つ消えるたびに、1機が無事に地上に降りている。
   聞取: 画面から点が一つ消えるたびに、一機が無事に地上に降りている。

c516-2  一致率 100.0%
   台本: 乗客はそこから、何日も動けなくなる。
   聞取: 乗客はそこから何日も動けなくなる。

c517-1  一致率 100.0%
   台本: 空港の待合室で、そのまま寝泊まりした人も多い。
   聞取: 空港の待合室でそのまま寝泊まりした人も多い。

c518-2  一致率 100.0%
   台本: それでも、降りる途中の事故は1件も起きていない。
   聞取: それでも降りる途中の事故は一件も起きていない。

c520-2  一致率 100.0%
   台本: そこから、画面の点が消えきるまで。
   聞取: そこから画面の点が消えきるまで。

c601-1  一致率 100.0%
   台本: 9時42分の時点で、乗っ取られた便は93便だけである。
   聞取: 九時四十二分の時点で乗っ取られた便は九十三便だけである。

c602-1  一致率 100.0%
   台本: 93便は、8時42分にニューアークを離陸していた。
   聞取: 93便は8時42分にニューアークを離陸していた。

c603-1  一致率 100.0%
   台本: 9時24分。会社の運航管理者が、93便に文字の警告を送った。
   聞取: 九時二十四分、会社の運航管理者が九十三便に文字の警告を送った。

c603-2  一致率 100.0%
   台本: 操縦室への侵入に気をつけろ、という内容である。
   聞取: 操縦室への侵入に気をつけろという内容である。

c605-1  一致率 100.0%
   台本: 9時28分。管制の無線に、争っている音が流れた。
   聞取: 九時二十八分、管制の無線に争っている音が流れた。

c605-2  一致率 100.0%
   台本: 続いて、ここから出ろ、という叫び声が入っている。
   聞取: 続いて、ここから出ろという叫び声が入っている。

c611-1  一致率 100.0%
   台本: 西へ向かっていた点が、飛行の途中で大きく回って向きを変える。
   聞取: 西へ向かっていた点が飛行の途中で大きく回って向きを変える。

c611-2  一致率 100.0%
   台本: 向き直った先は、首都ワシントンの方角だった。
   聞取: 向き直った先は首都ワシントンの方角だった。

c612-1  一致率 100.0%
   台本: 9時41分。93便のトランスポンダも切られた。
   聞取: 九時四十一分、九十三便のトランスポンダも切られた。

c612-2  一致率 100.0%
   台本: 4機のうち3機が、名前の消えた点になったことになる。
   聞取: 四機のうち三機が名前の消えた点になったことになる。

c612-3  一致率 100.0%
   台本: 追えるのは、電波の跳ね返りだけになった。
   聞取: 追えるのは電波の跳ね返りだけになった。

c614-1  一致率 100.0%
   台本: 機内では、乗客と乗員が次々に地上へ電話をかけていた。
   聞取: 機内では乗客と乗員が次々に地上へ電話をかけていた。

c614-2  一致率 100.0%
   台本: 座席についている電話と、手持ちの電話の両方が使われている。
   聞取: 座席についている電話と手持ちの電話の両方が使われている。

c615-1  一致率 100.0%
   台本: 電話で伝わったのは、機内の状況だけではない。
   聞取: 電話で伝わったのは機内の状況だけではない。

c615-2  一致率 100.0%
   台本: 世界貿易センターで何が起きたかも、地上から機内へ伝わっていた。
   聞取: 世界貿易センターで何が起きたかも地上から機内へ伝わっていた。

c616-1  一致率 100.0%
   台本: 少なくとも5本の電話で、その話が出たと記録されている。
   聞取: 少なくとも五本の電話でその話が出たと記録されている。

c617-1  一致率 100.0%
   台本: 名前の消えた点は、ペンシルベニア州の上空を東へ進んでいく。
   聞取: 名前の消えた点はペンシルベニア州の上空を東へ進んでいく。

c617-2  一致率 100.0%
   台本: 9時46分、コマンドセンターは首都まであと29分と伝えている。
   聞取: 九時四十六分、コマンドセンターは首都まであと二九分と伝えている。

c618-1  一致率 100.0%
   台本: 家族との電話を切って、客室の前へ向かった人たちがいる。
   聞取: 家族との電話を切って客室の前へ向かった人たちがいる。

c618-3  一致率 100.0%
   台本: 9時57分。機内の反撃が始まった
   聞取: 九時五十七分、機内の反撃が始まった。

c619-1  一致率 100.0%
   台本: 操縦室の音声記録装置が、この数分を記録していた。
   聞取: 操縦室の音声記録装置がこの数分を記録していた。

c619-2  一致率 100.0%
   台本: 機体は左右に大きく振られ、上下にも揺さぶられている。
   聞取: 機体は左右に大きく振られ、上下にも揺さぶられている。

c620-2  一致率 100.0%
   台本: 落ちたのは、ペンシルベニア州シャンクスビル近くの野原である。
   聞取: 落ちたのはペンシルベニア州シャンクスビル近くの野原である。

c621-1  一致率 100.0%
   台本: この便に乗っていた44人が、全員亡くなった。
   聞取: この便に乗っていた44人が全員亡くなった。

c621-2  一致率 100.0%
   台本: 乗客が37人、乗員が7人。地上で巻き込まれた人はいない。
   聞取: 乗客が三十七人、乗員が七人、地上で巻き込まれた人はいない。

c622-1  一致率 100.0%
   台本: 落ちた場所は、何も建っていない野原だった。
   聞取: 落ちた場所は何も建っていない野原だった。

c623-1  一致率 100.0%
   台本: 首都まで、あとどれくらいだったのか。
   聞取: 首都まであとどれくらいだったのか。

c623-2  一致率 100.0%
   台本: 委員会報告は、その距離をこう書いている。
   聞取: 委員会報告はその距離をこう書いている。

c624-1  一致率 100.0%
   台本: 93便が乗っ取られてから墜落するまで、35分だった。
   聞取: 93便が乗っ取られてから墜落するまで35分だった。

c624-2  一致率 100.0%
   台本: そのうち最後の6分は、機内の人が動いていた時間である。
   聞取: そのうち最後の六分は機内の人が動いていた時間である。

c624-3  一致率 100.0%
   台本: 4機のうち、狙った建物に届かなかったのはこの1機だけだった。
   聞取: 四機のうち狙った建物に届かなかったのはこの一機だけだった。

c701-2  一致率 100.0%
   台本: ここから、軍の側の時計をもう一度、最初まで巻き戻す。
   聞取: ここから軍の側の時計をもう一度最初まで巻き戻す。

c702-1  一致率 100.0%
   台本: 8時46分。マサチューセッツ州のオーティス基地から、
   聞取: 八時四十六分、マサチューセッツ州のオーティス基地から

c703-1  一致率 100.0%
   台本: 命令が出てから実際に離陸するまで、7分かかっている。
   聞取: 命令が出てから実際に離陸するまで七分かかっている。

c704-1  一致率 100.0%
   台本: 発進はした。ただし、行き先が決まっていない。
   聞取: 発進はした。ただし、行き先が決まっていない。

c707-2  一致率 100.0%
   台本: 機内で待機に入った。まだ発進ではない。
   聞取: 機内で待機に入った。まだ発進ではない。

c709-1  一致率 100.0%
   台本: 9時21分。防空司令部に、こんな連絡が入った。
   聞取: 九時二十一分、防空司令部にこんな連絡が入った。

c714-2  一致率 100.0%
   台本: ただしそれは、撃てという指示ではない。
   聞取: ただし、それは撃てという指示ではない。

c714-3  一致率 100.0%
   台本: 「撃ってはならない」
   聞取: 撃ってはならない。

c716-2  一致率 100.0%
   台本: 最初の衝突から、1時間44分が経っていた。
   聞取: 最初の衝突から一時間四十四分が経っていた。

c717-1  一致率 100.0%
   台本: 命令は、現場の操縦士のところまでは降りていない。
   聞取: 命令は現場の操縦士のところまでは降りていない。

c717-2  一致率 100.0%
   台本: 委員会報告は、届いていなかったとはっきり書いている。
   聞取: 委員会報告は届いていなかったとはっきり書いている。

c720-1  一致率 100.0%
   台本: 委員会は、迎撃が間に合ったとは書いていない。
   聞取: 委員会は迎撃が間に合ったとは書いていない。

c720-3  一致率 100.0%
   台本: 迎撃は、間に合う順番になっていなかった
   聞取: 迎撃は間に合う順番になっていなかった。

c802-1  一致率 100.0%
   台本: ここが狙われたのは、この日が初めてではない。
   聞取: ここが狙われたのはこの日が初めてではない。

c802-2  一致率 100.0%
   台本: 1993年2月26日、地下の駐車場で貨物車の爆薬が爆発した。
   聞取: 1993年2月26日、地下の駐車場で貨物車の爆薬が爆発した。

c804-2  一致率 100.0%
   台本: どれも、誰かの記憶ではなく、機械と手順が残したものである。
   聞取: どれも誰かの記憶ではなく、機械と手順が残したものである。

c805-1  一致率 100.0%
   台本: 機体側の記録装置が回収できたのは、4機のうち2機だけ。
   聞取: 機体側の記録装置が回収できたのは四機のうち二機だけ。

c805-2  一致率 100.0%
   台本: 93便は2つとも、77便は飛行を記録した側だけである。
   聞取: 93便は2つとも、77便は飛行を記録した側だけである。

c806-2  一致率 100.0%
   台本: 残る3機が飛び込んだのは、建物の中である。
   聞取: 残る三機が飛び込んだのは建物の中である。

c808-1  一致率 100.0%
   台本: その結果、先に公表されていた時系列と録音とが食い違った。
   聞取: その結果、先に公表されていた時系列と録音とが食い違った。

c808-3  一致率 100.0%
   台本: 最初に公表された筋書きは、違っていた
   聞取: 最初に公表された筋書きは違っていた。

c811-1  一致率 100.0%
   台本: 1機目の衝突時刻は、資料によって3つある。
   聞取: 一機目の衝突時刻は資料によって三つある。

c812-1  一致率 100.0%
   台本: どれかが嘘なのではない。測っている量が違うだけである。
   聞取: どれかが嘘なのではない。測っている量が違うだけである。

c813-2  一致率 100.0%
   台本: 崩れ方を秒単位で見るために、時刻の基準を作り直している。
   聞取: 崩れ方を秒単位で見るために時刻の基準を作り直している。

c818-1  一致率 100.0%
   台本: 人の記憶は、20年も経てば薄れていく。
   聞取: 人の記憶は20年も経てば薄れていく。

c818-2  一致率 100.0%
   台本: それでも、この日の分単位の記録は残った。
   聞取: それでもこの日の分単位の記録は残った。

c818-3  一致率 100.0%
   台本: 残ったのは、録音とレーダーと記録簿である
   聞取: 残ったのは録音とレーダーと記録簿である。

c901-2  一致率 100.0%
   台本: 空港の保安検査を、国の仕事にするための法律である。
   聞取: 空港の保安検査を国の仕事にするための法律である。

c902-2  一致率 100.0%
   台本: ここから、国の職員が自分で行うことになる。
   聞取: ここから国の職員が自分で行うことになる。

c903-2  一致率 100.0%
   台本: 当時の決まりは、緊急時にすぐ開けられることを求めていた。
   聞取: 当時の決まりは緊急時にすぐ開けられることを求めていた。

c906-2  一致率 100.0%
   台本: あの朝、その順番は間に合わなかった
   聞取: あの朝、その順番は間に合わなかった。

c907-1  一致率 100.0%
   台本: 機内での決まりも変わっている。
   聞取: 機内での決まりも変わっている。

c907-2  一致率 100.0%
   台本: あの日まで、乗員は犯人と戦わないように教えられていた。
   聞取: あの日まで乗員は犯人と戦わないように教えられていた。

c909-3  一致率 100.0%
   台本: 25年が経っても、その手順はまだ続いている。
   聞取: 二十五年が経ってもその手順はまだ続いている。

c910-2  一致率 100.0%
   台本: 閉じ方をその場で決めたのは、地上のコマンドセンターである。
   聞取: 閉じ方をその場で決めたのは地上のコマンドセンターである。

c910-3  一致率 100.0%
   台本: 空は、閉じられる場所になった
   聞取: 空は閉じられる場所になった。

ep01-1  一致率 100.0%
   台本: この日の朝、アメリカ東部はよく晴れていた。
   聞取: この日の朝、アメリカ東部はよく晴れていた。

ep01-2  一致率 100.0%
   台本: 遠くまで見通せる、飛行機を飛ばすのに良い天気だった。
   聞取: 遠くまで見通せる飛行機を飛ばすのに良い天気だった。

ep02-2  一致率 100.0%
   台本: アメリカン77便。ユナイテッド93便。
   聞取: アメリカン七十七便、ユナイテッド九十三便

ep05-2  一致率 100.0%
   台本: およそ4,500機が、最寄りの空港に降りていた。
   聞取: およそ4500機が最寄りの空港に降りていた。

ep06-2  一致率 100.0%
   台本: あの朝、空を見ていた人たちがいた
   聞取: あの朝、空を見ていた人たちがいた。

検査 453行 -> C:\Users\konar\Desktop\zukai-engine\audio\el_qa\ep7_el_yomi.tsv（記録 453行／台本 454行）
Scribe: 音声 1659.0秒を文字起こし／クレジット 74,352 → 74,847（消費 495／上限 131,000） ⚠️ 反映が遅れることがある
⚠️ 文字起こしに失敗した行 1件: [('c408-2', 'URLError')]
🔴 未検査の行があります。『全部OK』とは言えません。
exit=1
