ElevenLabs: 声=Koichi-Deep Calm Japanese Narrator（H8ZPDxbrPcks5hEsi2fq） モデル=eleven_v3 settings={'stability': 0.64, 'similarity_boost': 0.89, 'style': 0.0, 'speed': 1.0, 'use_speaker_boost': True} ／クレジット 78,951 / 131,000／GAP 0.4s
pr01:   9.43s  (2行)
pr02:   8.08s  (2行)
pr03:   8.88s  (2行)
pr04:  10.40s  (3行)
pr05:  10.72s  (3行)
pr06:  11.03s  (3行)
pr07:   8.73s  (2行)
pr08:   7.59s  (2行)
pr09:   8.80s  (2行)
pr10:   8.11s  (2行)
pr11:  11.44s  (3行)
pr12:   7.68s  (2行)
c101:   8.96s  (2行)
c102:   6.48s  (2行)
c103:   7.28s  (2行)
c104:   8.24s  (2行)
c105:  11.65s  (3行)
c106:   6.95s  (2行)
c107:   8.38s  (2行)
c108:   8.86s  (2行)
c109:   9.28s  (2行)
c110:  13.12s  (2行)
c111:   7.20s  (2行)
c112:   8.00s  (2行)
c113:   7.91s  (2行)
c114:  11.04s  (3行)
c115:   8.71s  (2行)
c116:   8.45s  (2行)
c117:   9.19s  (2行)
c118:  10.87s  (3行)
c119:  10.30s  (2行)
c120:  10.26s  (3行)
c121:  13.66s  (3行)
c122:  12.64s  (3行)
c123:   7.92s  (2行)
c124:  10.64s  (3行)
c201:   9.44s  (2行)
c202:   8.32s  (2行)
c203:  10.56s  (2行)
c204:   7.68s  (2行)
c205:   8.32s  (2行)
c206:   7.04s  (2行)
c207:   8.23s  (2行)
c208:  10.88s  (3行)
c209:  10.88s  (3行)
c210:   8.16s  (2行)
c211:   7.20s  (2行)
c212:   8.00s  (2行)
c213:   7.75s  (2行)
c214:   8.80s  (2行)
c215:   8.88s  (2行)
c216:  13.04s  (3行)
c217:  12.24s  (3行)
c218:   7.67s  (2行)
c219:   7.92s  (2行)
c220:   9.20s  (2行)
c221:  11.76s  (3行)
c222:   7.82s  (2行)
c223:   7.12s  (2行)
c224:   8.32s  (2行)
c301:  10.68s  (2行)
c302:   9.83s  (2行)
c303:  10.80s  (2行)
c304:   7.35s  (2行)
c305:  12.53s  (3行)
c306:   8.56s  (2行)
c307:   7.52s  (2行)
c308:  10.96s  (3行)
c309:   8.27s  (2行)
c310:   7.81s  (2行)
c311:   7.68s  (2行)
c312:   7.10s  (2行)
c313:   6.64s  (2行)
c314:   7.12s  (2行)
c315:   9.76s  (3行)
c316:   7.27s  (2行)
c317:   9.12s  (2行)
c318:   7.83s  (2行)
c319:  11.52s  (3行)
c320:   7.65s  (2行)
c321:  10.63s  (3行)
c322:  11.67s  (3行)
c401:   8.39s  (2行)
c402:   8.56s  (2行)
c403:   7.92s  (2行)
c404:  10.00s  (2行)
c405:  10.78s  (3行)
c406:   6.50s  (2行)
c407:  11.52s  (3行)
c408:   8.49s  (2行)
c409:   7.36s  (2行)
c410:   7.83s  (2行)
c411:   8.32s  (2行)
c412:   6.48s  (2行)
c413:   8.16s  (2行)
c414:   9.84s  (3行)
c415:   7.84s  (2行)
c416:  10.00s  (2行)
c417:   7.58s  (2行)
c418:   7.18s  (2行)
c419:   8.40s  (2行)
c420:   9.49s  (2行)
c421:  10.94s  (3行)
c422:  10.87s  (3行)
c501:   8.08s  (2行)
c502:   9.84s  (3行)
c503:  10.54s  (3行)
c504:   7.76s  (2行)
c505:   6.94s  (2行)
c506:   6.48s  (2行)
c507:   7.83s  (2行)
c508:   7.44s  (2行)
c509:   7.84s  (2行)
c510:   9.04s  (3行)
c511:   6.96s  (2行)
c512:   6.32s  (2行)
c513:   7.04s  (2行)
c514:   8.08s  (2行)
c515:   8.80s  (2行)
c516:   6.08s  (2行)
c517:   7.20s  (2行)
c518:   6.64s  (2行)
c519:   8.40s  (2行)
c520:  10.40s  (3行)
c601:   7.97s  (2行)
c602:   8.64s  (2行)
c603:   9.01s  (2行)
c604:   9.01s  (2行)
c605:   7.82s  (2行)
c606:   7.60s  (2行)
c607:   8.53s  (2行)
c608:   7.38s  (2行)
c609:  11.28s  (3行)
c610:  10.88s  (3行)
c611:   7.76s  (2行)
c612:  11.11s  (3行)
c613:  12.46s  (3行)
c614:   8.56s  (2行)
c615:   7.68s  (2行)
c616:   7.92s  (2行)
c617:   9.36s  (2行)
c618:  10.67s  (3行)
c619:   7.68s  (2行)
c620:   7.97s  (2行)
c621:   8.91s  (2行)
c622:   6.08s  (2行)
c623:   9.51s  (3行)
c624:  13.04s  (3行)
c701:   8.63s  (2行)
c702:  11.76s  (3行)
c703:   9.76s  (2行)
c704:   7.04s  (2行)
c705:   7.76s  (2行)
c706:  12.22s  (3行)
c707:   7.52s  (2行)
c708:   7.52s  (2行)
c709:   7.28s  (2行)
c710:   8.07s  (2行)
c711:   6.95s  (2行)
c712:   8.00s  (2行)
c713:   8.00s  (2行)
c714:   8.92s  (3行)
c715:   8.42s  (2行)
c716:   7.76s  (2行)
c717:   6.64s  (2行)
c718:   7.52s  (2行)
c719:   6.72s  (2行)
c720:  10.16s  (3行)
c801:   7.44s  (2行)
c802:  12.88s  (3行)
c803:   6.88s  (2行)
c804:   8.64s  (2行)
c805:   9.52s  (2行)
c806:   6.72s  (2行)
c807:   8.56s  (2行)
c808:  10.47s  (3行)
c809:   6.40s  (2行)
c810:   7.00s  (2行)
c811:  10.24s  (2行)
c812:   8.23s  (2行)
c813:   7.48s  (2行)
c814:   8.15s  (2行)
c815:   8.15s  (2行)
c816:   7.28s  (2行)
c817:   7.20s  (2行)
c818:   9.92s  (3行)
c901:   8.71s  (2行)
c902:   7.44s  (2行)
c903:   9.44s  (3行)
c904:   7.19s  (2行)
c905:   6.60s  (2行)
c906:   7.34s  (2行)
c907:   8.56s  (3行)
c908:   7.88s  (2行)
c909:   9.49s  (3行)
c910:  11.11s  (3行)
ep01:   6.99s  (2行)
ep02:  10.50s  (3行)
ep03:   8.78s  (2行)
ep04:   8.72s  (2行)
ep05:   7.84s  (2行)
ep06:   7.25s  (2行)

合成 202 カット／持ち越し 0 カット／未作成 0／記録 202／台本 202
作ったぶん: 202カット 11157字 → 発話＋行間 1769.0秒（6.31字/秒・行間込み。AivisSpeech は 5.52）
本編の見込み 33.1分（全 11157字をこの速さで＋LEAD/TAIL 0.85×202＋quote 2.0×22。許容 27〜40分）
最長の1行 = 7.76秒「93便は182席に37人。175便は168席に56人である。」
API 0行（0字）／キャッシュ 454行／振り直し 0回／本物と判定 0／要耳 0（記録＝audio/el_qa/ep7_el_retakes.tsv）
クレジット 78,951 → 78,958（消費 7）⚠️ 反映が遅れることがある
