
=== c712-1  「管制」→「かんせい」  ＝変わらず  90.9% → 90.9% ===
  理由: 関税。5行中4行が崩れ＝語を直す。c705-2 は無事なので陰性対照に入れる
  台本  : 8時54分24秒。管制で初めて、異常が形になった。
  前の聞取: 八時五十四分二十四秒。関税で初めて異常が形になった。
  後の聞取: 八時五十四分二十四秒。完成で初めて異常が形になった。

=== c720-2  「管制」→「かんせい」  ⭐良化  73.2% → 100.0% ===
  理由: 寛治
  台本  : 管制は、それでも計器の不具合だと考えている。
  前の聞取: 寛治はそれでもケーキの不具合だと考えていた。
  後の聞取: 管制はそれでも計器の不具合だと考えている。

=== c724-1  「管制」→「かんせい」  ＝変わらず  92.6% → 92.6% ===
  理由: 寛治
  台本  : 管制は、アンテナの切り替えによる短い途切れだと思っていた。
  前の聞取: 寛治はアンテナの切り替えによる短い途切れだと思っていた。
  後の聞取: 感性はアンテナの切り替えによる短い途切れだと思っていた。

=== c726-2  「管制」→「かんせい」  ⭐良化  83.9% → 100.0% ===
  理由: 漢字
  台本  : 管制の画面には、何も映らなかった。
  前の聞取: 漢字への画面には何も映らなかった。
  後の聞取: 管制の画面には何も映らなかった。

=== c705-2  「管制」→「かんせい」  ＝変わらず  100.0% → 100.0% ===
  理由: 🔴 陰性対照＝この行は崩れていない。悪化しないことを確かめる
  台本  : 地上の管制も、いつもと同じ再突入として見ていた。
  前の聞取: 地上の管制もいつもと同じ再突入として見ていた。
  後の聞取: 地上の管制もいつもと同じ再突入として見ていた。

=== c511-2  「クレーター」→「クレエタア」  ⭐良化  78.4% → 100.0% ===
  理由: Crater（英字で出た）。3行とも崩れ
  台本  : チームが使ったのは、クレーターという計算の道具だった。
  前の聞取: チームが使ったのはCraterという計算の道具だった。
  後の聞取: チームが使ったのはクレーターという計算の道具だった。

=== c518-1  「クレーター」→「クレエタア」  ⭐良化  84.8% → 100.0% ===
  理由: クリエイター
  台本  : それでも、クレーターは答えを出した。
  前の聞取: それでもクリエイターは答えを出した
  後の聞取: それでもクレーターは答えを出した。

=== c519-2  「クレーター」→「クレエタア」  ▲悪化  88.9% → 75.6% ===
  理由: クリエイター
  台本  : 一つ。クレーターは大げさに出る道具だという経験。
  前の聞取: 一つ、クリエイターは大げさに出る道具だという経験。
  後の聞取: 一つ、Craterは大げさに出る道具だという経験。

=== c316-1  「見積り」→「みつもり」  ⭐良化  88.0% → 92.6% ===
  理由: 蜜。2行とも崩れ
  台本  : 飛行中に出した速さの見積りは、時速603から1,052キロ。
  前の聞取: 飛行中に出した速さの蜜は時速六百三から一千五十二キロ。
  後の聞取: 飛行中に出した速さの見積もりは時速六百三から一点五十二キロ。

=== c316-3  「見積り」→「みつもり」  ⭐良化  86.4% → 93.3% ===
  理由: 水理。同じ行で『体積→堆積』も崩れている
  台本  : 体積の見積りも、ほぼ同じところに落ち着いていた。
  前の聞取: 堆積のミスりもほぼ同じところに落ち着いていた。
  後の聞取: 堆積の見積もりもほぼ同じところに落ち着いていた。

=== c209-1  「〜」→「から」  ＝変わらず  77.8% → 77.8% ===
  理由: 『to』と読んだ。3行とも崩れ
  台本  : かけらの長さは約53〜69センチ、幅は約30〜46センチ。
  前の聞取: 欠片の長さは約五十三 to 六十九センチ、幅は約三十 to 四十六センチ。
  後の聞取: 欠片の長さは約五十三から六十九センチ、幅は約三十から四十六センチ。

=== c210-1  「〜」→「から」  ⭐良化  85.1% → 88.0% ===
  理由: 『と』＝『670と920』で別の意味になる
  台本  : ぶつかったときの速さの差は、時速約670〜920キロ。
  前の聞取: ぶつかった時の速さの差は時速約六百七十と九百二十キロ。
  後の聞取: ぶつかった時の速さの差は時速約六七〇から九二〇キロ

=== c712-3  「〜」→「から」  ⭐良化  87.5% → 90.9% ===
  理由: 『四で年、秒』
  台本  : 4つが、4〜5秒の間に次々と消えた
  前の聞取: 四つが四で年、秒の間に次々と消えた。
  後の聞取: 四つが四から五秒の間に次々と消えた。

=== c109-1  「オービタの先」→「オービタ の先」  ⭐良化  80.0% → 100.0% ===
  理由: 大尾びた
  台本  : オービタの先と外部タンクは、2本の支柱でつないである。
  前の聞取: 大尾びたの先と外部タンクが二本の支柱でつないである。
  後の聞取: オービタの先と外部タンクは二本の支柱でつないである。

=== c111-2  「強化炭素」→「きょうか炭素」  ⭐良化  94.1% → 98.0% ===
  理由: 🔴 硫化炭素＝別の物質名
  台本  : 強化炭素-炭素という材料の略で、片方の翼に22枚が並ぶ。
  前の聞取: 硫化炭素炭素という材料の略で、片方の翼に二十二枚が並ぶ。
  後の聞取: 強化炭素。炭素という材料の略で、片方の翼に二十二枚が並ぶ。

=== c113-2  「その値は」→「その あたいは」  ＝変わらず  90.9% → 90.9% ===
  理由: その名帯
  台本  : その値は0.008ジュール。1円玉を80センチ落とすほどの力。
  前の聞取: その名帯は0.08ジュール。一円玉を八十センチ落とすほどの力。
  後の聞取: その値は0.008ジュール。一円玉を80CM落とすほどの力。

=== c206-2  「高度は約」→「こうどは約」  ⭐良化  90.0% → 95.0% ===
  理由: 🔴 速度＝意味が変わる
  台本  : 高度は約20キロ。速さは音の2.46倍だった。
  前の聞取: 速度は約二十キロ、速さは音の二点四六倍だった。
  後の聞取: 高度は約二十キロ、速さは音の二点四六倍だった。

=== c212-2  「離陸から」→「りりくから」  ▲悪化  91.9% → 80.0% ===
  理由: 陸から＝頭欠け
  台本  : 離陸から追い続ける役目は、そのうち5か所。
  前の聞取: 陸から追い続ける役目はそのうち五箇所
  後の聞取: リリックから追い続ける役目はそのうち五箇所

=== c214-2  「上がっていく」→「あがっていく」  ⭐良化  90.9% → 92.9% ===
  理由: 🔴 曲がっていく＝意味が反転
  台本  : 上がっていくシャトルを追う力は、年々落ちていったとみられる。
  前の聞取: 曲がっていくシャトルを追う力は年々落ちていたと見られる。
  後の聞取: 上がっていくシャトルを追う力が年々落ちていったと見られる。

=== c312-1  「当たった範囲」→「あたった範囲」  ⭐良化  82.9% → 90.5% ===
  理由: 渡った
  台本  : 当たった範囲は、たたみ1枚ほどの広さまで絞れた。
  前の聞取: 渡った範囲は畳一枚ほどの広さまで絞れた。
  後の聞取: 当たった範囲は畳一枚ほどの広さまで絞れた。

=== c403-1  「積み荷の実験」→「つみにの実験」  ⭐良化  89.3% → 92.6% ===
  理由: SM2。⚠️『積荷』はかなもカナも罪人＝この形で試す
  台本  : 積み荷の実験をまとめる責任者は、マイケル・アンダーソン、43歳。
  前の聞取: SM2の実験をまとめる責任者はマイケルアンダーソン 43歳。
  後の聞取: 隅の実験をまとめる責任者はマイケルアンダーソン四十三歳。

=== c415-2  「断熱材の衝突」→「だんねつざいの衝突」  ⭐良化  90.6% → 98.1% ===
  理由: 🔴 環熱帯＝主要語
  台本  : 断熱材の衝突は、16日間の暮らしに何の影響も与えなかった。
  前の聞取: 環熱帯の衝突は十六日間の暮らしに何の影響も与えなかった。
  後の聞取: 断熱材の衝突は十六日間の暮らしに何の影響も与えなかった。

=== c503-2  「誰が責任者」→「だれが責任者」  ＝変わらず  95.0% → 95.0% ===
  理由: 🔴 彼が＝意味が反転
  台本  : 誰が責任者なのかが、決まらないままになった。
  前の聞取: 誰が責任者なのかな決まらないままになった。
  後の聞取: 誰が責任者なのかね、決まらないままになった。

=== c511-1  「計算のほうは」→「けいさんのほうは」  ⭐良化  78.0% → 80.0% ===
  理由: 理恵さんの方は
  台本  : 計算のほうは、写真を求める前から進んでいた。
  前の聞取: 理恵さんの方は写真を求める前から進んでいた。
  後の聞取: Kさんの方は写真を求める前から進んでいた。

=== c518-2  「耐熱タイルより」→「たいねつタイルより」  ⭐良化  94.7% → 100.0% ===
  理由: 🔴 媒熱タイル＝主要語
  台本  : 耐熱タイルより深く削る、という答えである。
  前の聞取: 媒熱タイルより深く削るという答えである。
  後の聞取: 耐熱タイルより深く削るという答えである。

=== c526-2  「指揮系統を」→「しきけいとうを」  ⭐良化  85.7% → 100.0% ===
  理由: 🔴 不否認制度
  台本  : 指揮系統を飛び越したくないという理由で、送らなかったメールである。
  前の聞取: 不否認制度を飛び越したくないという理由で送らなかったメールである。
  後の聞取: 指揮系統を飛び越したくないという理由で送らなかったメールである。

=== c615-1  「塞ぐ材料」→「ふさぐ材料」  ⭐良化  81.1% → 94.4% ===
  理由: 探査具材料
  台本  : 塞ぐ材料は、重い金属の工具、チタンの小片。
  前の聞取: 探査具材料は重い金属の工具、チタンの小刀
  後の聞取: 塞ぐ材料は重い金属の工具、チタンの小刀。

=== c619-1  「着陸で翼」→「ちゃくりくで翼」  ⭐良化  98.1% → 100.0% ===
  理由: 陸で＝頭欠け
  台本  : 着陸で翼が壊れると読めた場合は、乗員は脱出する前提だった。
  前の聞取: 陸で翼が壊れると読めた場合は、乗員は脱出する前提だった。
  後の聞取: 着陸で翼が壊れると読めた場合は、乗員は脱出する前提だった。

=== c707-2  「飛行が終わって」→「ひこうが終わって」  ⭐良化  92.3% → 100.0% ===
  理由: 機構が
  台本  : 飛行が終わってから調べるためのもので、電波では送らない。
  前の聞取: 機構が終わってから調べるためのもので、電波では送らない。
  後の聞取: 飛行が終わってから調べるためのもので、電波では送らない。

=== c713-1  「班をまとめ」→「はんをまとめ」  ⭐良化  93.9% → 100.0% ===
  理由: プランをまとめ
  台本  : 班をまとめ、最後の判断をする飛行主任が「全部が同時に消えたのか」と聞く。
  前の聞取: プランをまとめ、最後の判断をする飛行主任が「全部が同時に消えたのか」と聞く。
  後の聞取: 班をまとめ、最後の判断をする飛行主任が全部が同時に消えたのかと聞く。

=== c724-2  「通信の担当」→「つうしんの担当」  ⭐良化  88.9% → 100.0% ===
  理由: 球審の担当
  台本  : 通信の担当は「少し乱れていますが、ひどくはない」と答えている。
  前の聞取: 球審の担当が少し乱れていますが、ひどくはないと答えている。
  後の聞取: 通信の担当は少し乱れていますが、ひどくはないと答えている。

=== c727-3  「飛行主任は」→「ひこうしゅにんは」  ⭐良化  91.3% → 100.0% ===
  理由: 機工主任
  台本  : 飛行主任は「ドアを閉めろ」と言い、非常の手順に入った。
  前の聞取: 機工主任はドアを閉めろと言い、非常の手順に入った。
  後の聞取: 飛行主任はドアを閉めろと言い、非常の手順に入った。

=== c813-1  「破片は、ケネディ」→「はへんは、ケネディ」  ⭐良化  92.3% → 100.0% ===
  理由: 馬券。破片は10行中この行と ep06-1 だけ崩れ
  台本  : 破片は、ケネディ宇宙センターの大きな格納庫へ集められた。
  前の聞取: 馬券はケネディ宇宙センターの大きな格納庫へ集められた。
  後の聞取: 破片はケネディ宇宙センターの大きな格納庫へ集められた。

=== ep06-1  「破片は今も」→「はへんは今も」  ＝変わらず  100.0% → 100.0% ===
  理由: アペン
  台本  : 破片は今も見つかる。そのたびに、あの7人が思い出される。
  前の聞取: 破片は今も見つかる。そのたびにあの七人が思い出される。
  後の聞取: 破片は今も見つかる。そのたびにあの七人が思い出される。

=== c902-3  「破ったのは」→「やぶったのは」  ⭐良化  85.2% → 92.3% ===
  理由: ギャブった
  台本  : 破ったのは断熱材一片。当たったのは8枚目の下半分である。
  前の聞取: ギャブったのは断熱材一辺、当たったのは八枚目の一半分である。
  後の聞取: 破ったのは断熱材一辺、当たったのは八枚目の一半分である。

=== c905-1  「予算の不足」→「よさんの不足」  ＝変わらず  100.0% → 100.0% ===
  理由: 🔴 助産の不足
  台本  : 予算の不足。揺れる優先順位。日程の圧力。
  前の聞取: 予算の不足、揺れる優先順位、日程の圧力。
  後の聞取: 予算の不足、揺れる優先順位、日程の圧力。

=== c909-1  「安全を担当」→「あんぜんを担当」  ⭐良化  98.3% → 100.0% ===
  理由: 万全を担当
  台本  : 安全を担当する部署は、監督するはずの計画からお金をもらっていた。
  前の聞取: 万全を担当する部署は監督するはずの計画からお金をもらっていた。
  後の聞取: 安全を担当する部署は監督するはずの計画からお金をもらっていた。

=== c913-2  「打ち上げを3方向」→「うちあげを3方向」  ⭐良化  94.5% → 100.0% ===
  理由: 🔴 仕上げを＝意味が反転
  台本  : 打ち上げを3方向以上から撮ること。RCCを全部点検すること。
  前の聞取: 仕上げを三方向以上から撮ること。RCCを全部点検すること。
  後の聞取: 打ち上げを三方向以上から撮ること。RCCを全部点検すること。

=== c208-2  「RCCの板でいえば」→「アールシーシーの板でいえば」  ＝変わらず  87.8% → 87.8% ===
  理由: 🔴 LCC。RCC 8行中この行だけ崩れ
  台本  : RCCの板でいえば、5枚目から9枚目のあたり。
  前の聞取: RCCの板で言えば五枚目から九枚目の辺り。
  後の聞取: RCCの板で言えば五枚目から九枚目の辺り。

=== c307-2  「破片の位置が51」→「はへんの位置が51」  ⭐良化  82.1% → 100.0% ===
  理由: 馬 pen。⚠️『破片の位置』は c305-1 にも当たる（そちらは無事）ので長くした
  台本  : 破片の位置が51センチずれるだけで、速さの答えは大きく動く。
  前の聞取: バペンの位置が五十一cmずれるだけで速さの答えは大きく動く。
  後の聞取: 破片の位置が五十一センチずれるだけで、速さの答えは大きく動く。

=== c502-1  「破片の影響」→「はへんの影響」  ⭐良化  90.9% → 100.0% ===
  理由: 派遣の影響
  台本  : 飛行2日目、破片の影響を調べる集まりが作られた。
  前の聞取: 飛行二日目、派遣の影響を調べる集まりが作られた。
  後の聞取: 飛行二日目、破片の影響を調べる集まりが作られた。

=== c411-2  「黙とう」→「もくとう」  ⭐良化  82.0% → 83.3% ===
  理由: ダマトウ
  台本  : 13日目には、過去の事故で亡くなった人たちに黙とうをささげている。
  前の聞取: 十三日目には過去の事故で亡くなった人たちにダマトウを捧げている。
  後の聞取: 十三日目には過去の事故で亡くなった人たちにも供養を捧げている。

=== c420-1  「追悼の頁」→「追悼の ぺーじ」  ＝変わらず  94.1% → 94.1% ===
  理由: 追悼のやじな
  台本  : 追悼の頁に載っている写真は、1月26日にこの機体から撮ったものである。
  前の聞取: 追悼のやじなに載っている写真は、 一月二十六日にこの機体から撮ったものである。
  後の聞取: 追悼のページに載っている写真は、一月二十六日にこの機体から撮ったものである。

=== c506-2  「手続きを問うた」→「手続きを とうた」  ⭐良化  83.3% → 100.0% ===
  理由: 🔴 踏んだ＝意味が反転
  台本  : 止めた側は、中身ではなく、手続きを問うた。
  前の聞取: 止めた側は中身ではなく手続きを踏んだ。
  後の聞取: 止めた側は中身ではなく手続きを問うた。

=== c516-1  「式が試された」→「しきが試された」  ⭐良化  93.0% → 100.0% ===
  理由: 意識が試された
  台本  : 式が試された範囲を、どれだけはみ出していたか。
  前の聞取: 知識が試された範囲をどれだけはみ出していたか。
  後の聞取: 式が試された範囲をどれだけはみ出していたか。

=== c610-2  「乗り移る」→「のりうつる」  ⭐良化  81.1% → 100.0% ===
  理由: 🔴 海苔を釣る
  台本  : 宇宙服を着た7人が、船外活動で乗り移る。
  前の聞取: 宇宙服を着た七人が船外活動で海苔を釣る。
  後の聞取: 宇宙服を着た七人が船外活動で乗り移る。

=== c617-2  「NASAは確かめ」→「ナサは確かめ」  ＝変わらず  80.0% → 80.0% ===
  理由: 🔴 噂は確かめられなかった
  台本  : NASAは確かめられなかった。
  前の聞取: 噂は確かめられなかった。
  後の聞取: 母は確かめられなかった。

=== c619-2  「にくい降り方」→「にくい おりかた」  ⭐良化  96.7% → 100.0% ===
  理由: 掘り方。7本目にも同じ型があった
  台本  : 荷物の一部を投げ捨て、左の翼が熱くなりにくい降り方も検討された。
  前の聞取: 荷物の一部を投げ捨て、左の翼が熱くなりにくい掘り方も検討された。
  後の聞取: 荷物の一部を投げ捨て、左の翼が熱くなりにくい降り方も検討された。

=== c702-1  「地上から」→「ちじょうから」  ⭐良化  81.0% → 95.2% ===
  理由: 事情から。3行中この行だけ崩れ＝陰性対照に c218-1 を足す
  台本  : 午前8時10分、地上から「降りてよい」と伝えられる。
  前の聞取: 午前八時十分、事情から降りて良いと伝えられる。
  後の聞取: 午前八時十分、地上から降りてよいと伝えられる。

=== c218-1  「地上から」→「ちじょうから」  ＝変わらず  100.0% → 100.0% ===
  理由: 🔴 陰性対照＝崩れていない行。悪化しないか見る
  台本  : だが地上から、残りの映像を送ってくれと頼んだ者はいなかった。
  前の聞取: だが、地上から残りの映像を送ってくれと頼んだ者はいなかった。
  後の聞取: だが、地上から残りの映像を送ってくれと頼んだ者はいなかった。

=== c716-1  「機体は傾きを」→「機体は かたむきを」  ⭐良化  93.5% → 98.4% ===
  理由: 型抜きを
  台本  : 8時55分32秒、ユタ州へ。8時56分30秒、機体は傾きを切り替えた。
  前の聞取: 八時五十五分三十二秒ユタ州へ。八時五十六分三十秒機体は型抜きを切り替えた。
  後の聞取: 八時五十五分三十二秒、ユタ州へ。八時五十六分三十秒、機体は傾きを切り替えた。

=== c720-1  「左の主脚の」→「左の しゅきゃくの」  ⭐良化  94.3% → 98.1% ===
  理由: 左の死脚の
  台本  : 8時59分15秒、左の主脚のタイヤの空気圧の表示が消えた。
  前の聞取: 八時五十九分十五秒。左の死脚のタイヤの空気圧の表示が消えた。
  後の聞取: 八時五十九分十五秒。左の主脚のタイヤの空気圧の表示が消えた。

=== c727-1  「場内の放送は」→「じょうないの放送は」  ⭐良化  82.6% → 96.2% ===
  理由: 🔴 『場内の放送は』が丸ごと消えた
  台本  : 9時02分21秒、場内の放送は「着陸まで14分」と伝えていた。
  前の聞取: 九時二分二十一秒、着陸まで十四分と伝えていた。
  後の聞取: 九時二分二十一秒。場内の放送は着陸まで十四分と伝えていた。

=== c807-2  「広さを当たった」→「広さを あたった」  ▲悪化  94.1% → 89.8% ===
  理由: 渡った
  台本  : 延べ150万時間をかけて、四国の半分ほどの広さを当たった。
  前の聞取: 延べ150万時間をかけて四国の半分ほどの広さを渡った。
  後の聞取: 延べ百五十万時間をかけて四国の半分ほどの広さを渡った。

=== c815-1  「いちばん西で見つかった」→「いちばん にしで見つかった」  ⭐良化  76.7% → 84.7% ===
  理由: 一番にして。⚠️『いちばん西で』は c718-2 にも当たる（そちらは無事）ので長くした
  台本  : いちばん西で見つかった耐熱タイルは、8枚目と9枚目の真後ろの物。
  前の聞取: 一番にして見つかった耐熱タイルは八枚目と九枚目の真後ろのもの。
  後の聞取: 一番西で見つかった耐熱タイルは八枚目と九枚目の真後ろのもの。

=== c907-2  「縦横40センチ」→「たてよこ40センチ」  ⭐良化  91.7% → 97.8% ===
  理由: 『縦横よろこ』＝二重読み
  台本  : 8枚目のパネルに、縦横40センチほどの穴が開いた。
  前の聞取: 八枚目のパネルに縦横よろこ四十センチほどの穴が開いた。
  後の聞取: 八枚目のパネルに縦横四十センチほどの穴が開いた。

=== c113-2  「0.008ジュール」→「れいてんれいれいはちジュール」  ＝変わらず  92.9% → 92.9% ===
  理由: 🔴🔴 0.08＝10倍違う
  台本  : その値は0.008ジュール。1円玉を80センチ落とすほどの力。
  前の聞取: その名帯は0.08ジュール。一円玉を80センチ落とすほどの力。
  後の聞取: その名帯は0.008ジュール。一円玉を八十センチ落とすほどの力。

=== c220-2  「最初は1983年」→「最初は センキュウヒャクハチジュウサンねん」  ▲悪化  89.4% → 84.4% ===
  理由: 🔴🔴 1983 が丸ごと消えた
  台本  : 最初は1983年。約48×30センチが欠けている。
  前の聞取: 最初は 1983年、約四十八かける三十センチが欠けている。
  後の聞取: 最初は1983年、約48×30cmが描けている。

=== c305-1  「2台の映像」→「ニダイの映像」  ⭐良化  85.0% → 95.0% ===
  理由: 次代の映像
  台本  : 2台の映像に写ったコマの時刻と、破片の位置。
  前の聞取: 次代の映像に映ったコマの時刻と破片の位置
  後の聞取: 二台の映像に映ったコマの時刻と破片の位置。

=== c515-1  「19,700立方センチ」→「いちまんきゅうせんななひゃく立方センチ」  ⭐良化  92.3% → 95.0% ===
  理由: 🔴 十九千七百＝万の位が無い
  台本  : 今回ぶつかった破片は、約19,700立方センチ。
  前の聞取: 今回ぶつかった破片は約十九千七百立方センチ。
  後の聞取: 今回ぶつかった破片は約一万九千七百立方センチ

=== c520-3  「15通りの経路」→「ジュウゴとおりの経路」  ＝変わらず  94.1% → 94.1% ===
  理由: 🔴 十も通り
  台本  : 15通りの経路のうち1通りだけが、21度で当たると出た。
  前の聞取: 十も通りの経路のうち、一通りだけが二十一度で当たると出た。
  後の聞取: 十も通りの経路のうち一通りだけが二十一度で当たると出た。

=== c524-1  「1月24日、チーム」→「イチガツ24日、チーム」  ＝変わらず  100.0% → 100.0% ===
  理由: 🔴 『月二十四日』＝1 が消えた
  台本  : 1月24日、チームの説明会には立ち見が出た。
  前の聞取: 1月24日、チームの説明会には立ち見が出た。
  後の聞取: 一月二十四日、チームの説明会には立ち見が出た。

=== c703-2  「255周目」→「ニヒャクゴジュウゴ周目」  ▲悪化  98.1% → 96.3% ===
  理由: 🔴🔴 百五十時十五週目＝桁が壊れた
  台本  : 255周目である。乗員は、地上の1割ほどの重さを感じていた。
  前の聞取: 百五十五周目である。乗員は地上の1割ほどの重さを感じていた。
  後の聞取: 二百五十五週目である。乗員は地上の 一割ほどの重さを感じていた。

=== c704-3  「ここを0秒とする」→「ここを ゼロびょうとする」  ▲悪化  97.9% → 95.8% ===
  理由: 🔴 『ここを秒とする』＝0 が消えた
  台本  : ここを0秒とする。以後は時刻と、突入からの秒数で示す。
  前の聞取: ここを秒とする。以後は時刻と突入からの秒数で示す。
  後の聞取: ここを零秒とする。以後は時刻と突入からの秒数で示す。

=== c709-1  「突入から290秒後」→「突入から ニヒャクキュウジュウ秒後」  ＝変わらず  92.0% → 92.0% ===
  理由: 🔴🔴 290 が丸ごと消えた
  台本  : 突入から290秒後、前のふちの奥の温度計が上がり始めた。
  前の聞取: 突入から二百九十秒後、前の縁の奥の温度計が上がり始めた。
  後の聞取: 突入から二百九十秒後、前の縁の奥の温度計が上がり始めた。

=== c709-2  「425秒後には」→「ヨンヒャクニジュウゴ秒後には」  ⭐良化  95.8% → 100.0% ===
  理由: 🔴🔴 225 になっていた
  台本  : 425秒後には、翼を支える桁の裏の温度計も動き出す。
  前の聞取: 225秒後には翼を支える桁の裏の温度計も動き出す。
  後の聞取: 四百二十五秒後には翼を支える桁の裏の温度計も動き出す。

=== c710-2  「約4,400度」→「約よんせんよんひゃく度」  ＝変わらず  100.0% → 100.0% ===
  理由: 『四四〇〇』＝1桁ずつ読んだ疑い
  台本  : 中に入った空気は、約4,400度あった可能性がある。
  前の聞取: 中に入った空気は約四四〇〇度あった可能性がある。
  後の聞取: 中に入った空気は約四四〇〇度あった可能性がある。

=== c811-2  「83,900点」→「はちまんさんぜんきゅうひゃく点」  ▲悪化  87.0% → 82.8% ===
  理由: 🔴🔴 八十千点九百＝桁が壊れた
  台本  : 回収されたのは83,900点。
  前の聞取: 回収されたのは八千九百点。
  後の聞取: 回収されたのは八幡さん、1900点。

=== c807-1  「270の機関から」→「ニヒャクナナジュウの機関から」  ⭐良化  75.0% → 100.0% ===
  理由: 🔴 麻薬70の期間から
  台本  : 270の機関から、2万5千人以上が加わった。
  前の聞取: 麻薬70の期間から2万5000人以上が加わった。
  後の聞取: 270の機関から二万五千人以上が加わった。

=== pr02-2  「9時00分18秒」→「クジ ゼロフン ジュウハチビョウ」  ⭐良化  79.4% → 80.6% ===
  理由: 『九時零零分』。同じ文字列が c725-1 にもある
  台本  : だがコロンビア号は、9時00分18秒、テキサスの空でばらばらになった。
  前の聞取: だが、コロンビア号は九時零零分十八秒、テキサスの空でバラバラになった。
  後の聞取: だが、コロンビア号は九時零分十八秒、テキサスの空でバラバラになった

=== c725-1  「9時00分18秒」→「クジ ゼロフン ジュウハチビョウ」  ▲悪化  90.6% → 89.2% ===
  理由: 『九時零分』。pr02-2 と読みが揃っていない
  台本  : 9時00分18秒。地上の人が撮っていた映像に、機体が分かれる様子が写る。
  前の聞取: 九時零分十八秒。地上の人が撮っていた映像に機体が分かれる様子が映る。
  後の聞取: 対し、0分18秒。地上の人が撮っていた映像に機体が分かれる様子が映る。

=== c704-1  「8時44分09秒」→「8時44分 ゼロキュウビョウ」  ▲悪化  93.3% → 80.0% ===
  理由: 『零九秒』＝れいきゅう に聞こえる
  台本  : 8時44分09秒、大気圏に入った。
  前の聞取: 八時四十四分零九秒、大気圏に入った。
  後の聞取: 八時四十四分零九秒、待機圏に入った。

72件 -> ep8_yomi_ab.tsv
exit=0
