ElevenLabs: 声=Koichi-Deep Calm Japanese Narrator（H8ZPDxbrPcks5hEsi2fq） モデル=eleven_v3 settings={'stability': 0.64, 'similarity_boost': 0.89, 'style': 0.0, 'speed': 1.0, 'use_speaker_boost': True} ／クレジット 89,054 / 131,000／GAP 0.4s
pr01:   7.92s  (2行)
pr02:   9.44s  (2行)
pr03:   4.88s  (2行)
pr04:   9.76s  (3行)
pr05:  11.04s  (2行)
pr06:   8.72s  (2行)
pr07:   8.08s  (2行)
pr08:   6.48s  (2行)
pr09:   7.76s  (2行)
pr10:   6.72s  (2行)
pr11:  10.24s  (3行)
pr12:  10.27s  (3行)
c101:   7.82s  (2行)
c102:   6.48s  (2行)
c103:  10.25s  (3行)
c104:   8.20s  (2行)
c105:   7.68s  (2行)
c106:   8.81s  (2行)
c107:   9.82s  (2行)
c108:   7.36s  (2行)
c109:  12.30s  (3行)
c110:   6.05s  (2行)
c111:   9.60s  (2行)
c112:  16.08s  (3行)
c113:  13.92s  (3行)
c114:  14.02s  (3行)
c115:   7.92s  (2行)
c116:   8.16s  (2行)
c117:  11.52s  (2行)
c118:   9.52s  (2行)
c201:  16.35s  (3行)
c202:   4.40s  (1行)
c203:   6.00s  (2行)
c204:   7.50s  (2行)
c205:   9.28s  (2行)
c206:  11.04s  (3行)
c207:  14.72s  (3行)
c208:   8.26s  (2行)
c209:   9.51s  (2行)
c210:   8.88s  (2行)
c211:   6.16s  (2行)
c212:   9.62s  (3行)
c213:  10.72s  (3行)
c214:   6.80s  (2行)
c215:   7.36s  (2行)
c216:   8.96s  (2行)
c217:  11.68s  (3行)
c218:   9.60s  (2行)
c219:   9.04s  (2行)
c220:   9.12s  (2行)
c221:   5.92s  (2行)
c222:  11.58s  (3行)
c301:   7.45s  (2行)
c302:   9.19s  (2行)
c303:   7.20s  (2行)
c304:  14.18s  (3行)
c305:   7.04s  (2行)
c306:   8.54s  (2行)
c307:  13.57s  (3行)
c308:   7.36s  (2行)
c309:   7.68s  (2行)
c310:   6.08s  (2行)
c311:  12.07s  (3行)
c312:   6.80s  (2行)
c313:   5.51s  (2行)
c314:  10.60s  (3行)
c315:   5.52s  (1行)
c316:  13.24s  (3行)
c317:   5.76s  (2行)
c318:   8.40s  (2行)
c319:   8.13s  (2行)
c320:   6.40s  (2行)
c401:  10.32s  (2行)
c402:   8.44s  (2行)
c403:   8.56s  (2行)
c404:   7.46s  (2行)
c405:   7.44s  (2行)
c406:  11.15s  (3行)
c407:  10.54s  (2行)
c408:   8.64s  (2行)
c409:   9.07s  (2行)
c410:   9.44s  (2行)
c411:   9.92s  (2行)
c412:   9.68s  (3行)
c413:  11.75s  (3行)
c414:   7.04s  (2行)
c415:   8.16s  (2行)
c416:  10.37s  (3行)
c417:   7.60s  (2行)
c418:   5.84s  (2行)
c419:   6.53s  (2行)
c420:   9.11s  (2行)
c501:  10.24s  (3行)
c502:  10.24s  (3行)
c503:  11.42s  (3行)
c504:   7.04s  (2行)
c505:  10.40s  (3行)
c506:   9.28s  (3行)
c507:  10.40s  (3行)
c508:  11.98s  (3行)
c509:   7.12s  (2行)
c510:  10.36s  (3行)
c511:   7.11s  (2行)
c512:  11.84s  (2行)
c513:   7.76s  (2行)
c514:   8.62s  (2行)
c515:   7.21s  (2行)
c516:   6.08s  (2行)
c517:   8.72s  (2行)
c518:   9.36s  (3行)
c519:  11.76s  (3行)
c520:  14.72s  (3行)
c521:   8.48s  (2行)
c522:   9.92s  (3行)
c523:   9.53s  (2行)
c524:   7.60s  (2行)
c525:   7.20s  (2行)
c526:  10.88s  (3行)
c527:   7.38s  (2行)
c528:   7.52s  (2行)
c601:   5.60s  (2行)
c602:  10.71s  (3行)
c603:   9.37s  (3行)
c604:   5.92s  (2行)
c605:   9.60s  (2行)
c606:   7.52s  (2行)
c607:   8.49s  (2行)
c608:   9.44s  (2行)
c609:   7.92s  (2行)
c610:   8.80s  (2行)
c611:   8.00s  (2行)
c612:   6.08s  (2行)
c613:  12.93s  (3行)
c614:   8.72s  (2行)
c615:   7.12s  (2行)
c616:   8.68s  (2行)
c617:   8.40s  (3行)
c618:   6.32s  (2行)
c619:  10.40s  (2行)
c620:   6.55s  (2行)
c621:   5.56s  (2行)
c622:   6.48s  (2行)
c623:   7.76s  (2行)
c624:   5.84s  (2行)
c701:  10.63s  (2行)
c702:  10.08s  (2行)
c703:  10.48s  (2行)
c704:  13.75s  (3行)
c705:   7.44s  (2行)
c706:  10.05s  (2行)
c707:   6.96s  (2行)
c708:   6.80s  (2行)
c709:  10.44s  (2行)
c710:  13.02s  (3行)
c711:   9.68s  (2行)
c712:  13.41s  (3行)
c713:   7.85s  (2行)
c714:   7.12s  (2行)
c715:   9.74s  (2行)
c716:  11.60s  (2行)
c717:   9.31s  (2行)
c718:   8.64s  (2行)
c719:   7.12s  (2行)
c720:   8.40s  (2行)
c721:   7.39s  (2行)
c722:   4.24s  (1行)
c723:   7.44s  (2行)
c724:   8.96s  (2行)
c725:  11.44s  (2行)
c726:   6.00s  (2行)
c727:  15.68s  (3行)
c728:   5.75s  (2行)
c729:  12.28s  (3行)
c730:   6.48s  (2行)
c801:  10.41s  (3行)
c802:   8.40s  (2行)
c803:   7.36s  (2行)
c804:   8.31s  (2行)
c805:   9.01s  (2行)
c806:  12.55s  (3行)
c807:  11.68s  (3行)
c808:   6.56s  (2行)
c809:  12.63s  (3行)
c810:  12.88s  (3行)
c811:   7.04s  (2行)
c812:   5.68s  (2行)
c813:   7.97s  (2行)
c814:  11.66s  (3行)
c815:   8.65s  (2行)
c816:   7.76s  (2行)
c817:   9.52s  (2行)
c818:   8.56s  (2行)
c819:   9.52s  (2行)
c820:  10.48s  (2行)
c901:  12.96s  (3行)
c902:  11.76s  (3行)
c903:   9.84s  (2行)
c904:   8.00s  (2行)
c905:  11.60s  (3行)
c906:  11.19s  (3行)
c907:  15.82s  (3行)
c908:   8.48s  (2行)
c909:   4.64s  (1行)
c910:   4.95s  (2行)
c911:  12.32s  (3行)
c912:   8.17s  (2行)
c913:  15.03s  (3行)
c914:   5.44s  (2行)
c915:   7.42s  (2行)
c916:   8.37s  (2行)
ep01:   7.83s  (2行)
ep02:   8.56s  (2行)
ep03:   8.23s  (2行)
ep04:  10.72s  (3行)
ep05:   6.72s  (2行)
ep06:  12.23s  (3行)

合成 216 カット／持ち越し 0 カット／未作成 0／記録 216／台本 216
作ったぶん: 216カット 12235字 → 発話＋行間 1954.6秒（6.26字/秒・行間込み。AivisSpeech は 5.52）
本編の見込み 36.1分（全 12235字をこの速さで＋LEAD/TAIL 0.85×216＋quote 2.0×14。許容 27〜40分）
最長の1行 = 7.28秒「空気に押されて、0.2秒で時速約2,520キロから約1,640キロへ落ちる。」
API 0行（0字）／キャッシュ 489行／振り直し 0回／本物と判定 0／要耳 0（記録＝audio/el_qa/ep8_el_retakes.tsv）
クレジット 89,054 → 89,147（消費 93）⚠️ 反映が遅れることがある
