ElevenLabs: 声=Koichi-Deep Calm Japanese Narrator（H8ZPDxbrPcks5hEsi2fq） モデル=eleven_v3 settings={'stability': 0.64, 'similarity_boost': 0.89, 'style': 0.0, 'speed': 1.0, 'use_speaker_boost': True} ／クレジット 79,121 / 131,000／GAP 0.4s
pr01:   7.92s  (2行)
    ⚠️ 異音 pr02-1 take1: 末尾に余計な音: 90ms の無音 → 150ms の音（3.85秒地点・振幅10429＝本文の1.1倍）
pr02:   9.52s  (2行)
pr03:   4.88s  (2行)
pr04:   9.76s  (3行)
pr05:  11.04s  (2行)
pr06:   8.72s  (2行)
pr07:   8.08s  (2行)
pr08:   6.48s  (2行)
pr09:   7.76s  (2行)
pr10:   6.72s  (2行)
pr11:  10.24s  (3行)
pr12:  10.27s  (3行)
c101:   7.82s  (2行)
c102:   6.48s  (2行)
c103:  10.25s  (3行)
c104:   8.20s  (2行)
c105:   7.68s  (2行)
c106:   8.81s  (2行)
c107:   9.82s  (2行)
c108:   7.36s  (2行)
c109:  12.37s  (3行)
    ⚠️ 異音 c110-2 take1: 末尾に余計な音: 80ms の無音 → 150ms の音（1.67秒地点・振幅9639＝本文の1.0倍）
c110:   6.05s  (2行)
c111:   8.80s  (2行)
c112:  16.08s  (3行)
c113:  13.90s  (3行)
c114:  14.02s  (3行)
    ⚠️ 異音 c115-2 take1: 末尾に余計な音: 80ms の無音 → 170ms の音（3.51秒地点・振幅8831＝本文の1.0倍）
    ⚠️ 異音 c115-2 take2: 末尾に余計な音: 90ms の無音 → 120ms の音（3.56秒地点・振幅11074＝本文の1.2倍）
c115:   7.92s  (2行)
c116:   8.16s  (2行)
c117:  11.52s  (2行)
c118:   9.52s  (2行)
c201:  16.35s  (3行)
c202:   4.40s  (1行)
c203:   6.00s  (2行)
    ⚠️ 異音 c204-1 take1: 末尾に余計な音: 120ms の無音 → 190ms の音（3.73秒地点・振幅11335＝本文の1.3倍）
    ⚠️ 異音 c204-1 take2: 末尾に余計な音: 80ms の無音 → 160ms の音（3.68秒地点・振幅16625＝本文の2.0倍）
    ⚠️ 異音 c204-1 take3: 末尾に余計な音: 90ms の無音 → 220ms の音（3.70秒地点・振幅8582＝本文の1.1倍）
c204:   7.50s  (2行)
c205:   9.28s  (2行)
c206:  11.04s  (3行)
c207:  14.40s  (3行)
c208:   8.26s  (2行)
    ⚠️ 異音 c209-2 take1: 末尾に余計な音: 90ms の無音 → 160ms の音（2.56秒地点・振幅13033＝本文の1.2倍）
c209:   9.60s  (2行)
c210:   8.73s  (2行)
c211:   6.16s  (2行)
c212:   9.62s  (3行)
c213:  10.72s  (3行)
c214:   6.40s  (2行)
c215:   7.36s  (2行)
c216:   8.96s  (2行)
c217:  11.68s  (3行)
    ⚠️ 異音 c218-1 take1: 末尾に余計な音: 100ms の無音 → 180ms の音（4.05秒地点・振幅8186＝本文の1.1倍）
c218:   9.60s  (2行)
c219:   9.04s  (2行)
c220:   9.04s  (2行)
c221:   5.92s  (2行)
c222:  11.58s  (3行)
c301:   7.45s  (2行)
c302:   9.19s  (2行)
c303:   7.20s  (2行)
c304:  14.18s  (3行)
c305:   6.88s  (2行)
c306:   8.54s  (2行)
c307:  13.57s  (3行)
c308:   7.36s  (2行)
c309:   7.68s  (2行)
c310:   6.08s  (2行)
c311:  12.07s  (3行)
c312:   6.48s  (2行)
c313:   5.51s  (2行)
c314:  10.60s  (3行)
c315:   5.52s  (1行)
c316:  12.95s  (3行)
c317:   5.76s  (2行)
c318:   8.40s  (2行)
c319:   8.13s  (2行)
c320:   6.40s  (2行)
c401:  10.32s  (2行)
c402:   8.44s  (2行)
c403:   8.56s  (2行)
c404:   7.46s  (2行)
c405:   7.44s  (2行)
c406:  11.15s  (3行)
c407:  10.54s  (2行)
c408:   8.64s  (2行)
c409:   9.07s  (2行)
c410:   9.44s  (2行)
c411:   9.92s  (2行)
c412:   9.68s  (3行)
c413:  11.75s  (3行)
c414:   7.04s  (2行)
    ⚠️ 異音 c415-2 take1: 末尾に余計な音: 80ms の無音 → 90ms の音（4.63秒地点・振幅9539＝本文の0.9倍）
c415:   8.00s  (2行)
c416:  10.37s  (3行)
c417:   7.60s  (2行)
c418:   5.84s  (2行)
c419:   6.53s  (2行)
c420:   8.79s  (2行)
c501:  10.24s  (3行)
c502:  10.24s  (3行)
c503:  11.42s  (3行)
c504:   6.88s  (2行)
c505:  10.40s  (3行)
    ⚠️ 異音 c506-1 take1: 末尾に余計な音: 80ms の無音 → 170ms の音（2.63秒地点・振幅9673＝本文の1.0倍）
c506:   9.04s  (3行)
    ⚠️ 異音 c507-3 take1: 末尾に余計な音: 80ms の無音 → 160ms の音（3.36秒地点・振幅10197＝本文の1.3倍）
c507:  10.40s  (3行)
c508:  11.98s  (3行)
c509:   7.12s  (2行)
c510:  10.36s  (3行)
c511:   6.88s  (2行)
c512:  11.84s  (2行)
c513:   7.76s  (2行)
c514:   8.62s  (2行)
c515:   6.75s  (2行)
c516:   6.16s  (2行)
c517:   8.72s  (2行)
c518:   9.12s  (3行)
c519:  11.68s  (3行)
    ⚠️ 異音 c520-1 take1: 途中に浮いた音: 200ms（1.94秒地点・振幅11871＝本文の1.3倍／前110ms・後100ms の無音）
c520:  14.88s  (3行)
    ⚠️ 異音 c521-1 take1: 末尾に余計な音: 130ms の無音 → 190ms の音（4.13秒地点・振幅9578＝本文の1.1倍）
    ⚠️ 異音 c521-1 take2: 末尾に余計な音: 110ms の無音 → 190ms の音（4.23秒地点・振幅13237＝本文の1.6倍）
c521:   8.48s  (2行)
c522:   9.92s  (3行)
c523:   9.53s  (2行)
c524:   7.68s  (2行)
c525:   7.20s  (2行)
c526:  10.69s  (3行)
c527:   7.38s  (2行)
c528:   7.52s  (2行)
c601:   5.60s  (2行)
    ⚠️ 異音 c602-3 take1: 末尾に余計な音: 90ms の無音 → 40ms の音（2.84秒地点・振幅9429＝本文の1.1倍）
c602:  10.71s  (3行)
c603:   9.37s  (3行)
    ⚠️ 異音 c604-1 take1: 末尾に余計な音: 460ms の無音 → 40ms の音（2.20秒地点・振幅15825＝本文の2.8倍）
c604:   5.92s  (2行)
c605:   9.60s  (2行)
c606:   7.52s  (2行)
c607:   8.49s  (2行)
c608:   9.44s  (2行)
c609:   7.92s  (2行)
c610:   8.64s  (2行)
c611:   8.00s  (2行)
c612:   6.08s  (2行)
    ⚠️ 異音 c613-3 take1: 途中に浮いた音: 190ms（2.70秒地点・振幅22360＝本文の2.9倍／前210ms・後80ms の無音）
c613:  12.93s  (3行)
c614:   8.72s  (2行)
c615:   6.64s  (2行)
c616:   8.68s  (2行)
    ⚠️ 異音 c617-2 take1: 末尾に余計な音: 110ms の無音 → 130ms の音（1.47秒地点・振幅7086＝本文の1.0倍）
c617:   8.48s  (3行)
c618:   6.32s  (2行)
c619:   9.68s  (2行)
c620:   6.55s  (2行)
c621:   5.56s  (2行)
c622:   6.48s  (2行)
c623:   7.76s  (2行)
c624:   5.84s  (2行)
c701:  10.63s  (2行)
    ⚠️ 異音 c702-2 take1: 途中に浮いた音: 200ms（3.59秒地点・振幅12779＝本文の1.8倍／前90ms・後380ms の無音）
c702:  10.32s  (2行)
    ⚠️ 異音 c703-1 take1: 末尾に余計な音: 100ms の無音 → 170ms の音（4.07秒地点・振幅7842＝本文の0.9倍）
c703:  10.40s  (2行)
c704:  13.71s  (3行)
c705:   7.36s  (2行)
c706:  10.05s  (2行)
c707:   6.88s  (2行)
c708:   6.80s  (2行)
c709:  10.28s  (2行)
c710:  13.24s  (3行)
c711:   9.68s  (2行)
c712:  13.01s  (3行)
c713:   7.63s  (2行)
c714:   7.12s  (2行)
c715:   9.74s  (2行)
c716:  12.63s  (2行)
c717:   9.31s  (2行)
    ⚠️ 異音 c718-1 take1: 末尾に余計な音: 100ms の無音 → 160ms の音（3.67秒地点・振幅9673＝本文の1.0倍）
c718:   8.64s  (2行)
c719:   7.12s  (2行)
c720:   8.30s  (2行)
c721:   7.39s  (2行)
c722:   4.24s  (1行)
c723:   7.44s  (2行)
c724:   8.27s  (2行)
c725:  11.44s  (2行)
c726:   6.00s  (2行)
c727:  13.92s  (3行)
c728:   5.75s  (2行)
c729:  12.28s  (3行)
c730:   6.48s  (2行)
c801:  10.41s  (3行)
c802:   8.40s  (2行)
c803:   7.36s  (2行)
c804:   8.31s  (2行)
c805:   9.01s  (2行)
c806:  12.55s  (3行)
    ⚠️ 異音 c807-1 take1: 末尾に余計な音: 80ms の無音 → 130ms の音（3.47秒地点・振幅11281＝本文の1.0倍）
c807:  11.84s  (3行)
c808:   6.56s  (2行)
c809:  12.63s  (3行)
c810:  12.88s  (3行)
c811:   7.00s  (2行)
c812:   5.68s  (2行)
c813:   8.00s  (2行)
c814:  11.66s  (3行)
c815:   8.65s  (2行)
c816:   7.76s  (2行)
c817:   9.52s  (2行)
c818:   8.56s  (2行)
c819:   9.52s  (2行)
c820:  10.48s  (2行)
c901:  12.96s  (3行)
c902:  11.60s  (3行)
c903:   9.84s  (2行)
c904:   8.00s  (2行)
c905:  11.60s  (3行)
c906:  11.19s  (3行)
c907:  16.06s  (3行)
c908:   8.48s  (2行)
c909:   4.24s  (1行)
c910:   4.95s  (2行)
c911:  12.32s  (3行)
    ⚠️ 異音 c912-1 take1: 末尾に余計な音: 80ms の無音 → 140ms の音（3.38秒地点・振幅9409＝本文の0.9倍）
c912:   8.17s  (2行)
c913:  14.55s  (3行)
c914:   5.44s  (2行)
c915:   7.42s  (2行)
    ⚠️ 異音 c916-2 take1: 途中に浮いた音: 180ms（3.27秒地点・振幅25711＝本文の3.8倍／前90ms・後110ms の無音）
    ⚠️ 異音 c916-2 take2: 途中に浮いた音: 200ms（3.47秒地点・振幅20194＝本文の2.5倍／前130ms・後110ms の無音）
    ⚠️ 異音 c916-2 take3: 途中に浮いた音: 180ms（3.25秒地点・振幅27523＝本文の4.1倍／前90ms・後80ms の無音）
c916:   8.37s  (2行)
ep01:   7.83s  (2行)
ep02:   8.56s  (2行)
ep03:   8.23s  (2行)
ep04:  10.72s  (3行)
ep05:   6.72s  (2行)
ep06:  12.23s  (3行)
（記録に無いカットの wav を 12 本削除）

合成 216 カット／持ち越し 0 カット／未作成 0／記録 216／台本 216
作ったぶん: 216カット 12235字 → 発話＋行間 1946.5秒（6.29字/秒・行間込み。AivisSpeech は 5.52）
本編の見込み 36.0分（全 12235字をこの速さで＋LEAD/TAIL 0.85×216＋quote 2.0×14。許容 27〜40分）
最長の1行 = 7.75秒「8時55分32秒、ユタ州へ。8時56分30秒、機体は傾きを切り替えた。」
API 514行（12,855字）／キャッシュ 0行／振り直し 25回／本物と判定 1／要耳 1（記録＝audio/el_qa/ep8_el_retakes.tsv）
クレジット 79,121 → 85,912（消費 6,791）⚠️ 反映が遅れることがある
exit=0
