  c207-3  92.7%  差の分だけ機体の方が追いついてぶつかった。
  c208-2  87.8%  RCCの板で言えば五枚目から九枚目の辺り。
  c214-1 100.0%  予算とカメラ班の人員が削られていた。
  c504-1  95.5%  軌道にいるコロンビア号の左の翼を取ってほしい。
  c520-1  86.2%  翼の前のフチ用の指揮もあった。 1984年に氷の玉で合わせたものである。

=== 一致率の低い順 5行（★耳で確かめる候補）===

c520-1  一致率 86.2%
   台本: 翼の前のふち用の式もあった。1984年に氷の弾で合わせたものである。
   送信: 翼の前のふち用の しきもあった。1984年に氷の弾で合わせたものである。   ← EL_YOMI で書き換えた文
   聞取: 翼の前のフチ用の指揮もあった。 1984年に氷の玉で合わせたものである。

c208-2  一致率 87.8%
   台本: RCCの板でいえば、5枚目から9枚目のあたり。
   送信: アールシーシーの板でいえば、5枚目から9枚目のあたり。   ← EL_YOMI で書き換えた文
   聞取: RCCの板で言えば五枚目から九枚目の辺り。

c207-3  一致率 92.7%
   台本: 差の分だけ、機体のほうが追いついてぶつかった。
   送信: さの分だけ、機体のほうが追いついてぶつかった。   ← EL_YOMI で書き換えた文
   聞取: 差の分だけ機体の方が追いついてぶつかった。

c504-1  一致率 95.5%
   台本: 軌道にいるコロンビア号の左の翼を、撮ってほしい。
   送信: きどうにいるコロンビア号の左の翼を、撮ってほしい。   ← EL_YOMI で書き換えた文
   聞取: 軌道にいるコロンビア号の左の翼を取ってほしい。

c214-1  一致率 100.0%
   台本: 予算とカメラ班の人員が削られていた。
   送信: よさんとカメラ班の人員が削られていた。   ← EL_YOMI で書き換えた文
   聞取: 予算とカメラ班の人員が削られていた。

検査 5行 -> C:\Users\konar\Desktop\zukai-engine\audio\el_qa\ep8_el_yomi.tsv（記録 489行／台本 489行）
Scribe: 音声 18.6秒を文字起こし／クレジット 89,147 → 89,147（消費 0／上限 131,000） ⚠️ 反映が遅れることがある
