  pr01-1 100.0%  2003年2月1日朝、フロリダのケネディ宇宙センター。
  pr01-2 100.0%  その滑走路にコロンビア号が降りてくるはずだった。
  pr02-1  97.6%  着陸の予定は現地時間の午前九時十六分だった。
  pr02-2  79.4%  だが、コロンビア号は九時零零分十八秒、テキサスの空でバラバラになった。
  pr03-1 100.0%  乗っていたのは七人。全員が亡くなった。
  pr03-2 100.0%  なぜ帰れなかったのか。
  pr04-1  97.7%  原因はこの日ではない十六日前の打ち上げにある。
  pr04-2 100.0%  技術者は軌道の機体を撮ってくれと求めた
  pr04-3  93.3%  取ってくださいは三度退けられた。
  pr05-1 100.0%  打ち上げは2003年1月16日午前10時39分。
  pr05-2  94.9%  その八十一点七秒後、燃料タンクを覆う断熱材のかけらが剥がれ落ちた。
  pr06-1  92.0%  剥がれたのが八十一点七秒。左の翼に当たったのが八十一点九秒。
  pr06-2  84.6%  その間、わずか0.2秒である。
  pr07-1  96.3%  気づいたのは翌日。一晩かけて現像したフィルムに映っていた
  pr07-2 100.0%  技術者たちは翼のどこが傷ついたのかを知ろうとした。
  pr08-1 100.0%  軌道にいるコロンビア号を望遠鏡か衛星で撮ってほしい。
  pr08-2 100.0%  その求めは三回別々に出された。
  pr09-1  90.9%  七人には大気圏に戻る時の心配はないとメールが届いていた。
  pr09-2 100.0%  翼に穴が開いているとは知らないままだった。
  pr10-1  88.9%  委員会は上院の最後の細かい事実は公表しないと決めている。
  pr10-2  91.7%  どこでもその線は越えない。
  pr11-1 100.0%  背骨になるのは一冊の報告書である。
  pr11-2 100.0%  アメリカが作った独立の調査委員会が2003年8月に出した
  pr11-3 100.0%  ここでは事故調査委員会と呼ぶ。
  pr12-1 100.0%  追いかけるのは二つの問いである。
  pr12-2  85.7%  一つ。 欠片一つでなぜ機体が壊れたのか。
  pr12-3  94.1%  二つ。気づく機会は本当になかったのか？
  c101-1 100.0%  コロンビア号が初めて飛んだのは 1981年4月12日
  c101-2 100.0%  宇宙へ出た最初のスペースシャトルだった。
  c102-1 100.0%  乗ったのはジョン・ヤングとロバート・クリッペンの二人。
  c102-2  93.3%  二日余り回り、カリフォルニアの空軍基地に降りた。
  c103-1 100.0%  スペースシャトルは三つの部品で一組になっている。
  c103-2  94.7%  人が乗るオービタ、燃料を溜める外部タンク
  c103-3  97.6%  打ち上げを担う固体ロケットブースターが二本。
  c104-1 100.0%  オービタは小型の旅客機ほどの大きさがある。
  c104-2  95.7%  シャトル全体では部品が二百五十万点、電線が約三百七十キロ
  c105-1  84.8%  打ち上げの時の重さは約二千四十トン。
  c105-2  93.3%  それを八分余りで音の二十五倍の速さまで加速する。
  c106-1  88.5%  一番大きいのは真ん中のオレンジ色の外部タンクである。
  c106-2  95.8%  全長は約四十六点九メートル、太さは約八点四メートルある。
  c107-1  98.0%  液体酸素はマイナス百八十三度、液体水素はマイナス二百五十三度。
  c107-2 100.0%  沸かさず外に氷を作らないために断熱材で覆ってある。
  c108-1 100.0%  断熱材はよく効いていて、表面は少しひんやりする程度。
  c108-2  92.7%  厚さは約二点五センチ、一インチほどしかない。
  c109-1  80.0%  大尾びたの先と外部タンクが二本の支柱でつないである。
  c109-2 100.0%  バイポッドというその付け根だけは機械で吹き付けられない。
  c109-3 100.0%  人の手で吹き付け、乾かしてから手で削って形を作っていた。
  c110-1  94.1%  その手作りの盛り上がりを調べる方法は一つだけだった。
  c110-2 100.0%  検査は目で見るだけだった。
  c111-1  93.3%  翼の前の縁はRCCという炭素の板でできている。
  c111-2  94.1%  硫化炭素炭素という材料の略で、片方の翼に二十二枚が並ぶ。
  c112-1  86.2%  宇宙から大気圏へ戻る再突入の時、機首と翼の前の縁は千五百度を超える。
  c112-2  97.7%  中のアルミの骨組みは約六百五十度で溶けてしまう。
  c112-3  98.0%  RCCはその骨組みを約百七十七度より下に保つためにある。
  c113-1 100.0%  RCCの設計の決まりには耐えるべき力が書いてある。
  c113-2  90.9%  その名帯は0.08ジュール。一円玉を八十センチ落とすほどの力。
  c113-3 100.0%  破片や氷がぶつかることは想定に入っていなかった。
  c114-1  85.7%  コロンビア号は作られた五機のうち一番古い。
  c114-2 100.0%  続いてチャレンジャー号、ディスカバリー号、アトランティス号
  c114-3 100.0%  うち一機は 1986年に失われ、代わりの機体が 1992年に加わった。
  c115-1 100.0%  コロンビア号だけ古い基準で作られていて機体が重かった。
  c115-2  95.7%  中に機密室を残していたただ一機の機体でもあった。
  c116-1 100.0%  国際宇宙ステーションの軌道へは届くが、荷物を多く運べない。
  c116-2 100.0%  だからこの機体は研究のための飛行に多く使われた。
  c117-1 100.0%  2003年1月、コロンビア号は初飛行から二十二年目に入っていた。
  c117-2 100.0%  胴体の下を守る耐熱タイルはRCCとは別物。 四十四パーセント以上が当時のまま。
  c118-1  94.1%  翼の前の縁のRCCも四十四枚のうち四十一枚が当時のもの。
  c118-2 100.0%  そしてこの飛行はコロンビア号にとって28回目だった。
  c201-1  94.3%  この飛行はもともと二千二年七月十九日に上がるはずだった。
  c201-2  87.1%  その一ヶ月前、主エンジンの配管にヒビが見つかり、全機が四ヶ月止まる。
  c201-3  98.6%  宇宙ステーションの便が先に回され、上がったのは半年後の二〇〇三年一月十六日。
  c202-1 100.0%  当日の朝、七人は地上五十九メートルの高さから乗り込んだ。
  c203-1  89.7%  気温は約十八度。風はほとんどない。
  c203-2  94.7%  打ち上げを止める理由はどこにもなかった。
  c204-1  93.6%  午前十時三十九分、固体ロケットブースターに火が入った。
  c204-2  95.2%  コロンビア号は百十三回目のシャトル飛行に出た。
  c205-1  98.0%  打ち上げから八十一点七秒後、左のバイポッドの付け根から
  c205-2  96.6%  手で持った断熱材が大きな一個と小さな二個以上に割れて飛んだ。
  c206-1  80.0%  その0.2秒後、欠片が左の翼に当たった。
  c206-2  90.0%  速度は約二十キロ、速さは音の二点四六倍だった。
  c206-3 100.0%  その0.2秒を誰も見ていない。
  c207-1 100.0%  断熱材は離れた瞬間まで機体と同じ速さで飛んでいた。
  c207-2  92.3%  空気に押されて零点二秒で時速約二千五百二十キロから約一千六百四十キロへ落ちる。
  c207-3  92.7%  差の分だけ機体の方が追いついてぶつかった。
  c208-1  89.5%  当たったのは八十一点九秒後、左の翼の前の縁。
  c208-2  82.9%  LCCの板で言えば五枚目から九枚目の辺り
  c209-1  77.8%  欠片の長さは約五十三to六十九センチ、幅は約三十to四十六センチ。
  c209-2 100.0%  座布団ほどの板が回りながら落ちていった。
  c210-1  85.1%  ぶつかった時の速さの差は時速約六百七十と九百二十キロ。
  c210-2 100.0%  断熱材は軽い。だから当たっても平気だと思われていた。
  c211-1 100.0%  打ち上げから二時間以内にその日の映像は確認されている。
  c211-2 100.0%  異常は何も見つからなかった。
  c212-1  87.2%  打ち上げを取る場所は地上に十二箇所あった。
  c212-2  91.9%  陸から追い続ける役目はそのうち五箇所
  c212-3  95.2%  角度と大気の都合で二か所は最初から映せない。
  c213-1 100.0%  残る三か所のうち、一つは機体を見失った。
  c213-2 100.0%  一つはレンズの手入れが足りず、ピントが合っていない。
  c213-3  94.7%  一つは左の翼の上側しか映っていなかった。
  c214-1 100.0%  予算とカメラ班の人員が削られていた。
  c214-2  90.9%  曲がっていくシャトルを追う力は年々落ちていたと見られる。
  c215-1  96.2%  一方、軌道に入ったコロンビア号に変わった様子はなかった。
  c215-2  97.4%  乗員は十六日間の暮らしの支度を始めている。
  c216-1  85.7%  飛行二日目の午前十時半から十一時の間、何かが離れた。
  c216-2  91.5%  事故の後、空軍のレーダーの記録を調べ直してわかったことである。
  c217-1 100.0%  飛行初日、ブラウン飛行士は外部タンクが離れる様子を撮っていた。
  c217-2 100.0%  地上へ送ったのはそのうち35秒分だけ。
  c217-3  95.5%  委員会はもっと取っていたはずだと結論している。
  c218-1 100.0%  だが、地上から残りの映像を送ってくれと頼んだ者はいなかった。
  c218-2 100.0%  委員会は防げたかもしれない機会を八つ数えている。その二番目である。
  c219-1  95.0%  断熱材が剥がれること自体は初めてではない。
  c219-2  96.8%  映像で確かめられる七十九回の飛行のうち、八割超で何かが剥がれていた。
  c220-1  96.0%  バイポッドの付け根が丸ごと落ちたのはわかる限り七回
  c220-2  66.7%  最初は年、約四十八かける三十cmが欠けている。
  c221-1 100.0%  右のバイポッドからは一度も落ちていない。
  c221-2 100.0%  なぜ左だけなのか説明はできていなかった。
  c222-1  95.7%  三ヶ月前の飛行でも同じ場所の断熱材が外れていた。
  c222-2 100.0%  NASAはそれを飛行中の異常として扱わなかった。
  c222-3  95.5%  原因がわかる前に次の2便を飛ばすと決めている。
  c301-1 100.0%  ここまでが打ち上げの日に起きたことである。
  c301-2 100.0%  この0.2秒に誰も気づいていない。気づいたのは翌日だった。
  c302-1 100.0%  1月17日の午前9時30分、マーシャル宇宙飛行センターの技術者が
  c302-2 100.0%  前日の映像を見直していて、破片が当たるのに気づいた。
  c303-1 100.0%  一時間のうちにケネディ宇宙センターでも確かめられた。
  c303-2  93.9%  一晩かけて現像した解像度の高いフィルムの方だった。
  c304-1  76.2%  一番よく映っていたのが二台のカメラである。
  c304-2  94.7%  一台は約二十七キロ、十七マイル離れた三十五ミリのフィルムカメラ。
  c304-3  96.4%  もう一台は約四十二キロ、二十六マイル離れたビデオカメラだった。
  c305-1  85.0%  次代の映像に映ったコマの時刻と破片の位置
  c305-2 100.0%  そこから大きさと速さと当たった場所を計算する。
  c306-1  92.3%  測り直して最も確からしい値まで絞り込む。
  c306-2 100.0%  最も有力なのは長さ約六十一センチ、幅約三十八センチ。
  c307-1  96.3%  答えに幅があるのはカメラのコマが遅く、絵が粗いからである。
  c307-2  80.7%  馬 pen の位置が五十一 cm ずれるだけで速さの答えは大きく動く。
  c307-3  93.3%  時速およそ七百四十キロが九百キロに変わってしまう。
  c308-1  95.8%  解析に当たった人たちはそれぞれ別の道具で計算した。
  c308-2 100.0%  同じ答えに寄っていくかどうかを確かめるためである。
  c309-1  87.8%  破片は一秒に約十八回回りながら落ちていた。
  c309-2 100.0%  機体とほぼ平行に五度だけ上を向いて当たっている。
  c310-1 100.0%  断熱材は発泡スチロールに近いほど軽い。
  c310-2  77.4%  軽いものが時速880kmで当たる。
  c311-1  94.1%  八枚目のパネルに当たったとすれば、角度は十度から二十度。
  c311-2  93.3%  翼の前の縁は丸いので、頂点に近いほど強く当たる。
  c311-3  92.3%  根元に当たる場合のおよそ二倍の力になる。
  c312-1  82.9%  渡った範囲は畳一枚ほどの広さまで絞れた。
  c312-2 100.0%  最も有力なのは八枚目のすぐそばだった。
  c313-1  93.8%  一方でわからないままのこともある。
  c313-2 100.0%  破片がどんな形でどの面から当たったのか。
  c314-1 100.0%  別の役所が色を強めて調べたところ
  c314-2 100.0%  衝突の直後、左の翼の上に破片があった可能性が示された。
  c314-3 100.0%  ただし、こちらも決め手にはならなかった。
  c315-1 100.0%  解析の結果は、この一枚のコマに集まっている事故の起点を示す写真である。
  c316-1  88.0%  飛行中に出した速さの蜜は時速六百三から一千五十二キロ。
  c316-2  93.0%  事故後に絞り込んだ値は時速八百五十から九百キロ。
  c316-3  83.7%  堆積の水理もほぼ同じところに落ち着いていた。
  c317-1  93.0%  判断に必要な材料は飛行中にすでに揃っていた。
  c317-2 100.0%  委員会はそう結論している。
  c318-1  92.3%  写真の班は翌日付の報告を関係先へ配った。
  c318-2  95.8%  その日の午後、藩の長は上の役職者へ直接連絡している。
  c319-1  94.5%  この時、軍に高い解像度の撮影を頼めないかという求めが出る。
  c319-2 100.0%  写真を求める声が最初に上がった瞬間だった。
  c320-1 100.0%  その日の夕方、週末は休むと決まった。
  c320-2 100.0%  同じ日、フィルムを見に来た技術者は追い返されている。
  c401-1  83.0%  ここで一旦軌道の上へ目を移す。地上の話はその後に戻る。
  c401-2  93.3%  16日の間、7人がそこで何をしていたのか、まず名前を挙げておく。
  c402-1 100.0%  船長はリックハズバンド四十五歳。アメリカ空軍の大佐。
  c402-2 100.0%  操縦士はウィリアム・マクール四十一歳、海軍の中佐だった。
  c403-1  89.3%  SM2の実験をまとめる責任者はマイケルアンダーソン、四十三歳。
  c403-2 100.0%  デビッドブラウンは四十六歳、海軍の大佐で医師でもあった。
  c404-1 100.0%  カルパナ・チャウラは四十一歳。航空宇宙工学の博士だった。
  c404-2 100.0%  ローレルクラークも四十一歳。海軍の医師だった。
  c405-1 100.0%  イラン・ラモンは四十八歳。イスラエルで最初の宇宙飛行士である。
  c405-2  95.2%  任務の機章にはイスラエルの旗も描かれていた。
  c406-1 100.0%  この飛行は国際宇宙ステーションへは行かない。
  c406-2 100.0%  貨物室に研究用の部屋を積んだ研究だけのための飛行だった。
  c406-3 100.0%  スペースハブというトンネルを通って行き来する
  c407-1 100.0%  貨物室に積んだのは5つ。スペースハブへの通路とその研究室。
  c407-2  95.5%  残りはもう一つの実験装置と加速度を測る計器と長く飛ぶための補給の台。
  c408-1 100.0%  研究には70人を超える科学者が関わっていた。
  c408-2  92.6%  七人は赤組と青組に分かれ、二十四時間体制で交代しながら働く。
  c409-1 100.0%  高さは約280キロ、赤道から39度傾いた軌道を回っていた。
  c409-2 100.0%  飛行三日目にはこの飛行で最初の記者会見をしている。
  c410-1  85.0%  飛行四日目、乗員は史上一番弱い炎を作った。
  c410-2  98.2%  熱の強さにして一ワット。誕生日のろうそくの五十分の一である。
  c411-1  88.9%  飛行十一日目には水槽の魚が一匹帰り、カイコ蛾が繭から出た。
  c411-2  82.0%  十三日目には過去の事故で亡くなった人たちにダマトウを捧げている。
  c412-1 100.0%  飛行八日目の深夜、地上から機長と操縦士にメールが届いた。
  c412-2  92.3%  打ち上げの時に断熱材が当たった件である。
  c412-3  88.0%  話に出すほどのことでもない。
  c413-1  88.9%  同じ頃、衝突の様子を映した十五秒ほどの映像も送られている。
  c413-2 100.0%  件名は記者会見で聞かれそうな件。
  c413-3 100.0%  文面は絶対に再突入の心配はないと書いていた。
  c414-1  94.1%  送った理由は記者に聞かれた時に驚かないようにである。
  c414-2 100.0%  機長は受け取ったと返事をし、全員に回した。
  c415-1 100.0%  七人はそれきり何も聞かされていない。
  c415-2  90.6%  環熱帯の衝突は十六日間の暮らしに何の影響も与えなかった。
  c416-1  91.9%  そもそも機内から翼の前の縁は見えない。
  c416-2  98.1%  一枚目から十一枚目のパネルは窓のどこからも見えなかった。
  c416-3 100.0%  ロボットアームもこの飛行には積んでいない。
  c417-1  94.1%  確かめる方法がなかったわけではない。
  c417-2 100.0%  宇宙服を着て外に出る船外活動をすれば、左の翼は見られる。
  c418-1  95.5%  最終日、七人は実験を全部片付け、帰る支度を終えた。
  c418-2  80.0%  全て正常だった。
  c419-1 100.0%  翌朝は二月一日、帰る日である。
  c419-2 100.0%  天気も機体の具合も規則の範囲に収まっていた。
  c420-1  94.1%  追悼のやじなに載っている写真は、 一月二十六日にこの機体から撮ったものである。
  c420-2  95.2%  半分ほど照らされた月が暗がりに浮かんでいた。
  c501-1 100.0%  軌道の上では何も起きていない。
  c501-2  97.6%  地上ではその十六日間に別のことが進んでいた。
  c501-3 100.0%  断熱材が当たったと分かったその翌日からである。
  c502-1  90.9%  飛行二日目、派遣の影響を調べる集まりが作られた。
  c502-2 100.0%  デブリ評価チームという
  c502-3 100.0%  共同の議長はNASAのロッチャ技師と請負会社のマデラ氏だった。
  c503-1 100.0%  ただし、このチームは正式な扱いにされていない。
  c503-2  90.0%  彼が責任者なのかな？決まらないままになった。
  c503-3 100.0%  与えられた指示は一月二十四日までに結果を出せだけである。
  c504-1  95.5%  軌道にいるコロンビア号の左の翼を取ってほしい。
  c504-2 100.0%  望遠鏡でも衛星でもいい。傷の大きさが知りたい。
  c505-1 100.0%  要求は三度、別々のところから出ている。
  c505-2 100.0%  飛行二日目、写真作業班の長から
  c505-3  98.0%  飛行六日目、請負会社の管理者から同じ日ロッチ技師から
  c506-1  94.7%  何度とも飛行中の判断をする側で止まった。
  c506-2  83.3%  止めた側は中身ではなく手続きを踏んだ。
  c506-3 100.0%  誰が要求しているのかと問われた。
  c507-1  90.3%  問われた者は皆同じように答えた。
  c507-2 100.0%  正式な必要条件として写真を求めた者はいない。
  c507-3 100.0%  写真を欲しがっていたチーム自身には誰も聞かなかった。
  c508-1  76.9%  軍への依頼は一旦出ていた。
  c508-2 100.0%  相手はコロラドの山の中にある米戦略軍の司令部設備を探し始めてもいた。
  c508-3  97.4%  だが、その依頼は九十分のうちに取り消される。
  c509-1 100.0%  理由はNASAは自前の資源で足りるだった。
  c509-2 100.0%  記録には見えても何もできないという発言も残っている。
  c510-1  96.6%  軍の画像を扱える資格を持つ者が運用の指揮系統に一人もいない。
  c510-2 100.0%  どれくらいの画質で撮れるのか、費用はいくらか。
  c510-3  78.3%  誰一人調べていなかった。
  c511-1  78.0%  理恵さんの方は写真を求める前から進んでいた。
  c511-2  78.4%  チームが使ったのはCraterという計算の道具だった。
  c512-1  95.2%  元は1966年アポロ計画で小さな隕石を想定して作られた式である。
  c512-2 100.0%  1979年から1985年にかけて耐熱タイル用へ書き換えられた。
  c513-1 100.0%  本来は打ち上げ当日に落ちる氷のかけらを見るための道具だった。
  c513-2 100.0%  飛行の最中に使ったのはこの飛行が初めてである。
  c514-1  94.7%  この式を作る時に実際に当てた破片は最大で約四十九立方センチ。
  c514-2  87.2%  ゴルフボール一個ほどの小さな欠片である。
  c515-1  92.3%  今回ぶつかった破片は約十九千七百立方センチ。
  c515-2 100.0%  大きなクーラーボックスほどの塊だった。
  c516-1  93.0%  意識が試された範囲をどれだけはみ出していたか。
  c516-2 100.0%  試された最大の400倍だった。
  c517-1  90.6%  四百倍というのは、後に委員会が出した最も有力な値である。
  c517-2  97.7%  当時のチームは六百四十倍だと信じて計算していた。
  c518-1  84.8%  それでもクリエイターは答えを出した
  c518-2  94.7%  媒熱タイルより深く削るという答えである。
  c518-3  93.9%  機体の外板が焼け抜ける恐れがあるという意味だった。
  c519-1 100.0%  チームはこの答えを二つの理由で打ち消した。
  c519-2  88.9%  一つ、クリエイターは大げさに出る道具だという経験。
  c519-3  93.6%  二つ、タイルの下にある硬い層をシキが見ていないこと。
  c520-1  90.6%  翼の前のフチ用の式もあった。 1984年に氷の玉で合わせたものである。
  c520-2  92.7%  十五度を超えて当たればRCCは敗れると出た。
  c520-3  94.1%  十も通りの経路のうち、一通りだけが二十一度で当たると出た。
  c521-1 100.0%  チームはこう考えた。断熱材は氷より軽いから破れないと。
  c521-2 100.0%  不安を持つ技術者もいたが、確かめられることはなかった。
  c522-1 100.0%  飛行中の判断をする集まりをミッション運営チームという。
  c522-2 100.0%  毎日開く決まりになっていた。
  c522-3 100.0%  16日間で実際に開かれたのは5回である。
  c523-1 100.0%  二十一日の会議では、破片より先に重量や機材の話が出た。
  c523-2 100.0%  議長はどうせ何もできないから飛行中の問題ではないと述べる。
  c524-1  97.4%  月二十四日、チームの説明会には立ち見が出た。
  c524-2  93.6%  そこで示された結論は「焼け抜ける恐れはない」だった。
  c525-1  96.7%  議長は「焼け抜けがないなら大きな事故にはならないのね」と確かめた。
  c525-2 100.0%  技術的な質問は一つも出ていない。
  c526-1 100.0%  その二日前、ロッチャ技師は一通のメールを書いていた。
  c526-2  85.7%  不否認制度を飛び越したくないという理由で送らなかったメールである。
  c526-3 100.0%  無責任に近いと書いて送らなかった。
  c527-1  95.7%  一月二十四日の会議の議事録に破片の話は一行もない。
  c527-2 100.0%  その議事録に議長が署名している。
  c528-1 100.0%  本来なら安全だと示すのは飛ばす側の仕事である。
  c528-2 100.0%  危険だと証明することを技術者の側が求められていた。
  c601-1 100.0%  では、もし知っていたら助かったのか？
  c601-2 100.0%  委員会はそれをNASAに計算させている。
  c602-1  96.0%  前提はこうである。飛行二日目に破片が当たったとわかる。
  c602-2 100.0%  三日目に撮影を求め、五日目に船外活動へ出る。
  c602-3 100.0%  そこで命に関わる傷が見つかったとする。
  c603-1 100.0%  そこから先の道は2つしかない。
  c603-2 100.0%  一つはもう一機を打ち上げて迎えに行く。
  c603-3  92.3%  二つは軌道の上であるものだけで穴を塞ぐ。
  c604-1 100.0%  どちらにも期限がある。
  c604-2 100.0%  決めたのは、吐いた息の二酸化炭素を吸い取る薬の缶だった。
  c605-1  97.7%  活動と睡眠を切り詰めれば飛行三十日目まで持つ。
  c605-2 100.0%  2月15日の朝である。次に厳しい酸素でも31日目だった。
  c606-1 100.0%  迎えに行く機体はアトランティス号と決まっていた。
  c606-2 100.0%  飛行四日目の時点で整備棟に立ち、主エンジンは取り付け済み。
  c607-1 100.0%  本来の打ち上げは三月一日で四十一日先だった。
  c607-2  96.0%  それを二月十日まで、つまり二十二日に詰める段取りになる。
  c608-1  96.2%  二十四時間三交代、週七日で働けば二月十日までに準備は整う。
  c608-2  94.1%  しかも必要な試験は一つも省かない前提での日付である。
  c609-1  92.7%  打ち上げの支度と秒読みが滞りなく進めば、どっち
  c609-2  93.9%  二月十日から十五日までの五日間が合流できる窓になる。
  c610-1 100.0%  アトランティス号は四人で上がる。船長、操縦士、船外活動が二人。
  c610-2  81.1%  宇宙服を着た七人が船外活動で海苔を釣る。
  c611-1 100.0%  帰りは操縦席に四人、中央の甲板に七人が乗る。
  c611-2 100.0%  空になったコロンビア号は無人で太平洋へ落とす。
  c612-1 100.0%  この筋書きをNASAの検討班はどう評価したか。
  c612-2 100.0%  困難だが実行可能だった。
  c613-1 100.0%  ただし、成り立つ条件が三つある。
  c613-2 100.0%  一つ、飛行七日目より前に命に関わる傷だと断定できていること。
  c613-3 100.0%  二つ、整備が無事故であること。三つ、秒読みが完璧であること。
  c614-1 100.0%  もう一つの道は軌道の上で自分たちで直す案である。
  c614-2  95.1%  約十五センチ、六インチの穴が開いていると仮定して組み立てられた。
  c615-1  81.1%  探査具材料は重い金属の工具、チタンの小刀
  c615-2 100.0%  これらは翼の骨組みを守るために詰める。
  c616-1 100.0%  押さえるのは宇宙の寒さで凍らせた水の袋だった。
  c616-2  93.3%  氷と金属で前の縁の形を戻し、空気の乱れを抑える。
  c617-1  88.2%  この修理が効果の熱に耐えるかどうか。
  c617-2  80.0%  噂は確かめられなかった。
  c617-3 100.0%  だから修理案は高リスクと評価されている。
  c618-1  90.2%  生きて帰する見込みは迎えに行く案の方がはるかに高い。
  c618-2 100.0%  検討班はそう結論した。
  c619-1  98.1%  陸で翼が壊れると読めた場合は、乗員は脱出する前提だった。
  c619-2  96.7%  荷物の一部を投げ捨て、左の翼が熱くなりにくい掘り方も検討された。
  c620-1 100.0%  七日目より前に断定できていれば窓が生まれたかもしれない。
  c620-2 100.0%  助けられたはずだとは書いていない。
  c621-1 100.0%  なぜそこまで細かく計算させたのか。
  c621-2 100.0%  助けられたかどうかを言い当てたかったからではない。
  c622-1 100.0%  傷が見つかったところでどうせ何もできない。
  c622-2 100.0%  飛行中、多くの人がそう考えていた。
  c623-1  90.9%  緊急の時に備えた計画が単純なものすら作られていなかった。
  c623-2 100.0%  だから何もできないは確かめた結果ではない。
  c624-1 100.0%  委員会が問い直したのはその思い込みである。
  c624-2 100.0%  調べもせずに何もできないと信じた。
  c701-1 100.0%  ここからは実際に起きたことである。 2003年2月1日
  c701-2  93.9%  午前二時三十分、再突入と着陸を受け持つ班が席に着いた。
  c702-1  81.0%  午前八時十分、事情から降りて良いと伝えられる。
  c702-2 100.0%  8時15分30秒、軌道を離れる噴射が始まった。2分38秒続く。
  c703-1  86.4%  その時の高さが約二百八十キロ、インド洋の上だった。
  c703-2  92.6%  百五十時十五週目である。乗員は地上の1割ほどの重さを感じていた。
  c704-1  93.3%  八時四十四分零九秒、大気圏に入った。
  c704-2  92.6%  高さは約百二十二キロメートル、四十万フィート、太平洋の上である。
  c704-3  97.9%  ここを秒とする。以後は時刻と突入からの秒数で示す。
  c705-1  93.0%  この時七人は翼に穴が開いているとは知らない。
  c705-2 100.0%  地上の管制もいつもと同じ再突入として見ていた。
  c706-1  97.0%  突入から二百七十秒後、八時四十八分三十九秒。
  c706-2  83.6%  左の翼の前の縁で金属の歪みを測る部品が異常を記録した。
  c707-1 100.0%  機内の記録装置に磁気テープで残るだけである。
  c707-2  92.3%  機構が終わってから調べるためのもので、電波では送らない。
  c708-1 100.0%  つまりこの時点で異常は起きている。
  c708-2  82.9%  だが、地上にも上院にも何一つ伝わっていない。
  c709-1  87.5%  突入から秒後、前の縁の奥の温度計が上がり始めた。
  c709-2  95.8%  225秒後には翼を支える桁の裏の温度計も動き出す。
  c710-1  97.9%  八時五十二分十六秒までに翼を支える桁が焼き抜かれた。
  c710-2 100.0%  中に入った空気は約四四〇〇度あった可能性がある。
  c710-3  97.3%  翼の骨組みはアルミで約六百五十度で溶ける。
  c711-1 100.0%  八時五十三分二十六秒。サクラメントの西で海岸線を越えた。
  c711-2  98.1%  その二十秒後、地上の人が機体から何かが離れるのを見ている。
  c712-1  90.9%  八時五十四分二十四秒。関税で初めて異常が形になった。
  c712-2 100.0%  左の翼の油圧の温度計が測れる範囲の下へ振り切れる。
  c712-3  87.5%  四つが四で年、秒の間に次々と消えた。
  c713-1  93.9%  プランをまとめ、最後の判断をする飛行主任が全部が同時に消えたのかと聞く。
  c713-2  86.7%  いいえ、全く同時ではありません。
  c714-1  94.1%  四つの温度計には共通する配線がない。
  c714-2 100.0%  一本が焼けて全部が消えたという説明ができない。
  c715-1  93.3%  八時五十四分二十五秒頃、ネバダの空で強い光が見えた。
  c715-2  88.9%  続く四分の間に同じ現象が十八回目撃されている。
  c716-1  93.5%  八時五十五分三十二秒、ユタ州へ。八時五十六分三十秒、機体は型抜きを切り替えた。
  c716-2  93.9%  右へ傾けていたのを左へ。これは予定通りの動きである。
  c717-1 100.0%  八時五十七分二十四秒、アルバカーキの北を通過。
  c717-2  89.3%  この時、地上で撮られた画像に左の翼の前の縁の乱れが写った。
  c718-1  98.0%  八時五十八分二十秒。ニューメキシコからテキサスへ入った。
  c718-2  89.3%  ここで落ちた耐熱タイル一枚が一番西で見つかる破片になる。
  c719-1  95.2%  八時五十八分過ぎ、機長からの声が途切れて入った。
  c719-2  76.9%  ああ、ひゅー。そこで切れている。
  c720-1  94.3%  八時五十九分十五秒。左の死脚のタイヤの空気圧の表示が消えた。
  c720-2  73.2%  寛治はそれでもケーキの不具合だと考えていた。
  c721-1 100.0%  乗員と話す担当が呼びかけた。
  c721-2  94.3%  タイヤの空気圧の表示はこちらでも見えている。最後の更新は聞き取れなかった。
  c722-1 100.0%  返ってきたのは短い返事だった。そしてそこで途切れる。
  c723-1 100.0%  電波が切れたのは八時五十九分三十二秒である。
  c723-2  84.2%  この後、機体からの情報は何一つ届かない。
  c724-1  92.6%  寛治はアンテナの切り替えによる短い途切れだと思っていた。
  c724-2  88.9%  球審の担当が少し乱れていますが、ひどくはないと答えている。
  c725-1  90.6%  九時零分十八秒。地上の人が撮っていた映像に機体が分かれる様子が映る。
  c725-2  98.1%  電波が切れた時点で高さ約六十一キロ、音の十八倍の速さだった。
  c726-1 100.0%  電波が切れたのはその46秒前である。
  c726-2  86.7%  漢字の画面には何も映らなかった。
  c727-1  85.1%  9時2分21秒、着陸まで14分と伝えていた。
  c727-2  98.2%  九時十二分三十九秒。テレビを見た人からの電話で分解が知らされる。
  c727-3  91.3%  機工主任はドアを閉めろと言い、非常の手順に入った。
  c728-1 100.0%  最後に届いた機長の声は一語で切れていた。
  c728-2 100.0%  了解。そこで声は切れた。
  c729-1  93.6%  テキサスでは午前九時の少し前、低く唸る音が響いた。
  c729-2 100.0%  現地の時計ではまだ朝八時前のことである。
  c729-3 100.0%  時速一万九千キロ近くで大気に突っ込んだ破片が出した音だった。
  c730-1  96.8%  着陸の予定は午前九時十六分だった。
  c730-2 100.0%  機体が分かれたのはその16分前である。
  c801-1  96.0%  機体はテキサス州だけで五千百八十平方キロを超えて散った。
  c801-2 100.0%  千葉県がすっぽり入る広さである。
  c801-3 100.0%  ここからはそれを拾い集めた人たちの話になる。
  c802-1  98.1%  通報は夕方には一分あたり十八件の速さで入るようになった。
  c802-2 100.0%  牛の群れが走り出し、車のフロントガラスに破片が当たっている。
  c803-1 100.0%  呼びかけられたのはまず触らないでほしいだった。
  c803-2  96.0%  機体には機体になると肺や皮膚を焼く燃料が積んである。
  c804-1  88.0%  一番濃い帯はフォートワースの南からルイジアナまで。
  c804-2 100.0%  最も西で見つかったのはテキサス州リトルフィールドの耐熱タイル1枚。
  c805-1  95.7%  二週間で地上の捜索者は三千人、一ヶ月で四千人を超えた。
  c805-2 100.0%  主力は全米から集まった森林火災の消防隊員である。
  c806-1  88.9%  二十人一組で飛行の経路の左右三点二キロを歩いた。
  c806-2 100.0%  約三メートル間隔で列を作る。
  c806-3  87.5%  十五センチ四方のものを七十五パーセントの確率で見つけられる感覚である。
  c807-1  75.0%  麻薬70の期間から2万5000人以上が加わった。
  c807-2  94.1%  延べ150万時間をかけて四国の半分ほどの広さを渡った。
  c807-3  94.1%  そのうち三割ほどは歩いて探している。
  c808-1 100.0%  蛇のいる沼、泥の川底
  c808-2  87.5%  朝一杯かけて百メートルほどしか進めない藪もあった。
  c809-1 100.0%  空からはヘリコプター三十七機と固定翼機七機が出た。
  c809-2 100.0%  そのヘリコプター1機が故障で落ち、二人が亡くなっている。
  c809-3  96.4%  契約の操縦士ジュールズマイヤと森林局のチャールズクレネク
  c810-1  98.3%  湖の底も探している。ソナーで八十平方キロメートルを超えて調べた。
  c810-2  97.8%  潜った六十人の視界は濁っていて数センチしかない。
  c810-3 100.0%  それだけやって別の湖で一点が拾えただけだった。
  c811-1 100.0%  見つけた破片は位置を記録し、写真を撮ってから運ばれた。
  c811-2  83.3%  回収されたのは八十千点九百点。
  c812-1  97.3%  並べていくと落ちた場所に規則があったり
  c812-2  90.3%  西で落ちたものほど先に離れていた。
  c813-1  92.3%  馬券はケネディ宇宙センターの大きな格納庫へ集められた。
  c813-2 100.0%  床にテープを貼り、機体で元あった場所の近くに置いていく。
  c814-1 100.0%  右の翼の破片は多く見つかった。左の翼は少ない。
  c814-2 100.0%  しかも左の翼のうち、外側のパネルほど西で見つかっている。
  c814-3 100.0%  内側のパネルはずっと東だった
  c815-1  76.7%  一番にして見つかった耐熱タイルは八枚目と九枚目の真後ろのもの。
  c815-2 100.0%  八枚目のパネルの破片だけは帯の全体に散らばっていた。
  c816-1 100.0%  この規則を当てはめると、壊れた順が読める。
  c816-2  90.9%  だから最初に壊れたのは左の翼の八枚目の辺りだとわかった。
  c817-1  98.2%  三月十九日、テキサス州ヘンフィルの近くで記録装置が見つかった。
  c817-2 100.0%  ほぼ無傷だった。落ちる力に耐える設計ではなかったのに、である。
  c818-1  93.1%  中には八百個のセンサーの値が約二点九キロのテープに残っていた。
  c818-2  93.0%  電波が切れた後の14秒分まで記録されている。
  c819-1  94.5%  NASAは破片を返す人を罪に問わない期間を数日間設けた。
  c819-2  92.6%  地上で怪我をした人は出ず、賠償は約五万ドルにとどまっている。
  c820-1  84.7%  集まった破片は合わせて約38,500kg、84,900ポンド。
  c820-2 100.0%  機体の燃料や荷物を除いた重さの三十八パーセントにあたる。
  c901-1 100.0%  拾い集めた破片は答え合わせの材料になった。
  c901-2  97.0%  委員会は電波が途切れた二時間以内に立ち上がり、七ヶ月かけて調べている。
  c901-3  93.0%  十三人の委員と百二十人を超える調査員が加わった。
  c902-1 100.0%  物理的な原因はこう書かれている。
  c902-2  93.3%  左の翼の前の縁の熱を防ぐ仕組みが破られたこと。
  c902-3  83.6%  ギャブったのは断熱材一辺、当たったのは八枚目の一と半分である。
  c903-1  93.9%  再突入の時、その穴から超高温の空気が翼の中へ入った。
  c903-2 100.0%  空気はアルミの骨組みを少しずつ溶かし、翼は力に負けた。
  c904-1 100.0%  原因はもう一つ書かれている組織の原因である。
  c904-2 100.0%  委員会はそれを物理的な原因と同じ重さで扱った。
  c905-1  88.2%  助産の不足、揺れる優先順位、日程の圧力。
  c905-2 100.0%  開発中の機体なのに完成した乗り物として扱ったこと。
  c905-3 100.0%  過去の成功を技術の検討の代わりにしていたこと。
  c906-1 100.0%  起きてはいけないことが繰り返されるうちに普通になる。
  c906-2  94.4%  これを社会学者は逸脱の状態化と呼んだ。
  c906-3  94.1%  設計通りでないまま飛ぶことが許せることになっていた。
  c907-1  97.1%  委員会はアトランティス号で二十六回飛んだ本物のパネルに断熱材を打ち込んだ。
  c907-2  91.7%  八枚目のパネルに縦横よろこ四十センチほどの穴が開いた。
  c907-3  95.7%  割れた破片は翼の中に残る。飛行2日目に離れたものもこれだった可能性が高い。
  c908-1  92.0%  断熱材が剥がれるたび飛ばして良い理由付けが作られた。
  c908-2 100.0%  その理由付けがこの飛行で危なくないと考える下地になった。
  c909-1  98.3%  万全を担当する部署は監督するはずの計画からお金をもらっていた。
  c910-1  93.3%  署の会議にも安全の担当者はいた。
  c910-2 100.0%  ただ聞いて同意しただけだった。
  c911-1  98.2%  委員会は十七年前の事故と問いがほとんど同じだと書いている。
  c911-2  94.1%  1986年、チャレンジャー号が失われた時の問いである。
  c911-3  94.7%  なぜ剥がれると知りながら飛び続けたのか。
  c912-1  96.2%  チャレンジャー号を招いた組織の欠陥は治っていなかった。
  c912-2  98.0%  欠陥のあるやり方は二十年続き、両方の事故に大きく効いた。
  c913-1  98.0%  勧告は二十九件、うち十五件は次に飛ぶ前にやることとされた。
  c913-2  94.5%  仕上げを三方向以上から撮ること。RCCを全部点検すること。
  c913-3 100.0%  軌道の上で点検し、応急の修理ができる手立てを持つこと。
  c914-1  90.3%  その上で委員会はこう書いている。
  c914-2 100.0%  歴史は背景ではない。歴史が原因だ。
  c915-1  94.7%  委員会は人を変えても解決しないと書いた。
  c915-2 100.0%  だが、その直前に個人が責任を負わない意味ではないとも書く。
  c916-1 100.0%  危険は認めるべきだが、諦めて受け入れてはならない。
  c916-2 100.0%  事故の記憶は必ず薄れる。だから急げと委員会は書いた。
  ep01-1  88.9%  話はそこから八年半後に飛ぶ。
  ep01-2  94.7%  2011年の夏、テキサスは記録に残る最悪の干ばつの中にいた。
  ep02-1  96.4%  ナコドーチェスコの水位はいつもより三メートル近く下がった。
  ep02-2 100.0%  七月の終わり、警察官が湖底に現れた球形の物体に気づく。
  ep03-1 100.0%  直径一メートルほどのアルミの球で、中は泥で埋まっていた。
  ep03-2  94.7%  コロンビア号が積んでいた電気の元になるガスのタンクである。
  ep04-1 100.0%  2003年、この湖は捜索されている。
  ep04-2 100.0%  海軍の潜水士がソナーの反応を一つずつ潜って確かめた。
  ep04-3 100.0%  それでもこの湖からは一点も見つからなかった。
  ep05-1 100.0%  人が潜って見つけられなかったものが、水が引いて出てきた。
  ep05-2 100.0%  事故から八年半が過ぎていた。
  ep06-1  90.2%  アペンは今も見つかる。そのたびにあの七人が思い出される。
  ep06-2  90.6%  欠片一つで機体は壊れた。だが、壊れたのはそれだけではない。
  ep06-3 100.0%  見ようとしなければ見えないままだった。

=== 一致率の低い順 489行（★耳で確かめる候補）===

c220-2  一致率 66.7%
   台本: 最初は1983年。約48×30センチが欠けている。
   聞取: 最初は年、約四十八かける三十cmが欠けている。

c720-2  一致率 73.2%
   台本: 管制は、それでも計器の不具合だと考えている。
   聞取: 寛治はそれでもケーキの不具合だと考えていた。

c807-1  一致率 75.0%
   台本: 270の機関から、2万5千人以上が加わった。
   聞取: 麻薬70の期間から2万5000人以上が加わった。

c304-1  一致率 76.2%
   台本: いちばんよく写っていたのは、2台のカメラである。
   聞取: 一番よく映っていたのが二台のカメラである。

c815-1  一致率 76.7%
   台本: いちばん西で見つかった耐熱タイルは、8枚目と9枚目の真後ろの物。
   聞取: 一番にして見つかった耐熱タイルは八枚目と九枚目の真後ろのもの。

c508-1  一致率 76.9%
   台本: 軍への依頼は、いったん出ていた。
   聞取: 軍への依頼は一旦出ていた。

c719-2  一致率 76.9%
   台本: 「あー、ヒュー……」。そこで切れている。
   聞取: ああ、ひゅー。そこで切れている。

c310-2  一致率 77.4%
   台本: 軽い物が、時速880キロで当たる
   聞取: 軽いものが時速880kmで当たる。

c209-1  一致率 77.8%
   台本: かけらの長さは約53〜69センチ、幅は約30〜46センチ。
   聞取: 欠片の長さは約五十三to六十九センチ、幅は約三十to四十六センチ。

c511-1  一致率 78.0%
   台本: 計算のほうは、写真を求める前から進んでいた。
   聞取: 理恵さんの方は写真を求める前から進んでいた。

c510-3  一致率 78.3%
   台本: 誰ひとり、調べていなかった。
   聞取: 誰一人調べていなかった。

c511-2  一致率 78.4%
   台本: チームが使ったのは、クレーターという計算の道具だった。
   聞取: チームが使ったのはCraterという計算の道具だった。

pr02-2  一致率 79.4%
   台本: だがコロンビア号は、9時00分18秒、テキサスの空でばらばらになった。
   聞取: だが、コロンビア号は九時零零分十八秒、テキサスの空でバラバラになった。

c109-1  一致率 80.0%
   台本: オービタの先と外部タンクは、2本の支柱でつないである。
   聞取: 大尾びたの先と外部タンクが二本の支柱でつないである。

c206-1  一致率 80.0%
   台本: その0.2秒後、かけらは左の翼に当たった。
   聞取: その0.2秒後、欠片が左の翼に当たった。

c418-2  一致率 80.0%
   台本: すべて正常だった。
   聞取: 全て正常だった。

c617-2  一致率 80.0%
   台本: NASAは確かめられなかった。
   聞取: 噂は確かめられなかった。

c307-2  一致率 80.7%
   台本: 破片の位置が51センチずれるだけで、速さの答えは大きく動く。
   聞取: 馬 pen の位置が五十一 cm ずれるだけで速さの答えは大きく動く。

c702-1  一致率 81.0%
   台本: 午前8時10分、地上から「降りてよい」と伝えられる。
   聞取: 午前八時十分、事情から降りて良いと伝えられる。

c610-2  一致率 81.1%
   台本: 宇宙服を着た7人が、船外活動で乗り移る。
   聞取: 宇宙服を着た七人が船外活動で海苔を釣る。

c615-1  一致率 81.1%
   台本: 塞ぐ材料は、重い金属の工具、チタンの小片。
   聞取: 探査具材料は重い金属の工具、チタンの小刀

c411-2  一致率 82.0%
   台本: 13日目には、過去の事故で亡くなった人たちに黙とうをささげている。
   聞取: 十三日目には過去の事故で亡くなった人たちにダマトウを捧げている。

c208-2  一致率 82.9%
   台本: RCCの板でいえば、5枚目から9枚目のあたり。
   聞取: LCCの板で言えば五枚目から九枚目の辺り

c312-1  一致率 82.9%
   台本: 当たった範囲は、たたみ1枚ほどの広さまで絞れた。
   聞取: 渡った範囲は畳一枚ほどの広さまで絞れた。

c708-2  一致率 82.9%
   台本: だが地上にも、乗員にも、何ひとつ伝わっていない。
   聞取: だが、地上にも上院にも何一つ伝わっていない。

c401-1  一致率 83.0%
   台本: ここでいったん、軌道の上へ目を移す。地上の話は、そのあとに戻る。
   聞取: ここで一旦軌道の上へ目を移す。地上の話はその後に戻る。

c506-2  一致率 83.3%
   台本: 止めた側は、中身ではなく、手続きを問うた。
   聞取: 止めた側は中身ではなく手続きを踏んだ。

c811-2  一致率 83.3%
   台本: 回収されたのは83,900点。
   聞取: 回収されたのは八十千点九百点。

c706-2  一致率 83.6%
   台本: 左の翼の前のふちで、金属のゆがみをはかる部品が異常を記録した。
   聞取: 左の翼の前の縁で金属の歪みを測る部品が異常を記録した。

c902-3  一致率 83.6%
   台本: 破ったのは断熱材一片。当たったのは8枚目の下半分である。
   聞取: ギャブったのは断熱材一辺、当たったのは八枚目の一と半分である。

c316-3  一致率 83.7%
   台本: 体積の見積りも、ほぼ同じところに落ち着いていた。
   聞取: 堆積の水理もほぼ同じところに落ち着いていた。

c723-2  一致率 84.2%
   台本: このあと、機体からの情報は何ひとつ届かない。
   聞取: この後、機体からの情報は何一つ届かない。

pr06-2  一致率 84.6%
   台本: そのあいだ、わずか0.2秒である。
   聞取: その間、わずか0.2秒である。

c820-1  一致率 84.7%
   台本: 集まった破片は、合わせて約38,500キログラム（84,900ポンド）。
   聞取: 集まった破片は合わせて約38,500kg、84,900ポンド。

c105-1  一致率 84.8%
   台本: 打ち上げのときの重さは、約2,040トン。
   聞取: 打ち上げの時の重さは約二千四十トン。

c518-1  一致率 84.8%
   台本: それでも、クレーターは答えを出した。
   聞取: それでもクリエイターは答えを出した

c305-1  一致率 85.0%
   台本: 2台の映像に写ったコマの時刻と、破片の位置。
   聞取: 次代の映像に映ったコマの時刻と破片の位置

c410-1  一致率 85.0%
   台本: 飛行4日目、乗員は史上いちばん弱い炎を作った。
   聞取: 飛行四日目、乗員は史上一番弱い炎を作った。

c210-1  一致率 85.1%
   台本: ぶつかったときの速さの差は、時速約670〜920キロ。
   聞取: ぶつかった時の速さの差は時速約六百七十と九百二十キロ。

c727-1  一致率 85.1%
   台本: 9時02分21秒、場内の放送は「着陸まで14分」と伝えていた。
   聞取: 9時2分21秒、着陸まで14分と伝えていた。

pr12-2  一致率 85.7%
   台本: 一つ。かけら一つで、なぜ機体が壊れたのか。
   聞取: 一つ。 欠片一つでなぜ機体が壊れたのか。

c114-1  一致率 85.7%
   台本: コロンビア号は、作られた5機のうちいちばん古い。
   聞取: コロンビア号は作られた五機のうち一番古い。

c216-1  一致率 85.7%
   台本: 飛行2日目の午前10時半から11時のあいだ、何かが離れた。
   聞取: 飛行二日目の午前十時半から十一時の間、何かが離れた。

c526-2  一致率 85.7%
   台本: 指揮系統を飛び越したくないという理由で、送らなかったメールである。
   聞取: 不否認制度を飛び越したくないという理由で送らなかったメールである。

c112-1  一致率 86.2%
   台本: 宇宙から大気圏へ戻る再突入のとき、機首と翼の前のふちは1,500度を超える。
   聞取: 宇宙から大気圏へ戻る再突入の時、機首と翼の前の縁は千五百度を超える。

c703-1  一致率 86.4%
   台本: そのときの高さは約280キロ。インド洋の上だった。
   聞取: その時の高さが約二百八十キロ、インド洋の上だった。

c713-2  一致率 86.7%
   台本: 「いいえ。まったく同時ではありません」
   聞取: いいえ、全く同時ではありません。

c726-2  一致率 86.7%
   台本: 管制の画面には、何も映らなかった。
   聞取: 漢字の画面には何も映らなかった。

c201-2  一致率 87.1%
   台本: その1か月前、主エンジンの配管にひびが見つかり、全機が4か月止まる。
   聞取: その一ヶ月前、主エンジンの配管にヒビが見つかり、全機が四ヶ月止まる。

c212-1  一致率 87.2%
   台本: 打ち上げを撮る場所は、地上に12か所あった。
   聞取: 打ち上げを取る場所は地上に十二箇所あった。

c514-2  一致率 87.2%
   台本: ゴルフボール1個ほどの、小さなかけらである。
   聞取: ゴルフボール一個ほどの小さな欠片である。

c709-1  一致率 87.5%
   台本: 突入から290秒後、前のふちの奥の温度計が上がり始めた。
   聞取: 突入から秒後、前の縁の奥の温度計が上がり始めた。

c712-3  一致率 87.5%
   台本: 4つが、4〜5秒の間に次々と消えた
   聞取: 四つが四で年、秒の間に次々と消えた。

c806-3  一致率 87.5%
   台本: 15センチ四方の物を、75パーセントの確率で見つけられる間隔である。
   聞取: 十五センチ四方のものを七十五パーセントの確率で見つけられる感覚である。

c808-2  一致率 87.5%
   台本: 朝いっぱいかけて、百メートルほどしか進めない藪もあった。
   聞取: 朝一杯かけて百メートルほどしか進めない藪もあった。

c309-1  一致率 87.8%
   台本: 破片は、1秒に約18回まわりながら落ちていった。
   聞取: 破片は一秒に約十八回回りながら落ちていた。

c316-1  一致率 88.0%
   台本: 飛行中に出した速さの見積りは、時速603から1,052キロ。
   聞取: 飛行中に出した速さの蜜は時速六百三から一千五十二キロ。

c412-3  一致率 88.0%
   台本: 話に出すほどの事でもない
   聞取: 話に出すほどのことでもない。

c804-1  一致率 88.0%
   台本: いちばん濃い帯は、フォートワースの南からルイジアナまで。
   聞取: 一番濃い帯はフォートワースの南からルイジアナまで。

c617-1  一致率 88.2%
   台本: この修理が、降下の熱に耐えるかどうか。
   聞取: この修理が効果の熱に耐えるかどうか。

c905-1  一致率 88.2%
   台本: 予算の不足。揺れる優先順位。日程の圧力。
   聞取: 助産の不足、揺れる優先順位、日程の圧力。

c106-1  一致率 88.5%
   台本: いちばん大きいのは、真ん中のオレンジ色の外部タンクである。
   聞取: 一番大きいのは真ん中のオレンジ色の外部タンクである。

pr10-1  一致率 88.9%
   台本: 委員会は、乗員の最期の細かい事実は公表しないと決めている。
   聞取: 委員会は上院の最後の細かい事実は公表しないと決めている。

c411-1  一致率 88.9%
   台本: 飛行11日目には、水槽の魚が1匹かえり、カイコガが繭から出た。
   聞取: 飛行十一日目には水槽の魚が一匹帰り、カイコ蛾が繭から出た。

c413-1  一致率 88.9%
   台本: 同じころ、衝突の様子を写した15秒ほどの映像も送られている。
   聞取: 同じ頃、衝突の様子を映した十五秒ほどの映像も送られている。

c519-2  一致率 88.9%
   台本: 一つ。クレーターは大げさに出る道具だという経験。
   聞取: 一つ、クリエイターは大げさに出る道具だという経験。

c715-2  一致率 88.9%
   台本: 続く4分のあいだに、同じ現象が18回目撃されている。
   聞取: 続く四分の間に同じ現象が十八回目撃されている。

c724-2  一致率 88.9%
   台本: 通信の担当は「少し乱れていますが、ひどくはない」と答えている。
   聞取: 球審の担当が少し乱れていますが、ひどくはないと答えている。

c806-1  一致率 88.9%
   台本: 20人ひと組で、飛行の経路の左右3.2キロを歩いた。
   聞取: 二十人一組で飛行の経路の左右三点二キロを歩いた。

ep01-1  一致率 88.9%
   台本: 話は、そこから8年半あとに飛ぶ。
   聞取: 話はそこから八年半後に飛ぶ。

c403-1  一致率 89.3%
   台本: 積み荷の実験をまとめる責任者は、マイケル・アンダーソン、43歳。
   聞取: SM2の実験をまとめる責任者はマイケルアンダーソン、四十三歳。

c717-2  一致率 89.3%
   台本: このとき地上で撮られた画像に、左の翼の前のふちの乱れが写った。
   聞取: この時、地上で撮られた画像に左の翼の前の縁の乱れが写った。

c718-2  一致率 89.3%
   台本: ここで落ちた耐熱タイル1枚が、いちばん西で見つかる破片になる。
   聞取: ここで落ちた耐熱タイル一枚が一番西で見つかる破片になる。

c208-1  一致率 89.5%
   台本: 当たったのは、81.9秒後。左の翼の前のふち。
   聞取: 当たったのは八十一点九秒後、左の翼の前の縁。

c203-1  一致率 89.7%
   台本: 気温は約18度、風はほとんど無い。
   聞取: 気温は約十八度。風はほとんどない。

c206-2  一致率 90.0%
   台本: 高度は約20キロ。速さは音の2.46倍だった。
   聞取: 速度は約二十キロ、速さは音の二点四六倍だった。

c503-2  一致率 90.0%
   台本: 誰が責任者なのかが、決まらないままになった。
   聞取: 彼が責任者なのかな？決まらないままになった。

c618-1  一致率 90.2%
   台本: 生きて帰せる見込みは、迎えに行く案のほうがはるかに高い。
   聞取: 生きて帰する見込みは迎えに行く案の方がはるかに高い。

ep06-1  一致率 90.2%
   台本: 破片は今も見つかる。そのたびに、あの7人が思い出される。
   聞取: アペンは今も見つかる。そのたびにあの七人が思い出される。

c507-1  一致率 90.3%
   台本: 問われた者は、みな同じように答えた。
   聞取: 問われた者は皆同じように答えた。

c812-2  一致率 90.3%
   台本: 西で落ちた物ほど、先に離れていた
   聞取: 西で落ちたものほど先に離れていた。

c914-1  一致率 90.3%
   台本: そのうえで、委員会はこう書いている。
   聞取: その上で委員会はこう書いている。

c415-2  一致率 90.6%
   台本: 断熱材の衝突は、16日間の暮らしに何の影響も与えなかった。
   聞取: 環熱帯の衝突は十六日間の暮らしに何の影響も与えなかった。

c517-1  一致率 90.6%
   台本: 400倍というのは、のちに委員会が出した最も有力な値である。
   聞取: 四百倍というのは、後に委員会が出した最も有力な値である。

ep06-2  一致率 90.6%
   台本: かけら一つで機体は壊れた。だが、壊れたのはそれだけではない。
   聞取: 欠片一つで機体は壊れた。だが、壊れたのはそれだけではない。

c520-1  一致率 90.6%
   台本: 翼の前のふち用の式もあった。1984年に氷の弾で合わせたものである。
   聞取: 翼の前のフチ用の式もあった。 1984年に氷の玉で合わせたものである。

c725-1  一致率 90.6%
   台本: 9時00分18秒。地上の人が撮っていた映像に、機体が分かれる様子が写る。
   聞取: 九時零分十八秒。地上の人が撮っていた映像に機体が分かれる様子が映る。

pr09-1  一致率 90.9%
   台本: 7人には「大気圏に戻るときの心配は無い」とメールが届いていた。
   聞取: 七人には大気圏に戻る時の心配はないとメールが届いていた。

c113-2  一致率 90.9%
   台本: その値は0.008ジュール。1円玉を80センチ落とすほどの力。
   聞取: その名帯は0.08ジュール。一円玉を八十センチ落とすほどの力。

c214-2  一致率 90.9%
   台本: 上がっていくシャトルを追う力は、年々落ちていったとみられる。
   聞取: 曲がっていくシャトルを追う力は年々落ちていたと見られる。

c502-1  一致率 90.9%
   台本: 飛行2日目、破片の影響を調べる集まりが作られた。
   聞取: 飛行二日目、派遣の影響を調べる集まりが作られた。

c623-1  一致率 90.9%
   台本: 緊急のときに備えた計画は、単純なものすら作られていなかった。
   聞取: 緊急の時に備えた計画が単純なものすら作られていなかった。

c712-1  一致率 90.9%
   台本: 8時54分24秒。管制で初めて、異常が形になった。
   聞取: 八時五十四分二十四秒。関税で初めて異常が形になった。

c816-2  一致率 90.9%
   台本: だから、最初に壊れたのは左の翼の8枚目のあたりだと分かった。
   聞取: だから最初に壊れたのは左の翼の八枚目の辺りだとわかった。

c727-3  一致率 91.3%
   台本: 飛行主任は「ドアを閉めろ」と言い、非常の手順に入った。
   聞取: 機工主任はドアを閉めろと言い、非常の手順に入った。

c216-2  一致率 91.5%
   台本: 事故のあと、空軍のレーダーの記録を調べ直して分かったことである。
   聞取: 事故の後、空軍のレーダーの記録を調べ直してわかったことである。

pr10-2  一致率 91.7%
   台本: ここでも、その線は越えない。
   聞取: どこでもその線は越えない。

c907-2  一致率 91.7%
   台本: 8枚目のパネルに、縦横40センチほどの穴が開いた。
   聞取: 八枚目のパネルに縦横よろこ四十センチほどの穴が開いた。

c212-2  一致率 91.9%
   台本: 離陸から追い続ける役目は、そのうち5か所。
   聞取: 陸から追い続ける役目はそのうち五箇所

c416-1  一致率 91.9%
   台本: そもそも機内から、翼の前のふちは見えない。
   聞取: そもそも機内から翼の前の縁は見えない。

pr06-1  一致率 92.0%
   台本: はがれたのが81.7秒。左の翼に当たったのが81.9秒。
   聞取: 剥がれたのが八十一点七秒。左の翼に当たったのが八十一点九秒。

c908-1  一致率 92.0%
   台本: 断熱材がはがれるたび、飛ばしてよい理由付けが作られた。
   聞取: 断熱材が剥がれるたび飛ばして良い理由付けが作られた。

c207-2  一致率 92.3%
   台本: 空気に押されて、0.2秒で時速約2,520キロから約1,640キロへ落ちる。
   聞取: 空気に押されて零点二秒で時速約二千五百二十キロから約一千六百四十キロへ落ちる。

c306-1  一致率 92.3%
   台本: 測り直して、最も確からしい値まで絞り込んだ。
   聞取: 測り直して最も確からしい値まで絞り込む。

c311-3  一致率 92.3%
   台本: 根もとに当たる場合の、およそ2倍の力になる。
   聞取: 根元に当たる場合のおよそ二倍の力になる。

c318-1  一致率 92.3%
   台本: 写真の班は、翌日づけの報告を関係先へ配った。
   聞取: 写真の班は翌日付の報告を関係先へ配った。

c412-2  一致率 92.3%
   台本: 打ち上げのときに断熱材が当たった件である。
   聞取: 打ち上げの時に断熱材が当たった件である。

c515-1  一致率 92.3%
   台本: 今回ぶつかった破片は、約19,700立方センチ。
   聞取: 今回ぶつかった破片は約十九千七百立方センチ。

c603-3  一致率 92.3%
   台本: 二つは、軌道の上で、あるものだけで穴をふさぐ。
   聞取: 二つは軌道の上であるものだけで穴を塞ぐ。

c707-2  一致率 92.3%
   台本: 飛行が終わってから調べるためのもので、電波では送らない。
   聞取: 機構が終わってから調べるためのもので、電波では送らない。

c813-1  一致率 92.3%
   台本: 破片は、ケネディ宇宙センターの大きな格納庫へ集められた。
   聞取: 馬券はケネディ宇宙センターの大きな格納庫へ集められた。

c408-2  一致率 92.6%
   台本: 7人は赤組と青組に分かれ、24時間態勢で交代しながら働く。
   聞取: 七人は赤組と青組に分かれ、二十四時間体制で交代しながら働く。

c703-2  一致率 92.6%
   台本: 255周目である。乗員は、地上の1割ほどの重さを感じていた。
   聞取: 百五十時十五週目である。乗員は地上の1割ほどの重さを感じていた。

c704-2  一致率 92.6%
   台本: 高さは約122キロメートル（40万フィート）。太平洋の上である。
   聞取: 高さは約百二十二キロメートル、四十万フィート、太平洋の上である。

c724-1  一致率 92.6%
   台本: 管制は、アンテナの切り替えによる短い途切れだと思っていた。
   聞取: 寛治はアンテナの切り替えによる短い途切れだと思っていた。

c819-2  一致率 92.6%
   台本: 地上でけがをした人は出ず、賠償は約5万ドルにとどまっている。
   聞取: 地上で怪我をした人は出ず、賠償は約五万ドルにとどまっている。

c108-2  一致率 92.7%
   台本: 厚さは約2.5センチ（1インチ）ほどしかない。
   聞取: 厚さは約二点五センチ、一インチほどしかない。

c207-3  一致率 92.7%
   台本: 差の分だけ、機体のほうが追いついてぶつかった。
   聞取: 差の分だけ機体の方が追いついてぶつかった。

c520-2  一致率 92.7%
   台本: 15度を超えて当たれば、RCCは破れると出た。
   聞取: 十五度を超えて当たればRCCは敗れると出た。

c609-1  一致率 92.7%
   台本: 打ち上げの支度と秒読みが滞りなく進めば、
   聞取: 打ち上げの支度と秒読みが滞りなく進めば、どっち

c316-2  一致率 93.0%
   台本: 事故後に絞り込んだ値は、時速850から900キロ。
   聞取: 事故後に絞り込んだ値は時速八百五十から九百キロ。

c317-1  一致率 93.0%
   台本: 判断に必要な材料は、飛行中にすでにそろっていた。
   聞取: 判断に必要な材料は飛行中にすでに揃っていた。

c516-1  一致率 93.0%
   台本: 式が試された範囲を、どれだけはみ出していたか。
   聞取: 意識が試された範囲をどれだけはみ出していたか。

c705-1  一致率 93.0%
   台本: このとき7人は、翼に穴が開いているとは知らない。
   聞取: この時七人は翼に穴が開いているとは知らない。

c818-2  一致率 93.0%
   台本: 電波が切れたあとの14秒分まで記録されている。
   聞取: 電波が切れた後の14秒分まで記録されている。

c901-3  一致率 93.0%
   台本: 13人の委員と、120人を超える調査員が加わった。
   聞取: 十三人の委員と百二十人を超える調査員が加わった。

c818-1  一致率 93.1%
   台本: 中には、800個のセンサの値が、約2.9キロのテープに残っていた。
   聞取: 中には八百個のセンサーの値が約二点九キロのテープに残っていた。

pr04-3  一致率 93.3%
   台本: 撮ってくださいは、三度退けられた
   聞取: 取ってくださいは三度退けられた。

c102-2  一致率 93.3%
   台本: 2日あまり回り、カリフォルニアの空軍基地に降りた。
   聞取: 二日余り回り、カリフォルニアの空軍基地に降りた。

c105-2  一致率 93.3%
   台本: それを8分あまりで、音の25倍の速さまで加速する。
   聞取: それを八分余りで音の二十五倍の速さまで加速する。

c111-1  一致率 93.3%
   台本: 翼の前のふちは、RCCという炭素の板でできている。
   聞取: 翼の前の縁はRCCという炭素の板でできている。

c307-3  一致率 93.3%
   台本: 時速およそ740キロが、900キロに変わってしまう。
   聞取: 時速およそ七百四十キロが九百キロに変わってしまう。

c311-2  一致率 93.3%
   台本: 翼の前のふちは丸いので、頂点に近いほど強く当たる。
   聞取: 翼の前の縁は丸いので、頂点に近いほど強く当たる。

c401-2  一致率 93.3%
   台本: 16日のあいだ、7人がそこで何をしていたのか。まず名前を挙げておく。
   聞取: 16日の間、7人がそこで何をしていたのか、まず名前を挙げておく。

c616-2  一致率 93.3%
   台本: 氷と金属で前のふちの形を戻し、空気の乱れを抑える。
   聞取: 氷と金属で前の縁の形を戻し、空気の乱れを抑える。

c704-1  一致率 93.3%
   台本: 8時44分09秒、大気圏に入った。
   聞取: 八時四十四分零九秒、大気圏に入った。

c715-1  一致率 93.3%
   台本: 8時54分25秒ごろ、ネバダの空で強い光が見えた。
   聞取: 八時五十四分二十五秒頃、ネバダの空で強い光が見えた。

c902-2  一致率 93.3%
   台本: 左の翼の前のふちの熱を防ぐ仕組みが、破られたこと。
   聞取: 左の翼の前の縁の熱を防ぐ仕組みが破られたこと。

c910-1  一致率 93.3%
   台本: どの会議にも、安全の担当者はいた。
   聞取: 署の会議にも安全の担当者はいた。

c716-1  一致率 93.5%
   台本: 8時55分32秒、ユタ州へ。8時56分30秒、機体は傾きを切り替えた。
   聞取: 八時五十五分三十二秒、ユタ州へ。八時五十六分三十秒、機体は型抜きを切り替えた。

c204-1  一致率 93.6%
   台本: 午前10時39分、固体ロケットブースタに火が入った。
   聞取: 午前十時三十九分、固体ロケットブースターに火が入った。

c519-3  一致率 93.6%
   台本: 二つ。タイルの下にある硬い層を、式が見ていないこと。
   聞取: 二つ、タイルの下にある硬い層をシキが見ていないこと。

c524-2  一致率 93.6%
   台本: そこで示された結論は「焼け抜けるおそれはない」だった。
   聞取: そこで示された結論は「焼け抜ける恐れはない」だった。

c729-1  一致率 93.6%
   台本: テキサスでは午前9時の少し前、低くうなる音が響いた。
   聞取: テキサスでは午前九時の少し前、低く唸る音が響いた。

c313-1  一致率 93.8%
   台本: 一方で、分からないままのこともある。
   聞取: 一方でわからないままのこともある。

c303-2  一致率 93.9%
   台本: 一晩かけて現像した、解像度の高いフィルムのほうだった。
   聞取: 一晩かけて現像した解像度の高いフィルムの方だった。

c518-3  一致率 93.9%
   台本: 機体の外板が焼け抜けるおそれがある、という意味だった。
   聞取: 機体の外板が焼け抜ける恐れがあるという意味だった。

c609-2  一致率 93.9%
   台本: 2月10日から15日までの5日間が、合流できる窓になる。
   聞取: 二月十日から十五日までの五日間が合流できる窓になる。

c701-2  一致率 93.9%
   台本: 午前2時30分、再突入と着陸を受け持つ班が席についた。
   聞取: 午前二時三十分、再突入と着陸を受け持つ班が席に着いた。

c716-2  一致率 93.9%
   台本: 右へ傾けていたのを、左へ。これは予定どおりの動きである。
   聞取: 右へ傾けていたのを左へ。これは予定通りの動きである。

c903-1  一致率 93.9%
   台本: 再突入のとき、その穴から超高温の空気が翼の中へ入った。
   聞取: 再突入の時、その穴から超高温の空気が翼の中へ入った。

c713-1  一致率 93.9%
   台本: 班をまとめ、最後の判断をする飛行主任が「全部が同時に消えたのか」と聞く。
   聞取: プランをまとめ、最後の判断をする飛行主任が全部が同時に消えたのかと聞く。

pr12-3  一致率 94.1%
   台本: 二つ。気づく機会は、本当に無かったのか。
   聞取: 二つ。気づく機会は本当になかったのか？

c110-1  一致率 94.1%
   台本: その手作りの盛り上がりを調べる方法は、ひとつだけだった。
   聞取: その手作りの盛り上がりを調べる方法は一つだけだった。

c111-2  一致率 94.1%
   台本: 強化炭素-炭素という材料の略で、片方の翼に22枚が並ぶ。
   聞取: 硫化炭素炭素という材料の略で、片方の翼に二十二枚が並ぶ。

c118-1  一致率 94.1%
   台本: 翼の前のふちのRCCも、44枚のうち41枚が当時のもの。
   聞取: 翼の前の縁のRCCも四十四枚のうち四十一枚が当時のもの。

c311-1  一致率 94.1%
   台本: 8枚目のパネルに当たったとすれば、角度は10度から20度。
   聞取: 八枚目のパネルに当たったとすれば、角度は十度から二十度。

c414-1  一致率 94.1%
   台本: 送った理由は、記者に聞かれたときに驚かないようにである。
   聞取: 送った理由は記者に聞かれた時に驚かないようにである。

c417-1  一致率 94.1%
   台本: 確かめる方法が無かったわけではない。
   聞取: 確かめる方法がなかったわけではない。

c420-1  一致率 94.1%
   台本: 追悼の頁に載っている写真は、1月26日にこの機体から撮ったものである。
   聞取: 追悼のやじなに載っている写真は、 一月二十六日にこの機体から撮ったものである。

c520-3  一致率 94.1%
   台本: 15通りの経路のうち1通りだけが、21度で当たると出た。
   聞取: 十も通りの経路のうち、一通りだけが二十一度で当たると出た。

c608-2  一致率 94.1%
   台本: しかも、必要な試験はひとつも省かない前提での日付である。
   聞取: しかも必要な試験は一つも省かない前提での日付である。

c714-1  一致率 94.1%
   台本: 4つの温度計には、共通する配線が無い。
   聞取: 四つの温度計には共通する配線がない。

c807-2  一致率 94.1%
   台本: 延べ150万時間をかけて、四国の半分ほどの広さを当たった。
   聞取: 延べ150万時間をかけて四国の半分ほどの広さを渡った。

c807-3  一致率 94.1%
   台本: そのうち3割ほどは、歩いて捜している。
   聞取: そのうち三割ほどは歩いて探している。

c906-3  一致率 94.1%
   台本: 設計どおりでないまま飛ぶことが、許せることになっていた。
   聞取: 設計通りでないまま飛ぶことが許せることになっていた。

c911-2  一致率 94.1%
   台本: 1986年、チャレンジャー号が失われたときの問いである。
   聞取: 1986年、チャレンジャー号が失われた時の問いである。

c721-2  一致率 94.3%
   台本: 「タイヤの空気圧の表示はこちらでも見えている。最後の交信は聞き取れなかった」
   聞取: タイヤの空気圧の表示はこちらでも見えている。最後の更新は聞き取れなかった。

c201-1  一致率 94.3%
   台本: この飛行は、もともと2002年7月19日に上がるはずだった。
   聞取: この飛行はもともと二千二年七月十九日に上がるはずだった。

c720-1  一致率 94.3%
   台本: 8時59分15秒、左の主脚のタイヤの空気圧の表示が消えた。
   聞取: 八時五十九分十五秒。左の死脚のタイヤの空気圧の表示が消えた。

c906-2  一致率 94.4%
   台本: これを社会学者は「逸脱の常態化」と呼んだ。
   聞取: これを社会学者は逸脱の状態化と呼んだ。

c319-1  一致率 94.5%
   台本: このとき、軍に高い解像度の撮影を頼めないかという求めが出る。
   聞取: この時、軍に高い解像度の撮影を頼めないかという求めが出る。

c819-1  一致率 94.5%
   台本: NASAは、破片を返す人を罪に問わない期間を数日間もうけた。
   聞取: NASAは破片を返す人を罪に問わない期間を数日間設けた。

c913-2  一致率 94.5%
   台本: 打ち上げを3方向以上から撮ること。RCCを全部点検すること。
   聞取: 仕上げを三方向以上から撮ること。RCCを全部点検すること。

c103-2  一致率 94.7%
   台本: 人が乗るオービタ。燃料をためる外部タンク。
   聞取: 人が乗るオービタ、燃料を溜める外部タンク

c203-2  一致率 94.7%
   台本: 打ち上げを止める理由は、どこにも無かった。
   聞取: 打ち上げを止める理由はどこにもなかった。

c213-3  一致率 94.7%
   台本: 1つは、左の翼の上側しか写っていなかった。
   聞取: 一つは左の翼の上側しか映っていなかった。

c304-2  一致率 94.7%
   台本: 1台は約27キロ（17マイル）離れた、35ミリのフィルムカメラ。
   聞取: 一台は約二十七キロ、十七マイル離れた三十五ミリのフィルムカメラ。

c506-1  一致率 94.7%
   台本: 三度とも、飛行中の判断をする側で止まった。
   聞取: 何度とも飛行中の判断をする側で止まった。

c514-1  一致率 94.7%
   台本: この式を作るときに実際に当てた破片は、最大で約49立方センチ。
   聞取: この式を作る時に実際に当てた破片は最大で約四十九立方センチ。

c518-2  一致率 94.7%
   台本: 耐熱タイルより深く削る、という答えである。
   聞取: 媒熱タイルより深く削るという答えである。

c911-3  一致率 94.7%
   台本: なぜ、はがれると知りながら飛び続けたのか。
   聞取: なぜ剥がれると知りながら飛び続けたのか。

c915-1  一致率 94.7%
   台本: 委員会は、人を替えても解決しないと書いた。
   聞取: 委員会は人を変えても解決しないと書いた。

ep01-2  一致率 94.7%
   台本: 2011年の夏、テキサスは記録に残る最悪の干ばつのなかにいた。
   聞取: 2011年の夏、テキサスは記録に残る最悪の干ばつの中にいた。

ep03-2  一致率 94.7%
   台本: コロンビア号が積んでいた、電気のもとになるガスのタンクである。
   聞取: コロンビア号が積んでいた電気の元になるガスのタンクである。

pr05-2  一致率 94.9%
   台本: その81.7秒後、燃料タンクを覆う断熱材のかけらがはがれ落ちた。
   聞取: その八十一点七秒後、燃料タンクを覆う断熱材のかけらが剥がれ落ちた。

c219-1  一致率 95.0%
   台本: 断熱材がはがれること自体は、初めてではない。
   聞取: 断熱材が剥がれること自体は初めてではない。

c614-2  一致率 95.1%
   台本: 約15センチ（6インチ）の穴が開いていると仮定して組み立てられた。
   聞取: 約十五センチ、六インチの穴が開いていると仮定して組み立てられた。

c204-2  一致率 95.2%
   台本: コロンビア号は、113回目のシャトル飛行に出た。
   聞取: コロンビア号は百十三回目のシャトル飛行に出た。

c212-3  一致率 95.2%
   台本: 角度と大気の都合で、2か所は最初から写せない。
   聞取: 角度と大気の都合で二か所は最初から映せない。

c405-2  一致率 95.2%
   台本: 任務の記章には、イスラエルの旗も描かれていた。
   聞取: 任務の機章にはイスラエルの旗も描かれていた。

c420-2  一致率 95.2%
   台本: 半分ほど照らされた月が、暗がりに浮かんでいる。
   聞取: 半分ほど照らされた月が暗がりに浮かんでいた。

c512-1  一致率 95.2%
   台本: もとは1966年、アポロ計画で小さな隕石を想定して作られた式である。
   聞取: 元は1966年アポロ計画で小さな隕石を想定して作られた式である。

c719-1  一致率 95.2%
   台本: 8時58分すぎ、機長からの声が途切れて入った。
   聞取: 八時五十八分過ぎ、機長からの声が途切れて入った。

c217-3  一致率 95.5%
   台本: 委員会は「もっと撮っていたはずだ」と結論している。
   聞取: 委員会はもっと取っていたはずだと結論している。

c222-3  一致率 95.5%
   台本: 原因が分かる前に、次の2便を飛ばすと決めている。
   聞取: 原因がわかる前に次の2便を飛ばすと決めている。

c418-1  一致率 95.5%
   台本: 最終日、7人は実験を全部片づけ、帰る支度を終えた。
   聞取: 最終日、七人は実験を全部片付け、帰る支度を終えた。

c504-1  一致率 95.5%
   台本: 軌道にいるコロンビア号の左の翼を、撮ってほしい。
   聞取: 軌道にいるコロンビア号の左の翼を取ってほしい。

c407-2  一致率 95.5%
   台本: 残りは、もう一つの実験装置と、加速度をはかる計器と、長く飛ぶための補給の台。
   聞取: 残りはもう一つの実験装置と加速度を測る計器と長く飛ぶための補給の台。

c104-2  一致率 95.7%
   台本: シャトル全体では、部品が250万点、電線が約370キロ。
   聞取: シャトル全体では部品が二百五十万点、電線が約三百七十キロ

c115-2  一致率 95.7%
   台本: 中に気密室を残していた、ただ1機の機体でもあった。
   聞取: 中に機密室を残していたただ一機の機体でもあった。

c222-1  一致率 95.7%
   台本: 3か月前の飛行でも、同じ場所の断熱材が外れていた。
   聞取: 三ヶ月前の飛行でも同じ場所の断熱材が外れていた。

c527-1  一致率 95.7%
   台本: 1月24日の会議の議事録に、破片の話は一行も無い。
   聞取: 一月二十四日の会議の議事録に破片の話は一行もない。

c805-1  一致率 95.7%
   台本: 2週間で地上の捜索者は3千人、1か月で4千人を超えた。
   聞取: 二週間で地上の捜索者は三千人、一ヶ月で四千人を超えた。

c907-3  一致率 95.7%
   台本: 割れた破片は翼の中に残る。飛行2日目に離れた物も、これだった可能性が高い。
   聞取: 割れた破片は翼の中に残る。飛行2日目に離れたものもこれだった可能性が高い。

c106-2  一致率 95.8%
   台本: 全長は約46.9メートル、太さは約8.4メートルある。
   聞取: 全長は約四十六点九メートル、太さは約八点四メートルある。

c308-1  一致率 95.8%
   台本: 解析にあたった人たちは、それぞれ別の道具で計算した。
   聞取: 解析に当たった人たちはそれぞれ別の道具で計算した。

c318-2  一致率 95.8%
   台本: その日の午後、班の長は上の役職者へ直接連絡している。
   聞取: その日の午後、藩の長は上の役職者へ直接連絡している。

c709-2  一致率 95.8%
   台本: 425秒後には、翼を支える桁の裏の温度計も動き出す。
   聞取: 225秒後には翼を支える桁の裏の温度計も動き出す。

c220-1  一致率 96.0%
   台本: バイポッドの付け根が丸ごと落ちたのは、分かる限り7回。
   聞取: バイポッドの付け根が丸ごと落ちたのはわかる限り七回

c602-1  一致率 96.0%
   台本: 前提はこうである。飛行2日目に、破片が当たったと分かる。
   聞取: 前提はこうである。飛行二日目に破片が当たったとわかる。

c607-2  一致率 96.0%
   台本: それを2月10日まで、つまり22日に詰める段取りになる。
   聞取: それを二月十日まで、つまり二十二日に詰める段取りになる。

c801-1  一致率 96.0%
   台本: 機体はテキサス州だけで、5,180平方キロを超えて散った。
   聞取: 機体はテキサス州だけで五千百八十平方キロを超えて散った。

c803-2  一致率 96.0%
   台本: 機体には、気体になると肺や皮膚を焼く燃料が積んである。
   聞取: 機体には機体になると肺や皮膚を焼く燃料が積んである。

c215-1  一致率 96.2%
   台本: 一方、軌道に入ったコロンビア号に、変わった様子は無かった。
   聞取: 一方、軌道に入ったコロンビア号に変わった様子はなかった。

c608-1  一致率 96.2%
   台本: 24時間3交代、週7日で働けば、2月10日までに準備は整う。
   聞取: 二十四時間三交代、週七日で働けば二月十日までに準備は整う。

c912-1  一致率 96.2%
   台本: チャレンジャー号を招いた組織の欠陥は、直っていなかった。
   聞取: チャレンジャー号を招いた組織の欠陥は治っていなかった。

pr07-1  一致率 96.3%
   台本: 気づいたのは翌日。一晩かけて現像したフィルムに写っていた。
   聞取: 気づいたのは翌日。一晩かけて現像したフィルムに映っていた

c307-1  一致率 96.3%
   台本: 答えに幅があるのは、カメラのコマが遅く、画が粗いからである。
   聞取: 答えに幅があるのはカメラのコマが遅く、絵が粗いからである。

c304-3  一致率 96.4%
   台本: もう1台は約42キロ（26マイル）離れた、ビデオカメラだった。
   聞取: もう一台は約四十二キロ、二十六マイル離れたビデオカメラだった。

c809-3  一致率 96.4%
   台本: 契約の操縦士ジュールズ・マイアと、森林局のチャールズ・クレネク。
   聞取: 契約の操縦士ジュールズマイヤと森林局のチャールズクレネク

ep02-1  一致率 96.4%
   台本: ナコドーチェス湖の水位は、いつもより3メートル近く下がった。
   聞取: ナコドーチェスコの水位はいつもより三メートル近く下がった。

c205-2  一致率 96.6%
   台本: 手で盛った断熱材が、大きな1個と小さな2個以上に割れて飛んだ。
   聞取: 手で持った断熱材が大きな一個と小さな二個以上に割れて飛んだ。

c510-1  一致率 96.6%
   台本: 軍の画像を扱える資格を持つ者は、運用の指揮系統に一人もいない。
   聞取: 軍の画像を扱える資格を持つ者が運用の指揮系統に一人もいない。

c525-1  一致率 96.7%
   台本: 議長は「焼け抜けが無いなら、大きな事故にはならないのね」と確かめた。
   聞取: 議長は「焼け抜けがないなら大きな事故にはならないのね」と確かめた。

c619-2  一致率 96.7%
   台本: 荷物の一部を投げ捨て、左の翼が熱くなりにくい降り方も検討された。
   聞取: 荷物の一部を投げ捨て、左の翼が熱くなりにくい掘り方も検討された。

c219-2  一致率 96.8%
   台本: 映像で確かめられる79回の飛行のうち、8割超で何かがはがれていた。
   聞取: 映像で確かめられる七十九回の飛行のうち、八割超で何かが剥がれていた。

c730-1  一致率 96.8%
   台本: 着陸の予定は、午前9時16分だった。
   聞取: 着陸の予定は午前九時十六分だった。

c706-1  一致率 97.0%
   台本: 突入から270秒後、8時48分39秒。
   聞取: 突入から二百七十秒後、八時四十八分三十九秒。

c901-2  一致率 97.0%
   台本: 委員会は電波が途切れた2時間以内に立ち上がり、7か月かけて調べている。
   聞取: 委員会は電波が途切れた二時間以内に立ち上がり、七ヶ月かけて調べている。

c907-1  一致率 97.1%
   台本: 委員会は、アトランティス号で26回飛んだ本物のパネルに断熱材を撃ち込んだ。
   聞取: 委員会はアトランティス号で二十六回飛んだ本物のパネルに断熱材を打ち込んだ。

c710-3  一致率 97.3%
   台本: 翼の骨組みはアルミで、約650度で溶ける。
   聞取: 翼の骨組みはアルミで約六百五十度で溶ける。

c812-1  一致率 97.3%
   台本: 並べていくと、落ちた場所に規則があった。
   聞取: 並べていくと落ちた場所に規則があったり

c215-2  一致率 97.4%
   台本: 乗員は16日間の暮らしの支度を始めている。
   聞取: 乗員は十六日間の暮らしの支度を始めている。

c508-3  一致率 97.4%
   台本: だがその依頼は、90分のうちに取り消される。
   聞取: だが、その依頼は九十分のうちに取り消される。

c524-1  一致率 97.4%
   台本: 1月24日、チームの説明会には立ち見が出た。
   聞取: 月二十四日、チームの説明会には立ち見が出た。

pr02-1  一致率 97.6%
   台本: 着陸の予定は、現地時間の午前9時16分だった。
   聞取: 着陸の予定は現地時間の午前九時十六分だった。

c103-3  一致率 97.6%
   台本: 打ち上げを担う、固体ロケットブースタが2本。
   聞取: 打ち上げを担う固体ロケットブースターが二本。

c501-2  一致率 97.6%
   台本: 地上では、その16日間に別のことが進んでいた。
   聞取: 地上ではその十六日間に別のことが進んでいた。

pr04-1  一致率 97.7%
   台本: 原因は、この日ではない。16日前の打ち上げにある。
   聞取: 原因はこの日ではない十六日前の打ち上げにある。

c112-2  一致率 97.7%
   台本: 中のアルミの骨組みは、約650度で溶けてしまう。
   聞取: 中のアルミの骨組みは約六百五十度で溶けてしまう。

c517-2  一致率 97.7%
   台本: 当時のチームは、640倍だと信じて計算していた。
   聞取: 当時のチームは六百四十倍だと信じて計算していた。

c605-1  一致率 97.7%
   台本: 活動と睡眠を切り詰めれば、飛行30日目まで持つ。
   聞取: 活動と睡眠を切り詰めれば飛行三十日目まで持つ。

c810-2  一致率 97.8%
   台本: 潜った60人の視界は、濁っていて数センチしかない。
   聞取: 潜った六十人の視界は濁っていて数センチしかない。

c704-3  一致率 97.9%
   台本: ここを0秒とする。以後は時刻と、突入からの秒数で示す。
   聞取: ここを秒とする。以後は時刻と突入からの秒数で示す。

c710-1  一致率 97.9%
   台本: 8時52分16秒までに、翼を支える桁が焼き抜かれた。
   聞取: 八時五十二分十六秒までに翼を支える桁が焼き抜かれた。

c205-1  一致率 98.0%
   台本: 打ち上げから81.7秒後。左のバイポッドの付け根から、
   聞取: 打ち上げから八十一点七秒後、左のバイポッドの付け根から

c718-1  一致率 98.0%
   台本: 8時58分20秒、ニューメキシコからテキサスへ入った。
   聞取: 八時五十八分二十秒。ニューメキシコからテキサスへ入った。

c107-1  一致率 98.0%
   台本: 液体酸素はマイナス183度、液体水素はマイナス253度。
   聞取: 液体酸素はマイナス百八十三度、液体水素はマイナス二百五十三度。

c112-3  一致率 98.0%
   台本: RCCは、その骨組みを約177度より下に保つためにある。
   聞取: RCCはその骨組みを約百七十七度より下に保つためにある。

c505-3  一致率 98.0%
   台本: 飛行6日目、請負会社の管理者から。同じ日、ロッチャ技師から。
   聞取: 飛行六日目、請負会社の管理者から同じ日ロッチ技師から

c912-2  一致率 98.0%
   台本: 欠陥のあるやり方は20年続き、両方の事故に大きく効いた。
   聞取: 欠陥のあるやり方は二十年続き、両方の事故に大きく効いた。

c913-1  一致率 98.0%
   台本: 勧告は29件。うち15件は、次に飛ぶ前にやることとされた。
   聞取: 勧告は二十九件、うち十五件は次に飛ぶ前にやることとされた。

c416-2  一致率 98.1%
   台本: 1枚目から11枚目のパネルは、窓のどこからも見えなかった。
   聞取: 一枚目から十一枚目のパネルは窓のどこからも見えなかった。

c619-1  一致率 98.1%
   台本: 着陸で翼が壊れると読めた場合は、乗員は脱出する前提だった。
   聞取: 陸で翼が壊れると読めた場合は、乗員は脱出する前提だった。

c711-2  一致率 98.1%
   台本: その20秒後、地上の人が、機体から何かが離れるのを見ている。
   聞取: その二十秒後、地上の人が機体から何かが離れるのを見ている。

c725-2  一致率 98.1%
   台本: 電波が切れた時点で、高さ約61キロ、音の18倍の速さだった。
   聞取: 電波が切れた時点で高さ約六十一キロ、音の十八倍の速さだった。

c802-1  一致率 98.1%
   台本: 通報は、夕方には1分あたり18件の速さで入るようになった。
   聞取: 通報は夕方には一分あたり十八件の速さで入るようになった。

c410-2  一致率 98.2%
   台本: 熱の強さにして1ワット。誕生日のろうそくの50分の1である。
   聞取: 熱の強さにして一ワット。誕生日のろうそくの五十分の一である。

c911-1  一致率 98.2%
   台本: 委員会は、17年前の事故と問いがほとんど同じだと書いている。
   聞取: 委員会は十七年前の事故と問いがほとんど同じだと書いている。

c727-2  一致率 98.2%
   台本: 9時12分39秒、テレビを見た人からの電話で、分解が知らされる。
   聞取: 九時十二分三十九秒。テレビを見た人からの電話で分解が知らされる。

c817-1  一致率 98.2%
   台本: 3月19日、テキサス州ヘンフィルの近くで、記録装置が見つかった。
   聞取: 三月十九日、テキサス州ヘンフィルの近くで記録装置が見つかった。

c810-1  一致率 98.3%
   台本: 湖の底も探している。ソナーで80平方キロメートルを超えて調べた。
   聞取: 湖の底も探している。ソナーで八十平方キロメートルを超えて調べた。

c909-1  一致率 98.3%
   台本: 安全を担当する部署は、監督するはずの計画からお金をもらっていた。
   聞取: 万全を担当する部署は監督するはずの計画からお金をもらっていた。

c201-3  一致率 98.6%
   台本: 宇宙ステーションの便が先に回され、上がったのは半年後の2003年1月16日。
   聞取: 宇宙ステーションの便が先に回され、上がったのは半年後の二〇〇三年一月十六日。

pr01-1  一致率 100.0%
   台本: 2003年2月1日、朝。フロリダのケネディ宇宙センター。
   聞取: 2003年2月1日朝、フロリダのケネディ宇宙センター。

pr01-2  一致率 100.0%
   台本: その滑走路に、コロンビア号が降りてくるはずだった。
   聞取: その滑走路にコロンビア号が降りてくるはずだった。

pr03-1  一致率 100.0%
   台本: 乗っていたのは7人。全員が亡くなった。
   聞取: 乗っていたのは七人。全員が亡くなった。

pr03-2  一致率 100.0%
   台本: なぜ、帰れなかったのか。
   聞取: なぜ帰れなかったのか。

pr04-2  一致率 100.0%
   台本: 技術者は、軌道の機体を撮ってくれと求めた。
   聞取: 技術者は軌道の機体を撮ってくれと求めた

pr05-1  一致率 100.0%
   台本: 打ち上げは2003年1月16日、午前10時39分。
   聞取: 打ち上げは2003年1月16日午前10時39分。

pr07-2  一致率 100.0%
   台本: 技術者たちは、翼のどこが傷ついたのかを知ろうとした。
   聞取: 技術者たちは翼のどこが傷ついたのかを知ろうとした。

pr08-1  一致率 100.0%
   台本: 軌道にいるコロンビア号を、望遠鏡か衛星で撮ってほしい。
   聞取: 軌道にいるコロンビア号を望遠鏡か衛星で撮ってほしい。

pr08-2  一致率 100.0%
   台本: その求めは、三回、別々に出された。
   聞取: その求めは三回別々に出された。

pr09-2  一致率 100.0%
   台本: 翼に穴が開いているとは、知らないままだった。
   聞取: 翼に穴が開いているとは知らないままだった。

pr11-1  一致率 100.0%
   台本: 背骨になるのは、1冊の報告書である。
   聞取: 背骨になるのは一冊の報告書である。

pr11-2  一致率 100.0%
   台本: アメリカが作った独立の調査委員会が、2003年8月に出した。
   聞取: アメリカが作った独立の調査委員会が2003年8月に出した

pr11-3  一致率 100.0%
   台本: ここでは、事故調査委員会と呼ぶ。
   聞取: ここでは事故調査委員会と呼ぶ。

pr12-1  一致率 100.0%
   台本: 追いかけるのは、二つの問いである。
   聞取: 追いかけるのは二つの問いである。

c101-1  一致率 100.0%
   台本: コロンビア号が初めて飛んだのは、1981年4月12日。
   聞取: コロンビア号が初めて飛んだのは 1981年4月12日

c101-2  一致率 100.0%
   台本: 宇宙へ出た、最初のスペースシャトルだった。
   聞取: 宇宙へ出た最初のスペースシャトルだった。

c102-1  一致率 100.0%
   台本: 乗ったのは、ジョン・ヤングとロバート・クリッペンの2人。
   聞取: 乗ったのはジョン・ヤングとロバート・クリッペンの二人。

c103-1  一致率 100.0%
   台本: スペースシャトルは、3つの部品で1組になっている。
   聞取: スペースシャトルは三つの部品で一組になっている。

c104-1  一致率 100.0%
   台本: オービタは、小型の旅客機ほどの大きさがある。
   聞取: オービタは小型の旅客機ほどの大きさがある。

c107-2  一致率 100.0%
   台本: 沸かさず、外に氷を作らないために、断熱材で覆ってある。
   聞取: 沸かさず外に氷を作らないために断熱材で覆ってある。

c108-1  一致率 100.0%
   台本: 断熱材はよく効いていて、表面は少しひんやりする程度。
   聞取: 断熱材はよく効いていて、表面は少しひんやりする程度。

c109-2  一致率 100.0%
   台本: バイポッドという。その付け根だけは、機械で吹き付けられない。
   聞取: バイポッドというその付け根だけは機械で吹き付けられない。

c109-3  一致率 100.0%
   台本: 人の手で吹き付け、乾かしてから、手で削って形を作っていた。
   聞取: 人の手で吹き付け、乾かしてから手で削って形を作っていた。

c110-2  一致率 100.0%
   台本: 検査は、目で見るだけだった
   聞取: 検査は目で見るだけだった。

c113-1  一致率 100.0%
   台本: RCCの設計の決まりには、耐えるべき力が書いてある。
   聞取: RCCの設計の決まりには耐えるべき力が書いてある。

c113-3  一致率 100.0%
   台本: 破片や氷がぶつかることは、想定に入っていなかった。
   聞取: 破片や氷がぶつかることは想定に入っていなかった。

c114-2  一致率 100.0%
   台本: 続いてチャレンジャー号、ディスカバリー号、アトランティス号。
   聞取: 続いてチャレンジャー号、ディスカバリー号、アトランティス号

c114-3  一致率 100.0%
   台本: うち1機は1986年に失われ、代わりの機体が1992年に加わった。
   聞取: うち一機は 1986年に失われ、代わりの機体が 1992年に加わった。

c115-1  一致率 100.0%
   台本: コロンビア号だけ、古い基準で作られていて機体が重かった。
   聞取: コロンビア号だけ古い基準で作られていて機体が重かった。

c116-1  一致率 100.0%
   台本: 国際宇宙ステーションの軌道へは届くが、荷物を多く運べない。
   聞取: 国際宇宙ステーションの軌道へは届くが、荷物を多く運べない。

c116-2  一致率 100.0%
   台本: だからこの機体は、研究のための飛行に多く使われた。
   聞取: だからこの機体は研究のための飛行に多く使われた。

c117-1  一致率 100.0%
   台本: 2003年1月、コロンビア号は初飛行から22年目に入っていた。
   聞取: 2003年1月、コロンビア号は初飛行から二十二年目に入っていた。

c117-2  一致率 100.0%
   台本: 胴体の下を守る耐熱タイルは、RCCとは別物。44パーセント以上が当時のまま。
   聞取: 胴体の下を守る耐熱タイルはRCCとは別物。 四十四パーセント以上が当時のまま。

c118-2  一致率 100.0%
   台本: そしてこの飛行は、コロンビア号にとって28回目だった。
   聞取: そしてこの飛行はコロンビア号にとって28回目だった。

c202-1  一致率 100.0%
   台本: 当日の朝、7人は地上59メートルの高さから乗り込んだ。
   聞取: 当日の朝、七人は地上五十九メートルの高さから乗り込んだ。

c206-3  一致率 100.0%
   台本: その0.2秒を、誰も見ていない
   聞取: その0.2秒を誰も見ていない。

c207-1  一致率 100.0%
   台本: 断熱材は、離れた瞬間まで機体と同じ速さで飛んでいた。
   聞取: 断熱材は離れた瞬間まで機体と同じ速さで飛んでいた。

c209-2  一致率 100.0%
   台本: 座布団ほどの板が、回りながら落ちていった。
   聞取: 座布団ほどの板が回りながら落ちていった。

c210-2  一致率 100.0%
   台本: 断熱材は軽い。だから、当たっても平気だと思われていた。
   聞取: 断熱材は軽い。だから当たっても平気だと思われていた。

c211-1  一致率 100.0%
   台本: 打ち上げから2時間以内に、その日の映像は確認されている。
   聞取: 打ち上げから二時間以内にその日の映像は確認されている。

c211-2  一致率 100.0%
   台本: 異常は、何も見つからなかった。
   聞取: 異常は何も見つからなかった。

c213-1  一致率 100.0%
   台本: 残る3か所のうち、1つは機体を見失った。
   聞取: 残る三か所のうち、一つは機体を見失った。

c213-2  一致率 100.0%
   台本: 1つはレンズの手入れが足りず、ピントが合っていない。
   聞取: 一つはレンズの手入れが足りず、ピントが合っていない。

c214-1  一致率 100.0%
   台本: 予算とカメラ班の人員が削られていた。
   聞取: 予算とカメラ班の人員が削られていた。

c217-1  一致率 100.0%
   台本: 飛行初日、ブラウン飛行士は外部タンクが離れる様子を撮っていた。
   聞取: 飛行初日、ブラウン飛行士は外部タンクが離れる様子を撮っていた。

c217-2  一致率 100.0%
   台本: 地上へ送ったのは、そのうち35秒分だけ。
   聞取: 地上へ送ったのはそのうち35秒分だけ。

c218-1  一致率 100.0%
   台本: だが地上から、残りの映像を送ってくれと頼んだ者はいなかった。
   聞取: だが、地上から残りの映像を送ってくれと頼んだ者はいなかった。

c218-2  一致率 100.0%
   台本: 委員会は、防げたかもしれない機会を8つ数えている。その2番目である。
   聞取: 委員会は防げたかもしれない機会を八つ数えている。その二番目である。

c221-1  一致率 100.0%
   台本: 右のバイポッドからは、一度も落ちていない。
   聞取: 右のバイポッドからは一度も落ちていない。

c221-2  一致率 100.0%
   台本: なぜ左だけなのか、説明はできていなかった。
   聞取: なぜ左だけなのか説明はできていなかった。

c222-2  一致率 100.0%
   台本: NASAはそれを「飛行中の異常」として扱わなかった。
   聞取: NASAはそれを飛行中の異常として扱わなかった。

c301-1  一致率 100.0%
   台本: ここまでが、打ち上げの日に起きたことである。
   聞取: ここまでが打ち上げの日に起きたことである。

c301-2  一致率 100.0%
   台本: この0.2秒に、誰も気づいていない。気づいたのは翌日だった。
   聞取: この0.2秒に誰も気づいていない。気づいたのは翌日だった。

c302-1  一致率 100.0%
   台本: 1月17日の午前9時30分。マーシャル宇宙飛行センターの技術者が、
   聞取: 1月17日の午前9時30分、マーシャル宇宙飛行センターの技術者が

c302-2  一致率 100.0%
   台本: 前日の映像を見直していて、破片が当たるのに気づいた。
   聞取: 前日の映像を見直していて、破片が当たるのに気づいた。

c303-1  一致率 100.0%
   台本: 1時間のうちに、ケネディ宇宙センターでも確かめられた。
   聞取: 一時間のうちにケネディ宇宙センターでも確かめられた。

c305-2  一致率 100.0%
   台本: そこから、大きさと速さと当たった場所を計算する。
   聞取: そこから大きさと速さと当たった場所を計算する。

c306-2  一致率 100.0%
   台本: 最も有力なのは、長さ約61センチ、幅約38センチ。
   聞取: 最も有力なのは長さ約六十一センチ、幅約三十八センチ。

c308-2  一致率 100.0%
   台本: 同じ答えに寄っていくかどうかを、確かめるためである。
   聞取: 同じ答えに寄っていくかどうかを確かめるためである。

c309-2  一致率 100.0%
   台本: 機体とほぼ平行に、5度だけ上を向いて当たっている。
   聞取: 機体とほぼ平行に五度だけ上を向いて当たっている。

c310-1  一致率 100.0%
   台本: 断熱材は、発泡スチロールに近いほど軽い。
   聞取: 断熱材は発泡スチロールに近いほど軽い。

c312-2  一致率 100.0%
   台本: 最も有力なのは、8枚目のすぐそばだった。
   聞取: 最も有力なのは八枚目のすぐそばだった。

c313-2  一致率 100.0%
   台本: 破片がどんな形で、どの面から当たったのか。
   聞取: 破片がどんな形でどの面から当たったのか。

c314-1  一致率 100.0%
   台本: 別の役所が色を強めて調べたところ、
   聞取: 別の役所が色を強めて調べたところ

c314-2  一致率 100.0%
   台本: 衝突の直後、左の翼の上に破片があった可能性が示された。
   聞取: 衝突の直後、左の翼の上に破片があった可能性が示された。

c314-3  一致率 100.0%
   台本: ただし、こちらも決め手にはならなかった。
   聞取: ただし、こちらも決め手にはならなかった。

c315-1  一致率 100.0%
   台本: 解析の結果は、この1枚のコマに集まっている。事故の起点を示す写真である。
   聞取: 解析の結果は、この一枚のコマに集まっている事故の起点を示す写真である。

c317-2  一致率 100.0%
   台本: 委員会は、そう結論している。
   聞取: 委員会はそう結論している。

c319-2  一致率 100.0%
   台本: 写真を求める声が、最初に上がった瞬間だった。
   聞取: 写真を求める声が最初に上がった瞬間だった。

c320-1  一致率 100.0%
   台本: その日の夕方、週末は休むと決まった。
   聞取: その日の夕方、週末は休むと決まった。

c320-2  一致率 100.0%
   台本: 同じ日、フィルムを見に来た技術者は追い返されている。
   聞取: 同じ日、フィルムを見に来た技術者は追い返されている。

c402-1  一致率 100.0%
   台本: 船長はリック・ハズバンド、45歳。アメリカ空軍の大佐。
   聞取: 船長はリックハズバンド四十五歳。アメリカ空軍の大佐。

c402-2  一致率 100.0%
   台本: 操縦士はウィリアム・マクール、41歳。海軍の中佐だった。
   聞取: 操縦士はウィリアム・マクール四十一歳、海軍の中佐だった。

c403-2  一致率 100.0%
   台本: デビッド・ブラウンは46歳。海軍の大佐で、医師でもあった。
   聞取: デビッドブラウンは四十六歳、海軍の大佐で医師でもあった。

c404-1  一致率 100.0%
   台本: カルパナ・チャウラは41歳。航空宇宙工学の博士だった。
   聞取: カルパナ・チャウラは四十一歳。航空宇宙工学の博士だった。

c404-2  一致率 100.0%
   台本: ローレル・クラークも41歳。海軍の医師だった。
   聞取: ローレルクラークも四十一歳。海軍の医師だった。

c405-1  一致率 100.0%
   台本: イラン・ラモンは48歳。イスラエルで最初の宇宙飛行士である。
   聞取: イラン・ラモンは四十八歳。イスラエルで最初の宇宙飛行士である。

c406-1  一致率 100.0%
   台本: この飛行は、国際宇宙ステーションへは行かない。
   聞取: この飛行は国際宇宙ステーションへは行かない。

c406-2  一致率 100.0%
   台本: 貨物室に研究用の部屋を積んだ、研究だけのための飛行だった。
   聞取: 貨物室に研究用の部屋を積んだ研究だけのための飛行だった。

c406-3  一致率 100.0%
   台本: スペースハブという。トンネルを通って行き来する。
   聞取: スペースハブというトンネルを通って行き来する

c407-1  一致率 100.0%
   台本: 貨物室に積んだのは5つ。スペースハブへの通路と、その研究室。
   聞取: 貨物室に積んだのは5つ。スペースハブへの通路とその研究室。

c408-1  一致率 100.0%
   台本: 研究には、70人を超える科学者が関わっていた。
   聞取: 研究には70人を超える科学者が関わっていた。

c409-1  一致率 100.0%
   台本: 高さは約280キロ。赤道から39度傾いた軌道を回っていた。
   聞取: 高さは約280キロ、赤道から39度傾いた軌道を回っていた。

c409-2  一致率 100.0%
   台本: 飛行3日目には、この飛行で最初の記者会見をしている。
   聞取: 飛行三日目にはこの飛行で最初の記者会見をしている。

c412-1  一致率 100.0%
   台本: 飛行8日目の深夜、地上から機長と操縦士にメールが届いた。
   聞取: 飛行八日目の深夜、地上から機長と操縦士にメールが届いた。

c413-2  一致率 100.0%
   台本: 件名は「記者会見で聞かれそうな件」。
   聞取: 件名は記者会見で聞かれそうな件。

c413-3  一致率 100.0%
   台本: 文面は「絶対に、再突入の心配はない」と書いていた。
   聞取: 文面は絶対に再突入の心配はないと書いていた。

c414-2  一致率 100.0%
   台本: 機長は受け取ったと返事をし、全員に回した。
   聞取: 機長は受け取ったと返事をし、全員に回した。

c415-1  一致率 100.0%
   台本: 7人は、それきり何も聞かされていない。
   聞取: 七人はそれきり何も聞かされていない。

c416-3  一致率 100.0%
   台本: ロボットアームも、この飛行には積んでいない。
   聞取: ロボットアームもこの飛行には積んでいない。

c417-2  一致率 100.0%
   台本: 宇宙服を着て外に出る船外活動をすれば、左の翼は見られる。
   聞取: 宇宙服を着て外に出る船外活動をすれば、左の翼は見られる。

c419-1  一致率 100.0%
   台本: 翌朝は2月1日。帰る日である。
   聞取: 翌朝は二月一日、帰る日である。

c419-2  一致率 100.0%
   台本: 天気も機体の具合も、規則の範囲に収まっていた。
   聞取: 天気も機体の具合も規則の範囲に収まっていた。

c501-1  一致率 100.0%
   台本: 軌道の上では、何も起きていない。
   聞取: 軌道の上では何も起きていない。

c501-3  一致率 100.0%
   台本: 断熱材が当たったと分かった、その翌日からである。
   聞取: 断熱材が当たったと分かったその翌日からである。

c502-2  一致率 100.0%
   台本: デブリ評価チームという。
   聞取: デブリ評価チームという

c502-3  一致率 100.0%
   台本: 共同の議長は、NASAのロッチャ技師と、請負会社のマデラ氏だった。
   聞取: 共同の議長はNASAのロッチャ技師と請負会社のマデラ氏だった。

c503-1  一致率 100.0%
   台本: ただし、このチームは正式な扱いにされていない。
   聞取: ただし、このチームは正式な扱いにされていない。

c503-3  一致率 100.0%
   台本: 与えられた指示は「1月24日までに結果を出せ」だけである。
   聞取: 与えられた指示は一月二十四日までに結果を出せだけである。

c504-2  一致率 100.0%
   台本: 望遠鏡でも、衛星でもいい。傷の大きさが知りたい。
   聞取: 望遠鏡でも衛星でもいい。傷の大きさが知りたい。

c505-1  一致率 100.0%
   台本: 要求は三度、別々のところから出ている。
   聞取: 要求は三度、別々のところから出ている。

c505-2  一致率 100.0%
   台本: 飛行2日目、写真作業班の長から。
   聞取: 飛行二日目、写真作業班の長から

c506-3  一致率 100.0%
   台本: 誰が要求しているのか、と問われた
   聞取: 誰が要求しているのかと問われた。

c507-2  一致率 100.0%
   台本: 正式な必要条件として、写真を求めた者はいない。
   聞取: 正式な必要条件として写真を求めた者はいない。

c507-3  一致率 100.0%
   台本: 写真を欲しがっていたチーム自身には、誰も聞かなかった。
   聞取: 写真を欲しがっていたチーム自身には誰も聞かなかった。

c508-2  一致率 100.0%
   台本: 相手は、コロラドの山の中にある米戦略軍の司令部。設備を探し始めてもいた。
   聞取: 相手はコロラドの山の中にある米戦略軍の司令部設備を探し始めてもいた。

c509-1  一致率 100.0%
   台本: 理由は「NASAは自前の資源で足りる」だった。
   聞取: 理由はNASAは自前の資源で足りるだった。

c509-2  一致率 100.0%
   台本: 記録には「見えても何もできない」という発言も残っている。
   聞取: 記録には見えても何もできないという発言も残っている。

c510-2  一致率 100.0%
   台本: どれくらいの画質で撮れるのか。費用はいくらか。
   聞取: どれくらいの画質で撮れるのか、費用はいくらか。

c512-2  一致率 100.0%
   台本: 1979年から1985年にかけて、耐熱タイル用へ書き換えられた。
   聞取: 1979年から1985年にかけて耐熱タイル用へ書き換えられた。

c513-1  一致率 100.0%
   台本: 本来は、打ち上げ当日に落ちる氷のかけらを見るための道具だった。
   聞取: 本来は打ち上げ当日に落ちる氷のかけらを見るための道具だった。

c513-2  一致率 100.0%
   台本: 飛行の最中に使ったのは、この飛行が初めてである。
   聞取: 飛行の最中に使ったのはこの飛行が初めてである。

c515-2  一致率 100.0%
   台本: 大きなクーラーボックスほどの塊だった。
   聞取: 大きなクーラーボックスほどの塊だった。

c516-2  一致率 100.0%
   台本: 試された最大の、400倍だった
   聞取: 試された最大の400倍だった。

c519-1  一致率 100.0%
   台本: チームは、この答えを二つの理由で打ち消した。
   聞取: チームはこの答えを二つの理由で打ち消した。

c521-1  一致率 100.0%
   台本: チームはこう考えた。断熱材は氷より軽いから破れない、と。
   聞取: チームはこう考えた。断熱材は氷より軽いから破れないと。

c521-2  一致率 100.0%
   台本: 不安を持つ技術者もいたが、確かめられることはなかった。
   聞取: 不安を持つ技術者もいたが、確かめられることはなかった。

c522-1  一致率 100.0%
   台本: 飛行中の判断をする集まりを、ミッション運営チームという。
   聞取: 飛行中の判断をする集まりをミッション運営チームという。

c522-2  一致率 100.0%
   台本: 毎日開く決まりになっていた。
   聞取: 毎日開く決まりになっていた。

c522-3  一致率 100.0%
   台本: 16日間で、実際に開かれたのは5回である。
   聞取: 16日間で実際に開かれたのは5回である。

c523-1  一致率 100.0%
   台本: 21日の会議では、破片より先に重量や機材の話が出た。
   聞取: 二十一日の会議では、破片より先に重量や機材の話が出た。

c523-2  一致率 100.0%
   台本: 議長は「どうせ何もできないから、飛行中の問題ではない」と述べる。
   聞取: 議長はどうせ何もできないから飛行中の問題ではないと述べる。

c525-2  一致率 100.0%
   台本: 技術的な質問は、一つも出ていない。
   聞取: 技術的な質問は一つも出ていない。

c526-1  一致率 100.0%
   台本: その二日前、ロッチャ技師は一通のメールを書いていた。
   聞取: その二日前、ロッチャ技師は一通のメールを書いていた。

c526-3  一致率 100.0%
   台本: 無責任に近い、と書いて送らなかった
   聞取: 無責任に近いと書いて送らなかった。

c527-2  一致率 100.0%
   台本: その議事録に、議長が署名している。
   聞取: その議事録に議長が署名している。

c528-1  一致率 100.0%
   台本: 本来なら、安全だと示すのは飛ばす側の仕事である。
   聞取: 本来なら安全だと示すのは飛ばす側の仕事である。

c528-2  一致率 100.0%
   台本: 危険だと証明することを、技術者の側が求められていた。
   聞取: 危険だと証明することを技術者の側が求められていた。

c601-1  一致率 100.0%
   台本: では、もし知っていたら、助かったのか。
   聞取: では、もし知っていたら助かったのか？

c601-2  一致率 100.0%
   台本: 委員会は、それをNASAに計算させている。
   聞取: 委員会はそれをNASAに計算させている。

c602-2  一致率 100.0%
   台本: 3日目に撮影を求め、5日目に船外活動へ出る。
   聞取: 三日目に撮影を求め、五日目に船外活動へ出る。

c602-3  一致率 100.0%
   台本: そこで、命に関わる傷が見つかったとする。
   聞取: そこで命に関わる傷が見つかったとする。

c603-1  一致率 100.0%
   台本: そこから先の道は、二つしかない。
   聞取: そこから先の道は2つしかない。

c603-2  一致率 100.0%
   台本: 一つは、もう1機を打ち上げて迎えに行く。
   聞取: 一つはもう一機を打ち上げて迎えに行く。

c604-1  一致率 100.0%
   台本: どちらにも、期限がある。
   聞取: どちらにも期限がある。

c604-2  一致率 100.0%
   台本: 決めたのは、吐いた息の二酸化炭素を吸い取る薬の缶だった。
   聞取: 決めたのは、吐いた息の二酸化炭素を吸い取る薬の缶だった。

c605-2  一致率 100.0%
   台本: 2月15日の朝である。次に厳しい酸素でも、31日目だった。
   聞取: 2月15日の朝である。次に厳しい酸素でも31日目だった。

c606-1  一致率 100.0%
   台本: 迎えに行く機体は、アトランティス号と決まっていた。
   聞取: 迎えに行く機体はアトランティス号と決まっていた。

c606-2  一致率 100.0%
   台本: 飛行4日目の時点で、整備棟に立ち、主エンジンは取り付け済み。
   聞取: 飛行四日目の時点で整備棟に立ち、主エンジンは取り付け済み。

c607-1  一致率 100.0%
   台本: 本来の打ち上げは3月1日で、41日先だった。
   聞取: 本来の打ち上げは三月一日で四十一日先だった。

c610-1  一致率 100.0%
   台本: アトランティス号は4人で上がる。船長、操縦士、船外活動が2人。
   聞取: アトランティス号は四人で上がる。船長、操縦士、船外活動が二人。

c611-1  一致率 100.0%
   台本: 帰りは、操縦席に4人、中央の甲板に7人が乗る。
   聞取: 帰りは操縦席に四人、中央の甲板に七人が乗る。

c611-2  一致率 100.0%
   台本: 空になったコロンビア号は、無人で太平洋へ落とす。
   聞取: 空になったコロンビア号は無人で太平洋へ落とす。

c612-1  一致率 100.0%
   台本: この筋書きを、NASAの検討班はどう評価したか。
   聞取: この筋書きをNASAの検討班はどう評価したか。

c612-2  一致率 100.0%
   台本: 困難だが、実行可能だった
   聞取: 困難だが実行可能だった。

c613-1  一致率 100.0%
   台本: ただし、成り立つ条件が三つある。
   聞取: ただし、成り立つ条件が三つある。

c613-2  一致率 100.0%
   台本: 一つ。飛行7日目より前に、命に関わる傷だと断定できていること。
   聞取: 一つ、飛行七日目より前に命に関わる傷だと断定できていること。

c613-3  一致率 100.0%
   台本: 二つ。整備が無事故であること。三つ。秒読みが完璧であること。
   聞取: 二つ、整備が無事故であること。三つ、秒読みが完璧であること。

c614-1  一致率 100.0%
   台本: もう一つの道は、軌道の上で自分たちで直す案である。
   聞取: もう一つの道は軌道の上で自分たちで直す案である。

c615-2  一致率 100.0%
   台本: これらは、翼の骨組みを守るために詰める。
   聞取: これらは翼の骨組みを守るために詰める。

c616-1  一致率 100.0%
   台本: 押さえるのは、宇宙の寒さで凍らせた水の袋だった。
   聞取: 押さえるのは宇宙の寒さで凍らせた水の袋だった。

c617-3  一致率 100.0%
   台本: だから修理案は「高リスク」と評価されている。
   聞取: だから修理案は高リスクと評価されている。

c618-2  一致率 100.0%
   台本: 検討班は、そう結論した。
   聞取: 検討班はそう結論した。

c620-1  一致率 100.0%
   台本: 「7日目より前に断定できていれば、窓が生まれたかもしれない」。
   聞取: 七日目より前に断定できていれば窓が生まれたかもしれない。

c620-2  一致率 100.0%
   台本: 助けられたはずだ、とは書いていない。
   聞取: 助けられたはずだとは書いていない。

c621-1  一致率 100.0%
   台本: なぜそこまで細かく計算させたのか。
   聞取: なぜそこまで細かく計算させたのか。

c621-2  一致率 100.0%
   台本: 助けられたかどうかを、言い当てたかったからではない。
   聞取: 助けられたかどうかを言い当てたかったからではない。

c622-1  一致率 100.0%
   台本: 傷が見つかったところで、どうせ何もできない。
   聞取: 傷が見つかったところでどうせ何もできない。

c622-2  一致率 100.0%
   台本: 飛行中、多くの人がそう考えていた。
   聞取: 飛行中、多くの人がそう考えていた。

c623-2  一致率 100.0%
   台本: だから「何もできない」は、確かめた結果ではない。
   聞取: だから何もできないは確かめた結果ではない。

c624-1  一致率 100.0%
   台本: 委員会が問い直したのは、その思い込みである。
   聞取: 委員会が問い直したのはその思い込みである。

c624-2  一致率 100.0%
   台本: 調べもせずに、何もできないと信じた
   聞取: 調べもせずに何もできないと信じた。

c701-1  一致率 100.0%
   台本: ここからは、実際に起きたことである。2003年2月1日。
   聞取: ここからは実際に起きたことである。 2003年2月1日

c702-2  一致率 100.0%
   台本: 8時15分30秒、軌道を離れる噴射が始まった。2分38秒続く。
   聞取: 8時15分30秒、軌道を離れる噴射が始まった。2分38秒続く。

c705-2  一致率 100.0%
   台本: 地上の管制も、いつもと同じ再突入として見ていた。
   聞取: 地上の管制もいつもと同じ再突入として見ていた。

c707-1  一致率 100.0%
   台本: 機内の記録装置に、磁気テープで残るだけである。
   聞取: 機内の記録装置に磁気テープで残るだけである。

c708-1  一致率 100.0%
   台本: つまり、この時点で異常は起きている。
   聞取: つまりこの時点で異常は起きている。

c710-2  一致率 100.0%
   台本: 中に入った空気は、約4,400度あった可能性がある。
   聞取: 中に入った空気は約四四〇〇度あった可能性がある。

c711-1  一致率 100.0%
   台本: 8時53分26秒、サクラメントの西で海岸線を越えた。
   聞取: 八時五十三分二十六秒。サクラメントの西で海岸線を越えた。

c712-2  一致率 100.0%
   台本: 左の翼の油圧の温度計が、測れる範囲の下へ振り切れる。
   聞取: 左の翼の油圧の温度計が測れる範囲の下へ振り切れる。

c714-2  一致率 100.0%
   台本: 1本が焼けて全部が消えた、という説明ができない。
   聞取: 一本が焼けて全部が消えたという説明ができない。

c717-1  一致率 100.0%
   台本: 8時57分24秒、アルバカーキの北を通過。
   聞取: 八時五十七分二十四秒、アルバカーキの北を通過。

c721-1  一致率 100.0%
   台本: 乗員と話す担当が呼びかけた。
   聞取: 乗員と話す担当が呼びかけた。

c722-1  一致率 100.0%
   台本: 返ってきたのは、短い返事だった。そして、そこで途切れる。
   聞取: 返ってきたのは短い返事だった。そしてそこで途切れる。

c723-1  一致率 100.0%
   台本: 電波が切れたのは、8時59分32秒である。
   聞取: 電波が切れたのは八時五十九分三十二秒である。

c726-1  一致率 100.0%
   台本: 電波が切れたのは、その46秒前である。
   聞取: 電波が切れたのはその46秒前である。

c728-1  一致率 100.0%
   台本: 最後に届いた機長の声は、一語で切れていた。
   聞取: 最後に届いた機長の声は一語で切れていた。

c728-2  一致率 100.0%
   台本: 了解、そこで声は切れた
   聞取: 了解。そこで声は切れた。

c729-2  一致率 100.0%
   台本: 現地の時計では、まだ朝8時前のことである。
   聞取: 現地の時計ではまだ朝八時前のことである。

c729-3  一致率 100.0%
   台本: 時速1万9千キロ近くで大気に突っ込んだ破片が出した音だった。
   聞取: 時速一万九千キロ近くで大気に突っ込んだ破片が出した音だった。

c730-2  一致率 100.0%
   台本: 機体が分かれたのは、その16分前である。
   聞取: 機体が分かれたのはその16分前である。

c801-2  一致率 100.0%
   台本: 千葉県がすっぽり入る広さである。
   聞取: 千葉県がすっぽり入る広さである。

c801-3  一致率 100.0%
   台本: ここからは、それを拾い集めた人たちの話になる。
   聞取: ここからはそれを拾い集めた人たちの話になる。

c802-2  一致率 100.0%
   台本: 牛の群れが走り出し、車のフロントガラスに破片が当たっている。
   聞取: 牛の群れが走り出し、車のフロントガラスに破片が当たっている。

c803-1  一致率 100.0%
   台本: 呼びかけられたのは、まず「触らないでほしい」だった。
   聞取: 呼びかけられたのはまず触らないでほしいだった。

c804-2  一致率 100.0%
   台本: 最も西で見つかったのはテキサス州リトルフィールドの耐熱タイル1枚。
   聞取: 最も西で見つかったのはテキサス州リトルフィールドの耐熱タイル1枚。

c805-2  一致率 100.0%
   台本: 主力は、全米から集まった森林火災の消防隊員である。
   聞取: 主力は全米から集まった森林火災の消防隊員である。

c806-2  一致率 100.0%
   台本: 約3メートル間隔で列を作る。
   聞取: 約三メートル間隔で列を作る。

c808-1  一致率 100.0%
   台本: 蛇のいる沼。泥の川底。
   聞取: 蛇のいる沼、泥の川底

c809-1  一致率 100.0%
   台本: 空からはヘリコプター37機と、固定翼機7機が出た。
   聞取: 空からはヘリコプター三十七機と固定翼機七機が出た。

c809-2  一致率 100.0%
   台本: そのヘリコプター1機が故障で落ち、2人が亡くなっている。
   聞取: そのヘリコプター1機が故障で落ち、二人が亡くなっている。

c810-3  一致率 100.0%
   台本: それだけやって、別の湖で1点が拾えただけだった。
   聞取: それだけやって別の湖で一点が拾えただけだった。

c811-1  一致率 100.0%
   台本: 見つけた破片は、位置を記録し、写真を撮ってから運ばれた。
   聞取: 見つけた破片は位置を記録し、写真を撮ってから運ばれた。

c813-2  一致率 100.0%
   台本: 床にテープを貼り、機体で元あった場所の近くに置いていく。
   聞取: 床にテープを貼り、機体で元あった場所の近くに置いていく。

c814-1  一致率 100.0%
   台本: 右の翼の破片は多く見つかった。左の翼は少ない。
   聞取: 右の翼の破片は多く見つかった。左の翼は少ない。

c814-2  一致率 100.0%
   台本: しかも左の翼のうち、外側のパネルほど西で見つかっている。
   聞取: しかも左の翼のうち、外側のパネルほど西で見つかっている。

c814-3  一致率 100.0%
   台本: 内側のパネルは、ずっと東だった。
   聞取: 内側のパネルはずっと東だった

c815-2  一致率 100.0%
   台本: 8枚目のパネルの破片だけは、帯の全体に散らばっていた。
   聞取: 八枚目のパネルの破片だけは帯の全体に散らばっていた。

c816-1  一致率 100.0%
   台本: この規則を当てはめると、壊れた順が読める。
   聞取: この規則を当てはめると、壊れた順が読める。

c817-2  一致率 100.0%
   台本: ほぼ無傷だった。落ちる力に耐える設計ではなかったのに、である。
   聞取: ほぼ無傷だった。落ちる力に耐える設計ではなかったのに、である。

c820-2  一致率 100.0%
   台本: 機体の、燃料や荷物を除いた重さの38パーセントにあたる。
   聞取: 機体の燃料や荷物を除いた重さの三十八パーセントにあたる。

c901-1  一致率 100.0%
   台本: 拾い集めた破片は、答え合わせの材料になった。
   聞取: 拾い集めた破片は答え合わせの材料になった。

c902-1  一致率 100.0%
   台本: 物理的な原因は、こう書かれている。
   聞取: 物理的な原因はこう書かれている。

c903-2  一致率 100.0%
   台本: 空気はアルミの骨組みを少しずつ溶かし、翼は力に負けた。
   聞取: 空気はアルミの骨組みを少しずつ溶かし、翼は力に負けた。

c904-1  一致率 100.0%
   台本: 原因はもう一つ書かれている。組織の原因である。
   聞取: 原因はもう一つ書かれている組織の原因である。

c904-2  一致率 100.0%
   台本: 委員会はそれを、物理的な原因と同じ重さで扱った。
   聞取: 委員会はそれを物理的な原因と同じ重さで扱った。

c905-2  一致率 100.0%
   台本: 開発中の機体なのに、完成した乗り物として扱ったこと。
   聞取: 開発中の機体なのに完成した乗り物として扱ったこと。

c905-3  一致率 100.0%
   台本: 過去の成功を、技術の検討の代わりにしていたこと。
   聞取: 過去の成功を技術の検討の代わりにしていたこと。

c906-1  一致率 100.0%
   台本: 起きてはいけないことが、繰り返されるうちに普通になる。
   聞取: 起きてはいけないことが繰り返されるうちに普通になる。

c908-2  一致率 100.0%
   台本: その理由付けが、この飛行で「危なくない」と考える下地になった。
   聞取: その理由付けがこの飛行で危なくないと考える下地になった。

c910-2  一致率 100.0%
   台本: ただ聞いて、同意しただけだった。
   聞取: ただ聞いて同意しただけだった。

c913-3  一致率 100.0%
   台本: 軌道の上で点検し、応急の修理ができる手立てを持つこと。
   聞取: 軌道の上で点検し、応急の修理ができる手立てを持つこと。

c914-2  一致率 100.0%
   台本: 歴史は背景ではない。歴史が原因だ
   聞取: 歴史は背景ではない。歴史が原因だ。

c915-2  一致率 100.0%
   台本: だがその直前に、個人が責任を負わない意味ではない、とも書く。
   聞取: だが、その直前に個人が責任を負わない意味ではないとも書く。

c916-1  一致率 100.0%
   台本: 危険は認めるべきだが、諦めて受け入れてはならない。
   聞取: 危険は認めるべきだが、諦めて受け入れてはならない。

c916-2  一致率 100.0%
   台本: 事故の記憶は必ず薄れる。だから急げ、と委員会は書いた。
   聞取: 事故の記憶は必ず薄れる。だから急げと委員会は書いた。

ep02-2  一致率 100.0%
   台本: 7月の終わり、警察官が湖底に現れた球形の物体に気づく。
   聞取: 七月の終わり、警察官が湖底に現れた球形の物体に気づく。

ep03-1  一致率 100.0%
   台本: 直径1メートルほどのアルミの球で、中は泥で埋まっていた。
   聞取: 直径一メートルほどのアルミの球で、中は泥で埋まっていた。

ep04-1  一致率 100.0%
   台本: 2003年、この湖は捜索されている。
   聞取: 2003年、この湖は捜索されている。

ep04-2  一致率 100.0%
   台本: 海軍の潜水士が、ソナーの反応を一つずつ潜って確かめた。
   聞取: 海軍の潜水士がソナーの反応を一つずつ潜って確かめた。

ep04-3  一致率 100.0%
   台本: それでも、この湖からは1点も見つからなかった。
   聞取: それでもこの湖からは一点も見つからなかった。

ep05-1  一致率 100.0%
   台本: 人が潜って見つけられなかったものが、水が引いて出てきた。
   聞取: 人が潜って見つけられなかったものが、水が引いて出てきた。

ep05-2  一致率 100.0%
   台本: 事故から、8年半が過ぎていた。
   聞取: 事故から八年半が過ぎていた。

ep06-3  一致率 100.0%
   台本: 見ようとしなければ、見えないままだった。
   聞取: 見ようとしなければ見えないままだった。

検査 489行 -> C:\Users\konar\Desktop\zukai-engine\audio\el_qa\ep8_el_yomi.tsv（記録 489行／台本 489行）
Scribe: 音声 1837.3秒を文字起こし／クレジット 86,179 → 86,775（消費 596／上限 131,000） ⚠️ 反映が遅れることがある
exit=0
