
=== c208-2  「RCCの板でいえば」→「アールシーシーの板でいえば」  ⭐良化  82.9% → 87.8% ===
  理由: 🔴🔴 **1周目も2周目も LCC**。RCC はこの回の中心の語（§6の筆頭）。8行中この行だけ崩れる
  台本  : RCCの板でいえば、5枚目から9枚目のあたり。
  前の聞取: LCCの板で言えば五枚目から九枚目の辺り
  後の聞取: RCCの板で言えば五枚目から九枚目の辺り。

=== c214-1  「予算とカメラ」→「よさんとカメラ」  ⭐良化  85.7% → 100.0% ===
  理由: 『ロサンと』。⚠️ 予算は2行あり、1周目は c905-1 が『助産』で崩れた
  台本  : 予算とカメラ班の人員が削られていた。
  前の聞取: ロサンとカメラ班の人員が削られていた。
  後の聞取: 予算とカメラ班の人員が削られていた。

=== c207-3  「差の分だけ」→「さの分だけ」  ⭐良化  82.9% → 92.7% ===
  理由: 『浅野分だけ』
  台本  : 差の分だけ、機体のほうが追いついてぶつかった。
  前の聞取: 浅野分だけ機体の方が追いついてぶつかった。
  後の聞取: 差の分だけ機体の方が追いついてぶつかった。

=== c509-2  「記録には」→「きろくには」  ＝変わらず  100.0% → 100.0% ===
  理由: 『浩久には』
  台本  : 記録には「見えても何もできない」という発言も残っている。
  前の聞取: 記録には見えても何もできないという発言も残っている。
  後の聞取: 記録には見えても何もできないという発言も残っている。

=== c504-1  「軌道にいるコロンビア号の左」→「きどうにいるコロンビア号の左」  ⭐良化  90.9% → 95.5% ===
  理由: 🔴『非道にいる』＝意味が反転する。⚠️「軌道にいる」は **pr08-1（無事）にも当たる**ので長くした
  台本  : 軌道にいるコロンビア号の左の翼を、撮ってほしい。
  前の聞取: 非道にいるコロンビア号の左の翼を取ってほしい。
  後の聞取: 軌道にいるコロンビア号の左の翼を取ってほしい。
    ⚠️ 異音 c520-1 take1: 途中に浮いた音: 210ms（1.92秒地点・振幅9095＝本文の0.9倍／前80ms・後120ms の無音）

=== c520-1  「前のふち用の式」→「前のふち用の しき」  ⭐良化  87.5% → 90.6% ===
  理由: 『前のフチオの式』
  台本  : 翼の前のふち用の式もあった。1984年に氷の弾で合わせたものである。
  前の聞取: 翼の前のフチオの式もあった。 1984年に氷の玉で合わせたものである。
  後の聞取: 翼の前のフチ用の式もあった。 1984年に氷の玉で合わせたものである。

6件 -> ep8_yomi_ab.tsv
