
=== c212-2  「離陸から追い」→「りりく から追い」  ▲悪化  91.9% → 82.1% ===
  理由: かな『りりく』は『リリック』になった。空白を足す
  台本  : 離陸から追い続ける役目は、そのうち5か所。
  前の聞取: 陸から追い続ける役目はそのうち五箇所
  後の聞取: リリクから追い続ける役目はそのうち五箇所。

=== c403-1  「積み荷の実験」→「積み荷 の実験」  ⭐良化  89.3% → 90.9% ===
  理由: かな『つみに』は『隅の』になった。⚠️『積荷』はかなもカナも罪人（4本目）
  台本  : 積み荷の実験をまとめる責任者は、マイケル・アンダーソン、43歳。
  前の聞取: SM2の実験をまとめる責任者はマイケルアンダーソン 43歳。
  後の聞取: 隅々の実験をまとめる責任者はマイケルアンダーソン四十三歳。

=== c511-1  「計算のほうは」→「けいさん のほうは」  ⭐良化  78.0% → 80.0% ===
  理由: かな続きだと『Kさん』。空白で切る
  台本  : 計算のほうは、写真を求める前から進んでいた。
  前の聞取: 理恵さんの方は写真を求める前から進んでいた。
  後の聞取: Kさんの方は写真を求める前から進んでいた。

=== c411-2  「黙とうをささげて」→「もくとう をささげて」  ⭐良化  82.0% → 83.3% ===
  理由: かな『もくとう』は『供養』になった
  台本  : 13日目には、過去の事故で亡くなった人たちに黙とうをささげている。
  前の聞取: 十三日目には過去の事故で亡くなった人たちにダマトウを捧げている。
  後の聞取: 十三日目には過去の事故で亡くなった人たちにも苦闘を捧げている。

=== c617-2  「NASAは確かめ」→「NASA は確かめ」  ⭐良化  80.0% → 100.0% ===
  理由: カナ『ナサ』は『母』になった。英字のまま空白で切る
  台本  : NASAは確かめられなかった。
  前の聞取: 噂は確かめられなかった。
  後の聞取: NASAは確かめられなかった。
    ⚠️ 異音 c807-2 take1: 末尾に余計な音: 110ms の無音 → 130ms の音（4.03秒地点・振幅13742＝本文の1.5倍）

=== c807-2  「広さを当たった」→「広さを 当たった」  ▲悪化  94.1% → 89.8% ===
  理由: かな『あたった』は効かなかった。漢字のまま空白で切る
  台本  : 延べ150万時間をかけて、四国の半分ほどの広さを当たった。
  前の聞取: 延べ150万時間をかけて四国の半分ほどの広さを渡った。
  後の聞取: 延べ百五十万時間をかけて四国の半分ほどの広さを渡った

=== c520-3  「15通りの経路」→「ジュウゴ とおりの経路」  ⭐良化  94.1% → 98.0% ===
  理由: 『十も通り』のまま。カナと空白を両方
  台本  : 15通りの経路のうち1通りだけが、21度で当たると出た。
  前の聞取: 十も通りの経路のうち、一通りだけが二十一度で当たると出た。
  後の聞取: 十五通りの経路のうち一通りだけが二十一度で当たると出た。

=== c615-1  「チタンの小片」→「チタンの しょうへん」  ▲悪化  94.4% → 88.9% ===
  理由: 『チタンの小刀』＝1周目は塞ぐ材料しか直していない
  台本  : 塞ぐ材料は、重い金属の工具、チタンの小片。
  前の聞取: 塞ぐ材料は重い金属の工具、チタンの小刀。
  後の聞取: 操る材料は重い金属の工具、チタンの小片。

=== c902-3  「8枚目の下半分」→「8枚目の したはんぶん」  ⭐良化  92.3% → 96.2% ===
  理由: 『八枚目の一半分』＝1周目は破ったのはしか直していない
  台本  : 破ったのは断熱材一片。当たったのは8枚目の下半分である。
  前の聞取: 破ったのは断熱材一辺、当たったのは八枚目の一半分である。
  後の聞取: 破ったのは断熱材一辺、当たったのは八枚目の下半分である。

=== c710-2  「約4,400度」→「約 ヨンセンヨンヒャク度」  ▲悪化  100.0% → 95.5% ===
  理由: 『四四〇〇度』＝1桁ずつ読んだ疑い。空白＋カナ
  台本  : 中に入った空気は、約4,400度あった可能性がある。
  前の聞取: 中に入った空気は約四四〇〇度あった可能性がある。
  後の聞取: 中に入った空気は約四千四百度あった可能性がある。

=== c811-2  「83,900点」→「ハチマンサンゼンキュウヒャクてん」  ⭐良化  83.3% → 91.7% ===
  理由: 🔴 かな混じりは『八幡さん、1900点』に悪化。全部カナで
  台本  : 回収されたのは83,900点。
  前の聞取: 回収されたのは八十千点九百点。
  後の聞取: 回収されたのは八万三千九百点。

=== c316-1  「1,052キロ」→「センゴジュウニキロ」  ＝変わらず  92.6% → 92.3% ===
  理由: 🔴 見積りを直したら『一点五十二』に化けた＝数も固定する
  台本  : 飛行中に出した速さの見積りは、時速603から1,052キロ。
  前の聞取: 飛行中に出した速さの見積もりは時速六百三から一点五十二キロ。
  後の聞取: 飛行中に出した速さの見積もりは時速六百三から千五十二キロ。

=== c210-1  「920キロ」→「キュウヒャクニジュウキロ」  ▲悪化  88.0% → 83.3% ===
  理由: 🔴『六七〇から九二〇』＝1桁ずつ読んだ疑い。⚠️『〜』は辞書で から になっている
  台本  : ぶつかったときの速さの差は、時速約670〜920キロ。
  前の聞取: ぶつかった時の速さの差は時速約670から920キロ。
  後の聞取: ぶつかった時の速さの差は時速約六百七十から九百二十キロ。

=== c210-1  「約670」→「約 ロッピャクナナジュウ」  ▲悪化  88.0% → 83.3% ===
  理由: 同上（前半）
  台本  : ぶつかったときの速さの差は、時速約670〜920キロ。
  前の聞取: ぶつかった時の速さの差は時速約670から920キロ。
  後の聞取: ぶつかった時の速さの差は時速約六百七十から九百二十キロ。

=== pr02-2  「号は、9時00分18秒」→「号は、クジ ゼロフン ジュウハチビョウ」  ⭐良化  79.4% → 80.6% ===
  理由: 1周目は『9時00分18秒』を両行に当てて pr02-2 は良化・c725-1 は悪化。**pr02-2 だけ**に絞る
  台本  : だがコロンビア号は、9時00分18秒、テキサスの空でばらばらになった。
  前の聞取: だが、コロンビア号は九時零零分十八秒、テキサスの空でバラバラになった。
  後の聞取: だが、コロンビア号は九時零分十八秒、テキサスの空でバラバラになった

15件 -> ep8_yomi_ab.tsv
exit=0
