
=== c607-3  「滑走路を、誘導路の代わり」→「かっそうろを、誘導路の代わり」  ＝変わらず  100.0% → 100.0% ===
  理由: 🔴 決め所 #7。全文2周＋取り直しでも『走路を』
  台本  : 滑走路を、誘導路の代わりに使った
  前の聞取: 滑走路を誘導路の代わりに使った。
  後の聞取: 滑走路を誘導路の代わりに使った。

=== c213-2  「滑走路と平行に」→「かっそうろと平行に」  ⭐良化  80.0% → 85.0% ===
  理由: 全文2周＋取り直しでも『雪走路』
  台本  : 滑走路と平行に走る、その道のいちばん端だった。
  前の聞取: 雪走路と平行に走るその道の一番端だった。
  後の聞取: 滑走路と平行に走るその道の一番端だった

=== c303-2  「滑走路の番号は」→「かっそうろの番号は」  ⭐良化  88.9% → 94.5% ===
  理由: 取り直し3テイク『スソーロ／スソーロ／道路』
  台本  : 滑走路の番号は、向きを表す。12なら、およそ120度の方角へ進む。
  前の聞取: 道路の番号は向きを表す。十二ならおよそ百二十度の方角へ進む。
  後の聞取: 滑走路の番号は向きを表す。十二ならおよそ百二十度の方角へ進む。

=== c614-2  「滑走路を走れと」→「かっそうろを走れと」  ⭐良化  82.0% → 100.0% ===
  理由: 取り直し3テイク『セツール／アスベスト路／スレソール』
  台本  : 滑走路を走れと言われたが、それで合っているか、と確かめている。
  前の聞取: アスベストソールを走れと言われたが、それで合っているかと確かめている
  後の聞取: 滑走路を走れと言われたが、それで合っているか？と確かめている。

=== c728-2  「滑走路を出たら」→「かっそうろを出たら」  ⭐良化  87.1% → 90.0% ===
  理由: 取り直し3テイク『スデソール／セソール／セツオル』
  台本  : 滑走路を出たら知らせてください。まだ出ていない、という意味である。
  前の聞取: スレソウルを出たら知らせてください。まだ出ていないという意味である。
  後の聞取: 火葬炉を出たら知らせてください。まだ出ていないという意味である。

=== c808-2  「滑走路の外へ」→「かっそうろの外へ」  ⭐良化  96.3% → 100.0% ===
  理由: 全文2周『バッツオール』・取り直し『雪走路』
  台本  : 滑走路の外へ機体を出そうとしている。もう、間に合わなかった。
  前の聞取: 雪走路の外へ機体を出そうとしている。もう間に合わなかった。
  後の聞取: 滑走路の外へ機体を出そうとしている。もう間に合わなかった。

=== c303-1  「滑走路は、1本しかない」→「かっそうろは、1本しかない」  ⭐良化  88.9% → 96.2% ===
  理由: 取り直し3テイクで行頭が揃わない（数は⑤の辞書で直っている）
  台本  : 滑走路は、1本しかない。長さ3,400メートル、幅45メートル。
  前の聞取: 雪走路は一本しかない。長さ三四零零メートル、幅四十五メートル
  後の聞取: 滑走路は一本しかない。長さ三千四百メートル、幅四十五メートル。

=== c801-1  「副操縦士も、航空機関士も」→「ふくそうじゅうしも、航空機関士も」  ⭐良化  97.9% → 100.0% ===
  理由: 全文2周＋取り直しでも『操縦士も』＝副 が落ちる
  台本  : 副操縦士も、航空機関士も、それ以上は何も言わなかった。
  前の聞取: 操縦士も航空機関士もそれ以上は何も言わなかった。
  後の聞取: 副操縦士も航空機関士もそれ以上は何も言わなかった。

=== c522-2  「測る機械は」→「はかる機械は」  ⭐良化  86.8% → 96.2% ===
  理由: 全文2周『かかる』・取り直し『まかる／曲がる』
  台本  : 測る機械は、この空港には無い。その滑走路へ、二機は出ていく。
  前の聞取: 曲がる機会はこの空港にはない。その滑走路へ二機は出ていく。
  後の聞取: 測る機械はこの空港にはない。その滑走路へ二機は出ていく。

=== c321-1  「ここで足すことに」→「ここで たすことに」  ＝変わらず  96.2% → 96.2% ===
  理由: 全文2周『立つ』・取り直し『絶つ』＝意味が変わる
  台本  : 行き先は、すぐ隣の島である。それでも、ここで足すことにした。
  前の聞取: 行き先はすぐ隣の島である。それでもここで発すことにした。
  後の聞取: 行き先はすぐ隣の島である。それでもここで絶すことにした。

=== c408-2  「と報告書は確かめている」→「と ほうこくしょは確かめている」  ⭐良化  96.3% → 100.0% ===
  理由: 全文2周＋取り直し『報告者』（しょ／しゃ）
  台本  : そのままアムステルダムまで戻れた、と報告書は確かめている。
  前の聞取: そのままアムステルダムまで戻れたと報告者は確かめている。
  後の聞取: そのままアムステルダムまで戻れたと報告書は確かめている。

11件 -> ep9_yomi_ab.tsv（1件ごとに書き足し）
