
=== c106-1  「11,700時間」→「イチマンイッセンナナヒャク時間」  ⭐良化  95.5% → 97.1% ===
  理由: 1周目: 前『十一千七百』→ 後（イチマンセンナナヒャク）『一万七百』＝セン が落ちた。一万一千七百＝いっせん をはっきり言わせる
  台本  : KLMの機長はフェルトハイゼン・ファン・ザンテン。飛んだ時間は11,700時間。
  前の聞取: KLMの機長はフェルトハイゼン・ファン・ザンテン。飛んだ時間は十一千七百時間。
  後の聞取: KLMの機長はフェルトハイゼン・ファン・ザンテン。飛んだ時間は一万一千七百時間。

=== c701-1  「180度向きを」→「百八十度向きを」  ▲悪化  100.0% → 96.2% ===
  理由: 1周目: 前も後（ヒャクハチジュウド）も聞取は『度』だけ。語の時刻では『度』が 0.94秒（≒4モーラ）＝声は読んでいる疑い。漢数字で聞取に数が出るか
  台本  : KLMは、滑走路の端に着いた。そこで、180度向きを変える。
  前の聞取: KLMは滑走路の端に着いた。そこで 180度向きを変える。
  後の聞取: KLNは滑走路の端に着いた。そこで 180度向きを変える。

=== c611-2  「向きを変えよ。KLMは」→「向きをカエヨ。KLMは」  ▲悪化  98.4% → 93.3% ===
  理由: 2周とも『変えよう』＝命令が勧誘に聞こえる
  台本  : まっすぐ滑走路の端まで行き、そこで向きを変えよ。KLMは了解した。
  前の聞取: まっすぐ滑走路の端まで行き、そこで向きを変えよう。KLMは了解した。
  後の聞取: まっすぐ滑走路の端まで行き、そこで向きを変えよ。KLNが了解した。

=== c613-2  「向きを変えよ。ようやく」→「向きをカエヨ。ようやく」  ⭐良化  98.2% → 100.0% ===
  理由: 同上（2周とも＋A/B の後も『変えよう』）
  台本  : まっすぐ端まで行って、そこで向きを変えよ。ようやく、了解が返る。
  前の聞取: まっすぐ端まで行って、そこで向きを変えよう。ようやく了解が返る。
  後の聞取: まっすぐ端まで行って、そこで向きを変えよ。ようやく了解が返る。

=== c207-1  「テネリフェ島のロス」→「テネリフェトウのロス」  ⭐良化  93.9% → 100.0% ===
  理由: 1周目: 後（テネリフェとう）で『とウー』＋行頭『飛ばされた』。前の音は 島＝しま／とう が決まっていない。カタカナで試す
  台本  : 回された先が、テネリフェ島のロス・ロデオス空港である。
  前の聞取: 飛ばされた先がテネリフェ島のロスロデオス空港である。
  後の聞取: 回された先がテネリフェ島のロスロデオス空港である。

5件 -> ep9_yomi_ab.tsv（1件ごとに書き足し）
