
=== ep09-2  「十分に離す」→「ジュウブンに離す」  ▲悪化  100.0% → 95.5% ===
  理由: 『時間で**じゅっぷん**に離す』＝意味が変わる。「時間で」の直後なので分に引かれやすい
  台本  : ATCの許可と離陸の許可を、時間で十分に離すこと。
  前の聞取: ATCの許可と離陸の許可を時間で十分に離すこと。
  後の聞取: ATCの許可と離陸の許可を時間で十分に話すこと。

=== c213-1  「駐機場に入れなかった」→「駐機場にハイレなかった」  ＝変わらず  96.4% → 96.4% ===
  理由: いれなかった（入れる）と読むと別の意味。⚠️ ひらがな「にはいれ」は助詞「には」に取られる＝カタカナ
  台本  : KLM機は、駐機場に入れなかった。停められたのは誘導路である。
  前の聞取: KLM機は駐機場に入れなかった。止められたのは誘導路である。
  後の聞取: KLM機は駐機場に入れなかった。止められたのは誘導路である。

=== c303-3  「反対から入れば」→「反対からハイレバ」  ＝変わらず  92.6% → 92.6% ===
  理由: いれば と読みうる。⚠️ 「からはいれば」は「から は」に取られる＝カタカナ
  台本  : 反対から入れば300度。だから、同じ1本を12とも30とも呼ぶ。
  前の聞取: 反対から入れば三百度。だから同じ一本を十二とも三十とも呼ぶ。
  後の聞取: 反対から入れば三百度。だから同じ一本を十二とも三十とも呼ぶ。

=== c512-1  「同じ表には」→「同じヒョウには」  ＝変わらず  100.0% → 100.0% ===
  理由: おもて と読みうる（表＝ひょう）
  台本  : 同じ表には、雲の量も書かれている。
  前の聞取: 同じ表には雲の量も書かれている。
  後の聞取: 同じ表には雲の量も書かれている。

=== c720-2  「短い間があって」→「短いマがあって」  ⭐良化  96.4% → 100.0% ===
  理由: あいだ と読みうる（間＝ま）。8本目 s118「間を」と同じ型
  台本  : 短い間があって、次の言葉が続く。これが、止めるための言葉だった。
  前の聞取: 短い間があって、次の言葉が続く。これな、止めるための言葉だった。
  後の聞取: 短い間があって次の言葉が続く。これが止めるための言葉だった。

=== c506-1  「気象の値」→「気象のアタイ」  ＝変わらず  100.0% → 100.0% ===
  理由: ね と読みうる（値＝あたい）
  台本  : 空港は、決まった時刻に気象の値を出している。
  前の聞取: 空港は決まった時刻に気象の値を出している。
  後の聞取: 空港は決まった時刻に気象の値を出している。

=== c517-1  「この値は」→「このアタイは」  ⭐良化  92.3% → 100.0% ===
  理由: 同上。1周目の聞取は『この名題は』
  台本  : ロス・ロデオス空港では、この値は出されない。
  前の聞取: ロスロデオス空港ではこの名題は出されない。
  後の聞取: ロスロデオス空港ではこの値は出されない。

=== c725-2  「離陸の値で」→「離陸のアタイで」  ＝変わらず  94.9% → 94.9% ===
  理由: 同上
  台本  : KLMの出力は、17時06分19秒に、もう離陸の値で落ち着いていた。
  前の聞取: KLMの出力は十七時六分十九秒にもう離陸の値で落ち着いていた。
  後の聞取: KLMの出力は十七時六分十九秒にもう離陸の値で落ち着いていた。

=== c501-1  「一節を割いている」→「イッセツを サイている」  ＝変わらず  91.8% → 91.8% ===
  理由: 割いて＝わいて／一節＝ひとふし と読みうる。2語とも同じ字で2読み
  台本  : テネリフェの天気は、ふつうの空港とは違う。報告書は一節を割いている。
  前の聞取: テネリフェの天気は普通の空港とは違う。報告書は一節を割いている。
  後の聞取: テネリフェの天気は普通の空港とは違う。報告書は一節を割いている。

=== c915-3  「床が抜け」→「ユカが抜け」  ＝変わらず  100.0% → 100.0% ===
  理由: 🔴 4本目 Hiro で「床」→**とこ**（9テイク中5回）。**行頭にカナを置かない**規則の例外＝漢字のままだと崩れを聞取で見分けられない。行頭が別語に化けたら聞取に出るので、そこで確かめる
  台本  : 床が抜け、乗員は下の階へ降りるしかなかった。
  前の聞取: 床が抜け、乗員は下の階へ降りるしかなかった。
  後の聞取: 床が抜け、乗員は下の階へ降りるしかなかった。

=== c916-1  「壁に開いた穴」→「壁にあいた穴」  ＝変わらず  94.7% → 94.7% ===
  理由: ひらいた と読みうる（穴が開く＝あく）
  台本  : 出口は、左の壁に開いた穴だった。前のほうの人は、そこから外へ出た。
  前の聞取: 出口は左の壁に開いた穴だった。前の方の人はそこから外へ出た。
  後の聞取: 出口は左の壁に開いた穴だった。前の方の人はそこから外へ出た。

=== c912-1  「落ちた破片」→「落ちたハヘン」  ＝変わらず  100.0% → 100.0% ===
  理由: 🔴 8本目の試写で「破片」→**はぺん**。⚠️ ひらがな「たはへん」は「た は」に取られる＝カタカナ
  台本  : 部品では、なかった。落ちた破片でもなかった。
  前の聞取: 部品ではなかった。落ちた破片でもなかった。
  後の聞取: 部品ではなかった。落ちた破片でもなかった。

=== c418-1  「行った先で」→「いった先で」  ＝変わらず  100.0% → 100.0% ===
  理由: おこなった と読みうる（行った先＝いった）
  台本  : 危なければ、ラスパルマスへ電報を送る。つまり、行った先で知らせる。
  前の聞取: 危なければラス・パルマスへ電報を送る。つまり行った先で知らせる。
  後の聞取: 危なければラス・パルマスへ電報を送る。つまり行った先で知らせる。

=== c613-2  「端まで行って」→「端までいって」  ＝変わらず  98.2% → 98.2% ===
  理由: おこなって と読みうる
  台本  : まっすぐ端まで行って、そこで向きを変えよ。ようやく、了解が返る。
  前の聞取: まっすぐ端まで行って、そこで向きを変えよう。ようやく了解が返る。
  後の聞取: まっすぐ端まで行って、そこで向きを変えよう。ようやく了解が返る。

=== c715-3  「している最中に」→「しているサイチュウに」  ＝変わらず  100.0% → 100.0% ===
  理由: もなか と読みうる
  台本  : 副操縦士がまだ復唱している最中に、機長は出力を入れた。
  前の聞取: 副操縦士がまだ復唱している最中に、機長は出力を入れた。
  後の聞取: 副操縦士がまだ復唱している最中に、機長は出力を入れた。

=== c508-2  「くる側も」→「くる がわも」  ＝変わらず  90.6% → 90.6% ===
  理由: 🔴 動詞＋側 は そば と読む実績（6本目・心理ch ep006「部屋にいた がわ」）
  台本  : このころには、進入してくる側も、同じくらいまで下がっている。
  前の聞取: この頃には侵入してくる側も同じくらいまで下がっている。
  後の聞取: この頃には侵入してくる側も同じくらいまで下がっている。

=== c510-2  「進入の側は」→「進入の がわは」  ＝変わらず  76.2% → 76.2% ===
  理由: 7本目の辞書「の側→の がわ」（空港の差→空港のガワ）と同じ型
  台本  : 進入の側は500メートルで、ときどき5キロに戻る。
  前の聞取: 侵入の側は五百メートルで、時々五キロに戻る。
  後の聞取: 侵入の側は五百メートルで、時々五キロに戻る。
    ⚠️ 異音 pr01-2 take1: 末尾に余計な音: 100ms の無音 → 140ms の音（3.46秒地点・振幅10668＝本文の1.2倍）

=== pr01-2  「テネリフェ島」→「テネリフェとう」  ▲悪化  100.0% → 97.9% ===
  理由: 島＝とう（しま・じま と読みうる。聞取は「島」で同じ）
  台本  : テネリフェ島にある空港の滑走路は、雲の中にあった。
  前の聞取: テネリフェ島にある空港の滑走路は雲の中にあった。
  後の聞取: テネリフェと島にある空港の滑走路は雲の中にあった

=== pr08-1  「テネリフェ島」→「テネリフェとう」  ＝変わらず  100.0% → 100.0% ===
  理由: 島＝とう（しま・じま と読みうる。聞取は「島」で同じ）
  台本  : 空港は閉められ、行き場を失った便は隣のテネリフェ島へ回された。
  前の聞取: 空港は閉められ、行き場を失った便は隣のテネリフェ島へ回された。
  後の聞取: 空港は閉められ、行き場を失った便は隣のテネリフェ島へ回された。

=== c207-1  「テネリフェ島」→「テネリフェとう」  ▲悪化  100.0% → 86.3% ===
  理由: 島＝とう（しま・じま と読みうる。聞取は「島」で同じ）
  台本  : 回された先が、テネリフェ島のロス・ロデオス空港である。
  前の聞取: 回された先がテネリフェ島のロスロデオス空港である。
  後の聞取: 飛ばされた先がテネリフェとウーのロスロデオス空港である。

=== c301-1  「テネリフェ島」→「テネリフェとう」  ＝変わらず  100.0% → 100.0% ===
  理由: 島＝とう（しま・じま と読みうる。聞取は「島」で同じ）
  台本  : ロス・ロデオス空港は、テネリフェ島の北側にある。
  前の聞取: ロスロデオス空港はテネリフェ島の北側にある。
  後の聞取: ロスロデオス空港はテネリフェ島の北側にある。

=== pr07-1  「グランカナリア島」→「グランカナリアとう」  ＝変わらず  100.0% → 100.0% ===
  理由: 同上
  台本  : 行き先は、グランカナリア島のラスパルマス空港である。
  前の聞取: 行き先はグラン・カナリア島のラス・パルマス空港である。
  後の聞取: 行き先はグラン・カナリア島のラス・パルマス空港である。

=== c201-1  「グランカナリア島」→「グランカナリアとう」  ＝変わらず  100.0% → 100.0% ===
  理由: 同上
  台本  : 行き先のラスパルマス空港は、隣のグランカナリア島にある。
  前の聞取: 行き先のラスパルマス空港は隣のグランカナリア島にある。
  後の聞取: 行き先のラスパルマス空港は隣のグランカナリア島にある。

=== c511-1  「10分の1」→「ジュウブンのイチ」  ⭐良化  85.7% → 93.3% ===
  理由: 🔴 8本目の試写「50分の1」→**ごじゅっぷん**のいち（時間の分）と同じ型
  台本  : 26分のあいだに、3キロが300メートルになった。10分の1である。
  前の聞取: 二十六分の間に三キロが三百メートルになった。十分の一である。
  後の聞取: 26分の間に3キロが300メートルになった。10分の1である。

=== c512-2  「8分の1から8分の7」→「ハチブンのイチからハチブンのナナ」  ＝変わらず  95.4% → 95.4% ===
  理由: 同上
  台本  : 高さ0メートル、つまり地面についた雲は、8分の1から8分の7へ増えた。
  前の聞取: 高さゼロメートル、つまり地面についた雲は八分の一から八分の七へ増えた。
  後の聞取: 高さゼロメートル、つまり地面についた雲は八分の一から八分の七へ増えた。
Traceback (most recent call last):
  File "C:\Users\konar\AppData\Local\Programs\Python\Python312\Lib\urllib\request.py", line 1344, in do_open
    h.request(req.get_method(), req.selector, req.data, headers,
  File "C:\Users\konar\AppData\Local\Programs\Python\Python312\Lib\http\client.py", line 1338, in request
    self._send_request(method, url, body, headers, encode_chunked)
  File "C:\Users\konar\AppData\Local\Programs\Python\Python312\Lib\http\client.py", line 1384, in _send_request
    self.endheaders(body, encode_chunked=encode_chunked)
  File "C:\Users\konar\AppData\Local\Programs\Python\Python312\Lib\http\client.py", line 1333, in endheaders
    self._send_output(message_body, encode_chunked=encode_chunked)
  File "C:\Users\konar\AppData\Local\Programs\Python\Python312\Lib\http\client.py", line 1132, in _send_output
    self.send(chunk)
  File "C:\Users\konar\AppData\Local\Programs\Python\Python312\Lib\http\client.py", line 1057, in send
    self.sock.sendall(data)
  File "C:\Users\konar\AppData\Local\Programs\Python\Python312\Lib\ssl.py", line 1210, in sendall
    v = self.send(byte_view[count:])
        ^^^^^^^^^^^^^^^^^^^^^^^^^^^^
  File "C:\Users\konar\AppData\Local\Programs\Python\Python312\Lib\ssl.py", line 1179, in send
    return self._sslobj.write(data)
           ^^^^^^^^^^^^^^^^^^^^^^^^
ssl.SSLEOFError: EOF occurred in violation of protocol (_ssl.c:2427)

During handling of the above exception, another exception occurred:

Traceback (most recent call last):
  File "C:\Users\konar\Desktop\zukai-engine\tools\el_ab_yomi.py", line 109, in <module>
    sys.exit(main())
             ^^^^^^
  File "C:\Users\konar\Desktop\zukai-engine\tools\el_ab_yomi.py", line 82, in main
    heard_a = stt(ES.shipped(pcm_a))
              ^^^^^^^^^^^^^^^^^^^^^^
  File "C:\Users\konar\Desktop\zukai-engine\tools\el_check_yomi.py", line 84, in stt
    with urllib.request.urlopen(req, timeout=300) as res:
         ^^^^^^^^^^^^^^^^^^^^^^^^^^^^^^^^^^^^^^^^
  File "C:\Users\konar\AppData\Local\Programs\Python\Python312\Lib\urllib\request.py", line 215, in urlopen
    return opener.open(url, data, timeout)
           ^^^^^^^^^^^^^^^^^^^^^^^^^^^^^^^
  File "C:\Users\konar\AppData\Local\Programs\Python\Python312\Lib\urllib\request.py", line 515, in open
    response = self._open(req, data)
               ^^^^^^^^^^^^^^^^^^^^^
  File "C:\Users\konar\AppData\Local\Programs\Python\Python312\Lib\urllib\request.py", line 532, in _open
    result = self._call_chain(self.handle_open, protocol, protocol +
             ^^^^^^^^^^^^^^^^^^^^^^^^^^^^^^^^^^^^^^^^^^^^^^^^^^^^^^^
  File "C:\Users\konar\AppData\Local\Programs\Python\Python312\Lib\urllib\request.py", line 492, in _call_chain
    result = func(*args)
             ^^^^^^^^^^^
  File "C:\Users\konar\AppData\Local\Programs\Python\Python312\Lib\urllib\request.py", line 1392, in https_open
    return self.do_open(http.client.HTTPSConnection, req,
           ^^^^^^^^^^^^^^^^^^^^^^^^^^^^^^^^^^^^^^^^^^^^^^
  File "C:\Users\konar\AppData\Local\Programs\Python\Python312\Lib\urllib\request.py", line 1347, in do_open
    raise URLError(err)
urllib.error.URLError: <urlopen error EOF occurred in violation of protocol (_ssl.c:2427)>
exit=1
