
=== ep09-2  「十分に離す」→「ジュウブンに離す」  ▲悪化  100.0% → 95.5% ===
  理由: 『時間で**じゅっぷん**に離す』＝意味が変わる。「時間で」の直後なので分に引かれやすい
  台本  : ATCの許可と離陸の許可を、時間で十分に離すこと。
  前の聞取: ATCの許可と離陸の許可を時間で十分に離すこと。
  後の聞取: ATCの許可と離陸の許可を時間で十分に話すこと。

=== c213-1  「駐機場に入れなかった」→「駐機場にハイレなかった」  ＝変わらず  96.4% → 96.4% ===
  理由: いれなかった（入れる）と読むと別の意味。⚠️ ひらがな「にはいれ」は助詞「には」に取られる＝カタカナ
  台本  : KLM機は、駐機場に入れなかった。停められたのは誘導路である。
  前の聞取: KLM機は駐機場に入れなかった。止められたのは誘導路である。
  後の聞取: KLM機は駐機場に入れなかった。止められたのは誘導路である。

=== c303-3  「反対から入れば」→「反対からハイレバ」  ＝変わらず  92.6% → 92.6% ===
  理由: いれば と読みうる。⚠️ 「からはいれば」は「から は」に取られる＝カタカナ
  台本  : 反対から入れば300度。だから、同じ1本を12とも30とも呼ぶ。
  前の聞取: 反対から入れば三百度。だから同じ一本を十二とも三十とも呼ぶ。
  後の聞取: 反対から入れば三百度。だから同じ一本を十二とも三十とも呼ぶ。

=== c512-1  「同じ表には」→「同じヒョウには」  ＝変わらず  100.0% → 100.0% ===
  理由: おもて と読みうる（表＝ひょう）
  台本  : 同じ表には、雲の量も書かれている。
  前の聞取: 同じ表には雲の量も書かれている。
  後の聞取: 同じ表には雲の量も書かれている。

=== c720-2  「短い間があって」→「短いマがあって」  ⭐良化  96.4% → 100.0% ===
  理由: あいだ と読みうる（間＝ま）。8本目 s118「間を」と同じ型
  台本  : 短い間があって、次の言葉が続く。これが、止めるための言葉だった。
  前の聞取: 短い間があって、次の言葉が続く。これな、止めるための言葉だった。
  後の聞取: 短い間があって次の言葉が続く。これが止めるための言葉だった。

=== c506-1  「気象の値」→「気象のアタイ」  ＝変わらず  100.0% → 100.0% ===
  理由: ね と読みうる（値＝あたい）
  台本  : 空港は、決まった時刻に気象の値を出している。
  前の聞取: 空港は決まった時刻に気象の値を出している。
  後の聞取: 空港は決まった時刻に気象の値を出している。

=== c517-1  「この値は」→「このアタイは」  ⭐良化  92.3% → 100.0% ===
  理由: 同上。1周目の聞取は『この名題は』
  台本  : ロス・ロデオス空港では、この値は出されない。
  前の聞取: ロスロデオス空港ではこの名題は出されない。
  後の聞取: ロスロデオス空港ではこの値は出されない。

=== c725-2  「離陸の値で」→「離陸のアタイで」  ＝変わらず  94.9% → 94.9% ===
  理由: 同上
  台本  : KLMの出力は、17時06分19秒に、もう離陸の値で落ち着いていた。
  前の聞取: KLMの出力は十七時六分十九秒にもう離陸の値で落ち着いていた。
  後の聞取: KLMの出力は十七時六分十九秒にもう離陸の値で落ち着いていた。

=== c501-1  「一節を割いている」→「イッセツを サイている」  ＝変わらず  91.8% → 91.8% ===
  理由: 割いて＝わいて／一節＝ひとふし と読みうる。2語とも同じ字で2読み
  台本  : テネリフェの天気は、ふつうの空港とは違う。報告書は一節を割いている。
  前の聞取: テネリフェの天気は普通の空港とは違う。報告書は一節を割いている。
  後の聞取: テネリフェの天気は普通の空港とは違う。報告書は一節を割いている。

=== c915-3  「床が抜け」→「ユカが抜け」  ＝変わらず  100.0% → 100.0% ===
  理由: 🔴 4本目 Hiro で「床」→**とこ**（9テイク中5回）。**行頭にカナを置かない**規則の例外＝漢字のままだと崩れを聞取で見分けられない。行頭が別語に化けたら聞取に出るので、そこで確かめる
  台本  : 床が抜け、乗員は下の階へ降りるしかなかった。
  前の聞取: 床が抜け、乗員は下の階へ降りるしかなかった。
  後の聞取: 床が抜け、乗員は下の階へ降りるしかなかった。

=== c916-1  「壁に開いた穴」→「壁にあいた穴」  ＝変わらず  94.7% → 94.7% ===
  理由: ひらいた と読みうる（穴が開く＝あく）
  台本  : 出口は、左の壁に開いた穴だった。前のほうの人は、そこから外へ出た。
  前の聞取: 出口は左の壁に開いた穴だった。前の方の人はそこから外へ出た。
  後の聞取: 出口は左の壁に開いた穴だった。前の方の人はそこから外へ出た。

=== c912-1  「落ちた破片」→「落ちたハヘン」  ＝変わらず  100.0% → 100.0% ===
  理由: 🔴 8本目の試写で「破片」→**はぺん**。⚠️ ひらがな「たはへん」は「た は」に取られる＝カタカナ
  台本  : 部品では、なかった。落ちた破片でもなかった。
  前の聞取: 部品ではなかった。落ちた破片でもなかった。
  後の聞取: 部品ではなかった。落ちた破片でもなかった。

=== c418-1  「行った先で」→「いった先で」  ＝変わらず  100.0% → 100.0% ===
  理由: おこなった と読みうる（行った先＝いった）
  台本  : 危なければ、ラスパルマスへ電報を送る。つまり、行った先で知らせる。
  前の聞取: 危なければラスパルマスへ電報を送る。つまり行った先で知らせる。
  後の聞取: 危なければラス・パルマスへ電報を送る。つまり行った先で知らせる。

=== c613-2  「端まで行って」→「端までいって」  ＝変わらず  98.2% → 98.2% ===
  理由: おこなって と読みうる
  台本  : まっすぐ端まで行って、そこで向きを変えよ。ようやく、了解が返る。
  前の聞取: まっすぐ端まで行ってそこで向きを変えよう。ようやく了解が返る。
  後の聞取: まっすぐ端まで行って、そこで向きを変えよう。ようやく了解が返る。

=== c715-3  「している最中に」→「しているサイチュウに」  ＝変わらず  100.0% → 100.0% ===
  理由: もなか と読みうる
  台本  : 副操縦士がまだ復唱している最中に、機長は出力を入れた。
  前の聞取: 副操縦士がまだ復唱している最中に、機長は出力を入れた。
  後の聞取: 副操縦士がまだ復唱している最中に、機長は出力を入れた。

=== c508-2  「くる側も」→「くる がわも」  ＝変わらず  90.6% → 90.6% ===
  理由: 🔴 動詞＋側 は そば と読む実績（6本目・心理ch ep006「部屋にいた がわ」）
  台本  : このころには、進入してくる側も、同じくらいまで下がっている。
  前の聞取: この頃には侵入してくる側も同じくらいまで下がっている。
  後の聞取: この頃には侵入してくる側も同じくらいまで下がっている。

=== c510-2  「進入の側は」→「進入の がわは」  ＝変わらず  76.2% → 76.2% ===
  理由: 7本目の辞書「の側→の がわ」（空港の差→空港のガワ）と同じ型
  台本  : 進入の側は500メートルで、ときどき5キロに戻る。
  前の聞取: 侵入の側は五百メートルで、時々五キロに戻る。
  後の聞取: 侵入の側は五百メートルで、時々五キロに戻る。

=== pr01-2  「テネリフェ島」→「テネリフェとう」  ＝変わらず  100.0% → 100.0% ===
  理由: 島＝とう（しま・じま と読みうる。聞取は「島」で同じ）
  台本  : テネリフェ島にある空港の滑走路は、雲の中にあった。
  前の聞取: テネリフェ島にある空港の滑走路は雲の中にあった。
  後の聞取: テネリフェ島にある空港の滑走路は雲の中にあった。

=== pr08-1  「テネリフェ島」→「テネリフェとう」  ＝変わらず  100.0% → 100.0% ===
  理由: 島＝とう（しま・じま と読みうる。聞取は「島」で同じ）
  台本  : 空港は閉められ、行き場を失った便は隣のテネリフェ島へ回された。
  前の聞取: 空港は閉められ、行き場を失った便は隣のテネリフェ島へ回された。
  後の聞取: 空港は閉められ、行き場を失った便は隣のテネリフェ島へ回された。

=== c207-1  「テネリフェ島」→「テネリフェとう」  ▲悪化  100.0% → 86.3% ===
  理由: 島＝とう（しま・じま と読みうる。聞取は「島」で同じ）
  台本  : 回された先が、テネリフェ島のロス・ロデオス空港である。
  前の聞取: 回された先がテネリフェ島のロスロデオス空港である。
  後の聞取: 飛ばされた先がテネリフェとウーのロスロデオス空港である。

=== c301-1  「テネリフェ島」→「テネリフェとう」  ＝変わらず  100.0% → 100.0% ===
  理由: 島＝とう（しま・じま と読みうる。聞取は「島」で同じ）
  台本  : ロス・ロデオス空港は、テネリフェ島の北側にある。
  前の聞取: ロスロデオス空港はテネリフェ島の北側にある
  後の聞取: ロスロデオス空港はテネリフェ島の北側にある。

=== pr07-1  「グランカナリア島」→「グランカナリアとう」  ＝変わらず  100.0% → 100.0% ===
  理由: 同上
  台本  : 行き先は、グランカナリア島のラスパルマス空港である。
  前の聞取: 行き先はグランカナリア島のラスパルマス空港である。
  後の聞取: 行き先はグランカナリア島のラスパルマス空港である。

=== c201-1  「グランカナリア島」→「グランカナリアとう」  ＝変わらず  100.0% → 100.0% ===
  理由: 同上
  台本  : 行き先のラスパルマス空港は、隣のグランカナリア島にある。
  前の聞取: 行き先のラス・パルマス空港は隣のグラン・カナリア島にある。
  後の聞取: 行き先のラスパルマス空港は隣のグランカナリア島にある。

=== c511-1  「10分の1」→「ジュウブンのイチ」  ▲悪化  85.7% → 77.2% ===
  理由: 🔴 8本目の試写「50分の1」→**ごじゅっぷん**のいち（時間の分）と同じ型
  台本  : 26分のあいだに、3キロが300メートルになった。10分の1である。
  前の聞取: 二十六分の間に三キロが三百メートルになった。十分の一である。
  後の聞取: 26分の間に3kmが300mになった。10分の1である。

=== c512-2  「8分の1から8分の7」→「ハチブンのイチからハチブンのナナ」  ＝変わらず  95.4% → 95.4% ===
  理由: 同上
  台本  : 高さ0メートル、つまり地面についた雲は、8分の1から8分の7へ増えた。
  前の聞取: 高さゼロメートル。つまり地面についた雲は八分の一から八分の七へ増えた。
  後の聞取: 高さゼロメートル、つまり地面についた雲は八分の一から八分の七へ増えた。

=== c319-2  「管制官」→「かんせいかん」  ＝変わらず  100.0% → 100.0% ===
  理由: 1周目: 関税官(c710-1,c720-1)／バンジェー艦(c609-1)／勧獣館(c611-1)／管理官(c613-1)／勘定官(c620-1)／観測艦(c728-1)／三獣間(ep07-3)
  台本  : だから管制官は、走る機体をできるだけ早く滑走路から出したい。
  前の聞取: だから管制官は走る機体をできるだけ早く滑走路から出したい。
  後の聞取: だから管制官は、走る機体をできるだけ早く滑走路から出したい。

=== c518-1  「管制官」→「かんせいかん」  ＝変わらず  100.0% → 100.0% ===
  理由: 1周目: 関税官(c710-1,c720-1)／バンジェー艦(c609-1)／勧獣館(c611-1)／管理官(c613-1)／勘定官(c620-1)／観測艦(c728-1)／三獣間(ep07-3)
  台本  : では、誰が決めていたか。管制官である。
  前の聞取: では誰が決めていたか。管制官である。
  後の聞取: では誰が決めていたか。管制官である。

=== c518-2  「管制官」→「かんせいかん」  ＝変わらず  93.1% → 93.1% ===
  理由: 1周目: 関税官(c710-1,c720-1)／バンジェー艦(c609-1)／勧獣館(c611-1)／管理官(c613-1)／勘定官(c620-1)／観測艦(c728-1)／三獣間(ep07-3)
  台本  : 滑走路の端が見えているときは、管制官が自分の目で見て伝えていた。
  前の聞取: 走路の端が見えている時は管制官が自分の目で見て伝えていた
  後の聞取: 走路の端が見えている時は管制官が自分の目で見て伝えていた。

=== c606-1  「管制官」→「かんせいかん」  ＝変わらず  100.0% → 100.0% ===
  理由: 1周目: 関税官(c710-1,c720-1)／バンジェー艦(c609-1)／勧獣館(c611-1)／管理官(c613-1)／勘定官(c620-1)／観測艦(c728-1)／三獣間(ep07-3)
  台本  : だから管制官は、別のやり方を選んだ。
  前の聞取: だから管制官は別のやり方を選んだ。
  後の聞取: だから管制官は別のやり方を選んだ。

=== c609-1  「管制官」→「かんせいかん」  ⭐良化  82.6% → 100.0% ===
  理由: 1周目: 関税官(c710-1,c720-1)／バンジェー艦(c609-1)／勧獣館(c611-1)／管理官(c613-1)／勘定官(c620-1)／観測艦(c728-1)／三獣間(ep07-3)
  台本  : 管制官がKLMに出した最初の指示は、こうだった。
  前の聞取: バンジー艦がKLMに出した最初の指示はこうだった。
  後の聞取: 管制官がKLMに出した最初の指示はこうだった。

=== c611-1  「管制官」→「かんせいかん」  ⭐良化  81.8% → 90.9% ===
  理由: 1周目: 関税官(c710-1,c720-1)／バンジェー艦(c609-1)／勧獣館(c611-1)／管理官(c613-1)／勘定官(c620-1)／観測艦(c728-1)／三獣間(ep07-3)
  台本  : 管制官は、すぐに訂正した。
  前の聞取: 勧獣官はすぐに訂正した。
  後の聞取: 管政官はすぐに訂正した。

=== c613-1  「管制官」→「かんせいかん」  ⭐良化  94.4% → 100.0% ===
  理由: 1周目: 関税官(c710-1,c720-1)／バンジェー艦(c609-1)／勧獣館(c611-1)／管理官(c613-1)／勘定官(c620-1)／観測艦(c728-1)／三獣間(ep07-3)
  台本  : 管制官の答えは、二回続けての否定だった。
  前の聞取: 管理官の答えは二回続けての否定だった。
  後の聞取: 管制官の答えは二回続けての否定だった。

=== c615-1  「管制官」→「かんせいかん」  ⭐良化  92.6% → 94.5% ===
  理由: 1周目: 関税官(c710-1,c720-1)／バンジェー艦(c609-1)／勧獣館(c611-1)／管理官(c613-1)／勘定官(c620-1)／観測艦(c728-1)／三獣間(ep07-3)
  台本  : 管制官は、そのとおりだと答えた。滑走路に入り、三番目を左へ出よ。
  前の聞取: 管制官はその通りだと答えた。滑走路に入り、三番目を左へ出
  後の聞取: 管制官はその通りだと答えた。滑走路に入り、三番目を左へ出よ。

=== c620-1  「管制官」→「かんせいかん」  ▲悪化  90.0% → 70.0% ===
  理由: 1周目: 関税官(c710-1,c720-1)／バンジェー艦(c609-1)／勧獣館(c611-1)／管理官(c613-1)／勘定官(c620-1)／観測艦(c728-1)／三獣間(ep07-3)
  台本  : 管制官は、数えて答えた。
  前の聞取: 管財官は数えて答えた。
  後の聞取: 菅生漢は数えて答えた。

=== c710-1  「管制官」→「かんせいかん」  ⭐良化  76.5% → 82.4% ===
  理由: 1周目: 関税官(c710-1,c720-1)／バンジェー艦(c609-1)／勧獣館(c611-1)／管理官(c613-1)／勘定官(c620-1)／観測艦(c728-1)／三獣間(ep07-3)
  台本  : 17時05分53秒。管制官が読み上げた。
  前の聞取: 十七時六分五十三秒。関税官が読み上げた。
  後の聞取: 十七時五分五十三秒。管誠康が読み上げた。

=== c712-2  「管制官」→「かんせいかん」  ＝変わらず  100.0% → 100.0% ===
  理由: 1周目: 関税官(c710-1,c720-1)／バンジェー艦(c609-1)／勧獣館(c611-1)／管理官(c613-1)／勘定官(c620-1)／観測艦(c728-1)／三獣間(ep07-3)
  台本  : 管制官は離陸の許可を求められてもいないし、出してもいない。
  前の聞取: 管制官は離陸の許可を求められてもいないし、出してもいない。
  後の聞取: 管制官は離陸の許可を求められてもいないし、出してもいない。

=== c720-1  「管制官」→「かんせいかん」  ⭐良化  66.7% → 76.9% ===
  理由: 1周目: 関税官(c710-1,c720-1)／バンジェー艦(c609-1)／勧獣館(c611-1)／管理官(c613-1)／勘定官(c620-1)／観測艦(c728-1)／三獣間(ep07-3)
  台本  : 17時06分18秒。管制官が答えた。まず、オーケー。
  前の聞取: 十七時六分十八秒。関税官が答えた。まず、OK。
  後の聞取: 十七時六分十八秒、管制官が答えた。まずOK。

=== c721-2  「管制官」→「かんせいかん」  ＝変わらず  100.0% → 100.0% ===
  理由: 1周目: 関税官(c710-1,c720-1)／バンジェー艦(c609-1)／勧獣館(c611-1)／管理官(c613-1)／勘定官(c620-1)／観測艦(c728-1)／三獣間(ep07-3)
  台本  : 管制官は、そう送信している。KLMは、もう走っている。
  前の聞取: 管制官はそう送信している。KLMはもう走っている。
  後の聞取: 管制官はそう送信している。KLMはもう走っている。
    ⚠️ 異音 c728-1 take1: 末尾に余計な音: 110ms の無音 → 140ms の音（4.58秒地点・振幅15790＝本文の1.7倍）
    ⚠️ 異音 c728-1 take2: 末尾に余計な音: 130ms の無音 → 60ms の音（4.58秒地点・振幅18131＝本文の2.0倍）
    ⚠️ 異音 c728-1 take3: 末尾に余計な音: 90ms の無音 → 70ms の音（4.65秒地点・振幅21939＝本文の2.5倍）

=== c728-1  「管制官」→「かんせいかん」  ⭐良化  81.8% → 97.8% ===
  理由: 1周目: 関税官(c710-1,c720-1)／バンジェー艦(c609-1)／勧獣館(c611-1)／管理官(c613-1)／勘定官(c620-1)／観測艦(c728-1)／三獣間(ep07-3)
  台本  : 17時06分25秒。管制官がパンナムへ、こう言った。
  前の聞取: 十七時六分二十五秒、観測艦がパンナムへこう言った。
  後の聞取: 17時6分25秒。管制官がパンナムへこう言った。

=== c804-1  「管制官」→「かんせいかん」  ＝変わらず  100.0% → 100.0% ===
  理由: 1周目: 関税官(c710-1,c720-1)／バンジェー艦(c609-1)／勧獣館(c611-1)／管理官(c613-1)／勘定官(c620-1)／観測艦(c728-1)／三獣間(ep07-3)
  台本  : 訓練の飛行では、教官が管制官の役もやる。
  前の聞取: 訓練の飛行では教官が管制官の役もやる。
  後の聞取: 訓練の飛行では、教官が管制官の役もやる。
    ⚠️ 異音 ep07-3 take1: 途中に浮いた音: 230ms（2.55秒地点・振幅6838＝本文の1.1倍／前80ms・後310ms の無音）

=== ep07-3  「管制官」→「かんせいかん」  ⭐良化  80.0% → 90.0% ===
  理由: 1周目: 関税官(c710-1,c720-1)／バンジェー艦(c609-1)／勧獣館(c611-1)／管理官(c613-1)／勘定官(c620-1)／観測艦(c728-1)／三獣間(ep07-3)
  台本  : 管制官の「オーケー」も適切ではなかった。ただし離陸は、もう始まっていた。
  前の聞取: 三獣間のOKも適切ではなかった。ただし、離陸はもう始まっていた。
  後の聞取: 管制官のOKも適切ではなかった。ただし、離陸はもう始まっていた。

=== c717-1  「管制官の側から」→「かんせいかんの がわから」  ⭐良化  77.4% → 100.0% ===
  理由: 1周目『漢字絵巻の側から』＋ 動詞でない「の側」も がわ に固定（7本目と同じ）
  台本  : 管制官の側から見ると、どうなるか。
  前の聞取: 漢字絵巻の側から見るとどうなるか。
  後の聞取: 管制官の側から見るとどうなるか。

=== c727-3  「管制官が言い終える前、パンナムに届いたのは、最後の一音」→「かんせいかんが言い終える前、パンナムに届いたのは、最後のイチオン」  ▲悪化  96.7% → 93.3% ===
  理由: 1周目『管理官が』＋ 一音＝ひとおと と読みうる。1行に2件なので1キーにまとめた（門番⑥）
  台本  : 管制官が言い終える前、パンナムに届いたのは、最後の一音だけだった。
  前の聞取: 管理官が言い終える前、パンナムに届いたのは最後の一音だけだった。
  後の聞取: 韓世官が言い終える前、パンナムに届いたのは最後の一音だけだった。

=== c308-1  「管制塔」→「かんせいとう」  ▲悪化  94.3% → 88.9% ===
  理由: 1周目: カンジェト(c718-2)／漢字江島(c901-1)／カンジエトウ(c902-2)／漢字党(c904-1)
  台本  : ラスパルマス空港が開いたあと、パンナム機が管制塔を呼んだ。
  前の聞取: ラス・パルマス空港が開いた後、パンナム機が管制塔を呼んだ。
  後の聞取: ジャスパルマス空港が開いた後、パンナム機が管制塔を呼んだ。

=== c317-1  「管制塔」→「かんせいとう」  ＝変わらず  100.0% → 100.0% ===
  理由: 1周目: カンジェト(c718-2)／漢字江島(c901-1)／カンジエトウ(c902-2)／漢字党(c904-1)
  台本  : 雲が降りると、管制塔からは、滑走路を走る機体が見えなくなる。
  前の聞取: 雲が降りると管制塔からは滑走路を走る機体が見えなくなる。
  後の聞取: 雲が降りると、管制塔からは滑走路を走る機体が見えなくなる。

=== c401-1  「管制塔」→「かんせいとう」  ＝変わらず  95.4% → 95.4% ===
  理由: 1周目: カンジェト(c718-2)／漢字江島(c901-1)／カンジエトウ(c902-2)／漢字党(c904-1)
  台本  : KLMは管制塔に出発の予定時刻をたずね、燃料を足す必要があると伝えた。
  前の聞取: KLMは管制塔に出発の予定時刻を尋ね、燃料を足す必要があると伝えた。
  後の聞取: KLMは管制塔に出発の予定時刻を尋ね、燃料を足す必要があると伝えた。

=== c601-2  「管制塔」→「かんせいとう」  ⭐良化  96.6% → 100.0% ===
  理由: 1周目: カンジェト(c718-2)／漢字江島(c901-1)／カンジエトウ(c902-2)／漢字党(c904-1)
  台本  : KLMが管制塔を呼び、地上を走る許可を求めた。許可はすぐに出た。
  前の聞取: KLNが管制塔を呼び、地上を走る許可を求めた。許可はすぐに出た。
  後の聞取: KLMが管制塔を呼び、地上を走る許可を求めた。許可はすぐに出た。

=== c614-1  「管制塔」→「かんせいとう」  ＝変わらず  95.0% → 95.0% ===
  理由: 1周目: カンジェト(c718-2)／漢字江島(c901-1)／カンジエトウ(c902-2)／漢字党(c904-1)
  台本  : 17時02分。今度は、パンナムが管制塔を呼んだ。
  前の聞取: 十七時二分。今度はパンナムが管制塔を呼んだ。
  後の聞取: 十七時二分、今度はパンナムが管制塔を呼んだ。

=== c619-1  「管制塔」→「かんせいとう」  ▲悪化  95.2% → 93.0% ===
  理由: 1周目: カンジェト(c718-2)／漢字江島(c901-1)／カンジエトウ(c902-2)／漢字党(c904-1)
  台本  : 17時03分29秒。パンナムが、管制塔に確かめた。
  前の聞取: 十七時三分二十九秒。パンナムが管制塔に確かめた。
  後の聞取: 十七時七三分二十九秒。パンナムが管制塔に確かめた。

=== c718-2  「管制塔」→「かんせいとう」  ⭐良化  78.9% → 100.0% ===
  理由: 1周目: カンジェト(c718-2)／漢字江島(c901-1)／カンジエトウ(c902-2)／漢字党(c904-1)
  台本  : 管制塔の録音を、初めて一緒に聞いている。
  前の聞取: カンジェトの録音を初めて一緒に聞いている。
  後の聞取: 管制塔の録音を初めて一緒に聞いている。

=== c901-1  「管制塔」→「かんせいとう」  ⭐良化  75.9% → 100.0% ===
  理由: 1周目: カンジェト(c718-2)／漢字江島(c901-1)／カンジエトウ(c902-2)／漢字党(c904-1)
  台本  : 管制塔からは、何も見えなかった。
  前の聞取: 漢字江島からは何も見えなかった
  後の聞取: 管制塔からは何も見えなかった。

=== c902-2  「管制塔」→「かんせいとう」  ⭐良化  81.4% → 96.4% ===
  理由: 1周目: カンジェト(c718-2)／漢字江島(c901-1)／カンジエトウ(c902-2)／漢字党(c904-1)
  台本  : 管制塔には、それを確かめる手立てが無かった。見えないのである。
  前の聞取: カンジエトウにはそれを確かめる手立てがなかった。見えないのである。
  後の聞取: 管制塔にはそれを確かめる手立てがなかった。見えないのである。

=== c904-1  「管制塔」→「かんせいとう」  ⭐良化  81.2% → 100.0% ===
  理由: 1周目: カンジェト(c718-2)／漢字江島(c901-1)／カンジエトウ(c902-2)／漢字党(c904-1)
  台本  : 管制塔は、すぐに消防へ警報を出した。
  前の聞取: 漢字党はすぐに消防へ警報を出した。
  後の聞取: 管制塔はすぐに消防へ警報を出した。

=== c521-1  「管制塔は、このことを17時04分58秒」→「かんせいとうは、このことを十七時四分五十八秒」  ⭐良化  77.6% → 95.8% ===
  理由: 1周目『万事党は…十七時**六四分**五十八秒』＝管制塔と時刻の両方。1キーにまとめた
  台本  : 管制塔は、このことを17時04分58秒に両機へ伝えた。
  前の聞取: 三字刀はこのことを十七時六四分五十八秒に僚機へ伝えた。
  後の聞取: 管制塔はこのことを十七時四分五十八秒に両機へ伝えた。

=== pr02-1  「747」→「ナナヨンナナ」  ＝変わらず  100.0% → 100.0% ===
  理由: 1周目: 砂漠47(c114-2)／ナマ47(c115-2)／1047(c119-1)／Mac四十七(c701-2)。聞取が数字「747」のままの行は読みが分からない＝全行で固定する
  台本  : その滑走路に、ボーイング747が2機いた。
  前の聞取: その滑走路にボーイング747が2機いた。
  後の聞取: その滑走路にボーイング747が二機いた。

=== c101-1  「747」→「ナナヨンナナ」  ⭐良化  82.0% → 100.0% ===
  理由: 1周目: 砂漠47(c114-2)／ナマ47(c115-2)／1047(c119-1)／Mac四十七(c701-2)。聞取が数字「747」のままの行は読みが分からない＝全行で固定する
  台本  : ボーイング747は、ジャンボ機と呼ばれ、1970年から飛び始めた。
  前の聞取: Boeing747はジャンボ機と呼ばれ、1970年から飛び始めた。
  後の聞取: ボーイング747はジャンボ機と呼ばれ、1970年から飛び始めた。

=== c102-1  「747」→「ナナヨンナナ」  ⭐良化  92.1% → 98.4% ===
  理由: 1周目: 砂漠47(c114-2)／ナマ47(c115-2)／1047(c119-1)／Mac四十七(c701-2)。聞取が数字「747」のままの行は読みが分からない＝全行で固定する
  台本  : KLMの機体は、登録記号がPH-BUFという1971年製の747。
  前の聞取: KLMの機体は登録記号がPH-MIFVという1971年製の747
  後の聞取: KLMの機体は登録記号がPHBUFという1971年製の747。

=== c108-2  「747」→「ナナヨンナナ」  ＝変わらず  100.0% → 100.0% ===
  理由: 1周目: 砂漠47(c114-2)／ナマ47(c115-2)／1047(c119-1)／Mac四十七(c701-2)。聞取が数字「747」のままの行は読みが分からない＝全行で固定する
  台本  : そのうち747での時間は、95時間しかなかった。
  前の聞取: そのうち747での時間は95時間しかなかった。
  後の聞取: そのうち七四七での時間は九十五時間しかなかった。

=== c111-1  「747」→「ナナヨンナナ」  ⭐良化  98.2% → 100.0% ===
  理由: 1周目: 砂漠47(c114-2)／ナマ47(c115-2)／1047(c119-1)／Mac四十七(c701-2)。聞取が数字「747」のままの行は読みが分からない＝全行で固定する
  台本  : 三人目は、航空機関士のスフルーダー。747での時間は543時間。
  前の聞取: 三人目は航空機関士のスルーダー。七四七での時間は五百四十三時間。
  後の聞取: 三人目は航空機関士のスフルーダー。七四七での時間は五百四十三時間。

=== c111-3  「747」→「ナナヨンナナ」  ＝変わらず  100.0% → 100.0% ===
  理由: 1周目: 砂漠47(c114-2)／ナマ47(c115-2)／1047(c119-1)／Mac四十七(c701-2)。聞取が数字「747」のままの行は読みが分からない＝全行で固定する
  台本  : 当時の747の操縦室は、この三人で回していた。
  前の聞取: 当時の七四七の操縦室はこの三人で回していた。
  後の聞取: 当時の七四七の操縦室はこの三人で回していた。

=== c114-2  「747」→「ナナヨンナナ」  ⭐良化  90.3% → 100.0% ===
  理由: 1周目: 砂漠47(c114-2)／ナマ47(c115-2)／1047(c119-1)／Mac四十七(c701-2)。聞取が数字「747」のままの行は読みが分からない＝全行で固定する
  台本  : 747には564時間、乗っていた。
  前の聞取: 砂漠47には564時間乗っていた。
  後の聞取: 七四七には五百六十四時間乗っていた。

=== c115-2  「747」→「ナナヨンナナ」  ⭐良化  96.2% → 100.0% ===
  理由: 1周目: 砂漠47(c114-2)／ナマ47(c115-2)／1047(c119-1)／Mac四十七(c701-2)。聞取が数字「747」のままの行は読みが分からない＝全行で固定する
  台本  : 航空機関士のワーンズは、747で559時間を飛んでいる。
  前の聞取: 航空機関士のワーンズは生47で559時間を飛んでいる。
  後の聞取: 航空機関士のワーンズは七四七で五百五十九時間を飛んでいる。

=== c119-1  「747」→「ナナヨンナナ」  ⭐良化  81.0% → 87.8% ===
  理由: 1周目: 砂漠47(c114-2)／ナマ47(c115-2)／1047(c119-1)／Mac四十七(c701-2)。聞取が数字「747」のままの行は読みが分からない＝全行で固定する
  台本  : 747は大きいぶん、地上で置く場所も広く要る。
  前の聞取: 1047は大きい分、地上で置く場所も広くいる。
  後の聞取: 七四七は大きい分、地上で置く場所も広くいる。

=== c215-1  「747」→「ナナヨンナナ」  ＝変わらず  71.8% → 71.8% ===
  理由: 1周目: 砂漠47(c114-2)／ナマ47(c115-2)／1047(c119-1)／Mac四十七(c701-2)。聞取が数字「747」のままの行は読みが分からない＝全行で固定する
  台本  : いちばんうしろに、パンナムの747が停まった。
  前の聞取: 一番後ろにパンナムの747が止まった。
  後の聞取: 一番後ろにパンナムの747が止まった。

=== c306-1  「747」→「ナナヨンナナ」  ＝変わらず  100.0% → 100.0% ===
  理由: 1周目: 砂漠47(c114-2)／ナマ47(c115-2)／1047(c119-1)／Mac四十七(c701-2)。聞取が数字「747」のままの行は読みが分からない＝全行で固定する
  台本  : 誘導路に並んだ5機のうち、2機がジャンボ機の747である。
  前の聞取: 誘導路に並んだ五機のうち二機がジャンボ機の七四七である。
  後の聞取: 誘導路に並んだ五機のうち二機がジャンボ機の七四七である。

=== c313-2  「747」→「ナナヨンナナ」  ＝変わらず  92.7% → 92.7% ===
  理由: 1周目: 砂漠47(c114-2)／ナマ47(c115-2)／1047(c119-1)／Mac四十七(c701-2)。聞取が数字「747」のままの行は読みが分からない＝全行で固定する
  台本  : すき間は、747が通り抜けるには足りなかった。
  前の聞取: 隙間は七四七が通り抜けるには足りなかった。
  後の聞取: 隙間は七四七が通り抜けるには足りなかった。

=== c701-2  「747」→「ナナヨンナナ」  ▲悪化  88.9% → 87.2% ===
  理由: 1周目: 砂漠47(c114-2)／ナマ47(c115-2)／1047(c119-1)／Mac四十七(c701-2)。聞取が数字「747」のままの行は読みが分からない＝全行で固定する
  台本  : 幅45メートルの上で、747を回すことになる。
  前の聞取: 幅四十五メートルの上でMark47を回すことになる。
  後の聞取: 幅四十5mの上で七四七を回すことになる。

=== c702-2  「747」→「ナナヨンナナ」  ＝変わらず  100.0% → 100.0% ===
  理由: 1周目: 砂漠47(c114-2)／ナマ47(c115-2)／1047(c119-1)／Mac四十七(c701-2)。聞取が数字「747」のままの行は読みが分からない＝全行で固定する
  台本  : 幅45メートル。霧の中。そして747。条件が、三つとも悪い。
  前の聞取: 幅四十五メートル、霧の中、そして七百四十七。条件が三つとも悪い。
  後の聞取: 幅四十五メートル、霧の中、そして七四七。条件が三つとも悪い。

=== c106-2  「747での時間は、1,545時間」→「ナナヨンナナでの時間は、センゴヒャクヨンジュウゴ時間」  ▲悪化  100.0% → 97.6% ===
  理由: 1,545 は聞取が数字のまま＝読みが分からない
  台本  : そのうち747での時間は、1,545時間だった。
  前の聞取: そのうち747での時間は1545時間だった。
  後の聞取: そのうち七四七での時間は千五百四十五時間だった。

=== c109-1  「747の資格を取ったのは、事故の2か月あまり前の1月19日」→「ナナヨンナナの資格を取ったのは、事故の2か月あまり前のイチガツ19日」  ⭐良化  87.3% → 90.9% ===
  理由: 1周目『四四七の資格…前の**月**十九日』＝747 と 1月 の両方
  台本  : 747の資格を取ったのは、事故の2か月あまり前の1月19日。
  前の聞取: 四四七の資格を取ったのは事故の二ヶ月余り前の1月19日。
  後の聞取: 七四七の資格を取ったのは事故の二ヶ月余り前の1月19日。

=== c109-2  「1,545時間の人」→「センゴヒャクヨンジュウゴ時間の人」  ＝変わらず  100.0% → 100.0% ===
  理由: c106-2 と同じ
  台本  : 同じ操縦室に、1,545時間の人と95時間の人が並んでいた。
  前の聞取: 同じ操縦室に1545時間の人と95時間の人が並んでいた
  後の聞取: 同じ操縦室に1545時間の人と95時間の人が並んでいた。
    ⚠️ 異音 c115-1 take1: 末尾に余計な音: 270ms の無音 → 40ms の音（7.96秒地点・振幅16104＝本文の1.9倍）

=== c115-1  「10,800時間のうち、747が」→「イチマンハッピャク時間のうち、ナナヨンナナが」  ▲悪化  98.3% → 90.9% ===
  理由: 1周目『十点八百時間のうち七千四十七が』
  台本  : 副操縦士はブラッグ。10,800時間のうち、747が2,796時間。
  前の聞取: 副操縦士はブラッグ。 10,800時間のうち 7,047が 2,796時間。
  後の聞取: 副操縦士はブラック。 一万八百時間のうち七四七が二千七百九十六時間。

=== c102-2  「21,195時間飛び、5,202回着陸」→「ニマンイッセンヒャクキュウジュウゴ時間飛び、ゴセンニヒャクニ回着陸」  ＝変わらず  96.2% → 96.0% ===
  理由: 1周目『5年202回』。⚠️「…回」で切ると直後が「着」（漢字）で本番の辞書が当たらない（門番③⑤が止めた）
  台本  : この日までに21,195時間飛び、5,202回着陸していた。
  前の聞取: この日までに二一千一百九十五時間飛び、五年二百二回着陸していた。
  後の聞取: この日までに二万一千百九十五時間飛び、五千二百二回着陸していた。

=== c103-2  「25,725時間」→「ニマンゴセンナナヒャクニジュウゴ時間」  ＝変わらず  100.0% → 100.0% ===
  理由: 1周目『二五七二五時間』＝1桁ずつ
  台本  : 飛んだ時間は25,725時間で、KLM機より長く働いていた。
  前の聞取: 飛んだ時間は二五七二五時間で、KLM機より長く働いていた。
  後の聞取: 飛んだ時間は二万五千七百二十五時間で、KLM機より長く働いていた。

=== c106-1  「11,700時間」→「イチマンセンナナヒャク時間」  ＝変わらず  95.5% → 95.5% ===
  理由: 1周目『十一千七百時間』＝7本目「十千七百」と同じ（万が落ちる）
  台本  : KLMの機長はフェルトハイゼン・ファン・ザンテン。飛んだ時間は11,700時間。
  前の聞取: KLMの機長はフェルトハイゼン・ファン・ザンテン。飛んだ時間は十一千七百時間。
  後の聞取: KLMの機長はフェルトハイゼン・ファン・ザンテン。飛んだ時間は一万七百時間。

=== c114-1  「21,043時間」→「ニマンイッセンヨンジュウサン時間」  ＝変わらず  98.2% → 98.2% ===
  理由: 1周目『二一千四十三時間』
  台本  : パンナムの機長はグラブス。飛んだ時間は21,043時間である。
  前の聞取: パンナムの機長はグラブス。飛んだ時間は二一千四十三時間である。
  後の聞取: パンナムの機長はグラブス。飛んだ時間は二万一千四十三時間である。

=== c117-1  「乗客378人」→「乗客サンビャクナナジュウハチニン」  ⭐良化  96.0% → 98.0% ===
  理由: 🔴 1周目『三百八人』＝別の数
  台本  : パンナム機に乗っていたのは、乗員16人と乗客378人。
  前の聞取: パンナム機に乗っていたのは乗員16人と乗客308人。
  後の聞取: パンナム機に乗っていたのは、乗員十六人と乗客三百七十八人。

=== c815-1  「乗客234人が乗っていた」→「乗客ニヒャクサンジュウヨニンが乗っていた」  ⭐良化  98.0% → 100.0% ===
  理由: 🔴 1周目『二千三十四人』＝別の数。⚠️「乗客234人」は c105-2（無事）にも在る＝長くした
  台本  : KLM機には、乗員14人と乗客234人が乗っていた。
  前の聞取: KLM機には乗員14人と乗客2034人が乗っていた。
  後の聞取: KLM機には乗員14人と乗客234人が乗っていた。

=== ep10-3  「583人が亡くなり」→「五百八十三人が亡くなり」  ⭐良化  96.6% → 100.0% ===
  理由: 🔴🔴 1周目『二百八十三人』＝**最後の行で死者数が別の数**。行頭なので漢数字
  台本  : 583人が亡くなり、61人が生きて出た。1本の滑走路の上である。
  前の聞取: 二百八十三人が亡くなり、六十一人が生きて出た。一本の滑走路の上である。
  後の聞取: 五百八十三人が亡くなり、六十一人が生きて出た一本の滑走路の上である。

=== c303-1  「3,400メートル」→「サンゼンヨンヒャクメートル」  ▲悪化  92.6% → 84.6% ===
  理由: 1周目『三四零零メートル』
  台本  : 滑走路は、1本しかない。長さ3,400メートル、幅45メートル。
  前の聞取: 滑走路は一本しかない。長さ三四零零メートル、幅四十五メートル。
  後の聞取: ソウルは一本しかない。長さ三千四百メートル、幅四十五メートル。

=== c403-1  「55,500リットル」→「ゴマンゴセンゴヒャクリットル」  ⭐良化  90.9% → 93.8% ===
  理由: 1周目『五十五点五百リットル』＝桁区切りを小数点に読む
  台本  : 実際に入れた量は、55,500リットル。
  前の聞取: 実際に入れた量は五十五点五百リットル。
  後の聞取: 実際に入れた量は五万五千五百リットル。

=== c405-2  「25分の飛行に、55,500リットル」→「ニジュウゴフンの飛行に、ゴマンゴセンゴヒャクリットル」  ⭐良化  92.7% → 95.0% ===
  理由: 1周目『二五分の飛行に五五点五百リットル』＝両方。1キーにまとめた
  台本  : 25分の飛行に、55,500リットルは多すぎる。
  前の聞取: 二十五分の飛行に五十五点五百リットルは多すぎる。
  後の聞取: 二五分の飛行に五万五千五百リットルは多すぎる。

=== c701-1  「180度向きを」→「ヒャクハチジュウド向きを」  ＝変わらず  93.9% → 93.9% ===
  理由: 1周目『度向きを変える』＝180 が消えた。⚠️「180度」で切ると直後が「向」（漢字）で当たらない（門番③⑤が止めた）
  台本  : KLMは、滑走路の端に着いた。そこで、180度向きを変える。
  前の聞取: KLMは滑走路の端に着いた。そこで度向きを変える。
  後の聞取: KLMは滑走路の端に着いた。そこで度向きを変える。

=== pr05-1  「4805便」→「四千八百五便」  ⭐良化  91.2% → 92.5% ===
  理由: 🔴 1周目 3行とも別の数（四三八六便／四八六五便／三八八零号便）。c210-2 は行頭なので漢数字で揃えた
  台本  : 一機はKLMオランダ航空の4805便。朝9時にアムステルダムを出ていた。
  前の聞取: 実機はKLMオランダ航空の四三八六便。朝九時にアムステルダムを出ていた。
  後の聞取: 行きはKLMオランダ航空の四千八百五便。朝九時にアムステルダムを出ていた。

=== c104-1  「4805便」→「四千八百五便」  ⭐良化  94.1% → 97.0% ===
  理由: 🔴 1周目 3行とも別の数（四三八六便／四八六五便／三八八零号便）。c210-2 は行頭なので漢数字で揃えた
  台本  : KLMの4805便は、定期便ではない。
  前の聞取: KLMの四八六五便は定期便ではない。
  後の聞取: KLMの四千八百五便は定期便ではない。

=== c210-2  「4805便」→「四千八百五便」  ⭐良化  86.8% → 98.0% ===
  理由: 🔴 1周目 3行とも別の数（四三八六便／四八六五便／三八八零号便）。c210-2 は行頭なので漢数字で揃えた
  台本  : 4805便の乗り継ぎの客であることを示すカードである。
  前の聞取: 三八八零号便の乗り継ぎの客であることを示すカードである。
  後の聞取: 四千八百五便の乗り継ぎの客であることを示すカードである。

=== c809-1  「17時06分43秒」→「十七時六分四十三秒」  ⭐良化  89.5% → 94.7% ===
  理由: 1周目『**十二時**六分四十三秒』。行頭なので漢数字
  台本  : 17時06分43秒。副操縦士が、V1、と告げた。
  前の聞取: 十二時六分四十三秒、副操縦士がV1と告げた。
  後の聞取: 十七時六分四十三秒、副操縦士がV1と告げた。

=== c706-1  「17時05分41秒」→「十七時五分四十一秒」  ⭐良化  92.6% → 96.3% ===
  理由: 1周目『十七時**六分**四十一秒』。行頭なので漢数字
  台本  : 17時05分41秒。記録装置に、出力を進める動きが残っている。
  前の聞取: 十七時六分四十一秒。記録装置に出力を進める動きが残っている。
  後の聞取: 十七時五分四十一秒。記録装置に出力を進める動きが残っている。

=== pr01-1  「1977年3月27日の夕方」→「千九百七十七年三月二十七日の夕方」  ⭐良化  92.9% → 96.4% ===
  理由: 🔴 動画の1行目。1周目『3月**21日**』。1977年も聞取が数字のまま
  台本  : 1977年3月27日の夕方5時すぎ、スペインのカナリア諸島。
  前の聞取: 1977年3月21日の夕方5時過ぎ、スペインのカナリア諸島
  後の聞取: 1977年3月27日の夕方5時過ぎ、スペインのカナリア諸島

=== ep10-2  「1977年3月27日、17時06分50秒」→「千九百七十七年三月二十七日、十七時六分五十秒」  ▲悪化  97.3% → 86.5% ===
  理由: 🔴 最後から2行目。聞取が数字のまま＝読みが分からない。pr01-1 と揃える
  台本  : 1977年3月27日、17時06分50秒。
  前の聞取: 1977年3月27日17時6分50秒。
  後の聞取: 1972年3月27日11時6分50秒。

=== pr04-3  「二機とも」→「ニキとも」  ⭐良化  93.8% → 100.0% ===
  理由: 🔴 2行とも1周目『**2人とも**』。pr04-3 は決め所#1（タイトルのつかみ）。行頭だが漢字のままでは崩れる
  台本  : 二機とも、来るはずのない空港にいた
  前の聞取: 2人とも来るはずのない空港にいた。
  後の聞取: 二機とも来るはずのない空港にいた。

=== c217-2  「二機とも」→「ニキとも」  ⭐良化  96.0% → 100.0% ===
  理由: 🔴 2行とも1周目『**2人とも**』。pr04-3 は決め所#1（タイトルのつかみ）。行頭だが漢字のままでは崩れる
  台本  : 二機とも、本来の行き先へ向かう準備を始めることになる。
  前の聞取: 2人とも本来の行き先へ向かう準備を始めることになる。
  後の聞取: 二機とも本来の行き先へ向かう準備を始めることになる。
    ⚠️ 異音 c907-1 take1: 途中に浮いた音: 230ms（1.38秒地点・振幅31665＝本文の4.2倍／前100ms・後90ms の無音）

=== c907-1  「駐まっている」→「とまっている」  ⭐良化  88.9% → 90.9% ===
  理由: 1周目『つづまっている』
  台本  : 人にも、車にも、駐まっている機体にもぶつかりうる。
  前の聞取: 人にも車にも、つづまっている機体にもぶつかり得る。
  後の聞取: 人にも車にも止まっている機体にもぶつかり得る。

=== c716-2  「ブレーキが放された」→「ブレーキが はなされた」  ＝変わらず  88.9% → 88.9% ===
  理由: 1周目『外された』。⚠️「がはなされた」は助詞に取られうる＝空白
  台本  : 記録では、ブレーキが放されたのは17時06分11秒。
  前の聞取: 記録ではブレーキが外されたのは十七時六分十一秒。
  後の聞取: 記録ではブレーキが離されたのは十七時六分十一秒。

=== c316-1  「30側の端」→「30がわの端」  ⭐良化  64.0% → 66.7% ===
  理由: 1周目『三重瀬田の橋』
  台本  : 30側の端は、610メートル。
  前の聞取: 三重瀬川の橋は六百十メートル
  後の聞取: 三重川の橋は六百十メートル。

=== c316-2  「12側の端」→「12がわの端」  ＝変わらず  80.0% → 80.0% ===
  理由: 1周目『十二沢の橋』
  台本  : 12側の端は、629メートル。
  前の聞取: 十二沢の橋は六百二十九メートル。
  後の聞取: 十二川の橋は六百二十九メートル。

=== c214-2  「SATAの」→「サタの」  ⭐良化  88.9% → 95.2% ===
  理由: 1周目『サター』。社名 SATA は サタ（台本 §10-3 の未確定を ⑤a で決める）
  台本  : ブラーテンスの737、スターリングの727、SATAのDC-8である。
  前の聞取: ブラーテンスの七三七、スターリングの七二七、サターのDC-8である。
  後の聞取: ブラーデンスの737、スターリングの727、SATAのDC8である。

97件 -> ep9_yomi_ab.tsv（1件ごとに書き足し）
exit=0
