ElevenLabs: 声=Koichi-Deep Calm Japanese Narrator（H8ZPDxbrPcks5hEsi2fq） モデル=eleven_v3 settings={'stability': 0.64, 'similarity_boost': 0.89, 'style': 0.0, 'speed': 1.0, 'use_speaker_boost': True} ／クレジット 89,499 / 131,000／GAP 0.4s
pr01:  10.40s  (2行)
pr02:   8.88s  (2行)
pr03:   7.92s  (2行)
pr04:   8.88s  (3行)
pr05:  10.55s  (2行)
pr06:   8.95s  (2行)
pr07:   8.74s  (2行)
pr08:   7.60s  (2行)
    ⚠️ 異音 pr09-2 take1: 末尾に余計な音: 100ms の無音 → 150ms の音（2.80秒地点・振幅7845＝本文の1.0倍）
    ⚠️ 異音 pr09-2 take2: 末尾に余計な音: 100ms の無音 → 190ms の音（2.92秒地点・振幅10984＝本文の1.4倍）
pr09:  10.16s  (3行)
pr10:  11.04s  (3行)
    ⚠️ 異音 pr11-1 take1: 末尾に余計な音: 80ms の無音 → 40ms の音（4.32秒地点・振幅13845＝本文の1.6倍）
    ⚠️ 異音 pr11-1 take2: 末尾に余計な音: 130ms の無音 → 50ms の音（4.90秒地点・振幅11115＝本文の1.4倍）
pr11:   9.30s  (2行)
c101:   8.00s  (2行)
c102:  13.88s  (2行)
c103:  12.14s  (2行)
c104:   9.98s  (3行)
c105:  10.94s  (2行)
c106:  10.96s  (2行)
c107:   7.73s  (2行)
c108:   9.32s  (2行)
c109:  11.44s  (2行)
c110:   5.92s  (2行)
c111:  14.32s  (3行)
c112:  11.04s  (2行)
c113:   9.35s  (2行)
c114:   9.67s  (2行)
    ⚠️ 異音 c115-1 take1: 途中に浮いた音: 220ms（1.80秒地点・振幅22515＝本文の2.8倍／前160ms・後80ms の無音）
c115:  11.93s  (2行)
    ⚠️ 異音 c116-2 take1: 途中に浮いた音: 130ms（1.95秒地点・振幅19435＝本文の1.8倍／前80ms・後110ms の無音）
c116:   8.24s  (2行)
c117:  11.98s  (3行)
c118:  10.30s  (3行)
c119:   5.43s  (2行)
c120:   8.99s  (2行)
c201:   7.46s  (2行)
c202:   8.64s  (2行)
c203:   7.52s  (2行)
c204:   7.12s  (2行)
c205:   5.52s  (2行)
c206:  12.16s  (3行)
c207:  10.96s  (2行)
c208:   8.24s  (2行)
    ⚠️ 異音 c209-1 take1: 末尾に余計な音: 80ms の無音 → 90ms の音（3.26秒地点・振幅13462＝本文の1.1倍）
c209:   7.76s  (2行)
c210:   7.84s  (2行)
    ⚠️ 異音 c211-2 take1: 末尾に余計な音: 80ms の無音 → 210ms の音（2.43秒地点・振幅6782＝本文の1.0倍）
    ⚠️ 異音 c211-2 take2: 末尾に余計な音: 100ms の無音 → 170ms の音（2.31秒地点・振幅9304＝本文の1.2倍）
    ⚠️ 異音 c211-2 take3: 末尾に余計な音: 90ms の無音 → 120ms の音（2.44秒地点・振幅7674＝本文の1.0倍）
c211:   9.28s  (3行)
c212:   8.40s  (2行)
c213:   9.32s  (2行)
c214:   8.00s  (2行)
c215:   7.60s  (2行)
c216:   6.24s  (2行)
c217:  10.48s  (3行)
c218:   7.04s  (2行)
c219:   9.28s  (3行)
c220:   9.01s  (3行)
c301:   8.46s  (2行)
c302:   8.88s  (2行)
c303:  16.49s  (3行)
c304:  13.99s  (3行)
    ⚠️ 異音 c305-1 take1: 末尾に余計な音: 90ms の無音 → 220ms の音（3.62秒地点・振幅10417＝本文の1.2倍）
c305:   7.17s  (2行)
c306:   9.76s  (2行)
c307:   6.95s  (2行)
c308:   7.80s  (2行)
c309:   9.52s  (2行)
    ⚠️ 異音 c310-2 take1: 末尾に余計な音: 110ms の無音 → 140ms の音（2.15秒地点・振幅20121＝本文の2.2倍）
    ⚠️ 異音 c310-2 take2: 末尾に余計な音: 90ms の無音 → 140ms の音（2.21秒地点・振幅9443＝本文の1.2倍）
c310:  11.12s  (3行)
c311:   7.27s  (2行)
c312:   6.56s  (2行)
c313:   9.02s  (3行)
c314:   8.45s  (2行)
c315:   3.84s  (1行)
c316:  10.55s  (3行)
c317:   4.32s  (1行)
c318:   9.63s  (2行)
c319:   8.29s  (2行)
c320:   4.00s  (1行)
c321:   4.08s  (1行)
c322:   8.48s  (2行)
c401:   9.22s  (2行)
c402:   6.72s  (2行)
c403:   7.60s  (2行)
c404:   8.64s  (2行)
c405:   8.00s  (2行)
    ⚠️ 異音 c406-2 take1: 途中に浮いた音: 220ms（3.48秒地点・振幅14447＝本文の1.5倍／前170ms・後450ms の無音）
c406:   6.38s  (2行)
c407:   8.69s  (3行)
    ⚠️ 異音 c408-1 take1: 末尾に余計な音: 260ms の無音 → 100ms の音（3.66秒地点・振幅8327＝本文の1.0倍）
c408:   7.44s  (2行)
c409:   9.81s  (2行)
c410:   8.16s  (2行)
c411:   7.36s  (2行)
c412:   7.89s  (3行)
c413:   8.40s  (2行)
c414:  11.68s  (3行)
c415:   7.84s  (2行)
c416:   6.32s  (2行)
    ⚠️ 異音 c417-1 take1: 末尾に余計な音: 80ms の無音 → 140ms の音（2.58秒地点・振幅7214＝本文の1.0倍）; 先頭に余計な音: 200ms の音（振幅31711＝本文の4.2倍）のあと 80ms の無音
c417:  10.70s  (3行)
c418:   8.56s  (2行)
    ⚠️ 異音 c419-2 take1: 末尾に余計な音: 90ms の無音 → 190ms の音（4.85秒地点・振幅7700＝本文の0.9倍）
c419:   7.60s  (2行)
c420:   7.44s  (2行)
c501:   8.24s  (2行)
c502:   8.14s  (2行)
c503:   6.24s  (2行)
c504:   7.44s  (2行)
c505:   7.20s  (2行)
c506:   9.31s  (2行)
c507:   8.00s  (2行)
c508:   9.12s  (2行)
    ⚠️ 異音 c509-1 take1: 末尾に余計な音: 80ms の無音 → 130ms の音（4.59秒地点・振幅6954＝本文の0.9倍）
    ⚠️ 異音 c509-1 take2: 末尾に余計な音: 110ms の無音 → 140ms の音（4.50秒地点・振幅7035＝本文の1.1倍）
    ⚠️ 異音 c509-1 take3: 末尾に余計な音: 90ms の無音 → 100ms の音（4.54秒地点・振幅9158＝本文の1.0倍）
c509:   9.92s  (2行)
c510:  10.48s  (3行)
c511:   7.99s  (2行)
c512:   8.32s  (2行)
c513:  12.00s  (3行)
c514:   7.60s  (2行)
c515:   3.70s  (1行)
c516:   9.44s  (2行)
c517:   7.11s  (2行)
c518:   7.60s  (2行)
c519:  11.35s  (3行)
c520:  10.72s  (2行)
c521:  11.36s  (3行)
c522:   7.84s  (2行)
c601:  12.98s  (3行)
    ⚠️ 異音 c602-3 take1: 先頭に余計な音: 190ms の音（振幅31013＝本文の4.2倍）のあと 100ms の無音
c602:  12.32s  (3行)
c603:   8.80s  (3行)
c604:   4.00s  (1行)
c605:   8.32s  (3行)
c606:   8.80s  (2行)
c607:   8.25s  (3行)
c608:   7.65s  (2行)
c609:   9.39s  (3行)
    ⚠️ 異音 c610-1 take1: 途中に浮いた音: 190ms（1.64秒地点・振幅8572＝本文の1.0倍／前80ms・後550ms の無音）
    ⚠️ 異音 c610-1 take2: 途中に浮いた音: 220ms（1.70秒地点・振幅10370＝本文の1.1倍／前90ms・後230ms の無音）
c610:  10.24s  (2行)
c611:   6.69s  (2行)
c612:   8.88s  (2行)
    ⚠️ 異音 c613-2 take1: 途中に浮いた音: 180ms（1.12秒地点・振幅17983＝本文の1.7倍／前80ms・後90ms の無音）
    ⚠️ 異音 c613-2 take2: 末尾に余計な音: 90ms の無音 → 90ms の音（4.23秒地点・振幅22770＝本文の2.7倍）
c613:  12.70s  (3行)
c614:   8.16s  (2行)
c615:   9.52s  (2行)
c616:   7.05s  (2行)
    ⚠️ 異音 c617-1 take1: 末尾に余計な音: 90ms の無音 → 50ms の音（2.90秒地点・振幅10332＝本文の1.2倍）
    ⚠️ 異音 c617-2 take1: 末尾に余計な音: 640ms の無音 → 60ms の音（4.26秒地点・振幅13970＝本文の2.4倍）; 途中に浮いた音: 220ms（0.66秒地点・振幅12903＝本文の2.2倍／前90ms・後100ms の無音）
    ⚠️ 異音 c617-2 take2: 末尾に余計な音: 150ms の無音 → 170ms の音（3.03秒地点・振幅12910＝本文の2.2倍）
    ⚠️ 異音 c617-2 take3: 末尾に余計な音: 520ms の無音 → 190ms の音（3.57秒地点・振幅10602＝本文の2.3倍）
c617:   9.44s  (3行)
c618:   8.00s  (2行)
c619:   7.84s  (2行)
c620:   4.71s  (2行)
c621:   8.40s  (2行)
c622:   7.76s  (2行)
c623:  14.72s  (3行)
    ⚠️ 異音 c624-3 take1: 末尾に余計な音: 80ms の無音 → 150ms の音（3.77秒地点・振幅8570＝本文の1.0倍）
    ⚠️ 異音 c624-3 take2: 末尾に余計な音: 90ms の無音 → 130ms の音（3.79秒地点・振幅12767＝本文の1.0倍）
c624:  11.84s  (3行)
c701:   9.32s  (2行)
c702:   9.96s  (2行)
c703:   9.36s  (3行)
c704:   7.84s  (2行)
c705:  16.00s  (3行)
c706:  14.27s  (3行)
c707:   7.84s  (2行)
c708:   7.52s  (2行)
c709:   6.96s  (2行)
c710:   7.92s  (2行)
c711:  11.50s  (3行)
c712:   7.46s  (2行)
c713:  13.49s  (3行)
c714:   7.36s  (2行)
    ⚠️ 異音 c715-2 take1: 途中に浮いた音: 170ms（0.99秒地点・振幅32463＝本文の6.3倍／前150ms・後90ms の無音）
c715:   9.36s  (3行)
c716:  16.30s  (3行)
c717:  10.22s  (3行)
c718:   6.24s  (2行)
    ⚠️ 異音 c719-2 take1: 末尾に余計な音: 80ms の無音 → 120ms の音（4.28秒地点・振幅8228＝本文の0.9倍）
c719:   7.28s  (2行)
c720:   9.92s  (2行)
c721:   6.96s  (2行)
c722:   7.90s  (2行)
    ⚠️ 異音 c723-2 take1: 末尾に余計な音: 100ms の無音 → 180ms の音（2.14秒地点・振幅8414＝本文の0.9倍）
c723:   7.92s  (2行)
c724:  13.12s  (3行)
c725:   9.84s  (2行)
    ⚠️ 異音 c726-2 take1: 途中に浮いた音: 210ms（2.14秒地点・振幅6819＝本文の1.2倍／前110ms・後150ms の無音）
c726:  14.06s  (3行)
c727:  12.95s  (3行)
c728:   8.56s  (2行)
c729:   8.88s  (3行)
c730:   8.56s  (2行)
c731:  12.64s  (3行)
    ⚠️ 異音 c732-1 take1: 途中に浮いた音: 210ms（2.22秒地点・振幅30915＝本文の5.4倍／前100ms・後80ms の無音）
c732:   7.07s  (2行)
c801:   7.82s  (2行)
c802:   8.87s  (2行)
c803:   7.28s  (2行)
c804:  10.08s  (3行)
c805:   8.32s  (3行)
c806:   8.82s  (2行)
    ⚠️ 異音 c807-1 take1: 末尾に余計な音: 80ms の無音 → 180ms の音（3.01秒地点・振幅11380＝本文の1.3倍）
c807:   7.66s  (2行)
c808:   8.03s  (2行)
c809:  12.40s  (3行)
c810:  11.11s  (3行)
c811:   9.92s  (2行)
c812:   9.58s  (3行)
    ⚠️ 異音 c813-3 take1: 末尾に余計な音: 100ms の無音 → 160ms の音（4.32秒地点・振幅8446＝本文の0.9倍）
c813:  12.71s  (3行)
c814:   7.76s  (2行)
c815:  10.60s  (2行)
c816:  13.08s  (3行)
c901:   8.70s  (3行)
c902:   7.82s  (2行)
c903:   7.20s  (2行)
c904:  10.62s  (3行)
c905:   8.77s  (2行)
c906:   8.72s  (3行)
c907:   6.72s  (2行)
c908:   8.08s  (2行)
c909:   8.45s  (3行)
c910:   9.99s  (2行)
c911:   7.76s  (2行)
c912:   6.64s  (2行)
c913:   4.88s  (2行)
c914:   9.04s  (3行)
c915:  10.24s  (3行)
c916:  10.00s  (2行)
    ⚠️ 異音 c917-3 take1: 末尾に余計な音: 90ms の無音 → 110ms の音（3.33秒地点・振幅8913＝本文の1.0倍）
c917:  12.60s  (3行)
    ⚠️ 異音 c918-3 take1: 途中に浮いた音: 210ms（2.07秒地点・振幅7826＝本文の1.1倍／前80ms・後180ms の無音）
c918:  13.92s  (3行)
    ⚠️ 異音 ep01-3 take1: 末尾に余計な音: 80ms の無音 → 190ms の音（4.37秒地点・振幅6290＝本文の0.9倍）
    ⚠️ 異音 ep01-3 take2: 末尾に余計な音: 90ms の無音 → 130ms の音（3.70秒地点・振幅6733＝本文の1.0倍）
    ⚠️ 異音 ep01-3 take3: 末尾に余計な音: 80ms の無音 → 110ms の音（3.65秒地点・振幅8146＝本文の1.0倍）
ep01:  14.83s  (3行)
ep02:   8.40s  (2行)
ep03:   5.68s  (2行)
    ⚠️ 異音 ep04-3 take1: 途中に浮いた音: 200ms（0.84秒地点・振幅12529＝本文の1.5倍／前120ms・後90ms の無音）
ep04:  12.88s  (3行)
ep05:  12.16s  (3行)
ep06:  14.71s  (3行)
ep07:  13.87s  (3行)
ep08:  13.44s  (3行)
ep09:  10.36s  (3行)
ep10:  16.62s  (3行)

合成 215 カット／持ち越し 0 カット／未作成 0／記録 215／台本 215
作ったぶん: 215カット 12515字 → 発話＋行間 1978.2秒（6.33字/秒・行間込み。AivisSpeech は 5.52）
本編の見込み 36.5分（全 12515字をこの速さで＋LEAD/TAIL 0.85×215＋quote 2.0×14。許容 27〜40分）
最長の1行 = 7.78秒「KLMの機体は、登録記号がPH-BUFという1971年製の747。」
API 533行（13,502字）／キャッシュ 2行／振り直し 40回／本物と判定 0／要耳 4（記録＝audio/el_qa/ep9_el_retakes.tsv）
クレジット 89,499 → 96,479（消費 6,980）⚠️ 反映が遅れることがある
exit=0
