  c213-2 take1: ✓  雪走路と平行に走るその道の一番端だった。
c213-2: 1テイク → 採用（文字起こしが台本と合う）
  c216-1 take1: 字の欠け:導誘  旧道路は一本道で追い越すことができない。
  c216-1 take2: ✓  誘導路は一本道で追い越すことができない。
c216-1: 2テイク → 採用（文字起こしが台本と合う）
  c218-2 take1: ✓  戻らなかったのはそのうちたった一人だけである。
c218-2: 1テイク → 採用（文字起こしが台本と合う）
  c303-2 take1: 頭欠け:滑→ス／字の欠け:滑走路  スソーロの番号は向きを表す。12ならおよそ120度の方角へ進む。
  c303-2 take2: 頭欠け:滑→ス／字の欠け:滑走路  スソーロの番号は向きを表す。12ならおよそ120度の方角へ進む。
  c303-2 take3: 字の欠け:滑走  道路の番号は向きを表す。十二ならおよそ百二十度の方角へ進む。
c303-2: 3テイク → 要耳（全テイク落ち・所見最少を採用）
  c304-1 take1: 頭欠け:滑→ス／字の欠け:滑走  スゼソウロの脇に誘導路が一本ある。
  c304-1 take2: 字の欠け:滑走  裾道路の脇に誘導路が1本ある。
  c304-1 take3: ✓  滑走路の脇に誘導路が1本ある。
c304-1: 3テイク → 採用（文字起こしが台本と合う）
  c304-2 take1: ✓  誘導路は機体が地上を動くための道で、離着陸には使わない。
c304-2: 1テイク → 採用（文字起こしが台本と合う）
  c307-1 take1: ✓  平常誘導路が機体で埋まると出ていく機体は通れなくなる。
c307-1: 1テイク → 採用（文字起こしが台本と合う）
  c315-1 take1: ✓  滑走路は平らではない。真ん中の辺りが膨らんでいる。
c315-1: 1テイク → 採用（文字起こしが台本と合う）
  c412-1 take1: ✓  変わった後は一切伸ばせない。
c412-1: 1テイク → 採用（文字起こしが台本と合う）
  c412-2 take1: ✓  機長が上限を超えることは禁じられた。
c412-2: 1テイク → 採用（文字起こしが台本と合う）
  c416-1 take1: 頭欠け:テ→ペ  ペネリフェでまさにそれが起きた。
  c416-1 take2: ✓  テネリフェでまさにそれが起きた。
c416-1: 2テイク → 採用（文字起こしが台本と合う）
  c516-2 take1: ✓  滑走路の脇に置いた機械で見通しを測って数字にするものである。
c516-2: 1テイク → 採用（文字起こしが台本と合う）
  c522-2 take1: 頭欠け:測→ま／字の欠け:測無  まかる機械はこの空港にはない。その滑走路へ二機は出ていく。
  c522-2 take2: 頭欠け:測→ま／字の欠け:測無  まかる機械はこの空港にはない。その滑走路へ二機は出ていく。
  c522-2 take3: 字の欠け:械測無  曲がる機会はこの空港にはない。その滑走路へ二機は出ていく。
c522-2: 3テイク → 要耳（全テイク落ち・所見最少を採用）
  c606-2 take1: ✓  二機を滑走路そのものの上で走らせる。着陸機が使う道を通り道にする。
c606-2: 1テイク → 採用（文字起こしが台本と合う）
  c607-3 take1: ✓  走路を誘導路の代わりに使った。
c607-3: 1テイク → 採用（文字起こしが台本と合う）
  c614-2 take1: 頭欠け:滑→セ／字の欠け:滑路  セツールを走れと言われたが、それで合っているかと確かめている。
  c614-2 take2: 頭欠け:滑→ア  アスベスト路を走れと言われたが、それで合っているかと確かめている。
  c614-2 take3: 頭欠け:滑→ス／字の欠け:滑路  スレソールを走れと言われたが、それで合っているかと確かめている。
c614-2: 3テイク → 要耳（全テイク落ち・所見最少を採用）
  c619-2 take1: ✓  三番目の交差点で左ということで合っていますか？
c619-2: 1テイク → 採用（文字起こしが台本と合う）
  c728-2 take1: 頭欠け:滑→ス／字の欠け:滑走路  スデソールを出たら知らせてください。まだ出ていないという意味である。
  c728-2 take2: 頭欠け:滑→セ／字の欠け:滑走路  セソールを出たら知らせてください。まだ出ていないという意味である。
  c728-2 take3: 頭欠け:滑→セ／字の欠け:滑走路  セツオルを出たら知らせてください。まだ出ていないという意味である。
c728-2: 3テイク → 要耳（全テイク落ち・所見最少を採用）
  c801-1 take1: ✓  操縦士も航空機関士もそれ以上は何も言わなかった。
c801-1: 1テイク → 採用（文字起こしが台本と合う）
    ⚠️ 異音 c808-2 take1: 末尾に余計な音: 90ms の無音 → 110ms の音（4.69秒地点・振幅9119＝本文の1.4倍）
  c808-2 take1: ✓  雪走路の外へ機体を出そうとしている。もう間に合わなかった。
c808-2: 1テイク → 採用（文字起こしが台本と合う）
  c913-1 take1: ✓  消防はここで初めて知ることになる。
c913-1: 1テイク → 採用（文字起こしが台本と合う）
  c914-1 take1: ✓  消防は二つ目の機体に力を移した。
c914-1: 1テイク → 採用（文字起こしが台本と合う）
  ep06-3 take1: ✓  言葉が適切でなかったこと。パンナムが三番目で出なかったこと。異例の混雑。
ep06-3: 1テイク → 採用（文字起こしが台本と合う）
  c219-3 take1: 字の欠け:便次  この一人だけが炭の瓶に乗らなかった。
  c219-3 take2: 字の欠け:便次  この一人だけが炭の瓶に乗らなかった。
  c219-3 take3: ✓  この一人だけが次の便に乗らなかった。
c219-3: 3テイク → 採用（文字起こしが台本と合う）
  c321-1 take1: ✓  行き先はすぐ隣の島である。それでもここで絶つことにした。
c321-1: 1テイク → 採用（文字起こしが台本と合う）
  c408-2 take1: ✓  そのままアムステルダムまで戻れたと報告者は確かめている。
c408-2: 1テイク → 採用（文字起こしが台本と合う）
  c518-2 take1: ✓  滑走路の端が見えている時は、管制官が自分の目で見て伝えていた。
c518-2: 1テイク → 採用（文字起こしが台本と合う）
    ⚠️ 異音 c303-1 take1: 途中に浮いた音: 140ms（0.94秒地点・振幅26197＝本文の2.8倍／前140ms・後80ms の無音）
  c303-1 take1: 数:3,400／数の余り:3400  雪走路は一本しかない。長さ三四零零メートル、幅四五メートル
  c303-1 take2: 数:3,400／数の余り:3400  素手走路は一本しかない。長さ三千四百メートル、幅四十五メートル
  c303-1 take3: 数:3,400／数の余り:3400  滑走路は一本しかない。長さ三四零零メートル、幅四十五メートル
c303-1: 3テイク → 要耳（全テイク落ち・所見最少を採用）

28行 → 要耳 5 -> C:\Users\konar\Desktop\zukai-engine\audio\el_qa\ep9_retake_gate.tsv
⚠️ 差し替えた行のカットは `python tools/el_build.py --dry --cuts <cid>` で wav と json に反映すること
exit=1
