ElevenLabs: 声=Koichi-Deep Calm Japanese Narrator（H8ZPDxbrPcks5hEsi2fq） モデル=eleven_v3 settings={'stability': 0.64, 'similarity_boost': 0.89, 'style': 0.0, 'speed': 1.0, 'use_speaker_boost': True} ／クレジット 99,596 / 131,000／GAP 0.4s
pr01:  10.55s  (2行)
pr02:   8.57s  (2行)
pr03:   7.92s  (2行)
pr04:   8.88s  (3行)
pr05:  10.40s  (2行)
pr06:   8.95s  (2行)
pr07:   8.72s  (2行)
pr08:   7.84s  (2行)
pr09:  10.16s  (3行)
pr10:  11.04s  (3行)
pr11:   9.30s  (2行)
c101:   8.07s  (2行)
c102:  13.44s  (2行)
c103:  12.30s  (2行)
c104:   9.82s  (3行)
c105:  10.94s  (2行)
c106:  10.64s  (2行)
c107:   7.73s  (2行)
c108:   8.76s  (2行)
c109:  11.68s  (2行)
c110:   5.92s  (2行)
c111:  14.00s  (3行)
c112:  11.04s  (2行)
c113:   9.35s  (2行)
c114:   9.03s  (2行)
c115:  12.85s  (2行)
c116:   8.24s  (2行)
c117:  12.77s  (3行)
c118:  10.30s  (3行)
c119:   5.43s  (2行)
c120:   8.99s  (2行)
c201:   7.44s  (2行)
c202:   8.64s  (2行)
c203:   7.52s  (2行)
c204:   7.12s  (2行)
c205:   5.52s  (2行)
c206:  12.16s  (3行)
c207:  10.96s  (2行)
c208:   8.24s  (2行)
c209:   7.76s  (2行)
c210:   7.84s  (2行)
c211:   9.28s  (3行)
c212:   8.40s  (2行)
c213:   9.39s  (2行)
c214:   7.84s  (2行)
c215:   7.68s  (2行)
c216:   6.24s  (2行)
c217:  10.56s  (3行)
c218:   7.04s  (2行)
c219:   9.28s  (3行)
c220:   9.01s  (3行)
c301:   8.66s  (2行)
c302:   8.88s  (2行)
c303:  17.53s  (3行)
c304:  13.99s  (3行)
c305:   7.17s  (2行)
c306:   9.65s  (2行)
c307:   6.95s  (2行)
c308:   7.80s  (2行)
c309:   9.52s  (2行)
c310:  11.12s  (3行)
c311:   7.27s  (2行)
c312:   6.56s  (2行)
c313:   9.18s  (3行)
c314:   8.45s  (2行)
c315:   3.84s  (1行)
c316:  10.87s  (3行)
c317:   4.48s  (1行)
c318:   9.63s  (2行)
c319:   8.38s  (2行)
c320:   4.00s  (1行)
c321:   4.08s  (1行)
c322:   8.48s  (2行)
c401:   8.92s  (2行)
c402:   6.72s  (2行)
c403:   7.22s  (2行)
c404:   8.64s  (2行)
c405:   8.00s  (2行)
c406:   6.38s  (2行)
c407:   8.69s  (3行)
c408:   7.44s  (2行)
c409:   9.81s  (2行)
c410:   8.16s  (2行)
c411:   7.36s  (2行)
c412:   7.89s  (3行)
c413:   8.40s  (2行)
c414:  11.68s  (3行)
c415:   7.84s  (2行)
c416:   6.32s  (2行)
c417:  10.70s  (3行)
c418:   8.72s  (2行)
c419:   7.60s  (2行)
c420:   7.44s  (2行)
c501:   8.32s  (2行)
c502:   8.14s  (2行)
c503:   6.24s  (2行)
c504:   7.44s  (2行)
c505:   7.20s  (2行)
c506:   9.23s  (2行)
c507:   8.00s  (2行)
c508:   8.96s  (2行)
c509:   9.92s  (2行)
c510:  10.64s  (3行)
c511:   9.12s  (2行)
c512:   9.12s  (2行)
c513:  12.00s  (3行)
c514:   7.60s  (2行)
c515:   3.70s  (1行)
c516:   9.44s  (2行)
c517:   6.96s  (2行)
c518:   7.68s  (2行)
c519:  11.35s  (3行)
c520:  10.72s  (2行)
c521:  11.19s  (3行)
c522:   7.84s  (2行)
c601:  13.22s  (3行)
c602:  12.32s  (3行)
c603:   8.80s  (3行)
c604:   4.00s  (1行)
c605:   8.32s  (3行)
c606:   8.64s  (2行)
c607:   8.25s  (3行)
c608:   7.65s  (2行)
c609:   9.70s  (3行)
c610:  10.24s  (2行)
c611:   6.88s  (2行)
c612:   8.88s  (2行)
c613:  12.24s  (3行)
c614:   8.24s  (2行)
c615:   9.60s  (2行)
c616:   7.05s  (2行)
c617:   9.44s  (3行)
c618:   8.00s  (2行)
c619:   7.84s  (2行)
c620:   4.88s  (2行)
c621:   8.40s  (2行)
c622:   7.76s  (2行)
c623:  14.72s  (3行)
c624:  11.84s  (3行)
c701:   9.17s  (2行)
c702:   9.51s  (2行)
c703:   9.36s  (3行)
c704:   7.84s  (2行)
c705:  16.00s  (3行)
c706:  14.19s  (3行)
c707:   7.84s  (2行)
c708:   7.52s  (2行)
c709:   6.96s  (2行)
c710:   8.40s  (2行)
c711:  11.50s  (3行)
c712:   7.70s  (2行)
c713:  13.49s  (3行)
c714:   7.36s  (2行)
c715:   9.04s  (3行)
c716:  16.43s  (3行)
c717:  10.40s  (3行)
c718:   6.40s  (2行)
c719:   7.28s  (2行)
c720:   9.60s  (2行)
c721:   7.50s  (2行)
c722:   7.90s  (2行)
c723:   7.92s  (2行)
c724:  13.12s  (3行)
c725:   9.84s  (2行)
c726:  14.06s  (3行)
c727:  13.11s  (3行)
c728:   8.88s  (2行)
c729:   8.88s  (3行)
c730:   8.56s  (2行)
c731:  12.64s  (3行)
c732:   7.07s  (2行)
c801:   7.82s  (2行)
c802:   8.87s  (2行)
c803:   7.28s  (2行)
c804:   9.90s  (3行)
c805:   8.32s  (3行)
c806:   8.82s  (2行)
c807:   7.66s  (2行)
c808:   8.03s  (2行)
c809:  12.56s  (3行)
c810:  11.11s  (3行)
c811:   9.92s  (2行)
c812:   9.58s  (3行)
c813:  12.71s  (3行)
c814:   7.76s  (2行)
c815:  10.96s  (2行)
c816:  13.08s  (3行)
c901:   8.80s  (3行)
c902:   7.68s  (2行)
c903:   7.20s  (2行)
c904:  10.56s  (3行)
c905:   8.77s  (2行)
c906:   8.72s  (3行)
c907:   6.56s  (2行)
c908:   8.08s  (2行)
c909:   8.45s  (3行)
c910:   9.99s  (2行)
c911:   7.76s  (2行)
c912:   7.04s  (2行)
c913:   4.88s  (2行)
c914:   9.04s  (3行)
c915:  10.24s  (3行)
c916:   9.52s  (2行)
c917:  12.60s  (3行)
c918:  13.92s  (3行)
ep01:  14.83s  (3行)
ep02:   8.40s  (2行)
ep03:   5.68s  (2行)
ep04:  12.88s  (3行)
ep05:  12.16s  (3行)
ep06:  14.71s  (3行)
ep07:  14.10s  (3行)
ep08:  13.44s  (3行)
ep09:  10.53s  (3行)
ep10:  16.40s  (3行)

合成 215 カット／持ち越し 0 カット／未作成 0／記録 215／台本 215
作ったぶん: 215カット 12515字 → 発話＋行間 1982.5秒（6.31字/秒・行間込み。AivisSpeech は 5.52）
本編の見込み 36.6分（全 12515字をこの速さで＋LEAD/TAIL 0.85×215＋quote 2.0×14。許容 27〜40分）
最長の1行 = 7.60秒「副操縦士はブラッグ。10,800時間のうち、747が2,796時間。」
API 0行（0字）／キャッシュ 495行／振り直し 0回／本物と判定 0／要耳 0（記録＝audio/el_qa/ep9_el_retakes.tsv）
クレジット 99,596 → 99,596（消費 0）⚠️ 反映が遅れることがある
