  c728-2 take1: ✓  滑走路を出たら知らせてください。まだ出ていないという意味である。
c728-2: 1テイク → 採用（文字起こしが台本と合う）

1行 → 要耳 0 -> C:\Users\konar\Desktop\zukai-engine\audio\el_qa\ep9_retake_gate.tsv
⚠️ 差し替えた行のカットは `python tools/el_build.py --dry --cuts <cid>` で wav と json に反映すること
  c616-1 take1: ✓  パンナムは三番目を左へと復唱した。
c616-1: 1テイク → 採用（文字起こしが台本と合う）

1行 → 要耳 0 -> C:\Users\konar\Desktop\zukai-engine\audio\el_qa\ep9_retake_gate.tsv
⚠️ 差し替えた行のカットは `python tools/el_build.py --dry --cuts <cid>` で wav と json に反映すること
  c115-1 take1: 必須の語なし:ブラッグ  副操縦士はブラック。 一万八百時間のうち七四七が二千七百九十六時間。
  c115-1 take2: 必須の語なし:ブラッグ  核操縦士はブラック。一万八百。時間のうち七四七が二千七百九十六時間。
    ⚠️ 異音 c115-1 take1: 途中に浮いた音: 220ms（1.45秒地点・振幅8042＝本文の1.0倍／前110ms・後330ms の無音）
  c115-1 take3: 必須の語なし:ブラッグ  副操縦士はブラック。 一万八百時間のうち七四七が二千七百九十六時間。
c115-1: 3テイク → 要耳（全テイク落ち・所見最少を採用）

1行 → 要耳 1 -> C:\Users\konar\Desktop\zukai-engine\audio\el_qa\ep9_retake_gate.tsv
⚠️ 差し替えた行のカットは `python tools/el_build.py --dry --cuts <cid>` で wav と json に反映すること
  c214-2 take1: ✓  ブラーテンスの七三七、スターリングの七二七、サタのDC八である。
c214-2: 1テイク → 採用（文字起こしが台本と合う）

1行 → 要耳 0 -> C:\Users\konar\Desktop\zukai-engine\audio\el_qa\ep9_retake_gate.tsv
⚠️ 差し替えた行のカットは `python tools/el_build.py --dry --cuts <cid>` で wav と json に反映すること
    ⚠️ 異音 ep02-1 take1: 末尾に余計な音: 90ms の無音 → 170ms の音（3.75秒地点・振幅8484＝本文の1.0倍）
    ⚠️ 異音 ep02-1 take2: 末尾に余計な音: 80ms の無音 → 190ms の音（3.89秒地点・振幅9310＝本文の1.1倍）
  ep02-1 take1: ✓  三つ。パンナムがまだ滑走路にいると言ったのにやめなかった。
ep02-1: 1テイク → 採用（文字起こしが台本と合う）

1行 → 要耳 0 -> C:\Users\konar\Desktop\zukai-engine\audio\el_qa\ep9_retake_gate.tsv
⚠️ 差し替えた行のカットは `python tools/el_build.py --dry --cuts <cid>` で wav と json に反映すること
  c624-2 take1: ✓  報告書は取り違えたか、四番目の方が出やすいと考えたかとか。
c624-2: 1テイク → 採用（文字起こしが台本と合う）

1行 → 要耳 0 -> C:\Users\konar\Desktop\zukai-engine\audio\el_qa\ep9_retake_gate.tsv
⚠️ 差し替えた行のカットは `python tools/el_build.py --dry --cuts <cid>` で wav と json に反映すること
  c118-2 take1: ✓  補助席に座った二人である。
c118-2: 1テイク → 採用（文字起こしが台本と合う）

1行 → 要耳 0 -> C:\Users\konar\Desktop\zukai-engine\audio\el_qa\ep9_retake_gate.tsv
⚠️ 差し替えた行のカットは `python tools/el_build.py --dry --cuts <cid>` で wav と json に反映すること
  c513-1 take1: ✓  気温は十四度、露点は十三度だった。
c513-1: 1テイク → 採用（文字起こしが台本と合う）

1行 → 要耳 0 -> C:\Users\konar\Desktop\zukai-engine\audio\el_qa\ep9_retake_gate.tsv
⚠️ 差し替えた行のカットは `python tools/el_build.py --dry --cuts <cid>` で wav と json に反映すること
  c521-3 take1: 字の欠け:灯無要  中心線の明かりがないなら八百メートルがいる。
  c521-3 take2: 字の欠け:灯無要  中心線の明かりがないなら八百メートルがいる。
    ⚠️ 異音 c521-3 take1: 途中に浮いた音: 140ms（1.88秒地点・振幅30969＝本文の2.8倍／前110ms・後80ms の無音）
  c521-3 take3: 字の欠け:灯無要  中心線の明かりがないなら八百メートルがいる。
c521-3: 3テイク → 要耳（全テイク落ち・所見最少を採用）

1行 → 要耳 1 -> C:\Users\konar\Desktop\zukai-engine\audio\el_qa\ep9_retake_gate.tsv
⚠️ 差し替えた行のカットは `python tools/el_build.py --dry --cuts <cid>` で wav と json に反映すること
  c307-1 take1: 必須の語なし:平行誘導路  平常誘導路が機体で埋まると出ていく機体は通れなくなる。
  c307-1 take2: 字の欠け:平行／必須の語なし:平行誘導路  併合誘導路が機体で埋まると出ていく機体は通れなくなる。
  c307-1 take3: 必須の語なし:平行誘導路  平常誘導路が機体で埋まると出ていく機体は通れなくなる。
c307-1: 3テイク → 要耳（全テイク落ち・所見最少を採用）

1行 → 要耳 1 -> C:\Users\konar\Desktop\zukai-engine\audio\el_qa\ep9_retake_gate.tsv
⚠️ 差し替えた行のカットは `python tools/el_build.py --dry --cuts <cid>` で wav と json に反映すること
all-done
