  pr01-1  96.4%  1977年3月27日の夕方5時過ぎ、スペインのカナリア諸島。
  pr01-2  97.9%  テネリフェと島にある空港の滑走路は雲の中にあった。
  pr02-1 100.0%  その滑走路にボーイング747が二機いた。
  pr02-2  89.7%  当時、旅客機で一番大きかった機体である。どちらにも数百人がいた。
  pr03-1 100.0%  片方は離陸のために加速し、もう片方はまだ同じ滑走路の上にいた。
  pr03-2 100.0%  この日、583人が亡くなった。
  pr04-1  91.4%  航空機の事故で今も最も多い数である。
  pr04-2 100.0%  なぜ二機は同じ滑走路にいたのか。
  pr04-3 100.0%  二機とも来るはずのない空港にいた。
  pr05-1  92.5%  行きはKLMオランダ航空の四千八百五便。朝九時にアムステルダムを出ていた。
  pr05-2 100.0%  もう一機はパンアメリカン航空の1736便である。
  pr06-1  97.1%  パンナム機は前の日にロサンゼルスを出て、ニューヨークで乗員を変えていた。
  pr06-2 100.0%  別の国から飛んできた二つの便の行き先は同じだった。
  pr07-1 100.0%  行き先はグランカナリア島のラスパルマス空港である。
  pr07-2  92.9%  二機が空を飛んでいる間に、その空港の建物で爆弾が爆発した。
  pr08-1 100.0%  空港は閉められ、行き場を失った便は隣のテネリフェ島へ回された。
  pr08-2 100.0%  滑走路が一本しかない小さな空港である。
  pr09-1 100.0%  その一本の上で二機は向き合うことになる。
  pr09-2  90.3%  十七時六分五十秒、二機はぶつかった。
  pr09-3 100.0%  生きて機体から出られたのは六十一人だけである。
  pr10-1 100.0%  この動画が使う記録は二つだけである。
  pr10-2 100.0%  スペインが出した事故報告書と操縦室の録音の書き起こし
  pr10-3  94.7%  時刻は報告書と同じ世界共通の時計でいう
  pr11-1 100.0%  追いかける問いは二つある。一つは、なぜ二機がそこに集まったのか。
  pr11-2 100.0%  そしてなぜまだ滑走路にいるという声が届かなかったのか。
  c101-1  82.0%  Boeing747はジャンボ機と呼ばれ、1970年から飛び始めた。
  c101-2 100.0%  この日ぶつかった二機はどちらもこの型である。
  c102-1  98.4%  KLMの機体は登録記号がPHBUFという1971年製の747。
  c102-2  96.0%  この日までに二万一千百九十五時間飛び、五千二百二回着陸していた。
  c103-1 100.0%  パンナムの機体はN736PA。 1970年1月に作られたものである。
  c103-2 100.0%  飛んだ時間は二万五千七百二十五時間で、KLM機より長く働いていた。
  c104-1  97.0%  KLMの四千八百五便は定期便ではない。
  c104-2 100.0%  オランダの旅行会社が借り切った便である。
  c104-3 100.0%  アムステルダムとラスパルマスを往復する予定だった
  c105-1 100.0%  出発はアムステルダムのスキポール空港。二十七日の朝九時ちょうど。
  c105-2  92.6%  事故の時に乗っていたのは乗員十四人と乗客二百三十四人である。
  c106-1  95.5%  KLMの機長はフェルトハイゼン・ファン・ザンテン。飛んだ時間は十一千七百時間。
  c106-2  97.6%  そのうち七四七での時間は千五百四十五時間だった。
  c107-1  89.3%  この機長はKLMの飛行訓練で一番上の立場にいた人である。
  c107-2  93.3%  教官の仕事を十年以上続けていた。
  c108-1  95.8%  副操縦士はミュールス。飛んだ時間は九千二百時間である。
  c108-2 100.0%  そのうち七四七での時間は九五時間しかなかった。
  c109-1  90.9%  七四七の資格を取ったのは事故の二ヶ月余り前の1月19日。
  c109-2 100.0%  同じ操縦室に1545時間の人と95時間の人が並んでいた。
  c110-1 100.0%  その資格の試験をしたのは誰だったのか。
  c110-2 100.0%  その資格を出したのはこの機長だった。
  c111-1 100.0%  三人目は航空機関士のスフルーダー。七四七での時間は五百四十三時間。
  c111-2 100.0%  航空機関士はエンジンや燃料の装置を見張る役である。
  c111-3 100.0%  当時の七四七の操縦室はこの三人で回していた。
  c112-1 100.0%  もう一方の便を見る。パンナム機がロサンゼルスを出たのは26日。
  c112-2 100.0%  時刻は世界共通の時計で一時二十九分と書かれている。
  c113-1  94.7%  ニューヨークのケネディ空港に六時十七分に着き、乗員が変わった。
  c113-2  96.3%  燃料を入れ、七時四二分にラスパレマスへ向けて離陸している。
  c114-1  98.2%  パンナムの機長はグラブス。飛んだ時間は二万一千四十三時間である。
  c114-2 100.0%  七四七には五百六十四時間乗っていた。
  c115-1  90.9%  副操縦士はブラック。 一万八百時間のうち七四七が二千七百九十六時間。
  c115-2 100.0%  航空機関士のワーンズは七四七で五百五十九時間を飛んでいる。
  c116-1 100.0%  この3人は直前の24時間で6時間33分を飛んでいた。
  c116-2  93.3%  ニューヨークからテネリフェまでの一本分である。
  c117-1  98.0%  パンナム機に乗っていたのは、乗員十六人と乗客三百七十八人。
  c117-2 100.0%  KLM機よりも人が多い。
  c117-3 100.0%  ニューヨークを出た時点で三百九十四人が乗っていたことになる。
  c118-1  93.9%  この後、テネリフェで航空会社の従業員二人が乗り込む。
  c118-2  91.7%  補助席に座った二人であり
  c118-3  95.7%  二基を合わせると乗っていた人は六百四十四人になった。
  c119-1  87.8%  七四七は大きい分、地上で置く場所も広くいる。
  c119-2 100.0%  この日、それが効いてくる。
  c120-1 100.0%  KLMはアムステルダムから南へ、パンナムはニューヨークから東へ
  c120-2 100.0%  別々に飛んできた二つの便の行き先は同じ空港だった。
  c201-1 100.0%  行き先のラスパルマス空港は隣のグランカナリア島にある。
  c201-2 100.0%  テネリフェからは飛行機でおよそ二五分の距離である。
  c202-1 100.0%  三月二十七日、その空港の旅客ターミナルで爆弾が爆発した。
  c202-2 100.0%  建物の中にいた人たちは外へ出されることになった。
  c203-1 100.0%  報告書は誰が仕掛けたのかを書いていない。
  c203-2  95.1%  書いてあるのは爆発があったことと、その後に起きたことだけである。
  c204-1 100.0%  実際に爆発したのは一つだけだった。
  c204-2 100.0%  けれども、それで終わりにはならない。空港に別の知らせが届く。
  c205-1 100.0%  二つ目があるかもしれないという知らせである。
  c205-2 100.0%  二つ目の爆弾の予告があった。
  c206-1 100.0%  空港は閉められた。空を飛んでいた便が行き場を失う。
  c206-2 100.0%  ラスパルマスへ向かっていた便の多くが行き先を変えられている。
  c206-3 100.0%  大部分がテネリフェへ回されたと報告書は書いている。
  c207-1 100.0%  回された先がテネリフェ島のロスロデオス空港である。
  c207-2  88.2%  KLN機は十三時三十八分に、パンナム機はその三十七分後の十四時十五分に着いた。
  c208-1  93.3%  パンナムの乗員は上空で待てないかと尋ねていた。
  c208-2  96.7%  そのやり取りは録音に残っているが、結局この空港へ降ろされている。
  c209-1 100.0%  KLMの乗客は最初は機内から出されなかった。
  c209-2 100.0%  20分ほどしてから全員がバスでターミナルへ運ばれている。
  c210-1 100.0%  バスを降りるとき、乗客は一人ずつカードを渡された。
  c210-2  98.0%  四千八百五便の乗り継ぎの客であることを示すカードである。
  c211-1 100.0%  パンナムの乗客は一人も降りなかった。
  c211-2 100.0%  バスもカードもこの機体には来なかった。
  c211-3 100.0%  待った時間は着陸してから三時間近くになった。
  c212-1 100.0%  ロスロデオス空港の駐機場は回された機体でいっぱいになった。
  c212-2 100.0%  報告書はこの状態を飽和したという言葉で書いている。
  c213-1  96.4%  KLM機は駐機場に入れなかった。止められたのは誘導路である。
  c213-2  80.0%  雪走路と平行に走るその道の一番端だった。
  c214-1  81.5%  その後ろに三基が順に並んだ。
  c214-2  87.1%  ブラーデンスの七三七、スターリングの七二七、サタのDC-8である。
  c215-1  71.8%  一番後ろにパンナムの747が止まった。
  c215-2 100.0%  つまりパンナム機の前にKLM機がいるという並びになる。
  c216-1  87.2%  輸油道路は一本道で追い越すことができない。
  c216-2  87.0%  前の機体が動かない限り、後ろの機体は出られない。
  c217-1 100.0%  やがてラスパルマス空港がまた開いた。
  c217-2 100.0%  二機とも本来の行き先へ向かう準備を始めることになる。
  c217-3 100.0%  その時刻が何時だったかは報告書に書かれていない。
  c218-1 100.0%  KLMの乗客はターミナルから機内に戻っていった。
  c218-2  95.5%  踊らなかったのはそのうちたった一人だけである。
  c219-1 100.0%  旅行会社の添乗員がテネリフェに残ることになった。
  c219-2 100.0%  報告書はこの人の名前を伏せている。
  c219-3  94.1%  この一人だけが罪の便に乗らなかった。
  c220-1 100.0%  爆弾のせいで二機は知らない空港にいる。
  c220-2 100.0%  乗客は待たされ、予定は狂った。
  c220-3 100.0%  この時点では遅れはただの遅れだった。
  c301-1 100.0%  ロスロデオス空港はテネリフェ島の北側にある。
  c301-2 100.0%  最初の飛行機が降りたのは1930年。島の玄関として使われてきた。
  c302-1  94.5%  空港の標高は六三二メートル。山に挟まれた浅い谷の底にある。
  c302-2 100.0%  だから雲がそのまま地面まで降りてくることがある。
  c303-1  88.9%  ソウルは一本しかない。長さ三四〇〇メートル、幅四五メートル。
  c303-2  96.6%  雪走路の番号は向きを表す。12ならおよそ120度の方角へ進む。
  c303-3  92.6%  反対から入れば三百度。だから同じ一本を十二とも三十とも呼ぶ。
  c304-1  71.4%  車道の脇に誘導路が一本ある
  c304-2  90.6%  離陸道路は機体が地上を動くための道で、離着陸には使わない。
  c304-3  88.1%  つなぐ道は四本。駐機場に近い方からC1、C2、C3、C4である。
  c305-1 100.0%  この日、駐機場は回されてきた機体ですっかり埋まった。
  c305-2 100.0%  入りきらない機体は誘導路に並ぶことになる。
  c306-1 100.0%  誘導路に並んだ五機のうち二機がジャンボ機の七四七である。
  c306-2 100.0%  その二機がKLMとパンナムだった。残りの三機はもっと小さい。
  c307-1  80.8%  閉居有道路な機体で埋まると出ていく機体は通れなくなる。
  c307-2 100.0%  通り道がそのまま駐車場になってしまう。
  c308-1  94.3%  ラスパルマス空港が開いた後、パンナム機が管制塔を呼んだ。
  c308-2  96.0%  エンジンをかける許可が欲しいと伝えている。許可は出た。
  c309-1  96.6%  ただし注意がついていた。地上走行で問題が起きるかもしれないと。
  c309-2 100.0%  前にKLM機がいて平行誘導路が通れないからである。
  c310-1  92.3%  実際に動く時間になるとその通りになった。
  c310-2  73.3%  間にいた三基は先に出て行った。
  c310-3  90.0%  残ったのは道を塞ぐKLM機とその後ろのパンナム機だけである。
  c311-1 100.0%  パンナムの副操縦士と航空機関士が機体を降りた。
  c311-2  87.7%  二機の間にどれだけの隙間があるのかを確かめるためである。
  c312-1 100.0%  見た目で決めることはしなかった。二人は地面に降りている。
  c312-2  84.2%  降りて隙間を測った。
  c313-1 100.0%  結果は通れないだった。
  c313-2  92.7%  隙間は七四七が通り抜けるには足りなかった。
  c313-3 100.0%  パンナムはKLM機が動くのを待つしかない。
  c314-1 100.0%  KLMが出発の準備を始めたのはそれからおよそ一時間後である。
  c314-2  90.9%  その間、パンナムの乗客は機内で待たされ続けた。
  c315-1  72.0%  パッツオロは平らではない。真ん中の辺りが膨らんでいる。
  c316-1  69.6%  三十川の橋は六百十メートル。
  c316-2  80.0%  十二川の橋は六百二十九メートル。
  c316-3  82.8%  一番高いのはC3という出口の辺りだと報告書は書いている。
  c317-1 100.0%  雲が降りると、管制塔からは滑走路を走る機体が見えなくなる。
  c318-1  93.9%  誘導路が使えない時、機体はどこを走ることになるのか。
  c318-2 100.0%  答えは滑走路そのものである。着陸してくる機体と同じ一本を使う。
  c319-1  92.3%  滑走路を機体が走っている間はそこに誰も降りられない。
  c319-2 100.0%  だから管制官は走る機体をできるだけ早く滑走路から出したい。
  c320-1 100.0%  そしてKLMは動き出す前に燃料を足すと決めた。
  c321-1  92.3%  行き先はすぐ隣の島である。それでもここで立つことにした。
  c322-1 100.0%  なぜ足したのか。報告書はその理由まで書き残している。
  c322-2  94.3%  そしてこの判断が後ろにいた機体を止め続けることになる。
  c401-1  95.4%  KLMは管制塔に出発の予定時刻を尋ね、燃料を足す必要があると伝えた。
  c401-2  97.3%  かかる時間はおよそ三十分だと言っている。
  c402-1 100.0%  30分は短い時間ではない。
  c402-2  94.3%  前にいる機体が30分止まれば、後ろの機体も30分止まる。
  c403-1  93.8%  実際に入れた量は五万五千五百リットル。
  c403-2 100.0%  これが多いのか少ないのかは行き先までの距離で決まる。
  c404-1  88.0%  給油の間、乗客が機内にいた。報告書はそこも書いている。
  c404-2 100.0%  ターミナルへ戻った人たちがもう一度席に座って待っていた。
  c405-1 100.0%  テネリフェからラス・パルマスまではおよそ二五分の飛行である。
  c405-2  95.0%  二五分の飛行に五万五千五百リットルは多すぎる。
  c406-1 100.0%  報告書はその理由をこう考えている。
  c406-2 100.0%  機長はラスパルマスでの給油を避けたかったのだろうと。
  c407-1  92.7%  迂回した機体はこの後ラス・パルマスに集まる。
  c407-2 100.0%  そこで給油の順番を待てばまた遅れる。
  c407-3 100.0%  だから先に入れておく。
  c408-1 100.0%  この量があればラスパルマスで入れ直さなくてもよかった。
  c408-2  96.3%  そのままアムステルダムまで戻れたと報告者は確かめている。
  c409-1 100.0%  ここからもう一つの時計の話になる。燃料の時計ではない。
  c409-2  96.3%  乗員が働いていい時間の上限である。これが機長を追い詰める。
  c410-1 100.0%  飛行機の乗員には続けて働ける時間の上限がある。疲れを避けるためである。
  c410-2 100.0%  オランダではその決まりが変わったばかりだった。
  c411-1 100.0%  変わる前は機長の判断で延ばすことができた。
  c411-2 100.0%  目的地まで飛びきるために少し超える。それが認められていた。
  c412-1  69.2%  触った後は一切伸ばせない。
  c412-2  94.1%  市長が上限を超えることは禁じられた。
  c412-3 100.0%  超えたら法律で裁かれる。
  c413-1 100.0%  もう一つ変わったことがある
  c413-2 100.0%  1976年12月までは上限の計算は簡単だった。見る項目が少ない。
  c414-1 100.0%  それがとても複雑になった。報告書はこう書いている。
  c414-2 100.0%  実際のところ、操縦室では決められない。
  c414-3 100.0%  つまり機長は自分の上限を自分では出せなくなっていた。
  c415-1  93.3%  だから会社に問い合わせることが強く勧められた。
  c415-2  94.5%  自分たちがあと何分まで働けるのかを地上に尋ねるしかない。
  c416-1  90.3%  フェネリフェでまさにそれが起きた。
  c416-2 100.0%  機長は短波の無線でアムステルダムの運航の部署につないでいる。
  c417-1 100.0%  返ってきた答えははっきりしたものではなかった。
  c417-2  95.7%  ある時刻より前に離陸できるなら問題はなさそうだ。
  c417-3  95.7%  そのある時刻が何時なのかが報告書に残っていない。
  c418-1 100.0%  危なければラス・パルマスへ電報を送る。つまり行った先で知らせる。
  c418-2 100.0%  機長は自分の上限を知らないまま滑走路へ向かった。
  c419-1 100.0%  報告書はこの点をはっきり書いている。
  c419-2  96.9%  自分の限界を決められないこの不確かさが心理の面で大きな要素だった。
  c420-1 100.0%  機体には燃料が入り、乗客も席に戻った。
  c420-2  92.3%  給油に使った三十分は後で何度も数え直されることになる。
  c501-1  91.8%  テネリフェの天気は普通の空港とは違う。報告書は一節を割いている。
  c501-2 100.0%  ここで視界を悪くするものは霧ではない。
  c502-1 100.0%  霧なら濃さをかなり正確に測ることができる。
  c502-2 100.0%  どれだけ見えるかも数字にできる。ここで起きるのはそれではない。
  c503-1 100.0%  地面についた雲の層が風に流されてくる。
  c503-2  86.5%  塊が通り過ぎるたびに見え方が変わる。
  c504-1 100.0%  報告書の言い方をそのまま借りる。ここは大事なところである。
  c504-2 100.0%  霧ではない、地面についた雲だった。
  c505-1  94.7%  見える距離はある瞬間にはゼロメートル、数分後には一キロに戻る。
  c505-2 100.0%  そしてまたほとんど見えなくなる。
  c506-1 100.0%  空港は決まった時刻に気象の値を出している。
  c506-2  94.9%  この頃の呼び方でQAMという。その数字を時刻の順に並べてみる。
  c507-1  97.6%  十六時三十六分。滑走路の上で見える距離は三キロ。
  c507-2  93.3%  この時はまだ遠くに霧が見えるという程度だった。
  c508-1  88.5%  十六時五十分。滑走路の上は二キロから三キロの間になった。
  c508-2  90.6%  この頃には侵入してくる側も同じくらいまで下がっている。
  c509-1  98.0%  十六時五十五分、滑走路の上で見える距離は一キロになった。
  c509-2 100.0%  16時36分から19分で3キロが1キロに落ちたことになる。
  c510-1  88.2%  十七時二分、滑走路の上は三百メートル
  c510-2  76.2%  侵入の側は五百メートルで、時々五キロに戻る。
  c510-3 100.0%  同じ空港の同じ時刻の数字である。
  c511-1  85.7%  二十六分の間に三キロが三百メートルになった。十分の一である。
  c511-2  88.2%  この間二機はまだ地上で待っていた。
  c512-1 100.0%  同じ表には雲の量も書かれている。
  c512-2  95.4%  高さゼロメートル、つまり地面についた雲は八分の一から八分の七へ増えた。
  c513-1  93.3%  気温は14度、露点は13度だって。
  c513-2 100.0%  露点とは、空気が冷えて水の粒ができ始める温度のことである。
  c513-3 100.0%  この二つの差が、その空気がどれだけ雲に近いかを表す。
  c514-1 100.0%  差が小さいほど、その空気は雲に変わりやすい。
  c514-2 100.0%  この日の差は一度、あと一度冷えればその場で雲ができる。
  c515-1 100.0%  この空港は見える距離をどうやって決めていたのか。
  c516-1 100.0%  RVRという仕組みがある。日本語では滑走路視距離という。
  c516-2  98.2%  走路の脇に置いた機械で見通しを測って数字にするものである。
  c517-1 100.0%  ロスロデオス空港ではこの値は出されない。
  c517-2 100.0%  報告書はそのことを設備の一覧の中にはっきり書いている。
  c518-1 100.0%  では誰が決めていたか。管制官である。
  c518-2  93.1%  走路の端が見えている時は管制官が自分の目で見て伝えていた。
  c519-1  85.7%  味が見えない時は気象の観測党にいる観測員が決める。
  c519-2 100.0%  つまり、この空港の視界の数字は人の目から出ていた。
  c519-3 100.0%  機械が出した数字ではなかったのである。
   ⚠️ 聞取の通信に失敗（URLError: <urlopen error EOF occurred in violation of protocol (_ssl.c:2427)>）→ 5秒後に再試行 1/3
  c520-1  87.7%  さらに、滑走路の真ん中に並ぶ明かりが消えていた。中心尖塔という
  c520-2  94.9%  霧の中で進む向きを示す明かりである。3月15日から使えなかった。
  c521-1  95.8%  管制塔はこのことを十七時四分五十八秒に両機へ伝えた。
  c521-2 100.0%  パンナムの機長はそれを聞いてこう言っている。
  c521-3  73.2%  中心線の明かりがないなら八百メートル内いる。
  c522-1  87.2%  見える距離は下がり続け、明かりは消えていた。
  c522-2  90.6%  かかる機械はこの空港にはない。その滑走路へ二機は出ていく。
  c601-1  90.9%  ここで時計を少し戻す。十六時五十六分のことである。
  c601-2 100.0%  KLMが管制塔を呼び、地上を走る許可を求めた。許可はすぐに出た。
  c601-3 100.0%  ここから最後の10分が始まる。
  c602-1  97.3%  十六時五十八分、KLMは続けてこう申し出た。
  c602-2  96.2%  滑走路十二をバックタクシーして、滑走路三十から離陸したい。
  c602-3 100.0%  バックタクシー。これがこの日の鍵になる言葉である。
  c603-1 100.0%  バックタクシーという言葉が出てきた。
  c603-2 100.0%  滑走路を離陸する向きとは逆に走ることである。
  c603-3 100.0%  端まで走ってそこで向きを変える。
  c604-1 100.0%  本来なら平行の誘導路を通ればいいが、この日は使えなかった。
  c605-1 100.0%  報告書はその理由を書き残している。
  c605-2 100.0%  駐機場に機体が集まったせいで
  c605-3  95.7%  C1とC2から誘導路へ入ることができなかった。
  c606-1 100.0%  だから管制官は別のやり方を選んだ。
  c606-2  96.8%  機器を滑走路そのものの上で走らせる。着陸機が使う道を通り道にする。
  c607-1 100.0%  報告書はこれを規則の内側だと書く。
  c607-2  89.7%  その上で標準ではないとも書く。
  c607-3  96.6%  走路を誘導路の代わりに使った。
  c608-1 100.0%  報告書の言葉をもう少し正確に写す。
  c608-2  96.4%  使っている滑走路の上で機体を走らせることは危うくなり得る。
  c609-1 100.0%  管制官がKLMに出した最初の指示はこうだった。
  c609-2  97.3%  滑走路三十の待機の位置まで滑走路を走れ。
  c609-3 100.0%  そして三番目の道で左へ出よ。
  c610-1  94.3%  KLMの答えはこうだった。「今、滑走路に入る。最初の道で出る」。
  c610-2 100.0%  指示は三番目、答えは一番目である。ここでもう食い違っている。
  c611-1  90.9%  管政官はすぐに訂正した。
  c611-2  98.4%  まっすぐ滑走路の端まで行き、そこで向きを変えよう。KLMは了解した。
  c612-1  93.1%  それでもKLMはもう一度尋ねている。C1で左に曲がるのかと。
  c612-2 100.0%  30秒ほど前に同じ話をしたばかりである。
  c613-1 100.0%  管制官の答えは2回続けての否定だった。
  c613-2  98.2%  まっすぐ端まで行って、そこで向きを変えよう。ようやく了解が返る。
  c613-3  94.5%  ここまでにKLMはどこで出るのかを二度尋ねたことになる。
  c614-1  95.0%  十七時二分、今度はパンナムが管制塔を呼んだ。
  c614-2  89.3%  ソウルを走れと言われたが、それで合っているかと確かめている。
  c615-1  94.5%  管制官はその通りだと答えた。滑走路に入り、三番目を左へ出よ。
  c615-2 100.0%  三番目という言葉をこの送信の中で二度繰り返している。
  c616-1  81.2%  バンナヌは三番目を左へ、と複唱した。
  c616-2  93.0%  ところが、そのすぐ後に機内で食い違いが起きる。
  c617-1 100.0%  航空機関士が言った。三番目と言ったと。
  c617-2 100.0%  機長が言った。一番目と聞こえたと。
  c617-3  91.4%  同じ無線を二人が違う風に聞いていた。
  c618-1 100.0%  副操縦士が言った。「もう一度聞きますと
  c618-2  87.1%  わからないことをそのままにしなかった。この日、一番良い判断である。
  c619-1  95.2%  十七時三分二十九秒。パンナムが管制塔に確かめた。
  c619-2  97.7%  番目の交差点で左ということで合っていますか？
  c620-1  70.0%  菅生漢は数えて答えた。
  c620-2 100.0%  一、二、三。三番目です。
  c621-1  89.5%  広告主はここで疑いは晴れたと書いている。
  c621-2 100.0%  三番目という言葉は正しく伝わった。残った問題はどれが三番目か。
  c622-1 100.0%  パンナムの乗員は視界が悪く、出口を見つけにくかった。
  c622-2  94.3%  手元の小さな図を見ながら、今どこにいるのかを追っている。
  c623-1  92.6%  十七時零四分二十六秒。一つ目を確認した。九十度に曲がる道である。
  c623-2  94.7%  十七時零五分二十二秒。二つ目も確認している。ここまでは合っていた。
  c623-3 100.0%  そして三番目をそのまま通り過ぎた。
  c624-1 100.0%  なぜ三番目を通り過ぎたのか。
  c624-2  87.7%  報告書は取り違えたが、四番目の方が出やすいと考えたがと書く。
  c624-3 100.0%  二機は同じ一本の滑走路の上で向かい合うことになった。
  c701-1  93.9%  KLMは滑走路の端に着いた。そこで度向きを変える。
  c701-2 100.0%  幅四十五メートルの上で七四七を回すことになる。
  c702-1 100.0%  報告書はこれを難しい旋回だと書いている。
  c702-2 100.0%  幅四十五メートル、霧の中、そして七四七。条件が三つとも悪い。
  c703-1 100.0%  その少し前、乗員はワイパーを切っている。
  c703-2  93.8%  操縦室の録音からそのことがわかる。
  c703-3  89.5%  つまり雨が止み、視界が一瞬良くなっていた。
  c704-1 100.0%  報告書はそこに一つの見方を置いている。
  c704-2  96.7%  難しい旋回の作業は視界が一時良くなった時期と重なったはずだと。
  c705-1  88.1%  そしてこう続く。難しい仕事を終えた乗員はホッとしたに違いない。
  c705-2 100.0%  地上の問題を終わらせたい。空にいたい。その気持ちが強まった。
  c705-3 100.0%  なお、報告書は離陸をやめる道も機長は確かに考えたと書き添えている。
  c706-1  96.3%  十七時五分四十一秒。記録装置に出力を進める動きが残っている。
  c706-2 100.0%  副操縦士が言った。待ってください。まだ ATCの許可がありません。
  c706-3  94.7%  機長は答えた。「いや、わかっている。聞いてくれ」
  c707-1  96.3%  十七時五分四十四秒。KLMが無線で言った。離陸の用意ができた。
  c707-2 100.0%  そしてATCの許可を待っていると。
  c708-1  85.0%  ここがこの事故の一番大事なところである。
  c708-2  94.5%  ATCの許可とは、離陸した後、どこをどう飛ぶかの許可である。
  c709-1  95.5%  離陸して良いかどうかの許可はこれとは別にある。
  c709-2  93.6%  名前が似ているだけで二つの中身は繋がっていない。
  c710-1  82.4%  十七時五分五十三秒。管生館が読み上げた。
  c710-2 100.0%  パパという無線標識へ向かい、フライトレベル90まで上がれ。
  c711-1  93.1%  フライトレベル九十は高さで言えばおよそ二千七百五十メートルである。
  c711-2 100.0%  離陸したら右へ旋回し、決められた方位へ進め。
  c711-3 100.0%  ここまでがATCの許可の中身である。
  c712-1  85.7%  この中に離陸して良いという言葉が一つもない。
  c712-2 100.0%  管制官は離陸の許可を求められてもいないし、出してもいない。
  c713-1  93.0%  十七時六分九秒、副操縦士が許可の復唱を始めた。
  c713-2 100.0%  復唱とは聞いた内容を読み返して取り違えを防ぐ手順である。
  c713-3  93.3%  パパエ、フライトレベル九十、右旋回。ここまでは正しい。
  c714-1 100.0%  そして復唱の最後にこう付け足した。
  c714-2  25.5%  我々は今離陸中。英語で We are now at takeoff。
  c715-1  88.9%  その時、機長は何をしていたか。
  c715-2 100.0%  報告書がはっきり書いている。
  c715-3 100.0%  副操縦士がまだ復唱している最中に、機長は出力を入れた。
  c716-1  94.3%  およそ十七時六分十三秒、機長がオランダ語で行くぞと言った。
  c716-2  88.9%  記録ではブレーキが離されたのは十七時六分十一秒。
  c716-3  90.0%  副操縦士が復唱を終えたのは、その六秒後の十七時六分十七秒である。
  c717-1 100.0%  管制官の側から見るとどうなるか。
  c717-2 100.0%  離陸の許可は求められていない。だから離陸位置に着いたと受け取った。
  c717-3 100.0%  誰も離陸中とは受け取らなかった。
  c718-1  92.7%  後からスペイン、アメリカ、オランダの調査団が
  c718-2 100.0%  管制塔の録音を初めて一緒に聞いている。
  c719-1  92.9%  報告書の中にこう書かれている。
  c719-2  97.0%  その送信で離陸しているとわかった人は誰も、あるいはほとんどいなかった。
  c720-1  76.9%  十七時六分十八秒、管制官が答えた。まずOK。
  c720-2 100.0%  短い間があって次の言葉が続く。これが止めるための言葉だった。
  c721-1 100.0%  離陸は待ってください。こちらから呼びます。
  c721-2 100.0%  管制官はそう送信している。KLMはもう走っている。
  c722-1  91.9%  ほとんど同じ時、パンナムも無線を押した。
  c722-2  87.5%  我々はまだ滑走路を走っている。クリッパー1736。
  c723-1 100.0%  二つの送信が同じ時刻に重なった。無線は一度に一つしか通らない。
  c723-2 100.0%  操縦室では甲高い音になった。
  c724-1 100.0%  報告書はこの音がおよそ三秒続いたと書いている。
  c724-2  93.1%  その三秒の間に送られていたのが離陸を待てという言葉である。
  c724-3 100.0%  KLMの操縦室でその言葉はあるべき明瞭さを失った。
  c725-1  90.9%  同じ三秒の間にもう一つ起きていたことがある。
  c725-2  94.9%  KLMの出力は十七時六分十九秒にもう離陸の値で落ち着いていた。
  c726-1 100.0%  ここで報告書の書き方を正確に写しておく。聞き取りにくくはなった。
  c726-2 100.0%  けれども聞き取れないほどではなかったと書いてある。
  c726-3 100.0%  では、なぜ届かなかったのか。報告書は別の場所で答えを書いている。
  c727-1  95.1%  見ることに気を取られると聞く方が落ちる。報告書はそう書いている。
  c727-2  94.7%  無線がかけたのはKLMだけではなかった。
  c727-3  87.1%  カン・セカンが言い終える前、パンナムに届いたのは最後の一音だけだった。
  c728-1  97.8%  17時6分25秒。管制官がパンナムへこう言った。
  c728-2  90.0%  ソウルを出たら知らせてください。まだ出ていないという意味である。
  c729-1  93.8%  十七時六分二十九秒。パンナムが答えた。
  c729-2 100.0%  了解。出たら知らせます。
  c729-3 100.0%  この声はKLMの操縦室にも届いている。
  c730-1 100.0%  走り出したKLMの操縦室では最初誰も反応しなかった。
  c730-2  80.9%  動いたのは一番後ろの席に座る航空機関士である。
  c731-1  96.6%  十七時六分三十二秒、航空機関士が聞いた。「あれ？まだ出ていないのでは？」
  c731-2  80.0%  機長が聞き返す。「何と言った？」
  c731-3 100.0%  機関士は言い直した。「パンナムはまだ出ていないのでは？」
  c732-1  81.8%  十七時六分三十五秒。帰ってきたのは強い皇帝だった。
  c732-2 100.0%  いや、出た。機長はそう答えた。
  c801-1  97.9%  操縦士も航空機関士もそれ以上は何も言わなかった。
  c801-2 100.0%  報告書はその理由について一つの見方を書いている。
  c802-1  91.3%  機長は会社で最も信望のある操縦士の一人だった。
  c802-2 100.0%  これほど経験のある人がこれほどの誤りをする。考えにくいことだった。
  c803-1 100.0%  報告書はもう一つのことも書いている。
  c803-2  96.2%  機長が十年以上続けてきた教官という仕事についてである。
  c804-1 100.0%  訓練の飛行では、教官が管制官の役もやる。
  c804-2 100.0%  離陸の許可を出すのは教官自身である。
  c804-3  91.3%  模擬の飛行では無線を全く使わないことさえある。
  c805-1 100.0%  つまり許可を待たずに離陸する。
  c805-2  80.0%  それが十年以上の間、日常だった。
  c805-3 100.0%  訓練では許可を出すのは自分だった。
  c806-1  82.4%  十七時六分四十秒頃、パンナムの機長が前方に明かりを見た。
  c806-2  95.2%  およそ七百メートル先、KLM機の着陸灯である。
  c807-1 100.0%  報告書によれば、ぶつかる九秒ほど前のことだった。
  c807-2  86.3%  その九秒が二機の間に残されていた時間の全てである。
  c808-1 100.0%  パンナムは出力を入れて左へ逃げようとした。
  c808-2  84.2%  バッツオールの外へ機体を出そうとしている。もう間に合わなかった。
  c809-1  94.7%  十七時六分四十三秒、副操縦士がV1と告げた。
  c809-2 100.0%  ここを超えたらもう離陸をやめられないという速さである。
  c809-3 100.0%  その一秒後、KLMは機首を上げ始めた。
  c810-1  92.7%  上げ方が大きすぎて尾が滑走路を擦っている。
  c810-2  94.9%  擦った跡はぶつかった場所のおよそ90メートル手前から始まる。
  c810-3 100.0%  早く浮き上がろうとして尾が下がっていたのである。
  c811-1  94.4%  十七時六分四十七秒。機長が声を上げている。
  c811-2 100.0%  言葉にはなっていない。報告書は声を発したとだけ書く。
  c812-1  80.0%  十七時六分五十秒。
  c812-2 100.0%  KLMはすでに完全に浮いていた。
  c812-3 100.0%  その第一エンジンがパンナムの右の翼の先をかすめた。
  c813-1  90.2%  主客はパンナムの右の内側のエンジンの辺りに激突した。
  c813-2  91.9%  胴体の後ろの方が壊れ、尾がもぎ取られた。
  c813-3  96.3%  KLMはそのまま飛び続け、百五十メートル先で地面に当たった。
  c814-1  95.8%  そこからさらに三百メートル滑って急に激しく燃えた。
  c814-2  87.8%  二つの残骸の間は四百五十メートル離れていた。
  c815-1 100.0%  KLM機には乗員14人と乗客234人が乗っていた。
  c815-2 100.0%  その二百四十八人が全員亡くなった。生き残った人は一人もいない。
  c816-1 100.0%  パンナム機では乗員9人と乗客317人がその場で亡くなった。
  c816-2 100.0%  合わせて三百二十六人である。
  c816-3 100.0%  けれども、この時点でそれを知る人はいない。外から見ていた人もいない。
  c901-1 100.0%  管制塔からは何も見えなかった。
  c901-2  84.2%  地面についた蜘蛛の帯が視界を塞いでいる。
  c901-3 100.0%  聞こえたのは爆発の音が二度だけである。
  c902-1  95.5%  どこで鳴ったのかも、なぜ鳴ったのかもわからない。
  c902-2  96.4%  管制塔にはそれを確かめる手立てがなかった。見えないのである。
  c903-1 100.0%  しばらくして駐機場にいた別の機体が知らせてきた。火が見えると。
  c903-2  93.8%  場所も理由もわからないままである。
  c904-1 100.0%  管制塔はすぐに消防へ警報を出した。
  c904-2 100.0%  火があること、すぐ出られるように備えること、それだけだった。
  c904-3  95.0%  火がどこにあるのかはまだ誰にもわからない。
  c905-1  93.9%  そこへ空港で働く会社の人が消防の詰め所へやってきた。
  c905-2  94.5%  火は駐機場の左の方だ。場所についての最初の手がかりだった。
  c906-1  90.3%  消防車は出せる限りの速さで出た。
  c906-2 100.0%  それでもその速さはとても遅かった。
  c906-3 100.0%  混み合った駐機場を斜めに横切るからである。
  c907-1  90.9%  人にも車にも止まっている機体にもぶつかり得る。
  c907-2  92.3%  見えない中をそろそろと進むしかなかった。
  c908-1  96.3%  やがて雲越しに明るい光が見えた。炎そのものはまだ見えない。
  c908-2 100.0%  それなのに強い熱だけが先に届いてきた。
  c909-1  89.7%  少し晴れた時、初めて形が見えた。
  c909-2 100.0%  機体の全体が炎に包まれ
  c909-3  94.4%  見えていたのが尾の垂直の翼だけだった。
  c910-1 100.0%  消火を始めると雲がもう少し晴れた。遠くにもう一つ光があった。
  c910-2 100.0%  同じ機体から外れた部品が燃えていると最初は思った。
  c911-1  93.9%  消防は車を分け、その二つ目の光の方へ近づいていった。
  c911-2  88.9%  そして近づいて初めてそれが何なのかがわかった。
  c912-1 100.0%  部品ではなかった。落ちた破片でもなかった。
  c912-2 100.0%  もう一機の飛行機がそこで燃えていたのである。
  c913-1  90.3%  王はここで初めて知ることになる。
  c913-2  91.7%  燃えていたのは二基だった。
  c914-1  86.7%  西往は二つ目の機体に力を移した。
  c914-2 100.0%  一つ目はもう手のつけようがなかったからである。
  c914-3 100.0%  この判断で左の主翼が守られた。
  c915-1 100.0%  そのパンナム機の中で何が起きていたか。
  c915-2  95.5%  二階の部屋と胴体の上側のほとんどがなくなった。
  c915-3 100.0%  床が抜け、乗員は下の階へ降りるしかなかった。
  c916-1  94.7%  出口は左の壁に開いた穴だった。前の方の人はそこから外へ出た。
  c916-2  94.1%  地面までの高さはおよそ六メートル、二十フィートである。
  c917-1 100.0%  左の主翼の上へ出て、そこから草地へ飛び降りた。
  c917-2 100.0%  主翼の下では火が燃え、左側の二つのエンジンはまだ回っていた。
  c917-3 100.0%  救急車はほとんどすぐに現れた。空港に五台あった。
  c918-1 100.0%  逃げるのにかかった時間はおよそ一分。
  c918-2  93.1%  後ろの席の人は前へ進めなかった。外へ出られたのは七十人である。
  c918-3  94.1%  そのうち九人が後で亡くなった。残ったのは六十一人だった。
  ep01-1 100.0%  報告書は根本の原因をこう書いている。KLMの機長が次の四つをしたこと。
  ep01-2 100.0%  一つ、許可を受けずに離陸した。
  ep01-3 100.0%  二つ。離陸は待ってくださいという言葉に従わなかった。
  ep02-1  92.6%  三つ。パンダのがまだ滑走路にいると言ったのにやめなかった。
  ep02-2  89.5%  四つ。航空機関士の問いに強い高低で答えた。
  ep03-1  88.4%  四つとも三十秒足らずの間に起きたことである。
  ep03-2  94.4%  そして四つとも止まるための機械だった。
  ep04-1  92.3%  その上で報告書は一つの問いを立てている。
  ep04-2 100.0%  これほどの操縦士がなぜ基本の誤りを犯せたのか。
  ep04-3 100.0%  答えとして三つ。一つ目は積み重なった問題で緊張が高まっていたこと。
  ep05-1 100.0%  二つ目は、テネリフェのあの独特の天気。
  ep05-2 100.0%  三つ目が二つの送信が同じ時刻に重なったことである。
  ep05-3 100.0%  根本の原因ではなく、寄与した要因。報告書はそう分けている。
  ep06-1  90.9%  報告書はその後に別の三つを並べる。
  ep06-2 100.0%  こちらは機長の心の中ではなく、その外側で起きていたことである。
  ep06-3  93.9%  賭場が適切でなかったこと。パンナムが三番目で出なかったこと。異例の混雑。
  ep07-1 100.0%  ただし、報告書は片方だけを裁いてはいない。
  ep07-2 100.0%  パンナムは二度滑走路にいると伝えた。だから重要ではないと書く。
  ep07-3  90.0%  管制官のOKも適切ではなかった。ただし、離陸はもう始まっていた。
  ep08-1 100.0%  報告書は最後に勧告を三つ出している。
  ep08-2  94.9%  一つ、指示と許可の重みと、その通りに実行することを徹底すること。
  ep08-3 100.0%  二つ、標準の短く取り違えようのない航空用語を使うこと。
  ep09-1  85.0%  三つ目がこの事故が一番残したものである。
  ep09-2  95.5%  ATCの許可と離陸の許可を時間で十分に話すこと。
  ep09-3 100.0%  許可に離陸という語を使わない。
  ep10-1 100.0%  気づいた人はいた。声にも出していた。それでも機体は止まらない。
  ep10-2  97.3%  1977年3月27日17時6分50秒。
  ep10-3 100.0%  五百八十三人が亡くなり、六十一人が生きて出た一本の滑走路の上である。

=== 一致率の低い順 495行（★耳で確かめる候補）===

c714-2  一致率 25.5%
   台本: われわれはいま、離陸中。英語で、ウィー・アー・ナウ・アット・テイクオフ。
   聞取: 我々は今離陸中。英語で We are now at takeoff。

c412-1  一致率 69.2%
   台本: 変わったあとは、一切、延ばせない。
   聞取: 触った後は一切伸ばせない。

c316-1  一致率 69.6%
   台本: 30側の端は、610メートル。
   送信: 30がわの端は、610メートル。   ← EL_YOMI で書き換えた文
   聞取: 三十川の橋は六百十メートル。

c620-1  一致率 70.0%
   台本: 管制官は、数えて答えた。
   送信: かんせいかんは、数えて答えた。   ← EL_YOMI で書き換えた文
   聞取: 菅生漢は数えて答えた。

c304-1  一致率 71.4%
   台本: 滑走路のわきに、誘導路が1本ある。
   聞取: 車道の脇に誘導路が一本ある

c215-1  一致率 71.8%
   台本: いちばんうしろに、パンナムの747が停まった。
   送信: いちばんうしろに、パンナムのナナヨンナナが停まった。   ← EL_YOMI で書き換えた文
   聞取: 一番後ろにパンナムの747が止まった。

c315-1  一致率 72.0%
   台本: 滑走路は、平らではない。真ん中のあたりが、ふくらんでいる。
   聞取: パッツオロは平らではない。真ん中の辺りが膨らんでいる。

c521-3  一致率 73.2%
   台本: 中心線の灯りが無いなら、800メートルが要る。
   聞取: 中心線の明かりがないなら八百メートル内いる。

c310-2  一致率 73.3%
   台本: あいだにいた3機は、先に出ていった。
   聞取: 間にいた三基は先に出て行った。

c510-2  一致率 76.2%
   台本: 進入の側は500メートルで、ときどき5キロに戻る。
   送信: 進入の がわは500メートルで、ときどき5キロに戻る。   ← EL_YOMI で書き換えた文
   聞取: 侵入の側は五百メートルで、時々五キロに戻る。

c720-1  一致率 76.9%
   台本: 17時06分18秒。管制官が答えた。まず、オーケー。
   送信: 17時06分18秒。かんせいかんが答えた。まず、オーケー。   ← EL_YOMI で書き換えた文
   聞取: 十七時六分十八秒、管制官が答えた。まずOK。

c213-2  一致率 80.0%
   台本: 滑走路と平行に走る、その道のいちばん端だった。
   聞取: 雪走路と平行に走るその道の一番端だった。

c316-2  一致率 80.0%
   台本: 12側の端は、629メートル。
   送信: 12がわの端は、629メートル。   ← EL_YOMI で書き換えた文
   聞取: 十二川の橋は六百二十九メートル。

c731-2  一致率 80.0%
   台本: 機長が聞き返す。なんて言った。
   聞取: 機長が聞き返す。「何と言った？」

c805-2  一致率 80.0%
   台本: それが、10年以上のあいだ、日常だった。
   聞取: それが十年以上の間、日常だった。

c812-1  一致率 80.0%
   台本: 17時06分50秒。
   聞取: 十七時六分五十秒。

c307-1  一致率 80.8%
   台本: 平行誘導路が機体で埋まると、出ていく機体は通れなくなる。
   聞取: 閉居有道路な機体で埋まると出ていく機体は通れなくなる。

c730-2  一致率 80.9%
   台本: 動いたのは、いちばんうしろの席に座る、航空機関士である。
   聞取: 動いたのは一番後ろの席に座る航空機関士である。

c616-1  一致率 81.2%
   台本: パンナムは、三番目を左へ、と復唱した。
   聞取: バンナヌは三番目を左へ、と複唱した。

c214-1  一致率 81.5%
   台本: そのうしろに、3機が順に並んだ。
   聞取: その後ろに三基が順に並んだ。

c732-1  一致率 81.8%
   台本: 17時06分35秒。返ってきたのは、強い肯定だった。
   聞取: 十七時六分三十五秒。帰ってきたのは強い皇帝だった。

c101-1  一致率 82.0%
   台本: ボーイング747は、ジャンボ機と呼ばれ、1970年から飛び始めた。
   送信: ボーイングナナヨンナナは、ジャンボ機と呼ばれ、1970年から飛び始めた。   ← EL_YOMI で書き換えた文
   聞取: Boeing747はジャンボ機と呼ばれ、1970年から飛び始めた。

c710-1  一致率 82.4%
   台本: 17時05分53秒。管制官が読み上げた。
   送信: 17時05分53秒。かんせいかんが読み上げた。   ← EL_YOMI で書き換えた文
   聞取: 十七時五分五十三秒。管生館が読み上げた。

c806-1  一致率 82.4%
   台本: 17時06分40秒ごろ。パンナムの機長が、前方に灯りを見た。
   聞取: 十七時六分四十秒頃、パンナムの機長が前方に明かりを見た。

c316-3  一致率 82.8%
   台本: いちばん高いのは、C-3という出口のあたりだと報告書は書いている。
   聞取: 一番高いのはC3という出口の辺りだと報告書は書いている。

c312-2  一致率 84.2%
   台本: 降りて、すき間を測った
   聞取: 降りて隙間を測った。

c808-2  一致率 84.2%
   台本: 滑走路の外へ機体を出そうとしている。もう、間に合わなかった。
   聞取: バッツオールの外へ機体を出そうとしている。もう間に合わなかった。

c901-2  一致率 84.2%
   台本: 地面についた雲の帯が、視界をふさいでいる。
   聞取: 地面についた蜘蛛の帯が視界を塞いでいる。

c708-1  一致率 85.0%
   台本: ここが、この事故のいちばん大事なところである。
   聞取: ここがこの事故の一番大事なところである。

ep09-1  一致率 85.0%
   台本: 三つ目が、この事故がいちばん残したものである。
   聞取: 三つ目がこの事故が一番残したものである。

c511-1  一致率 85.7%
   台本: 26分のあいだに、3キロが300メートルになった。10分の1である。
   送信: 26分のあいだに、3キロが300メートルになった。ジュウブンのイチである。   ← EL_YOMI で書き換えた文
   聞取: 二十六分の間に三キロが三百メートルになった。十分の一である。

c519-1  一致率 85.7%
   台本: 端が見えないときは、気象の観測塔にいる観測員が決める。
   聞取: 味が見えない時は気象の観測党にいる観測員が決める。

c712-1  一致率 85.7%
   台本: この中に、離陸してよいという言葉は、一つも無い。
   聞取: この中に離陸して良いという言葉が一つもない。

c807-2  一致率 86.3%
   台本: その9秒が、二機のあいだに残されていた時間のすべてである。
   聞取: その九秒が二機の間に残されていた時間の全てである。

c503-2  一致率 86.5%
   台本: かたまりが通り過ぎるたびに、見え方が変わる。
   聞取: 塊が通り過ぎるたびに見え方が変わる。

c914-1  一致率 86.7%
   台本: 消防は、二つ目の機体に力を移した。
   聞取: 西往は二つ目の機体に力を移した。

c216-2  一致率 87.0%
   台本: 前の機体が動かないかぎり、うしろの機体は出られない。
   聞取: 前の機体が動かない限り、後ろの機体は出られない。

c214-2  一致率 87.1%
   台本: ブラーテンスの737、スターリングの727、SATAのDC-8である。
   送信: ブラーテンスの737、スターリングの727、サタのDC-8である。   ← EL_YOMI で書き換えた文
   聞取: ブラーデンスの七三七、スターリングの七二七、サタのDC-8である。

c618-2  一致率 87.1%
   台本: 分からないことを、そのままにしなかった。この日、いちばん良い判断である。
   聞取: わからないことをそのままにしなかった。この日、一番良い判断である。

c727-3  一致率 87.1%
   台本: 管制官が言い終える前、パンナムに届いたのは、最後の一音だけだった。
   送信: かんせいかんが言い終える前、パンナムに届いたのは、最後のイチオンだけだった。   ← EL_YOMI で書き換えた文
   聞取: カン・セカンが言い終える前、パンナムに届いたのは最後の一音だけだった。

c216-1  一致率 87.2%
   台本: 誘導路は一本道で、追い越すことができない。
   聞取: 輸油道路は一本道で追い越すことができない。

c522-1  一致率 87.2%
   台本: 見える距離は下がり続け、灯りは消えている。
   聞取: 見える距離は下がり続け、明かりは消えていた。

c722-2  一致率 87.5%
   台本: われわれは、まだ滑走路を走っている。クリッパー1736。
   聞取: 我々はまだ滑走路を走っている。クリッパー1736。

c311-2  一致率 87.7%
   台本: 二機のあいだに、どれだけのすき間があるのかを確かめるためである。
   聞取: 二機の間にどれだけの隙間があるのかを確かめるためである。

c520-1  一致率 87.7%
   台本: さらに、滑走路の真ん中に並ぶ灯りが消えていた。中心線灯という。
   聞取: さらに、滑走路の真ん中に並ぶ明かりが消えていた。中心尖塔という

c624-2  一致率 87.7%
   台本: 報告書は、取り違えたか、四番目のほうが出やすいと考えたか、と書く。
   聞取: 報告書は取り違えたが、四番目の方が出やすいと考えたがと書く。

c119-1  一致率 87.8%
   台本: 747は大きいぶん、地上で置く場所も広く要る。
   送信: ナナヨンナナは大きいぶん、地上で置く場所も広く要る。   ← EL_YOMI で書き換えた文
   聞取: 七四七は大きい分、地上で置く場所も広くいる。

c814-2  一致率 87.8%
   台本: 二つの残骸のあいだは、450メートル離れていた。
   聞取: 二つの残骸の間は四百五十メートル離れていた。

c404-1  一致率 88.0%
   台本: 給油のあいだ、乗客は機内にいた。報告書は、そこも書いている。
   聞取: 給油の間、乗客が機内にいた。報告書はそこも書いている。

c304-3  一致率 88.1%
   台本: つなぐ道は4本。駐機場に近いほうからC-1、C-2、C-3、C-4である。
   聞取: つなぐ道は四本。駐機場に近い方からC1、C2、C3、C4である。

c705-1  一致率 88.1%
   台本: そして、こう続く。難しい仕事を終えた乗員は、ほっとしたにちがいない。
   聞取: そしてこう続く。難しい仕事を終えた乗員はホッとしたに違いない。

c207-2  一致率 88.2%
   台本: KLM機は13時38分に、パンナム機はその37分あとの14時15分に着いた。
   聞取: KLN機は十三時三十八分に、パンナム機はその三十七分後の十四時十五分に着いた。

c510-1  一致率 88.2%
   台本: 17時02分。滑走路の上は、300メートル。
   聞取: 十七時二分、滑走路の上は三百メートル

c511-2  一致率 88.2%
   台本: このあいだ、二機はまだ地上で待っていた。
   聞取: この間二機はまだ地上で待っていた。

ep03-1  一致率 88.4%
   台本: 四つとも、30秒足らずのあいだに起きたことである。
   聞取: 四つとも三十秒足らずの間に起きたことである。

c508-1  一致率 88.5%
   台本: 16時50分。滑走路の上は、2キロから3キロのあいだになった。
   聞取: 十六時五十分。滑走路の上は二キロから三キロの間になった。

c303-1  一致率 88.9%
   台本: 滑走路は、1本しかない。長さ3,400メートル、幅45メートル。
   送信: 滑走路は、1本しかない。長さサンゼンヨンヒャクメートル、幅45メートル。   ← EL_YOMI で書き換えた文
   聞取: ソウルは一本しかない。長さ三四〇〇メートル、幅四五メートル。

c715-1  一致率 88.9%
   台本: そのとき、機長は何をしていたか。
   聞取: その時、機長は何をしていたか。

c716-2  一致率 88.9%
   台本: 記録では、ブレーキが放されたのは17時06分11秒。
   送信: 記録では、ブレーキが はなされたのは17時06分11秒。   ← EL_YOMI で書き換えた文
   聞取: 記録ではブレーキが離されたのは十七時六分十一秒。

c911-2  一致率 88.9%
   台本: そして、近づいてはじめて、それが何なのかが分かった。
   聞取: そして近づいて初めてそれが何なのかがわかった。

c107-1  一致率 89.3%
   台本: この機長は、KLMの飛行訓練でいちばん上の立場にいた人である。
   聞取: この機長はKLMの飛行訓練で一番上の立場にいた人である。

c614-2  一致率 89.3%
   台本: 滑走路を走れと言われたが、それで合っているか、と確かめている。
   聞取: ソウルを走れと言われたが、それで合っているかと確かめている。

c621-1  一致率 89.5%
   台本: 報告書は、ここで疑いは晴れたと書いている。
   聞取: 広告主はここで疑いは晴れたと書いている。

c703-3  一致率 89.5%
   台本: つまり雨がやみ、視界が一瞬よくなっていた。
   聞取: つまり雨が止み、視界が一瞬良くなっていた。

ep02-2  一致率 89.5%
   台本: 四つ。航空機関士の問いに、強い肯定で答えた。
   聞取: 四つ。航空機関士の問いに強い高低で答えた。

pr02-2  一致率 89.7%
   台本: 当時、旅客機でいちばん大きかった機体である。どちらにも数百人がいた。
   聞取: 当時、旅客機で一番大きかった機体である。どちらにも数百人がいた。

c607-2  一致率 89.7%
   台本: そのうえで、標準ではないとも書く。
   聞取: その上で標準ではないとも書く。

c909-1  一致率 89.7%
   台本: 少し晴れたとき、初めて形が見えた。
   聞取: 少し晴れた時、初めて形が見えた。

c310-3  一致率 90.0%
   台本: 残ったのは、道をふさぐKLM機と、そのうしろのパンナム機だけである。
   聞取: 残ったのは道を塞ぐKLM機とその後ろのパンナム機だけである。

c716-3  一致率 90.0%
   台本: 副操縦士が復唱を終えたのは、その6秒あとの17時06分17秒である。
   聞取: 副操縦士が復唱を終えたのは、その六秒後の十七時六分十七秒である。

c728-2  一致率 90.0%
   台本: 滑走路を出たら知らせてください。まだ出ていない、という意味である。
   聞取: ソウルを出たら知らせてください。まだ出ていないという意味である。

ep07-3  一致率 90.0%
   台本: 管制官の「オーケー」も適切ではなかった。ただし離陸は、もう始まっていた。
   送信: かんせいかんの「オーケー」も適切ではなかった。ただし離陸は、もう始まっていた。   ← EL_YOMI で書き換えた文
   聞取: 管制官のOKも適切ではなかった。ただし、離陸はもう始まっていた。

c813-1  一致率 90.2%
   台本: 主脚は、パンナムの右の内側のエンジンのあたりに激突した。
   聞取: 主客はパンナムの右の内側のエンジンの辺りに激突した。

pr09-2  一致率 90.3%
   台本: 17時06分50秒、二機はぶつかった。
   聞取: 十七時六分五十秒、二機はぶつかった。

c416-1  一致率 90.3%
   台本: テネリフェで、まさにそれが起きた。
   聞取: フェネリフェでまさにそれが起きた。

c906-1  一致率 90.3%
   台本: 消防車は、出せるかぎりの速さで出た。
   聞取: 消防車は出せる限りの速さで出た。

c913-1  一致率 90.3%
   台本: 消防は、ここで初めて知ることになる。
   聞取: 王はここで初めて知ることになる。

c304-2  一致率 90.6%
   台本: 誘導路は、機体が地上を動くための道で、離着陸には使わない。
   聞取: 離陸道路は機体が地上を動くための道で、離着陸には使わない。

c508-2  一致率 90.6%
   台本: このころには、進入してくる側も、同じくらいまで下がっている。
   送信: このころには、進入してくる がわも、同じくらいまで下がっている。   ← EL_YOMI で書き換えた文
   聞取: この頃には侵入してくる側も同じくらいまで下がっている。

c522-2  一致率 90.6%
   台本: 測る機械は、この空港には無い。その滑走路へ、二機は出ていく。
   聞取: かかる機械はこの空港にはない。その滑走路へ二機は出ていく。

c109-1  一致率 90.9%
   台本: 747の資格を取ったのは、事故の2か月あまり前の1月19日。
   送信: ナナヨンナナの資格を取ったのは、事故の2か月あまり前のイチガツ19日。   ← EL_YOMI で書き換えた文
   聞取: 七四七の資格を取ったのは事故の二ヶ月余り前の1月19日。

c115-1  一致率 90.9%
   台本: 副操縦士はブラッグ。10,800時間のうち、747が2,796時間。
   送信: 副操縦士はブラッグ。イチマンハッピャク時間のうち、ナナヨンナナが2,796時間。   ← EL_YOMI で書き換えた文
   聞取: 副操縦士はブラック。 一万八百時間のうち七四七が二千七百九十六時間。

c314-2  一致率 90.9%
   台本: そのあいだ、パンナムの乗客は機内で待たされ続けた。
   聞取: その間、パンナムの乗客は機内で待たされ続けた。

c601-1  一致率 90.9%
   台本: ここで、時計をすこし戻す。16時56分のことである。
   聞取: ここで時計を少し戻す。十六時五十六分のことである。

c611-1  一致率 90.9%
   台本: 管制官は、すぐに訂正した。
   送信: かんせいかんは、すぐに訂正した。   ← EL_YOMI で書き換えた文
   聞取: 管政官はすぐに訂正した。

c725-1  一致率 90.9%
   台本: 同じ3秒のあいだに、もう一つ起きていたことがある。
   聞取: 同じ三秒の間にもう一つ起きていたことがある。

c907-1  一致率 90.9%
   台本: 人にも、車にも、駐まっている機体にもぶつかりうる。
   送信: 人にも、車にも、とまっている機体にもぶつかりうる。   ← EL_YOMI で書き換えた文
   聞取: 人にも車にも止まっている機体にもぶつかり得る。

ep06-1  一致率 90.9%
   台本: 報告書は、そのあとに、別の三つを並べる。
   聞取: 報告書はその後に別の三つを並べる。

c802-1  一致率 91.3%
   台本: 機長は、会社でもっとも信望のある操縦士の一人だった。
   聞取: 機長は会社で最も信望のある操縦士の一人だった。

c804-3  一致率 91.3%
   台本: 模擬の飛行では、無線をまったく使わないことさえある。
   聞取: 模擬の飛行では無線を全く使わないことさえある。

pr04-1  一致率 91.4%
   台本: 航空機の事故で、いまも最も多い数である。
   聞取: 航空機の事故で今も最も多い数である。

c617-3  一致率 91.4%
   台本: 同じ無線を、二人が違うふうに聞いていた。
   聞取: 同じ無線を二人が違う風に聞いていた。

c118-2  一致率 91.7%
   台本: 補助席に座った2人である。
   聞取: 補助席に座った二人であり

c913-2  一致率 91.7%
   台本: 燃えていたのは、二機だった
   聞取: 燃えていたのは二基だった。

c501-1  一致率 91.8%
   台本: テネリフェの天気は、ふつうの空港とは違う。報告書は一節を割いている。
   送信: テネリフェの天気は、ふつうの空港とは違う。報告書はイッセツを サイている。   ← EL_YOMI で書き換えた文
   聞取: テネリフェの天気は普通の空港とは違う。報告書は一節を割いている。

c722-1  一致率 91.9%
   台本: ほとんど同じとき、パンナムも無線を押した。
   聞取: ほとんど同じ時、パンナムも無線を押した。

c813-2  一致率 91.9%
   台本: 胴体の後ろのほうが壊れ、尾がもぎ取られた。
   聞取: 胴体の後ろの方が壊れ、尾がもぎ取られた。

c310-1  一致率 92.3%
   台本: 実際に動く時間になると、そのとおりになった。
   聞取: 実際に動く時間になるとその通りになった。

c319-1  一致率 92.3%
   台本: 滑走路を機体が走っているあいだは、そこに誰も降りられない。
   聞取: 滑走路を機体が走っている間はそこに誰も降りられない。

c321-1  一致率 92.3%
   台本: 行き先は、すぐ隣の島である。それでも、ここで足すことにした。
   聞取: 行き先はすぐ隣の島である。それでもここで立つことにした。

c420-2  一致率 92.3%
   台本: 給油に使った30分は、あとで何度も数え直されることになる。
   聞取: 給油に使った三十分は後で何度も数え直されることになる。

c907-2  一致率 92.3%
   台本: 見えないなかを、そろそろと進むしかなかった。
   聞取: 見えない中をそろそろと進むしかなかった。

ep04-1  一致率 92.3%
   台本: そのうえで報告書は、一つの問いを立てている。
   聞取: その上で報告書は一つの問いを立てている。

pr05-1  一致率 92.5%
   台本: 一機はKLMオランダ航空の4805便。朝9時にアムステルダムを出ていた。
   送信: 一機はKLMオランダ航空の四千八百五便。朝9時にアムステルダムを出ていた。   ← EL_YOMI で書き換えた文
   聞取: 行きはKLMオランダ航空の四千八百五便。朝九時にアムステルダムを出ていた。

c105-2  一致率 92.6%
   台本: 事故のときに乗っていたのは、乗員14人と乗客234人である。
   聞取: 事故の時に乗っていたのは乗員十四人と乗客二百三十四人である。

c303-3  一致率 92.6%
   台本: 反対から入れば300度。だから、同じ1本を12とも30とも呼ぶ。
   送信: 反対からハイレバ300度。だから、同じ1本を12とも30とも呼ぶ。   ← EL_YOMI で書き換えた文
   聞取: 反対から入れば三百度。だから同じ一本を十二とも三十とも呼ぶ。

c623-1  一致率 92.6%
   台本: 17時04分26秒、一つ目を確認した。90度に曲がる道である。
   聞取: 十七時零四分二十六秒。一つ目を確認した。九十度に曲がる道である。

ep02-1  一致率 92.6%
   台本: 三つ。パンナムがまだ滑走路にいると言ったのに、やめなかった。
   聞取: 三つ。パンダのがまだ滑走路にいると言ったのにやめなかった。

c313-2  一致率 92.7%
   台本: すき間は、747が通り抜けるには足りなかった。
   送信: すき間は、ナナヨンナナが通り抜けるには足りなかった。   ← EL_YOMI で書き換えた文
   聞取: 隙間は七四七が通り抜けるには足りなかった。

c407-1  一致率 92.7%
   台本: 迂回した機体は、このあとラスパルマスに集まる。
   聞取: 迂回した機体はこの後ラス・パルマスに集まる。

c718-1  一致率 92.7%
   台本: あとから、スペイン・アメリカ・オランダの調査団が、
   聞取: 後からスペイン、アメリカ、オランダの調査団が

c810-1  一致率 92.7%
   台本: 上げ方が大きすぎて、尾が滑走路をこすっている。
   聞取: 上げ方が大きすぎて尾が滑走路を擦っている。

pr07-2  一致率 92.9%
   台本: 二機が空を飛んでいるあいだに、その空港の建物で爆弾が爆発した。
   聞取: 二機が空を飛んでいる間に、その空港の建物で爆弾が爆発した。

c719-1  一致率 92.9%
   台本: 報告書の注に、こう書かれている。
   聞取: 報告書の中にこう書かれている。

c616-2  一致率 93.0%
   台本: ところが、そのすぐあとに、機内で食い違いが起きる。
   聞取: ところが、そのすぐ後に機内で食い違いが起きる。

c713-1  一致率 93.0%
   台本: 17時06分09秒。副操縦士が、許可の復唱を始めた。
   聞取: 十七時六分九秒、副操縦士が許可の復唱を始めた。

c518-2  一致率 93.1%
   台本: 滑走路の端が見えているときは、管制官が自分の目で見て伝えていた。
   送信: 滑走路の端が見えているときは、かんせいかんが自分の目で見て伝えていた。   ← EL_YOMI で書き換えた文
   聞取: 走路の端が見えている時は管制官が自分の目で見て伝えていた。

c612-1  一致率 93.1%
   台本: それでもKLMは、もう一度たずねている。C-1で左に曲がるのか、と。
   聞取: それでもKLMはもう一度尋ねている。C1で左に曲がるのかと。

c711-1  一致率 93.1%
   台本: フライトレベル90は、高さでいえばおよそ2,750メートルである。
   聞取: フライトレベル九十は高さで言えばおよそ二千七百五十メートルである。

c724-2  一致率 93.1%
   台本: その3秒のあいだに送られていたのが、離陸を待て、という言葉である。
   聞取: その三秒の間に送られていたのが離陸を待てという言葉である。

c918-2  一致率 93.1%
   台本: うしろの席の人は、前へ進めなかった。外へ出られたのは70人である。
   聞取: 後ろの席の人は前へ進めなかった。外へ出られたのは七十人である。

c107-2  一致率 93.3%
   台本: 教官の仕事を、10年以上続けていた。
   聞取: 教官の仕事を十年以上続けていた。

c116-2  一致率 93.3%
   台本: ニューヨークからテネリフェまでの、一本ぶんである。
   聞取: ニューヨークからテネリフェまでの一本分である。

c208-1  一致率 93.3%
   台本: パンナムの乗員は、上空で待てないかとたずねていた。
   聞取: パンナムの乗員は上空で待てないかと尋ねていた。

c415-1  一致率 93.3%
   台本: だから、会社に問い合わせることが強くすすめられた。
   聞取: だから会社に問い合わせることが強く勧められた。

c507-2  一致率 93.3%
   台本: このときはまだ、遠くに霧が見える、という程度だった。
   聞取: この時はまだ遠くに霧が見えるという程度だった。

c513-1  一致率 93.3%
   台本: 気温は14度、露点は13度だった。
   聞取: 気温は14度、露点は13度だって。

c713-3  一致率 93.3%
   台本: パパへ、フライトレベル90、右旋回。ここまでは、正しい。
   聞取: パパエ、フライトレベル九十、右旋回。ここまでは正しい。

c709-2  一致率 93.6%
   台本: 名前が似ているだけで、二つの中身はつながっていない。
   聞取: 名前が似ているだけで二つの中身は繋がっていない。

c403-1  一致率 93.8%
   台本: 実際に入れた量は、55,500リットル。
   送信: 実際に入れた量は、ゴマンゴセンゴヒャクリットル。   ← EL_YOMI で書き換えた文
   聞取: 実際に入れた量は五万五千五百リットル。

c703-2  一致率 93.8%
   台本: 操縦室の録音から、そのことが分かる。
   聞取: 操縦室の録音からそのことがわかる。

c729-1  一致率 93.8%
   台本: 17時06分29秒。パンナムが答えた。
   聞取: 十七時六分二十九秒。パンナムが答えた。

c903-2  一致率 93.8%
   台本: 場所も、理由も、分からないままである。
   聞取: 場所も理由もわからないままである。

c118-1  一致率 93.9%
   台本: このあとテネリフェで、航空会社の従業員2人が乗り込む。
   聞取: この後、テネリフェで航空会社の従業員二人が乗り込む。

c318-1  一致率 93.9%
   台本: 誘導路が使えないとき、機体はどこを走ることになるのか。
   聞取: 誘導路が使えない時、機体はどこを走ることになるのか。

c701-1  一致率 93.9%
   台本: KLMは、滑走路の端に着いた。そこで、180度向きを変える。
   聞取: KLMは滑走路の端に着いた。そこで度向きを変える。

c905-1  一致率 93.9%
   台本: そこへ、空港で働く会社の人が、消防の詰所へやって来た。
   聞取: そこへ空港で働く会社の人が消防の詰め所へやってきた。

c911-1  一致率 93.9%
   台本: 消防は車を分け、その二つ目の光のほうへ近づいていった。
   聞取: 消防は車を分け、その二つ目の光の方へ近づいていった。

ep06-3  一致率 93.9%
   台本: 言葉が適切でなかったこと。パンナムが三番目で出なかったこと。異例の混雑。
   聞取: 賭場が適切でなかったこと。パンナムが三番目で出なかったこと。異例の混雑。

c219-3  一致率 94.1%
   台本: この一人だけが、次の便に乗らなかった。
   聞取: この一人だけが罪の便に乗らなかった。

c412-2  一致率 94.1%
   台本: 機長が上限を超えることは、禁じられた。
   聞取: 市長が上限を超えることは禁じられた。

c916-2  一致率 94.1%
   台本: 地面までの高さは、およそ6メートル（20フィート）である。
   聞取: 地面までの高さはおよそ六メートル、二十フィートである。

c918-3  一致率 94.1%
   台本: そのうち9人が、あとで亡くなった。残ったのは、61人だった。
   聞取: そのうち九人が後で亡くなった。残ったのは六十一人だった。

c308-1  一致率 94.3%
   台本: ラスパルマス空港が開いたあと、パンナム機が管制塔を呼んだ。
   聞取: ラスパルマス空港が開いた後、パンナム機が管制塔を呼んだ。

c322-2  一致率 94.3%
   台本: そしてこの判断が、うしろにいた機体を止め続けることになる。
   聞取: そしてこの判断が後ろにいた機体を止め続けることになる。

c402-2  一致率 94.3%
   台本: 前にいる機体が30分止まれば、うしろの機体も30分止まる。
   聞取: 前にいる機体が30分止まれば、後ろの機体も30分止まる。

c610-1  一致率 94.3%
   台本: KLMの答えは、こうだった。いま滑走路に入る。最初の道で出る。
   聞取: KLMの答えはこうだった。「今、滑走路に入る。最初の道で出る」。

c622-2  一致率 94.3%
   台本: 手元の小さな図を見ながら、いまどこにいるのかを追っている。
   聞取: 手元の小さな図を見ながら、今どこにいるのかを追っている。

c716-1  一致率 94.3%
   台本: およそ17時06分13秒。機長がオランダ語で、行くぞ、と言った。
   聞取: およそ十七時六分十三秒、機長がオランダ語で行くぞと言った。

c811-1  一致率 94.4%
   台本: 17時06分47秒。機長が、声を上げている。
   聞取: 十七時六分四十七秒。機長が声を上げている。

c909-3  一致率 94.4%
   台本: 見えていたのは、尾の垂直の翼だけだった。
   聞取: 見えていたのが尾の垂直の翼だけだった。

ep03-2  一致率 94.4%
   台本: そして四つとも、止まるための機会だった。
   聞取: そして四つとも止まるための機械だった。

c302-1  一致率 94.5%
   台本: 空港の標高は632メートル。山にはさまれた、浅い谷の底にある。
   聞取: 空港の標高は六三二メートル。山に挟まれた浅い谷の底にある。

c415-2  一致率 94.5%
   台本: 自分たちがあと何分まで働けるのかを、地上にたずねるしかない。
   聞取: 自分たちがあと何分まで働けるのかを地上に尋ねるしかない。

c613-3  一致率 94.5%
   台本: ここまでにKLMは、どこで出るのかを二度たずねたことになる。
   聞取: ここまでにKLMはどこで出るのかを二度尋ねたことになる。

c615-1  一致率 94.5%
   台本: 管制官は、そのとおりだと答えた。滑走路に入り、三番目を左へ出よ。
   送信: かんせいかんは、そのとおりだと答えた。滑走路に入り、三番目を左へ出よ。   ← EL_YOMI で書き換えた文
   聞取: 管制官はその通りだと答えた。滑走路に入り、三番目を左へ出よ。

c708-2  一致率 94.5%
   台本: ATCの許可とは、離陸したあと、どこをどう飛ぶかの許可である。
   聞取: ATCの許可とは、離陸した後、どこをどう飛ぶかの許可である。

c905-2  一致率 94.5%
   台本: 火は、駐機場の左のほうだ。場所についての、最初の手がかりだった。
   聞取: 火は駐機場の左の方だ。場所についての最初の手がかりだった。

pr10-3  一致率 94.7%
   台本: 時刻は、報告書と同じ世界共通の時計で言う。
   聞取: 時刻は報告書と同じ世界共通の時計でいう

c113-1  一致率 94.7%
   台本: ニューヨークのケネディ空港に6時17分に着き、乗員が代わった。
   聞取: ニューヨークのケネディ空港に六時十七分に着き、乗員が変わった。

c505-1  一致率 94.7%
   台本: 見える距離は、ある瞬間には0メートル。数分後には1キロに戻る。
   聞取: 見える距離はある瞬間にはゼロメートル、数分後には一キロに戻る。

c623-2  一致率 94.7%
   台本: 17時05分22秒、二つ目も確認している。ここまでは、合っていた。
   聞取: 十七時零五分二十二秒。二つ目も確認している。ここまでは合っていた。

c706-3  一致率 94.7%
   台本: 機長は答えた。いや、分かっている。聞いてくれ。
   聞取: 機長は答えた。「いや、わかっている。聞いてくれ」

c727-2  一致率 94.7%
   台本: 無線が欠けたのは、KLMだけではなかった。
   聞取: 無線がかけたのはKLMだけではなかった。

c809-1  一致率 94.7%
   台本: 17時06分43秒。副操縦士が、V1、と告げた。
   送信: 十七時六分四十三秒。副操縦士が、V1、と告げた。   ← EL_YOMI で書き換えた文
   聞取: 十七時六分四十三秒、副操縦士がV1と告げた。

c916-1  一致率 94.7%
   台本: 出口は、左の壁に開いた穴だった。前のほうの人は、そこから外へ出た。
   送信: 出口は、左の壁にあいた穴だった。前のほうの人は、そこから外へ出た。   ← EL_YOMI で書き換えた文
   聞取: 出口は左の壁に開いた穴だった。前の方の人はそこから外へ出た。

c506-2  一致率 94.9%
   台本: このころの呼び方で、QAMという。その数字を時刻の順に並べてみる。
   聞取: この頃の呼び方でQAMという。その数字を時刻の順に並べてみる。

c520-2  一致率 94.9%
   台本: 霧の中で、進む向きを示す灯りである。3月15日から使えなかった。
   聞取: 霧の中で進む向きを示す明かりである。3月15日から使えなかった。

c725-2  一致率 94.9%
   台本: KLMの出力は、17時06分19秒に、もう離陸の値で落ち着いていた。
   送信: KLMの出力は、17時06分19秒に、もう離陸のアタイで落ち着いていた。   ← EL_YOMI で書き換えた文
   聞取: KLMの出力は十七時六分十九秒にもう離陸の値で落ち着いていた。

c810-2  一致率 94.9%
   台本: こすった跡は、ぶつかった場所のおよそ90メートル手前から始まる。
   聞取: 擦った跡はぶつかった場所のおよそ90メートル手前から始まる。

ep08-2  一致率 94.9%
   台本: 一つ。指示と許可の重みと、そのとおりに実行することを徹底すること。
   聞取: 一つ、指示と許可の重みと、その通りに実行することを徹底すること。

c405-2  一致率 95.0%
   台本: 25分の飛行に、55,500リットルは多すぎる。
   送信: ニジュウゴフンの飛行に、ゴマンゴセンゴヒャクリットルは多すぎる。   ← EL_YOMI で書き換えた文
   聞取: 二五分の飛行に五万五千五百リットルは多すぎる。

c614-1  一致率 95.0%
   台本: 17時02分。今度は、パンナムが管制塔を呼んだ。
   送信: 17時02分。今度は、パンナムがかんせいとうを呼んだ。   ← EL_YOMI で書き換えた文
   聞取: 十七時二分、今度はパンナムが管制塔を呼んだ。

c904-3  一致率 95.0%
   台本: 火がどこにあるのかは、まだ誰にも分からない。
   聞取: 火がどこにあるのかはまだ誰にもわからない。

c203-2  一致率 95.1%
   台本: 書いてあるのは、爆発があったことと、そのあとに起きたことだけである。
   聞取: 書いてあるのは爆発があったことと、その後に起きたことだけである。

c727-1  一致率 95.1%
   台本: 見ることに気を取られると、聞くほうが落ちる。報告書はそう書いている。
   聞取: 見ることに気を取られると聞く方が落ちる。報告書はそう書いている。

c619-1  一致率 95.2%
   台本: 17時03分29秒。パンナムが、管制塔に確かめた。
   聞取: 十七時三分二十九秒。パンナムが管制塔に確かめた。

c806-2  一致率 95.2%
   台本: およそ700メートル先。KLM機の着陸灯である。
   聞取: およそ七百メートル先、KLM機の着陸灯である。

c401-1  一致率 95.4%
   台本: KLMは管制塔に出発の予定時刻をたずね、燃料を足す必要があると伝えた。
   送信: KLMはかんせいとうに出発の予定時刻をたずね、燃料を足す必要があると伝えた。   ← EL_YOMI で書き換えた文
   聞取: KLMは管制塔に出発の予定時刻を尋ね、燃料を足す必要があると伝えた。

c512-2  一致率 95.4%
   台本: 高さ0メートル、つまり地面についた雲は、8分の1から8分の7へ増えた。
   送信: 高さ0メートル、つまり地面についた雲は、ハチブンのイチからハチブンのナナへ増えた。   ← EL_YOMI で書き換えた文
   聞取: 高さゼロメートル、つまり地面についた雲は八分の一から八分の七へ増えた。

c218-2  一致率 95.5%
   台本: 戻らなかったのは、そのうち、たった一人だけである。
   聞取: 踊らなかったのはそのうちたった一人だけである。

c709-1  一致率 95.5%
   台本: 離陸してよいかどうかの許可は、これとは別にある。
   聞取: 離陸して良いかどうかの許可はこれとは別にある。

c902-1  一致率 95.5%
   台本: どこで鳴ったのかも、なぜ鳴ったのかも分からない。
   聞取: どこで鳴ったのかも、なぜ鳴ったのかもわからない。

c915-2  一致率 95.5%
   台本: 二階の部屋と、胴体の上側のほとんどが無くなった。
   聞取: 二階の部屋と胴体の上側のほとんどがなくなった。

ep09-2  一致率 95.5%
   台本: ATCの許可と離陸の許可を、時間で十分に離すこと。
   送信: ATCの許可と離陸の許可を、時間でジュウブンに離すこと。   ← EL_YOMI で書き換えた文
   聞取: ATCの許可と離陸の許可を時間で十分に話すこと。

c106-1  一致率 95.5%
   台本: KLMの機長はフェルトハイゼン・ファン・ザンテン。飛んだ時間は11,700時間。
   聞取: KLMの機長はフェルトハイゼン・ファン・ザンテン。飛んだ時間は十一千七百時間。

c118-3  一致率 95.7%
   台本: 二機を合わせると、乗っていた人は644人になった。
   聞取: 二基を合わせると乗っていた人は六百四十四人になった。

c417-2  一致率 95.7%
   台本: ある時刻より前に離陸できるなら、問題は無さそうだ。
   聞取: ある時刻より前に離陸できるなら問題はなさそうだ。

c417-3  一致率 95.7%
   台本: その、ある時刻が何時なのかは、報告書に残っていない。
   聞取: そのある時刻が何時なのかが報告書に残っていない。

c605-3  一致率 95.7%
   台本: C-1とC-2から誘導路へ入ることができなかった。
   聞取: C1とC2から誘導路へ入ることができなかった。

c108-1  一致率 95.8%
   台本: 副操縦士はミュールス。飛んだ時間は9,200時間である。
   聞取: 副操縦士はミュールス。飛んだ時間は九千二百時間である。

c521-1  一致率 95.8%
   台本: 管制塔は、このことを17時04分58秒に両機へ伝えた。
   送信: かんせいとうは、このことを十七時四分五十八秒に両機へ伝えた。   ← EL_YOMI で書き換えた文
   聞取: 管制塔はこのことを十七時四分五十八秒に両機へ伝えた。

c814-1  一致率 95.8%
   台本: そこから、さらに300メートル滑って、急に激しく燃えた。
   聞取: そこからさらに三百メートル滑って急に激しく燃えた。

c102-2  一致率 96.0%
   台本: この日までに21,195時間飛び、5,202回着陸していた。
   送信: この日までにニマンイッセンヒャクキュウジュウゴ時間飛び、ゴセンニヒャクニ回着陸していた。   ← EL_YOMI で書き換えた文
   聞取: この日までに二万一千百九十五時間飛び、五千二百二回着陸していた。

c308-2  一致率 96.0%
   台本: エンジンをかける許可がほしい、と伝えている。許可は出た。
   聞取: エンジンをかける許可が欲しいと伝えている。許可は出た。

c602-2  一致率 96.2%
   台本: 滑走路12をバックタクシーして、滑走路30から離陸したい。
   聞取: 滑走路十二をバックタクシーして、滑走路三十から離陸したい。

c803-2  一致率 96.2%
   台本: 機長が10年以上続けてきた、教官という仕事についてである。
   聞取: 機長が十年以上続けてきた教官という仕事についてである。

c113-2  一致率 96.3%
   台本: 燃料を入れ、7時42分にラスパルマスへ向けて離陸している。
   聞取: 燃料を入れ、七時四二分にラスパレマスへ向けて離陸している。

c408-2  一致率 96.3%
   台本: そのままアムステルダムまで戻れた、と報告書は確かめている。
   聞取: そのままアムステルダムまで戻れたと報告者は確かめている。

c409-2  一致率 96.3%
   台本: 乗員が働いていい時間の、上限である。これが、機長を追いつめる。
   聞取: 乗員が働いていい時間の上限である。これが機長を追い詰める。

c706-1  一致率 96.3%
   台本: 17時05分41秒。記録装置に、出力を進める動きが残っている。
   送信: 十七時五分四十一秒。記録装置に、出力を進める動きが残っている。   ← EL_YOMI で書き換えた文
   聞取: 十七時五分四十一秒。記録装置に出力を進める動きが残っている。

c707-1  一致率 96.3%
   台本: 17時05分44秒。KLMが無線で言った。離陸の用意ができた。
   聞取: 十七時五分四十四秒。KLMが無線で言った。離陸の用意ができた。

c813-3  一致率 96.3%
   台本: KLMはそのまま飛び続け、150メートル先で地面に当たった。
   聞取: KLMはそのまま飛び続け、百五十メートル先で地面に当たった。

c908-1  一致率 96.3%
   台本: やがて、雲ごしに明るい光が見えた。炎そのものは、まだ見えない。
   聞取: やがて雲越しに明るい光が見えた。炎そのものはまだ見えない。

pr01-1  一致率 96.4%
   台本: 1977年3月27日の夕方5時すぎ、スペインのカナリア諸島。
   送信: 千九百七十七年三月二十七日の夕方5時すぎ、スペインのカナリア諸島。   ← EL_YOMI で書き換えた文
   聞取: 1977年3月27日の夕方5時過ぎ、スペインのカナリア諸島。

c213-1  一致率 96.4%
   台本: KLM機は、駐機場に入れなかった。停められたのは誘導路である。
   送信: KLM機は、駐機場にハイレなかった。停められたのは誘導路である。   ← EL_YOMI で書き換えた文
   聞取: KLM機は駐機場に入れなかった。止められたのは誘導路である。

c608-2  一致率 96.4%
   台本: 使っている滑走路の上で機体を走らせることは、危うくなりうる。
   聞取: 使っている滑走路の上で機体を走らせることは危うくなり得る。

c902-2  一致率 96.4%
   台本: 管制塔には、それを確かめる手立てが無かった。見えないのである。
   送信: かんせいとうには、それを確かめる手立てが無かった。見えないのである。   ← EL_YOMI で書き換えた文
   聞取: 管制塔にはそれを確かめる手立てがなかった。見えないのである。

c303-2  一致率 96.6%
   台本: 滑走路の番号は、向きを表す。12なら、およそ120度の方角へ進む。
   聞取: 雪走路の番号は向きを表す。12ならおよそ120度の方角へ進む。

c309-1  一致率 96.6%
   台本: ただし、注意が付いていた。地上走行で問題が起きるかもしれない、と。
   聞取: ただし注意がついていた。地上走行で問題が起きるかもしれないと。

c607-3  一致率 96.6%
   台本: 滑走路を、誘導路の代わりに使った
   聞取: 走路を誘導路の代わりに使った。

c731-1  一致率 96.6%
   台本: 17時06分32秒。航空機関士が聞いた。あれ、まだ出ていないのでは。
   聞取: 十七時六分三十二秒、航空機関士が聞いた。「あれ？まだ出ていないのでは？」

c208-2  一致率 96.7%
   台本: そのやりとりは録音に残っているが、結局、この空港へ降ろされている。
   聞取: そのやり取りは録音に残っているが、結局この空港へ降ろされている。

c704-2  一致率 96.7%
   台本: 難しい旋回の作業は、視界が一時よくなった時期と重なったはずだ、と。
   聞取: 難しい旋回の作業は視界が一時良くなった時期と重なったはずだと。

c606-2  一致率 96.8%
   台本: 二機を、滑走路そのものの上で走らせる。着陸機が使う道を通り道にする。
   聞取: 機器を滑走路そのものの上で走らせる。着陸機が使う道を通り道にする。

c419-2  一致率 96.9%
   台本: 自分の限界を決められないこの不確かさは、心理の面で大きな要素だった。
   聞取: 自分の限界を決められないこの不確かさが心理の面で大きな要素だった。

c104-1  一致率 97.0%
   台本: KLMの4805便は、定期便ではない。
   送信: KLMの四千八百五便は、定期便ではない。   ← EL_YOMI で書き換えた文
   聞取: KLMの四千八百五便は定期便ではない。

c719-2  一致率 97.0%
   台本: その送信で離陸していると分かった人は、誰も、あるいはほとんどいなかった。
   聞取: その送信で離陸しているとわかった人は誰も、あるいはほとんどいなかった。

pr06-1  一致率 97.1%
   台本: パンナム機は前の日にロサンゼルスを出て、ニューヨークで乗員を代えていた。
   聞取: パンナム機は前の日にロサンゼルスを出て、ニューヨークで乗員を変えていた。

c401-2  一致率 97.3%
   台本: かかる時間は、およそ30分だと言っている。
   聞取: かかる時間はおよそ三十分だと言っている。

c602-1  一致率 97.3%
   台本: 16時58分。KLMは、続けてこう申し出た。
   聞取: 十六時五十八分、KLMは続けてこう申し出た。

c609-2  一致率 97.3%
   台本: 滑走路30の待機の位置まで、滑走路を走れ。
   聞取: 滑走路三十の待機の位置まで滑走路を走れ。

ep10-2  一致率 97.3%
   台本: 1977年3月27日、17時06分50秒。
   聞取: 1977年3月27日17時6分50秒。

c106-2  一致率 97.6%
   台本: そのうち747での時間は、1,545時間だった。
   送信: そのうちナナヨンナナでの時間は、センゴヒャクヨンジュウゴ時間だった。   ← EL_YOMI で書き換えた文
   聞取: そのうち七四七での時間は千五百四十五時間だった。

c507-1  一致率 97.6%
   台本: 16時36分。滑走路の上で見える距離は、3キロ。
   聞取: 十六時三十六分。滑走路の上で見える距離は三キロ。

c619-2  一致率 97.7%
   台本: 三番目の交差点で左、ということで合っていますか。
   聞取: 番目の交差点で左ということで合っていますか？

c728-1  一致率 97.8%
   台本: 17時06分25秒。管制官がパンナムへ、こう言った。
   送信: 17時06分25秒。かんせいかんがパンナムへ、こう言った。   ← EL_YOMI で書き換えた文
   聞取: 17時6分25秒。管制官がパンナムへこう言った。

pr01-2  一致率 97.9%
   台本: テネリフェ島にある空港の滑走路は、雲の中にあった。
   送信: テネリフェとうにある空港の滑走路は、雲の中にあった。   ← EL_YOMI で書き換えた文
   聞取: テネリフェと島にある空港の滑走路は雲の中にあった。

c801-1  一致率 97.9%
   台本: 副操縦士も、航空機関士も、それ以上は何も言わなかった。
   聞取: 操縦士も航空機関士もそれ以上は何も言わなかった。

c117-1  一致率 98.0%
   台本: パンナム機に乗っていたのは、乗員16人と乗客378人。
   送信: パンナム機に乗っていたのは、乗員16人と乗客サンビャクナナジュウハチニン。   ← EL_YOMI で書き換えた文
   聞取: パンナム機に乗っていたのは、乗員十六人と乗客三百七十八人。

c509-1  一致率 98.0%
   台本: 16時55分。滑走路の上で見える距離は、1キロになった。
   聞取: 十六時五十五分、滑走路の上で見える距離は一キロになった。

c210-2  一致率 98.0%
   台本: 4805便の乗り継ぎの客であることを示すカードである。
   送信: 四千八百五便の乗り継ぎの客であることを示すカードである。   ← EL_YOMI で書き換えた文
   聞取: 四千八百五便の乗り継ぎの客であることを示すカードである。

c114-1  一致率 98.2%
   台本: パンナムの機長はグラブス。飛んだ時間は21,043時間である。
   送信: パンナムの機長はグラブス。飛んだ時間はニマンイッセンヨンジュウサン時間である。   ← EL_YOMI で書き換えた文
   聞取: パンナムの機長はグラブス。飛んだ時間は二万一千四十三時間である。

c516-2  一致率 98.2%
   台本: 滑走路の脇に置いた機械で、見通しを測って数字にするものである。
   聞取: 走路の脇に置いた機械で見通しを測って数字にするものである。

c613-2  一致率 98.2%
   台本: まっすぐ端まで行って、そこで向きを変えよ。ようやく、了解が返る。
   送信: まっすぐ端までいって、そこで向きを変えよ。ようやく、了解が返る。   ← EL_YOMI で書き換えた文
   聞取: まっすぐ端まで行って、そこで向きを変えよう。ようやく了解が返る。

c102-1  一致率 98.4%
   台本: KLMの機体は、登録記号がPH-BUFという1971年製の747。
   送信: KLMの機体は、登録記号がPH-BUFという1971年製のナナヨンナナ。   ← EL_YOMI で書き換えた文
   聞取: KLMの機体は登録記号がPHBUFという1971年製の747。

c611-2  一致率 98.4%
   台本: まっすぐ滑走路の端まで行き、そこで向きを変えよ。KLMは了解した。
   聞取: まっすぐ滑走路の端まで行き、そこで向きを変えよう。KLMは了解した。

pr02-1  一致率 100.0%
   台本: その滑走路に、ボーイング747が2機いた。
   送信: その滑走路に、ボーイングナナヨンナナが2機いた。   ← EL_YOMI で書き換えた文
   聞取: その滑走路にボーイング747が二機いた。

pr03-1  一致率 100.0%
   台本: 片方は離陸のために加速し、もう片方はまだ同じ滑走路の上にいた。
   聞取: 片方は離陸のために加速し、もう片方はまだ同じ滑走路の上にいた。

pr03-2  一致率 100.0%
   台本: この日、583人が亡くなった。
   聞取: この日、583人が亡くなった。

pr04-2  一致率 100.0%
   台本: なぜ、二機は同じ滑走路にいたのか。
   聞取: なぜ二機は同じ滑走路にいたのか。

pr04-3  一致率 100.0%
   台本: 二機とも、来るはずのない空港にいた
   送信: ニキとも、来るはずのない空港にいた   ← EL_YOMI で書き換えた文
   聞取: 二機とも来るはずのない空港にいた。

pr05-2  一致率 100.0%
   台本: もう一機は、パンアメリカン航空の1736便である。
   聞取: もう一機はパンアメリカン航空の1736便である。

pr06-2  一致率 100.0%
   台本: 別の国から飛んできた二つの便の、行き先は同じだった。
   聞取: 別の国から飛んできた二つの便の行き先は同じだった。

pr07-1  一致率 100.0%
   台本: 行き先は、グランカナリア島のラスパルマス空港である。
   送信: 行き先は、グランカナリアとうのラスパルマス空港である。   ← EL_YOMI で書き換えた文
   聞取: 行き先はグランカナリア島のラスパルマス空港である。

pr08-1  一致率 100.0%
   台本: 空港は閉められ、行き場を失った便は隣のテネリフェ島へ回された。
   送信: 空港は閉められ、行き場を失った便は隣のテネリフェとうへ回された。   ← EL_YOMI で書き換えた文
   聞取: 空港は閉められ、行き場を失った便は隣のテネリフェ島へ回された。

pr08-2  一致率 100.0%
   台本: 滑走路が1本しかない、小さな空港である。
   聞取: 滑走路が一本しかない小さな空港である。

pr09-1  一致率 100.0%
   台本: その1本の上で、二機は向き合うことになる。
   聞取: その一本の上で二機は向き合うことになる。

pr09-3  一致率 100.0%
   台本: 生きて機体から出られたのは、61人だけである。
   聞取: 生きて機体から出られたのは六十一人だけである。

pr10-1  一致率 100.0%
   台本: この動画が使う記録は、二つだけである。
   聞取: この動画が使う記録は二つだけである。

pr10-2  一致率 100.0%
   台本: スペインが出した事故報告書と、操縦室の録音の書き起こし。
   聞取: スペインが出した事故報告書と操縦室の録音の書き起こし

pr11-1  一致率 100.0%
   台本: 追いかける問いは、二つある。一つは、なぜ二機がそこに集まったのか。
   聞取: 追いかける問いは二つある。一つは、なぜ二機がそこに集まったのか。

pr11-2  一致率 100.0%
   台本: そして、なぜ「まだ滑走路にいる」という声が届かなかったのか。
   聞取: そしてなぜまだ滑走路にいるという声が届かなかったのか。

c101-2  一致率 100.0%
   台本: この日ぶつかった二機は、どちらもこの型である。
   聞取: この日ぶつかった二機はどちらもこの型である。

c103-1  一致率 100.0%
   台本: パンナムの機体はN736PA、1970年1月に作られたものである。
   聞取: パンナムの機体はN736PA。 1970年1月に作られたものである。

c103-2  一致率 100.0%
   台本: 飛んだ時間は25,725時間で、KLM機より長く働いていた。
   送信: 飛んだ時間はニマンゴセンナナヒャクニジュウゴ時間で、KLM機より長く働いていた。   ← EL_YOMI で書き換えた文
   聞取: 飛んだ時間は二万五千七百二十五時間で、KLM機より長く働いていた。

c104-2  一致率 100.0%
   台本: オランダの旅行会社が借り切った便である。
   聞取: オランダの旅行会社が借り切った便である。

c104-3  一致率 100.0%
   台本: アムステルダムとラスパルマスを往復する予定だった。
   聞取: アムステルダムとラスパルマスを往復する予定だった

c105-1  一致率 100.0%
   台本: 出発はアムステルダムのスキポール空港、27日の朝9時ちょうど。
   聞取: 出発はアムステルダムのスキポール空港。二十七日の朝九時ちょうど。

c108-2  一致率 100.0%
   台本: そのうち747での時間は、95時間しかなかった。
   送信: そのうちナナヨンナナでの時間は、95時間しかなかった。   ← EL_YOMI で書き換えた文
   聞取: そのうち七四七での時間は九五時間しかなかった。

c109-2  一致率 100.0%
   台本: 同じ操縦室に、1,545時間の人と95時間の人が並んでいた。
   送信: 同じ操縦室に、センゴヒャクヨンジュウゴ時間の人と95時間の人が並んでいた。   ← EL_YOMI で書き換えた文
   聞取: 同じ操縦室に1545時間の人と95時間の人が並んでいた。

c110-1  一致率 100.0%
   台本: その資格の試験をしたのは、誰だったのか。
   聞取: その資格の試験をしたのは誰だったのか。

c110-2  一致率 100.0%
   台本: その資格を出したのは、この機長だった
   聞取: その資格を出したのはこの機長だった。

c111-1  一致率 100.0%
   台本: 三人目は、航空機関士のスフルーダー。747での時間は543時間。
   送信: 三人目は、航空機関士のスフルーダー。ナナヨンナナでの時間は543時間。   ← EL_YOMI で書き換えた文
   聞取: 三人目は航空機関士のスフルーダー。七四七での時間は五百四十三時間。

c111-2  一致率 100.0%
   台本: 航空機関士は、エンジンや燃料の装置を見張る役である。
   聞取: 航空機関士はエンジンや燃料の装置を見張る役である。

c111-3  一致率 100.0%
   台本: 当時の747の操縦室は、この三人で回していた。
   送信: 当時のナナヨンナナの操縦室は、この三人で回していた。   ← EL_YOMI で書き換えた文
   聞取: 当時の七四七の操縦室はこの三人で回していた。

c112-1  一致率 100.0%
   台本: もう一方の便を見る。パンナム機がロサンゼルスを出たのは、26日。
   聞取: もう一方の便を見る。パンナム機がロサンゼルスを出たのは26日。

c112-2  一致率 100.0%
   台本: 時刻は、世界共通の時計で1時29分と書かれている。
   聞取: 時刻は世界共通の時計で一時二十九分と書かれている。

c114-2  一致率 100.0%
   台本: 747には564時間、乗っていた。
   送信: ナナヨンナナには564時間、乗っていた。   ← EL_YOMI で書き換えた文
   聞取: 七四七には五百六十四時間乗っていた。

c115-2  一致率 100.0%
   台本: 航空機関士のワーンズは、747で559時間を飛んでいる。
   送信: 航空機関士のワーンズは、ナナヨンナナで559時間を飛んでいる。   ← EL_YOMI で書き換えた文
   聞取: 航空機関士のワーンズは七四七で五百五十九時間を飛んでいる。

c116-1  一致率 100.0%
   台本: この三人は、直前の24時間で6時間33分を飛んでいた。
   聞取: この3人は直前の24時間で6時間33分を飛んでいた。

c117-2  一致率 100.0%
   台本: KLM機よりも、人が多い。
   聞取: KLM機よりも人が多い。

c117-3  一致率 100.0%
   台本: ニューヨークを出た時点で、394人が乗っていたことになる。
   聞取: ニューヨークを出た時点で三百九十四人が乗っていたことになる。

c119-2  一致率 100.0%
   台本: この日、それが効いてくる。
   聞取: この日、それが効いてくる。

c120-1  一致率 100.0%
   台本: KLMはアムステルダムから南へ、パンナムはニューヨークから東へ。
   聞取: KLMはアムステルダムから南へ、パンナムはニューヨークから東へ

c120-2  一致率 100.0%
   台本: 別々に飛んできた二つの便の行き先は、同じ空港だった。
   聞取: 別々に飛んできた二つの便の行き先は同じ空港だった。

c201-1  一致率 100.0%
   台本: 行き先のラスパルマス空港は、隣のグランカナリア島にある。
   送信: 行き先のラスパルマス空港は、隣のグランカナリアとうにある。   ← EL_YOMI で書き換えた文
   聞取: 行き先のラスパルマス空港は隣のグランカナリア島にある。

c201-2  一致率 100.0%
   台本: テネリフェからは、飛行機でおよそ25分の距離である。
   聞取: テネリフェからは飛行機でおよそ二五分の距離である。

c202-1  一致率 100.0%
   台本: 3月27日、その空港の旅客ターミナルで爆弾が爆発した。
   聞取: 三月二十七日、その空港の旅客ターミナルで爆弾が爆発した。

c202-2  一致率 100.0%
   台本: 建物の中にいた人たちは、外へ出されることになった。
   聞取: 建物の中にいた人たちは外へ出されることになった。

c203-1  一致率 100.0%
   台本: 報告書は、誰が仕掛けたのかを書いていない。
   聞取: 報告書は誰が仕掛けたのかを書いていない。

c204-1  一致率 100.0%
   台本: 実際に爆発したのは、一つだけだった。
   聞取: 実際に爆発したのは一つだけだった。

c204-2  一致率 100.0%
   台本: けれども、それで終わりにはならない。空港に、別の知らせが届く。
   聞取: けれども、それで終わりにはならない。空港に別の知らせが届く。

c205-1  一致率 100.0%
   台本: 二つ目があるかもしれない、という知らせである。
   聞取: 二つ目があるかもしれないという知らせである。

c205-2  一致率 100.0%
   台本: 二つ目の爆弾の予告があった
   聞取: 二つ目の爆弾の予告があった。

c206-1  一致率 100.0%
   台本: 空港は、閉められた。空を飛んでいた便が、行き場を失う。
   聞取: 空港は閉められた。空を飛んでいた便が行き場を失う。

c206-2  一致率 100.0%
   台本: ラスパルマスへ向かっていた便の多くが、行き先を変えられている。
   聞取: ラスパルマスへ向かっていた便の多くが行き先を変えられている。

c206-3  一致率 100.0%
   台本: 大部分がテネリフェへ回された、と報告書は書いている。
   聞取: 大部分がテネリフェへ回されたと報告書は書いている。

c207-1  一致率 100.0%
   台本: 回された先が、テネリフェ島のロス・ロデオス空港である。
   聞取: 回された先がテネリフェ島のロスロデオス空港である。

c209-1  一致率 100.0%
   台本: KLMの乗客は、最初は機内から出されなかった。
   聞取: KLMの乗客は最初は機内から出されなかった。

c209-2  一致率 100.0%
   台本: 20分ほどしてから、全員がバスでターミナルへ運ばれている。
   聞取: 20分ほどしてから全員がバスでターミナルへ運ばれている。

c210-1  一致率 100.0%
   台本: バスを降りるとき、乗客は一人ずつカードを渡された。
   聞取: バスを降りるとき、乗客は一人ずつカードを渡された。

c211-1  一致率 100.0%
   台本: パンナムの乗客は、一人も降りなかった。
   聞取: パンナムの乗客は一人も降りなかった。

c211-2  一致率 100.0%
   台本: バスも、カードも、この機体には来なかった。
   聞取: バスもカードもこの機体には来なかった。

c211-3  一致率 100.0%
   台本: 待った時間は、着陸してから3時間近くになった。
   聞取: 待った時間は着陸してから三時間近くになった。

c212-1  一致率 100.0%
   台本: ロス・ロデオス空港の駐機場は、回された機体でいっぱいになった。
   聞取: ロスロデオス空港の駐機場は回された機体でいっぱいになった。

c212-2  一致率 100.0%
   台本: 報告書は、この状態を「飽和した」という言葉で書いている。
   聞取: 報告書はこの状態を飽和したという言葉で書いている。

c215-2  一致率 100.0%
   台本: つまり、パンナム機の前にKLM機がいる、という並びになる。
   聞取: つまりパンナム機の前にKLM機がいるという並びになる。

c217-1  一致率 100.0%
   台本: やがて、ラスパルマス空港が、また開いた。
   聞取: やがてラスパルマス空港がまた開いた。

c217-2  一致率 100.0%
   台本: 二機とも、本来の行き先へ向かう準備を始めることになる。
   送信: ニキとも、本来の行き先へ向かう準備を始めることになる。   ← EL_YOMI で書き換えた文
   聞取: 二機とも本来の行き先へ向かう準備を始めることになる。

c217-3  一致率 100.0%
   台本: その時刻が何時だったかは、報告書に書かれていない。
   聞取: その時刻が何時だったかは報告書に書かれていない。

c218-1  一致率 100.0%
   台本: KLMの乗客は、ターミナルから機内に戻っていった。
   聞取: KLMの乗客はターミナルから機内に戻っていった。

c219-1  一致率 100.0%
   台本: 旅行会社の添乗員が、テネリフェに残ることになった。
   聞取: 旅行会社の添乗員がテネリフェに残ることになった。

c219-2  一致率 100.0%
   台本: 報告書は、この人の名前を伏せている。
   聞取: 報告書はこの人の名前を伏せている。

c220-1  一致率 100.0%
   台本: 爆弾のせいで、二機は知らない空港にいる。
   聞取: 爆弾のせいで二機は知らない空港にいる。

c220-2  一致率 100.0%
   台本: 乗客は待たされ、予定は狂った。
   聞取: 乗客は待たされ、予定は狂った。

c220-3  一致率 100.0%
   台本: この時点では、遅れは、ただの遅れだった。
   聞取: この時点では遅れはただの遅れだった。

c301-1  一致率 100.0%
   台本: ロス・ロデオス空港は、テネリフェ島の北側にある。
   送信: ロス・ロデオス空港は、テネリフェとうの北側にある。   ← EL_YOMI で書き換えた文
   聞取: ロスロデオス空港はテネリフェ島の北側にある。

c301-2  一致率 100.0%
   台本: 最初の飛行機が降りたのは1930年。島の玄関として使われてきた。
   聞取: 最初の飛行機が降りたのは1930年。島の玄関として使われてきた。

c302-2  一致率 100.0%
   台本: だから、雲がそのまま地面まで降りてくることがある。
   聞取: だから雲がそのまま地面まで降りてくることがある。

c305-1  一致率 100.0%
   台本: この日、駐機場は、回されてきた機体ですっかり埋まった。
   聞取: この日、駐機場は回されてきた機体ですっかり埋まった。

c305-2  一致率 100.0%
   台本: 入りきらない機体は、誘導路に並ぶことになる。
   聞取: 入りきらない機体は誘導路に並ぶことになる。

c306-1  一致率 100.0%
   台本: 誘導路に並んだ5機のうち、2機がジャンボ機の747である。
   送信: 誘導路に並んだ5機のうち、2機がジャンボ機のナナヨンナナである。   ← EL_YOMI で書き換えた文
   聞取: 誘導路に並んだ五機のうち二機がジャンボ機の七四七である。

c306-2  一致率 100.0%
   台本: その2機が、KLMとパンナムだった。残りの3機は、もっと小さい。
   聞取: その二機がKLMとパンナムだった。残りの三機はもっと小さい。

c307-2  一致率 100.0%
   台本: 通り道が、そのまま駐車場になってしまう。
   聞取: 通り道がそのまま駐車場になってしまう。

c309-2  一致率 100.0%
   台本: 前にKLM機がいて、平行誘導路が通れないからである。
   聞取: 前にKLM機がいて平行誘導路が通れないからである。

c311-1  一致率 100.0%
   台本: パンナムの副操縦士と航空機関士が、機体を降りた。
   聞取: パンナムの副操縦士と航空機関士が機体を降りた。

c312-1  一致率 100.0%
   台本: 見た目で決めることは、しなかった。二人は、地面に降りている。
   聞取: 見た目で決めることはしなかった。二人は地面に降りている。

c313-1  一致率 100.0%
   台本: 結果は、通れない、だった。
   聞取: 結果は通れないだった。

c313-3  一致率 100.0%
   台本: パンナムは、KLM機が動くのを待つしかない。
   聞取: パンナムはKLM機が動くのを待つしかない。

c314-1  一致率 100.0%
   台本: KLMが出発の準備を始めたのは、それからおよそ1時間後である。
   聞取: KLMが出発の準備を始めたのはそれからおよそ一時間後である。

c317-1  一致率 100.0%
   台本: 雲が降りると、管制塔からは、滑走路を走る機体が見えなくなる。
   送信: 雲が降りると、かんせいとうからは、滑走路を走る機体が見えなくなる。   ← EL_YOMI で書き換えた文
   聞取: 雲が降りると、管制塔からは滑走路を走る機体が見えなくなる。

c318-2  一致率 100.0%
   台本: 答えは、滑走路そのものである。着陸してくる機体と、同じ1本を使う。
   聞取: 答えは滑走路そのものである。着陸してくる機体と同じ一本を使う。

c319-2  一致率 100.0%
   台本: だから管制官は、走る機体をできるだけ早く滑走路から出したい。
   送信: だからかんせいかんは、走る機体をできるだけ早く滑走路から出したい。   ← EL_YOMI で書き換えた文
   聞取: だから管制官は走る機体をできるだけ早く滑走路から出したい。

c320-1  一致率 100.0%
   台本: そしてKLMは、動き出す前に、燃料を足すと決めた。
   聞取: そしてKLMは動き出す前に燃料を足すと決めた。

c322-1  一致率 100.0%
   台本: なぜ足したのか。報告書は、その理由まで書き残している。
   聞取: なぜ足したのか。報告書はその理由まで書き残している。

c402-1  一致率 100.0%
   台本: 30分は、短い時間ではない。
   聞取: 30分は短い時間ではない。

c403-2  一致率 100.0%
   台本: これが多いのか少ないのかは、行き先までの距離で決まる。
   聞取: これが多いのか少ないのかは行き先までの距離で決まる。

c404-2  一致率 100.0%
   台本: ターミナルへ戻った人たちが、もう一度、席に座って待っていた。
   聞取: ターミナルへ戻った人たちがもう一度席に座って待っていた。

c405-1  一致率 100.0%
   台本: テネリフェからラスパルマスまでは、およそ25分の飛行である。
   聞取: テネリフェからラス・パルマスまではおよそ二五分の飛行である。

c406-1  一致率 100.0%
   台本: 報告書は、その理由をこう考えている。
   聞取: 報告書はその理由をこう考えている。

c406-2  一致率 100.0%
   台本: 機長は、ラスパルマスでの給油を避けたかったのだろう、と。
   聞取: 機長はラスパルマスでの給油を避けたかったのだろうと。

c407-2  一致率 100.0%
   台本: そこで給油の順番を待てば、また遅れる。
   聞取: そこで給油の順番を待てばまた遅れる。

c407-3  一致率 100.0%
   台本: だから、先に入れておく。
   聞取: だから先に入れておく。

c408-1  一致率 100.0%
   台本: この量があれば、ラスパルマスで入れ直さなくてもよかった。
   聞取: この量があればラスパルマスで入れ直さなくてもよかった。

c409-1  一致率 100.0%
   台本: ここから、もう一つの時計の話になる。燃料の時計ではない。
   聞取: ここからもう一つの時計の話になる。燃料の時計ではない。

c410-1  一致率 100.0%
   台本: 飛行機の乗員には、続けて働ける時間の上限がある。疲れを避けるためである。
   聞取: 飛行機の乗員には続けて働ける時間の上限がある。疲れを避けるためである。

c410-2  一致率 100.0%
   台本: オランダでは、その決まりが変わったばかりだった。
   聞取: オランダではその決まりが変わったばかりだった。

c411-1  一致率 100.0%
   台本: 変わる前は、機長の判断で延ばすことができた。
   聞取: 変わる前は機長の判断で延ばすことができた。

c411-2  一致率 100.0%
   台本: 目的地まで飛びきるために少し超える。それが認められていた。
   聞取: 目的地まで飛びきるために少し超える。それが認められていた。

c412-3  一致率 100.0%
   台本: 超えたら、法律で裁かれる
   聞取: 超えたら法律で裁かれる。

c413-1  一致率 100.0%
   台本: もう一つ、変わったことがある。
   聞取: もう一つ変わったことがある

c413-2  一致率 100.0%
   台本: 1976年12月までは、上限の計算は簡単だった。見る項目が少ない。
   聞取: 1976年12月までは上限の計算は簡単だった。見る項目が少ない。

c414-1  一致率 100.0%
   台本: それが、とても複雑になった。報告書は、こう書いている。
   聞取: それがとても複雑になった。報告書はこう書いている。

c414-2  一致率 100.0%
   台本: 実際のところ、操縦室では決められない。
   聞取: 実際のところ、操縦室では決められない。

c414-3  一致率 100.0%
   台本: つまり機長は、自分の上限を、自分では出せなくなっていた。
   聞取: つまり機長は自分の上限を自分では出せなくなっていた。

c416-2  一致率 100.0%
   台本: 機長は短波の無線で、アムステルダムの運航の部署につないでいる。
   聞取: 機長は短波の無線でアムステルダムの運航の部署につないでいる。

c417-1  一致率 100.0%
   台本: 返ってきた答えは、はっきりしたものではなかった。
   聞取: 返ってきた答えははっきりしたものではなかった。

c418-1  一致率 100.0%
   台本: 危なければ、ラスパルマスへ電報を送る。つまり、行った先で知らせる。
   送信: 危なければ、ラスパルマスへ電報を送る。つまり、いった先で知らせる。   ← EL_YOMI で書き換えた文
   聞取: 危なければラス・パルマスへ電報を送る。つまり行った先で知らせる。

c418-2  一致率 100.0%
   台本: 機長は、自分の上限を知らないまま滑走路へ向かった。
   聞取: 機長は自分の上限を知らないまま滑走路へ向かった。

c419-1  一致率 100.0%
   台本: 報告書は、この点をはっきり書いている。
   聞取: 報告書はこの点をはっきり書いている。

c420-1  一致率 100.0%
   台本: 機体には燃料が入り、乗客も席に戻った。
   聞取: 機体には燃料が入り、乗客も席に戻った。

c501-2  一致率 100.0%
   台本: ここで視界を悪くするものは、霧ではない。
   聞取: ここで視界を悪くするものは霧ではない。

c502-1  一致率 100.0%
   台本: 霧なら、濃さをかなり正確に測ることができる。
   聞取: 霧なら濃さをかなり正確に測ることができる。

c502-2  一致率 100.0%
   台本: どれだけ見えるかも、数字にできる。ここで起きるのは、それではない。
   聞取: どれだけ見えるかも数字にできる。ここで起きるのはそれではない。

c503-1  一致率 100.0%
   台本: 地面についた雲の層が、風に流されてくる。
   聞取: 地面についた雲の層が風に流されてくる。

c504-1  一致率 100.0%
   台本: 報告書の言い方を、そのまま借りる。ここは、大事なところである。
   聞取: 報告書の言い方をそのまま借りる。ここは大事なところである。

c504-2  一致率 100.0%
   台本: 霧ではない。地面についた雲だった
   聞取: 霧ではない、地面についた雲だった。

c505-2  一致率 100.0%
   台本: そしてまた、ほとんど見えなくなる。
   聞取: そしてまたほとんど見えなくなる。

c506-1  一致率 100.0%
   台本: 空港は、決まった時刻に気象の値を出している。
   送信: 空港は、決まった時刻に気象のアタイを出している。   ← EL_YOMI で書き換えた文
   聞取: 空港は決まった時刻に気象の値を出している。

c509-2  一致率 100.0%
   台本: 16時36分から19分で、3キロが1キロに落ちたことになる。
   聞取: 16時36分から19分で3キロが1キロに落ちたことになる。

c510-3  一致率 100.0%
   台本: 同じ空港の、同じ時刻の数字である。
   聞取: 同じ空港の同じ時刻の数字である。

c512-1  一致率 100.0%
   台本: 同じ表には、雲の量も書かれている。
   送信: 同じヒョウには、雲の量も書かれている。   ← EL_YOMI で書き換えた文
   聞取: 同じ表には雲の量も書かれている。

c513-2  一致率 100.0%
   台本: 露点とは、空気が冷えて水の粒ができ始める温度のことである。
   聞取: 露点とは、空気が冷えて水の粒ができ始める温度のことである。

c513-3  一致率 100.0%
   台本: この二つの差が、その空気がどれだけ雲に近いかを表す。
   聞取: この二つの差が、その空気がどれだけ雲に近いかを表す。

c514-1  一致率 100.0%
   台本: 差が小さいほど、その空気は雲に変わりやすい。
   聞取: 差が小さいほど、その空気は雲に変わりやすい。

c514-2  一致率 100.0%
   台本: この日の差は、1度。あと1度冷えれば、その場で雲ができる。
   聞取: この日の差は一度、あと一度冷えればその場で雲ができる。

c515-1  一致率 100.0%
   台本: この空港は、見える距離を、どうやって決めていたのか。
   聞取: この空港は見える距離をどうやって決めていたのか。

c516-1  一致率 100.0%
   台本: RVRという仕組みがある。日本語では滑走路視距離という。
   聞取: RVRという仕組みがある。日本語では滑走路視距離という。

c517-1  一致率 100.0%
   台本: ロス・ロデオス空港では、この値は出されない。
   送信: ロス・ロデオス空港では、このアタイは出されない。   ← EL_YOMI で書き換えた文
   聞取: ロスロデオス空港ではこの値は出されない。

c517-2  一致率 100.0%
   台本: 報告書は、そのことを設備の一覧の中にはっきり書いている。
   聞取: 報告書はそのことを設備の一覧の中にはっきり書いている。

c518-1  一致率 100.0%
   台本: では、誰が決めていたか。管制官である。
   送信: では、誰が決めていたか。かんせいかんである。   ← EL_YOMI で書き換えた文
   聞取: では誰が決めていたか。管制官である。

c519-2  一致率 100.0%
   台本: つまり、この空港の視界の数字は、人の目から出ていた。
   聞取: つまり、この空港の視界の数字は人の目から出ていた。

c519-3  一致率 100.0%
   台本: 機械が出した数字では、なかったのである。
   聞取: 機械が出した数字ではなかったのである。

c521-2  一致率 100.0%
   台本: パンナムの機長は、それを聞いてこう言っている。
   聞取: パンナムの機長はそれを聞いてこう言っている。

c601-2  一致率 100.0%
   台本: KLMが管制塔を呼び、地上を走る許可を求めた。許可はすぐに出た。
   送信: KLMがかんせいとうを呼び、地上を走る許可を求めた。許可はすぐに出た。   ← EL_YOMI で書き換えた文
   聞取: KLMが管制塔を呼び、地上を走る許可を求めた。許可はすぐに出た。

c601-3  一致率 100.0%
   台本: ここから、最後の10分が始まる。
   聞取: ここから最後の10分が始まる。

c602-3  一致率 100.0%
   台本: バックタクシー。これが、この日の鍵になる言葉である。
   聞取: バックタクシー。これがこの日の鍵になる言葉である。

c603-1  一致率 100.0%
   台本: バックタクシーという言葉が出てきた。
   聞取: バックタクシーという言葉が出てきた。

c603-2  一致率 100.0%
   台本: 滑走路を、離陸する向きとは逆に走ることである。
   聞取: 滑走路を離陸する向きとは逆に走ることである。

c603-3  一致率 100.0%
   台本: 端まで走って、そこで向きを変える。
   聞取: 端まで走ってそこで向きを変える。

c604-1  一致率 100.0%
   台本: 本来なら平行の誘導路を通ればいいが、この日は使えなかった。
   聞取: 本来なら平行の誘導路を通ればいいが、この日は使えなかった。

c605-1  一致率 100.0%
   台本: 報告書は、その理由を書き残している。
   聞取: 報告書はその理由を書き残している。

c605-2  一致率 100.0%
   台本: 駐機場に機体が集まったせいで、
   聞取: 駐機場に機体が集まったせいで

c606-1  一致率 100.0%
   台本: だから管制官は、別のやり方を選んだ。
   送信: だからかんせいかんは、別のやり方を選んだ。   ← EL_YOMI で書き換えた文
   聞取: だから管制官は別のやり方を選んだ。

c607-1  一致率 100.0%
   台本: 報告書は、これを規則の内側だと書く。
   聞取: 報告書はこれを規則の内側だと書く。

c608-1  一致率 100.0%
   台本: 報告書の言葉を、もう少し正確に写す。
   聞取: 報告書の言葉をもう少し正確に写す。

c609-1  一致率 100.0%
   台本: 管制官がKLMに出した最初の指示は、こうだった。
   送信: かんせいかんがKLMに出した最初の指示は、こうだった。   ← EL_YOMI で書き換えた文
   聞取: 管制官がKLMに出した最初の指示はこうだった。

c609-3  一致率 100.0%
   台本: そして、三番目の道で左へ出よ。
   聞取: そして三番目の道で左へ出よ。

c610-2  一致率 100.0%
   台本: 指示は三番目、答えは一番目である。ここで、もう食い違っている。
   聞取: 指示は三番目、答えは一番目である。ここでもう食い違っている。

c612-2  一致率 100.0%
   台本: 30秒ほど前に、同じ話をしたばかりである。
   聞取: 30秒ほど前に同じ話をしたばかりである。

c613-1  一致率 100.0%
   台本: 管制官の答えは、二回続けての否定だった。
   送信: かんせいかんの答えは、二回続けての否定だった。   ← EL_YOMI で書き換えた文
   聞取: 管制官の答えは2回続けての否定だった。

c615-2  一致率 100.0%
   台本: 三番目、という言葉を、この送信の中で二度繰り返している。
   聞取: 三番目という言葉をこの送信の中で二度繰り返している。

c617-1  一致率 100.0%
   台本: 航空機関士が言った。三番目と言った、と。
   聞取: 航空機関士が言った。三番目と言ったと。

c617-2  一致率 100.0%
   台本: 機長が言った。一番目と聞こえた、と。
   聞取: 機長が言った。一番目と聞こえたと。

c618-1  一致率 100.0%
   台本: 副操縦士が言った。もう一度聞きます、と。
   聞取: 副操縦士が言った。「もう一度聞きますと

c620-2  一致率 100.0%
   台本: 一、二、三、三番目です
   聞取: 一、二、三。三番目です。

c621-2  一致率 100.0%
   台本: 三番目という言葉は、正しく伝わった。残った問題は、どれが三番目か。
   聞取: 三番目という言葉は正しく伝わった。残った問題はどれが三番目か。

c622-1  一致率 100.0%
   台本: パンナムの乗員は、視界が悪く、出口を見つけにくかった。
   聞取: パンナムの乗員は視界が悪く、出口を見つけにくかった。

c623-3  一致率 100.0%
   台本: そして、三番目を、そのまま通り過ぎた。
   聞取: そして三番目をそのまま通り過ぎた。

c624-1  一致率 100.0%
   台本: なぜ、三番目を通り過ぎたのか。
   聞取: なぜ三番目を通り過ぎたのか。

c624-3  一致率 100.0%
   台本: 二機は、同じ1本の滑走路の上で、向かい合うことになった。
   聞取: 二機は同じ一本の滑走路の上で向かい合うことになった。

c701-2  一致率 100.0%
   台本: 幅45メートルの上で、747を回すことになる。
   送信: 幅45メートルの上で、ナナヨンナナを回すことになる。   ← EL_YOMI で書き換えた文
   聞取: 幅四十五メートルの上で七四七を回すことになる。

c702-1  一致率 100.0%
   台本: 報告書は、これを難しい旋回だと書いている。
   聞取: 報告書はこれを難しい旋回だと書いている。

c702-2  一致率 100.0%
   台本: 幅45メートル。霧の中。そして747。条件が、三つとも悪い。
   送信: 幅45メートル。霧の中。そしてナナヨンナナ。条件が、三つとも悪い。   ← EL_YOMI で書き換えた文
   聞取: 幅四十五メートル、霧の中、そして七四七。条件が三つとも悪い。

c703-1  一致率 100.0%
   台本: その少し前、乗員はワイパーを切っている。
   聞取: その少し前、乗員はワイパーを切っている。

c704-1  一致率 100.0%
   台本: 報告書は、そこに一つの見方を置いている。
   聞取: 報告書はそこに一つの見方を置いている。

c705-2  一致率 100.0%
   台本: 地上の問題を終わらせたい。空にいたい。その気持ちが強まった。
   聞取: 地上の問題を終わらせたい。空にいたい。その気持ちが強まった。

c705-3  一致率 100.0%
   台本: なお報告書は、離陸をやめる道も機長は確かに考えた、と書き添えている。
   聞取: なお、報告書は離陸をやめる道も機長は確かに考えたと書き添えている。

c706-2  一致率 100.0%
   台本: 副操縦士が言った。待ってください、まだATCの許可がありません。
   聞取: 副操縦士が言った。待ってください。まだ ATCの許可がありません。

c707-2  一致率 100.0%
   台本: そして、ATCの許可を待っている、と。
   聞取: そしてATCの許可を待っていると。

c710-2  一致率 100.0%
   台本: パパという無線標識へ向かい、フライトレベル90まで上がれ。
   聞取: パパという無線標識へ向かい、フライトレベル90まで上がれ。

c711-2  一致率 100.0%
   台本: 離陸したら右へ旋回し、決められた方位へ進め。
   聞取: 離陸したら右へ旋回し、決められた方位へ進め。

c711-3  一致率 100.0%
   台本: ここまでが、ATCの許可の中身である。
   聞取: ここまでがATCの許可の中身である。

c712-2  一致率 100.0%
   台本: 管制官は離陸の許可を求められてもいないし、出してもいない。
   送信: かんせいかんは離陸の許可を求められてもいないし、出してもいない。   ← EL_YOMI で書き換えた文
   聞取: 管制官は離陸の許可を求められてもいないし、出してもいない。

c713-2  一致率 100.0%
   台本: 復唱とは、聞いた内容を読み返して、取り違えを防ぐ手順である。
   聞取: 復唱とは聞いた内容を読み返して取り違えを防ぐ手順である。

c714-1  一致率 100.0%
   台本: そして、復唱の最後に、こう付け足した。
   聞取: そして復唱の最後にこう付け足した。

c715-2  一致率 100.0%
   台本: 報告書が、はっきり書いている。
   聞取: 報告書がはっきり書いている。

c715-3  一致率 100.0%
   台本: 副操縦士がまだ復唱している最中に、機長は出力を入れた。
   送信: 副操縦士がまだ復唱しているサイチュウに、機長は出力を入れた。   ← EL_YOMI で書き換えた文
   聞取: 副操縦士がまだ復唱している最中に、機長は出力を入れた。

c717-1  一致率 100.0%
   台本: 管制官の側から見ると、どうなるか。
   送信: かんせいかんの がわから見ると、どうなるか。   ← EL_YOMI で書き換えた文
   聞取: 管制官の側から見るとどうなるか。

c717-2  一致率 100.0%
   台本: 離陸の許可は求められていない。だから、離陸位置に着いたと受け取った。
   聞取: 離陸の許可は求められていない。だから離陸位置に着いたと受け取った。

c717-3  一致率 100.0%
   台本: 誰も「離陸中」とは受け取らなかった
   聞取: 誰も離陸中とは受け取らなかった。

c718-2  一致率 100.0%
   台本: 管制塔の録音を、初めて一緒に聞いている。
   送信: かんせいとうの録音を、初めて一緒に聞いている。   ← EL_YOMI で書き換えた文
   聞取: 管制塔の録音を初めて一緒に聞いている。

c720-2  一致率 100.0%
   台本: 短い間があって、次の言葉が続く。これが、止めるための言葉だった。
   送信: 短いマがあって、次の言葉が続く。これが、止めるための言葉だった。   ← EL_YOMI で書き換えた文
   聞取: 短い間があって次の言葉が続く。これが止めるための言葉だった。

c721-1  一致率 100.0%
   台本: 離陸は待ってください。こちらから呼びます。
   聞取: 離陸は待ってください。こちらから呼びます。

c721-2  一致率 100.0%
   台本: 管制官は、そう送信している。KLMは、もう走っている。
   送信: かんせいかんは、そう送信している。KLMは、もう走っている。   ← EL_YOMI で書き換えた文
   聞取: 管制官はそう送信している。KLMはもう走っている。

c723-1  一致率 100.0%
   台本: 二つの送信が、同じ時刻に重なった。無線は、一度に一つしか通らない。
   聞取: 二つの送信が同じ時刻に重なった。無線は一度に一つしか通らない。

c723-2  一致率 100.0%
   台本: 操縦室では、甲高い音になった
   聞取: 操縦室では甲高い音になった。

c724-1  一致率 100.0%
   台本: 報告書は、この音がおよそ3秒続いたと書いている。
   聞取: 報告書はこの音がおよそ三秒続いたと書いている。

c724-3  一致率 100.0%
   台本: KLMの操縦室で、その言葉は、あるべき明瞭さを失った。
   聞取: KLMの操縦室でその言葉はあるべき明瞭さを失った。

c726-1  一致率 100.0%
   台本: ここで、報告書の書き方を正確に写しておく。聞き取りにくくは、なった。
   聞取: ここで報告書の書き方を正確に写しておく。聞き取りにくくはなった。

c726-2  一致率 100.0%
   台本: けれども、聞き取れないほどではなかった、と書いてある。
   聞取: けれども聞き取れないほどではなかったと書いてある。

c726-3  一致率 100.0%
   台本: では、なぜ届かなかったのか。報告書は、別の場所で答えを書いている。
   聞取: では、なぜ届かなかったのか。報告書は別の場所で答えを書いている。

c729-2  一致率 100.0%
   台本: 了解、出たら知らせます。
   聞取: 了解。出たら知らせます。

c729-3  一致率 100.0%
   台本: この声は、KLMの操縦室にも届いている。
   聞取: この声はKLMの操縦室にも届いている。

c730-1  一致率 100.0%
   台本: 走り出したKLMの操縦室では、最初、誰も反応しなかった。
   聞取: 走り出したKLMの操縦室では最初誰も反応しなかった。

c731-3  一致率 100.0%
   台本: 機関士は言い直した。パンナムは、まだ出ていないのでは。
   聞取: 機関士は言い直した。「パンナムはまだ出ていないのでは？」

c732-2  一致率 100.0%
   台本: いや、出た。機長はそう答えた
   聞取: いや、出た。機長はそう答えた。

c801-2  一致率 100.0%
   台本: 報告書は、その理由について、一つの見方を書いている。
   聞取: 報告書はその理由について一つの見方を書いている。

c802-2  一致率 100.0%
   台本: これほど経験のある人が、これほどの誤りをする。考えにくいことだった。
   聞取: これほど経験のある人がこれほどの誤りをする。考えにくいことだった。

c803-1  一致率 100.0%
   台本: 報告書は、もう一つのことも書いている。
   聞取: 報告書はもう一つのことも書いている。

c804-1  一致率 100.0%
   台本: 訓練の飛行では、教官が管制官の役もやる。
   送信: 訓練の飛行では、教官がかんせいかんの役もやる。   ← EL_YOMI で書き換えた文
   聞取: 訓練の飛行では、教官が管制官の役もやる。

c804-2  一致率 100.0%
   台本: 離陸の許可を出すのは、教官自身である。
   聞取: 離陸の許可を出すのは教官自身である。

c805-1  一致率 100.0%
   台本: つまり、許可を待たずに離陸する。
   聞取: つまり許可を待たずに離陸する。

c805-3  一致率 100.0%
   台本: 訓練では、許可を出すのは自分だった
   聞取: 訓練では許可を出すのは自分だった。

c807-1  一致率 100.0%
   台本: 報告書によれば、ぶつかる9秒ほど前のことだった。
   聞取: 報告書によれば、ぶつかる九秒ほど前のことだった。

c808-1  一致率 100.0%
   台本: パンナムは、出力を入れて左へ逃げようとした。
   聞取: パンナムは出力を入れて左へ逃げようとした。

c809-2  一致率 100.0%
   台本: ここを超えたら、もう離陸をやめられない、という速さである。
   聞取: ここを超えたらもう離陸をやめられないという速さである。

c809-3  一致率 100.0%
   台本: その1秒後、KLMは機首を上げ始めた。
   聞取: その一秒後、KLMは機首を上げ始めた。

c810-3  一致率 100.0%
   台本: 早く浮き上がろうとして、尾が下がっていたのである。
   聞取: 早く浮き上がろうとして尾が下がっていたのである。

c811-2  一致率 100.0%
   台本: 言葉には、なっていない。報告書は、声を発した、とだけ書く。
   聞取: 言葉にはなっていない。報告書は声を発したとだけ書く。

c812-2  一致率 100.0%
   台本: KLMは、すでに完全に浮いていた。
   聞取: KLMはすでに完全に浮いていた。

c812-3  一致率 100.0%
   台本: その第1エンジンが、パンナムの右の翼の先をかすめた。
   聞取: その第一エンジンがパンナムの右の翼の先をかすめた。

c815-1  一致率 100.0%
   台本: KLM機には、乗員14人と乗客234人が乗っていた。
   送信: KLM機には、乗員14人と乗客ニヒャクサンジュウヨニンが乗っていた。   ← EL_YOMI で書き換えた文
   聞取: KLM機には乗員14人と乗客234人が乗っていた。

c815-2  一致率 100.0%
   台本: その248人が、全員亡くなった。生き残った人は、一人もいない。
   聞取: その二百四十八人が全員亡くなった。生き残った人は一人もいない。

c816-1  一致率 100.0%
   台本: パンナム機では、乗員9人と乗客317人が、その場で亡くなった。
   聞取: パンナム機では乗員9人と乗客317人がその場で亡くなった。

c816-2  一致率 100.0%
   台本: 合わせて326人である。
   聞取: 合わせて三百二十六人である。

c816-3  一致率 100.0%
   台本: けれども、この時点でそれを知る人はいない。外から見ていた人も、いない。
   聞取: けれども、この時点でそれを知る人はいない。外から見ていた人もいない。

c901-1  一致率 100.0%
   台本: 管制塔からは、何も見えなかった。
   送信: かんせいとうからは、何も見えなかった。   ← EL_YOMI で書き換えた文
   聞取: 管制塔からは何も見えなかった。

c901-3  一致率 100.0%
   台本: 聞こえたのは、爆発の音が二度だけである。
   聞取: 聞こえたのは爆発の音が二度だけである。

c903-1  一致率 100.0%
   台本: しばらくして、駐機場にいた別の機体が知らせてきた。火が見える、と。
   聞取: しばらくして駐機場にいた別の機体が知らせてきた。火が見えると。

c904-1  一致率 100.0%
   台本: 管制塔は、すぐに消防へ警報を出した。
   送信: かんせいとうは、すぐに消防へ警報を出した。   ← EL_YOMI で書き換えた文
   聞取: 管制塔はすぐに消防へ警報を出した。

c904-2  一致率 100.0%
   台本: 火があること、すぐ出られるように備えること。それだけだった。
   聞取: 火があること、すぐ出られるように備えること、それだけだった。

c906-2  一致率 100.0%
   台本: それでも、その速さは、とても遅かった。
   聞取: それでもその速さはとても遅かった。

c906-3  一致率 100.0%
   台本: 混み合った駐機場を、斜めに横切るからである。
   聞取: 混み合った駐機場を斜めに横切るからである。

c908-2  一致率 100.0%
   台本: それなのに、強い熱だけが先に届いてきた。
   聞取: それなのに強い熱だけが先に届いてきた。

c909-2  一致率 100.0%
   台本: 機体の全体が炎に包まれ、
   聞取: 機体の全体が炎に包まれ

c910-1  一致率 100.0%
   台本: 消火を始めると、雲がもう少し晴れた。遠くに、もう一つ光があった。
   聞取: 消火を始めると雲がもう少し晴れた。遠くにもう一つ光があった。

c910-2  一致率 100.0%
   台本: 同じ機体から外れた部品が燃えている、と最初は思った。
   聞取: 同じ機体から外れた部品が燃えていると最初は思った。

c912-1  一致率 100.0%
   台本: 部品では、なかった。落ちた破片でもなかった。
   送信: 部品では、なかった。落ちたハヘンでもなかった。   ← EL_YOMI で書き換えた文
   聞取: 部品ではなかった。落ちた破片でもなかった。

c912-2  一致率 100.0%
   台本: もう一機の飛行機が、そこで燃えていたのである。
   聞取: もう一機の飛行機がそこで燃えていたのである。

c914-2  一致率 100.0%
   台本: 一つ目は、もう手のつけようがなかったからである。
   聞取: 一つ目はもう手のつけようがなかったからである。

c914-3  一致率 100.0%
   台本: この判断で、左の主翼が守られた。
   聞取: この判断で左の主翼が守られた。

c915-1  一致率 100.0%
   台本: そのパンナム機の中で、何が起きていたか。
   聞取: そのパンナム機の中で何が起きていたか。

c915-3  一致率 100.0%
   台本: 床が抜け、乗員は下の階へ降りるしかなかった。
   送信: ユカが抜け、乗員は下の階へ降りるしかなかった。   ← EL_YOMI で書き換えた文
   聞取: 床が抜け、乗員は下の階へ降りるしかなかった。

c917-1  一致率 100.0%
   台本: 左の主翼の上へ出て、そこから草地へ飛び降りた。
   聞取: 左の主翼の上へ出て、そこから草地へ飛び降りた。

c917-2  一致率 100.0%
   台本: 主翼の下では火が燃え、左側の二つのエンジンは、まだ回っていた。
   聞取: 主翼の下では火が燃え、左側の二つのエンジンはまだ回っていた。

c917-3  一致率 100.0%
   台本: 救急車は、ほとんどすぐに現れた。空港に、5台あった。
   聞取: 救急車はほとんどすぐに現れた。空港に五台あった。

c918-1  一致率 100.0%
   台本: 逃げるのにかかった時間は、およそ1分。
   聞取: 逃げるのにかかった時間はおよそ一分。

ep01-1  一致率 100.0%
   台本: 報告書は、根本の原因をこう書いている。KLMの機長が、次の四つをしたこと。
   聞取: 報告書は根本の原因をこう書いている。KLMの機長が次の四つをしたこと。

ep01-2  一致率 100.0%
   台本: 一つ。許可を受けずに離陸した。
   聞取: 一つ、許可を受けずに離陸した。

ep01-3  一致率 100.0%
   台本: 二つ。離陸は待ってください、という言葉に従わなかった。
   聞取: 二つ。離陸は待ってくださいという言葉に従わなかった。

ep04-2  一致率 100.0%
   台本: これほどの操縦士が、なぜ基本の誤りを犯せたのか。
   聞取: これほどの操縦士がなぜ基本の誤りを犯せたのか。

ep04-3  一致率 100.0%
   台本: 答えとして三つ。一つ目は、積み重なった問題で、緊張が高まっていたこと。
   聞取: 答えとして三つ。一つ目は積み重なった問題で緊張が高まっていたこと。

ep05-1  一致率 100.0%
   台本: 二つ目は、テネリフェの、あの独特の天気。
   聞取: 二つ目は、テネリフェのあの独特の天気。

ep05-2  一致率 100.0%
   台本: 三つ目が、二つの送信が同じ時刻に重なったことである。
   聞取: 三つ目が二つの送信が同じ時刻に重なったことである。

ep05-3  一致率 100.0%
   台本: 根本の原因ではなく、寄与した要因。報告書は、そう分けている。
   聞取: 根本の原因ではなく、寄与した要因。報告書はそう分けている。

ep06-2  一致率 100.0%
   台本: こちらは、機長の心の中ではなく、その外側で起きていたことである。
   聞取: こちらは機長の心の中ではなく、その外側で起きていたことである。

ep07-1  一致率 100.0%
   台本: ただし報告書は、片方だけを裁いてはいない。
   聞取: ただし、報告書は片方だけを裁いてはいない。

ep07-2  一致率 100.0%
   台本: パンナムは二度、滑走路にいると伝えた。だから重要ではない、と書く。
   聞取: パンナムは二度滑走路にいると伝えた。だから重要ではないと書く。

ep08-1  一致率 100.0%
   台本: 報告書は、最後に勧告を三つ出している。
   聞取: 報告書は最後に勧告を三つ出している。

ep08-3  一致率 100.0%
   台本: 二つ。標準の、短く、取り違えようのない航空用語を使うこと。
   聞取: 二つ、標準の短く取り違えようのない航空用語を使うこと。

ep09-3  一致率 100.0%
   台本: 許可に「離陸」という語を使わない
   聞取: 許可に離陸という語を使わない。

ep10-1  一致率 100.0%
   台本: 気づいた人は、いた。声にも出していた。それでも、機体は止まらない。
   聞取: 気づいた人はいた。声にも出していた。それでも機体は止まらない。

ep10-3  一致率 100.0%
   台本: 583人が亡くなり、61人が生きて出た。1本の滑走路の上である。
   送信: 五百八十三人が亡くなり、61人が生きて出た。1本の滑走路の上である。   ← EL_YOMI で書き換えた文
   聞取: 五百八十三人が亡くなり、六十一人が生きて出た一本の滑走路の上である。

検査 495行 -> C:\Users\konar\Desktop\zukai-engine\audio\el_qa\ep9_el_yomi.tsv（記録 495行／台本 495行）
Scribe: 音声 1870.5秒を文字起こし／クレジット 99,596 → 100,190（消費 594／上限 131,000） ⚠️ 反映が遅れることがある
exit=0
