  pr05-1  98.5%  一機はKLMオランダ航空の四千八百五便。朝九時にアムステルダムを出ていた。
  c106-1  97.1%  KLMの機長はフェルトハイゼン・ファン・ザンテン。飛んだ時間は一万一千七百時間。
  c207-1 100.0%  回された先がテネリフェ島のロスロデオス空港である。
  c213-2  85.0%  滑走路と平行に走るその道の一番端だった。
  c303-1  96.2%  滑走路は一本しかない。長さ三千四百メートル、幅四十五メートル。
  c303-2  94.5%  滑走路の番号は向きを表す。十二なら、およそ百二十度の方角へ進む。
  c408-2 100.0%  そのままアムステルダムまで戻れたと報告書は確かめている。
  c519-1  89.8%  橋が見えない時は、気象の観測塔にいる観測員が決める。
  c522-2  96.2%  測る機械はこの空港にはない。その滑走路へ二機は出ていく。
  c607-3 100.0%  滑走路を誘導路の代わりに使った。
  c611-2  93.3%  まっすぐ滑走路の端まで行き、そこで向きを変えよ。KLNが了解した。
  c613-2 100.0%  まっすぐ端まで行って、そこで向きを変えよ。ようやく了解が返る。
  c614-2 100.0%  滑走路を走れと言われたが、それで合っているか？と確かめている。
  c624-2  87.7%  広告主は取り違えたか、四番目の方が出やすいと考えたかと書く。
  c701-1  96.0%  KLMは滑走路の端に着いた。そこで百八十度向きを変える。
  c801-1 100.0%  副操縦士も航空機関士もそれ以上は何も言わなかった。
  c808-2 100.0%  滑走路の外へ機体を出そうとしている。もう間に合わなかった。

=== 一致率の低い順 17行（★耳で確かめる候補）===

c213-2  一致率 85.0%
   台本: 滑走路と平行に走る、その道のいちばん端だった。
   送信: かっそうろと平行に走る、その道のいちばん端だった。   ← EL_YOMI で書き換えた文
   聞取: 滑走路と平行に走るその道の一番端だった。

c624-2  一致率 87.7%
   台本: 報告書は、取り違えたか、四番目のほうが出やすいと考えたか、と書く。
   送信: 報告書は、取り違えたか、ヨンバンメのほうが出やすいと考えたか、と書く。   ← EL_YOMI で書き換えた文
   聞取: 広告主は取り違えたか、四番目の方が出やすいと考えたかと書く。

c519-1  一致率 89.8%
   台本: 端が見えないときは、気象の観測塔にいる観測員が決める。
   送信: はしが見えないときは、気象の観測塔にいる観測員が決める。   ← EL_YOMI で書き換えた文
   聞取: 橋が見えない時は、気象の観測塔にいる観測員が決める。

c611-2  一致率 93.3%
   台本: まっすぐ滑走路の端まで行き、そこで向きを変えよ。KLMは了解した。
   送信: まっすぐ滑走路の端まで行き、そこで向きをカエヨ。KLMは了解した。   ← EL_YOMI で書き換えた文
   聞取: まっすぐ滑走路の端まで行き、そこで向きを変えよ。KLNが了解した。

c303-2  一致率 94.5%
   台本: 滑走路の番号は、向きを表す。12なら、およそ120度の方角へ進む。
   送信: かっそうろの番号は、向きを表す。12なら、およそ120度の方角へ進む。   ← EL_YOMI で書き換えた文
   聞取: 滑走路の番号は向きを表す。十二なら、およそ百二十度の方角へ進む。

c701-1  一致率 96.0%
   台本: KLMは、滑走路の端に着いた。そこで、180度向きを変える。
   聞取: KLMは滑走路の端に着いた。そこで百八十度向きを変える。

c303-1  一致率 96.2%
   台本: 滑走路は、1本しかない。長さ3,400メートル、幅45メートル。
   送信: かっそうろは、1本しかない。長さサンゼンヨンヒャクメートル、幅45メートル。   ← EL_YOMI で書き換えた文
   聞取: 滑走路は一本しかない。長さ三千四百メートル、幅四十五メートル。

c522-2  一致率 96.2%
   台本: 測る機械は、この空港には無い。その滑走路へ、二機は出ていく。
   送信: はかる機械は、この空港には無い。その滑走路へ、二機は出ていく。   ← EL_YOMI で書き換えた文
   聞取: 測る機械はこの空港にはない。その滑走路へ二機は出ていく。

c106-1  一致率 97.1%
   台本: KLMの機長はフェルトハイゼン・ファン・ザンテン。飛んだ時間は11,700時間。
   送信: KLMの機長はフェルトハイゼン・ファン・ザンテン。飛んだ時間はイチマンイッセンナナヒャク時間。   ← EL_YOMI で書き換えた文
   聞取: KLMの機長はフェルトハイゼン・ファン・ザンテン。飛んだ時間は一万一千七百時間。

pr05-1  一致率 98.5%
   台本: 一機はKLMオランダ航空の4805便。朝9時にアムステルダムを出ていた。
   送信: イッキはKLMオランダ航空の四千八百五便。朝9時にアムステルダムを出ていた。   ← EL_YOMI で書き換えた文
   聞取: 一機はKLMオランダ航空の四千八百五便。朝九時にアムステルダムを出ていた。

c207-1  一致率 100.0%
   台本: 回された先が、テネリフェ島のロス・ロデオス空港である。
   送信: 回された先が、テネリフェトウのロス・ロデオス空港である。   ← EL_YOMI で書き換えた文
   聞取: 回された先がテネリフェ島のロスロデオス空港である。

c408-2  一致率 100.0%
   台本: そのままアムステルダムまで戻れた、と報告書は確かめている。
   送信: そのままアムステルダムまで戻れた、と ほうこくしょは確かめている。   ← EL_YOMI で書き換えた文
   聞取: そのままアムステルダムまで戻れたと報告書は確かめている。

c607-3  一致率 100.0%
   台本: 滑走路を、誘導路の代わりに使った
   送信: かっそうろを、誘導路の代わりに使った   ← EL_YOMI で書き換えた文
   聞取: 滑走路を誘導路の代わりに使った。

c613-2  一致率 100.0%
   台本: まっすぐ端まで行って、そこで向きを変えよ。ようやく、了解が返る。
   送信: まっすぐ端までいって、そこで向きをカエヨ。ようやく、了解が返る。   ← EL_YOMI で書き換えた文
   聞取: まっすぐ端まで行って、そこで向きを変えよ。ようやく了解が返る。

c614-2  一致率 100.0%
   台本: 滑走路を走れと言われたが、それで合っているか、と確かめている。
   送信: かっそうろを走れと言われたが、それで合っているか、と確かめている。   ← EL_YOMI で書き換えた文
   聞取: 滑走路を走れと言われたが、それで合っているか？と確かめている。

c801-1  一致率 100.0%
   台本: 副操縦士も、航空機関士も、それ以上は何も言わなかった。
   送信: ふくそうじゅうしも、航空機関士も、それ以上は何も言わなかった。   ← EL_YOMI で書き換えた文
   聞取: 副操縦士も航空機関士もそれ以上は何も言わなかった。

c808-2  一致率 100.0%
   台本: 滑走路の外へ機体を出そうとしている。もう、間に合わなかった。
   送信: かっそうろの外へ機体を出そうとしている。もう、間に合わなかった。   ← EL_YOMI で書き換えた文
   聞取: 滑走路の外へ機体を出そうとしている。もう間に合わなかった。

検査 17行 -> C:\Users\konar\Desktop\zukai-engine\audio\el_qa\ep9_el_yomi.tsv（記録 495行／台本 495行）
Scribe: 音声 78.3秒を文字起こし／クレジット 101,938 → 101,938（消費 0／上限 131,000） ⚠️ 反映が遅れることがある
