pr01:  12.53s  (2行)
pr02:   8.47s  (2行)
pr03:   9.70s  (2行)
pr04:  12.88s  (3行)
pr05:   8.88s  (2行)
pr06:   8.10s  (2行)
pr07:  10.93s  (2行)
pr08:   8.11s  (2行)
pr09:   8.41s  (2行)
pr10:  11.21s  (2行)
pr11:   7.26s  (2行)
pr12:   9.25s  (2行)
c101:   9.86s  (2行)
c102:   7.96s  (2行)
c103:   9.48s  (2行)
c104:  11.76s  (2行)
c105:   9.67s  (2行)
c106:   9.10s  (2行)
c107:   8.31s  (2行)
c108:  13.85s  (3行)
c109:   9.99s  (2行)
c110:  12.02s  (3行)
c111:   8.47s  (2行)
c112:   8.73s  (2行)
c113:  13.43s  (2行)
c114:   8.03s  (2行)
c115:   9.97s  (2行)
c201:  10.45s  (2行)
c202:   5.99s  (2行)
c203:   8.34s  (2行)
c204:  13.23s  (3行)
c205:   7.81s  (2行)
c206:   9.19s  (2行)
c207:   7.03s  (2行)
c208:  11.77s  (2行)
c209:   8.25s  (2行)
c210:   3.66s  (1行)
c211:  10.32s  (2行)
c212:   7.73s  (2行)
c213:   8.72s  (2行)
c214:   7.14s  (2行)
c215:   9.79s  (2行)
c301:   9.65s  (2行)
c302:  15.46s  (3行)
c303:  12.35s  (2行)
c304:   6.02s  (1行)
c305:   9.48s  (2行)
c306:   8.77s  (2行)
c307:  15.71s  (2行)
c308:  11.62s  (2行)
c309:   8.39s  (2行)
c310:   8.65s  (2行)
c311:   6.89s  (2行)
c312:   9.41s  (2行)
c313:  12.18s  (3行)
c314:   8.94s  (2行)
c315:   9.93s  (2行)
c316:   7.95s  (2行)
c317:   8.59s  (2行)
c318:   8.35s  (2行)
c401:  10.22s  (2行)
c402:  10.76s  (2行)
c403:  11.24s  (2行)
c404:   9.54s  (3行)
c405:  10.01s  (2行)
c406:   8.62s  (2行)
c407:   8.99s  (2行)
c408:   9.98s  (2行)
c409:   9.41s  (2行)
c410:   7.81s  (2行)
c411:   8.65s  (2行)
c412:  11.30s  (2行)
c413:   9.24s  (2行)
c414:  12.94s  (3行)
c415:   8.64s  (2行)
c416:   7.81s  (2行)
c417:   9.21s  (2行)
c418:  11.15s  (2行)
c419:  11.01s  (2行)
c420:  12.37s  (2行)
c421:   8.62s  (2行)
c422:  12.84s  (2行)
c423:  10.53s  (2行)
c424:  10.98s  (2行)
c425:  10.86s  (2行)
c426:   8.01s  (2行)
c427:  17.97s  (3行)
c501:  10.13s  (2行)
c502:   6.96s  (2行)
c503:  10.63s  (2行)
c504:   7.12s  (2行)
c505:   9.48s  (2行)
c506:   8.03s  (2行)
c507:   7.72s  (2行)
c508:   5.97s  (2行)
c509:   8.79s  (2行)
c510:   8.34s  (2行)
c511:  10.32s  (2行)
c512:   9.33s  (2行)
c513:   8.60s  (2行)
c514:   9.32s  (2行)
c515:   5.42s  (1行)
c516:   9.78s  (2行)
c517:  12.90s  (2行)
c518:   8.26s  (2行)
c519:   8.24s  (2行)
c520:  10.09s  (2行)
c521:   9.64s  (3行)
c522:  10.32s  (2行)
c601:   9.11s  (2行)
c602:   7.41s  (2行)
c603:  10.93s  (2行)
c604:  10.96s  (2行)
c605:   5.80s  (2行)
c606:   7.50s  (2行)
c607:   9.85s  (2行)
c608:   7.42s  (2行)
c609:   8.80s  (2行)
c610:   9.57s  (2行)
c611:  13.82s  (2行)
c612:   4.97s  (2行)
c613:   9.49s  (2行)
c614:  12.65s  (2行)
c615:   8.64s  (2行)
c616:   9.35s  (2行)
c617:   8.57s  (2行)
c618:   8.38s  (2行)
c619:  11.26s  (2行)
c620:   6.04s  (2行)
c701:   5.68s  (2行)
c702:  12.47s  (2行)
c703:   8.07s  (2行)
c704:   5.80s  (2行)
c705:   9.64s  (2行)
c706:   7.51s  (2行)
c707:  10.16s  (2行)
c708:   8.42s  (2行)
c709:   9.18s  (2行)
c710:   8.54s  (2行)
c711:   7.88s  (2行)
c712:   9.72s  (2行)
c713:   6.21s  (2行)
c714:   7.71s  (2行)
c715:  11.77s  (2行)
c716:  10.78s  (2行)
c717:   6.63s  (2行)
c718:  10.45s  (2行)
c719:   5.68s  (2行)
c720:   7.95s  (2行)
c721:   7.19s  (2行)
c722:  10.10s  (3行)
c723:   8.00s  (2行)
c724:   8.72s  (2行)
c725:  11.64s  (3行)
c726:  12.44s  (3行)
c801:   4.24s  (1行)
c802:   9.55s  (2行)
c803:   8.81s  (2行)
c804:   9.18s  (2行)
c805:   9.57s  (2行)
c806:  10.85s  (2行)
c807:   9.56s  (2行)
c808:  12.14s  (2行)
c809:   8.17s  (2行)
c810:   8.72s  (2行)
c811:   7.87s  (2行)
c812:  10.69s  (2行)
c813:  10.69s  (2行)
c814:  10.93s  (2行)
c815:  10.78s  (2行)
c816:   7.11s  (2行)
c817:  11.76s  (3行)
c818:   8.57s  (2行)
c819:   9.07s  (2行)
c820:  10.32s  (2行)
c821:  11.09s  (2行)
c822:  17.22s  (3行)
c823:  11.77s  (2行)
c824:   7.96s  (2行)
c825:  10.33s  (2行)
c901:   8.00s  (2行)
c902:   9.10s  (2行)
c903:   7.93s  (2行)
c904:   9.26s  (2行)
c905:   5.69s  (1行)
c906:   5.11s  (2行)
c907:   7.11s  (2行)
c908:  10.85s  (2行)
c909:   6.18s  (1行)
c910:   6.60s  (2行)
c911:  13.12s  (2行)
c912:  10.67s  (2行)
c913:   4.70s  (1行)
c914:  12.06s  (2行)
c915:  11.08s  (2行)
c916:  13.89s  (3行)
c917:  11.73s  (2行)
c918:   7.97s  (2行)
ca01:  12.06s  (2行)
ca02:  10.32s  (2行)
ca03:  10.17s  (2行)
ca04:   8.81s  (2行)
ca05:   9.61s  (2行)
ca06:   9.54s  (2行)
ca07:   8.78s  (2行)
ca08:  10.99s  (3行)
ca09:   9.99s  (2行)
ca10:   9.12s  (2行)
ca11:  12.00s  (2行)
ca12:  15.22s  (3行)
ep01:   9.55s  (2行)
ep02:   9.48s  (2行)
ep03:   5.80s  (2行)
ep04:   8.68s  (2行)
ep05:   9.65s  (2行)
ep06:   7.53s  (2行)

合成 216 カット／持ち越し 0 カット／未作成 0／記録 216／台本 216
作ったぶん: 216カット 11117字 → 発話＋行間 2042.4秒（5.44字/秒・行間込み。AivisSpeech は 5.52）
本編の見込み 37.8分（全 11117字をこの速さで＋LEAD/TAIL 0.85×216＋quote 2.0×22。許容 27〜38分）
最長の1行 = 9.76秒「喫水、つまり水に沈む深さは12.15メートル。重さは11万2383トンだった。」
exit=0
