ElevenLabs: 声=Hiro - Ultra Deep Japanese Voice（qaCSabKToUUT4sTqBZtz） モデル=eleven_v3 settings={'stability': 0.85, 'similarity_boost': 1.0, 'style': 0.0, 'speed': 1.0, 'use_speaker_boost': True} ／クレジット 48,220 / 131,000／GAP 0.4s
pr01:  13.12s  (2行)
pr02:   8.86s  (2行)
pr03:  10.14s  (2行)
    ⚠️ 異音 pr04-3 take1: 末尾に余計な音: 100ms の無音 → 140ms の音（2.34秒地点・振幅9311＝本文の1.2倍）; 途中に浮いた音: 160ms（1.12秒地点・振幅25858＝本文の3.2倍／前270ms・後90ms の無音）
    ⚠️ 異音 pr04-3 take2: 途中に浮いた音: 130ms（1.06秒地点・振幅22931＝本文の2.7倍／前170ms・後120ms の無音）
    ⚠️ 異音 pr04-3 take3: 末尾に余計な音: 120ms の無音 → 150ms の音（2.57秒地点・振幅14653＝本文の1.7倍）; 途中に浮いた音: 140ms（1.17秒地点・振幅28469＝本文の3.3倍／前270ms・後100ms の無音）
pr04:  13.44s  (3行)
    ⚠️ 異音 pr05-1 take1: 途中に浮いた音: 150ms（1.67秒地点・振幅24133＝本文の2.3倍／前100ms・後160ms の無音）
pr05:   9.28s  (2行)
    ⚠️ 異音 pr06-1 take1: 途中に浮いた音: 140ms（2.98秒地点・振幅17019＝本文の1.7倍／前120ms・後120ms の無音）
    ⚠️ 異音 pr06-1 take2: 途中に浮いた音: 210ms（2.67秒地点・振幅20675＝本文の2.0倍／前150ms・後210ms の無音）; 途中に浮いた音: 160ms（3.09秒地点・振幅20655＝本文の2.0倍／前210ms・後150ms の無音）
    ⚠️ 異音 pr06-1 take3: 途中に浮いた音: 120ms（3.04秒地点・振幅15466＝本文の1.4倍／前160ms・後160ms の無音）
pr06:   8.48s  (2行)
    ⚠️ 異音 pr07-1 take1: 末尾に余計な音: 100ms の無音 → 150ms の音（4.73秒地点・振幅14028＝本文の1.5倍）
pr07:  11.44s  (2行)
pr08:   8.48s  (2行)
pr09:   8.80s  (2行)
    ⚠️ 異音 pr10-2 take1: 途中に浮いた音: 240ms（4.19秒地点・振幅9218＝本文の1.0倍／前80ms・後950ms の無音）
    ⚠️ 異音 pr10-2 take2: 途中に浮いた音: 220ms（4.16秒地点・振幅22422＝本文の2.6倍／前110ms・後840ms の無音）
    ⚠️ 異音 pr10-2 take3: 末尾に余計な音: 100ms の無音 → 140ms の音（6.18秒地点・振幅11083＝本文の1.3倍）
pr10:  11.74s  (2行)
pr11:   7.60s  (2行)
pr12:   9.68s  (2行)
c101:  10.32s  (2行)
    ⚠️ 異音 c102-2 take1: 末尾に余計な音: 150ms の無音 → 240ms の音（3.67秒地点・振幅10009＝本文の1.0倍）
    ⚠️ 異音 c102-2 take2: 末尾に余計な音: 130ms の無音 → 240ms の音（3.60秒地点・振幅11526＝本文の1.0倍）; 途中に浮いた音: 160ms（2.69秒地点・振幅17369＝本文の1.6倍／前90ms・後110ms の無音）
    ⚠️ 異音 c102-2 take3: 途中に浮いた音: 170ms（2.87秒地点・振幅15389＝本文の1.6倍／前150ms・後180ms の無音）
c102:   8.32s  (2行)
c103:   9.92s  (2行)
    ⚠️ 異音 c104-2 take1: 末尾に余計な音: 120ms の無音 → 160ms の音（5.76秒地点・振幅18215＝本文の1.5倍）
    ⚠️ 異音 c104-2 take2: 末尾に余計な音: 100ms の無音 → 190ms の音（5.65秒地点・振幅9925＝本文の1.0倍）
    ⚠️ 異音 c104-2 take3: 末尾に余計な音: 120ms の無音 → 160ms の音（5.75秒地点・振幅11777＝本文の1.1倍）
c104:  12.32s  (2行)
c105:  10.13s  (2行)
    ⚠️ 異音 c106-2 take1: 末尾に余計な音: 130ms の無音 → 120ms の音（2.12秒地点・振幅20797＝本文の2.4倍）
    ⚠️ 異音 c106-2 take2: 末尾に余計な音: 130ms の無音 → 240ms の音（2.24秒地点・振幅9517＝本文の1.2倍）; 途中に浮いた音: 200ms（1.91秒地点・振幅14133＝本文の1.8倍／前80ms・後130ms の無音）
    ⚠️ 異音 c106-2 take3: 途中に浮いた音: 220ms（1.62秒地点・振幅15025＝本文の1.6倍／前90ms・後120ms の無音）
c106:   9.52s  (2行)
    ⚠️ 異音 c107-2 take1: 末尾に余計な音: 110ms の無音 → 230ms の音（4.17秒地点・振幅8845＝本文の1.1倍）
    ⚠️ 異音 c107-2 take2: 途中に浮いた音: 210ms（2.92秒地点・振幅22471＝本文の2.4倍／前130ms・後290ms の無音）
c107:   8.68s  (2行)
c108:  14.48s  (3行)
c109:  10.45s  (2行)
    ⚠️ 異音 c110-3 take1: 先頭に余計な音: 160ms の音（振幅19397＝本文の2.3倍）のあと 100ms の無音
    ⚠️ 異音 c110-3 take2: 先頭に余計な音: 150ms の音（振幅24708＝本文の3.4倍）のあと 100ms の無音
    ⚠️ 異音 c110-3 take3: 先頭に余計な音: 120ms の音（振幅26286＝本文の3.4倍）のあと 100ms の無音
c110:  12.56s  (3行)
c111:   8.88s  (2行)
c112:   9.12s  (2行)
c113:  14.06s  (2行)
c114:   8.40s  (2行)
c115:  10.43s  (2行)
c201:  10.94s  (2行)
    ⚠️ 異音 c202-1 take1: 末尾に余計な音: 180ms の無音 → 170ms の音（3.10秒地点・振幅12761＝本文の1.2倍）
    ⚠️ 異音 c202-1 take2: 末尾に余計な音: 140ms の無音 → 190ms の音（3.08秒地点・振幅21824＝本文の2.2倍）; 途中に浮いた音: 150ms（2.79秒地点・振幅22607＝本文の2.3倍／前110ms・後140ms の無音）
    ⚠️ 異音 c202-1 take3: 末尾に余計な音: 140ms の無音 → 230ms の音（2.97秒地点・振幅19301＝本文の1.9倍）
c202:   6.26s  (2行)
c203:   8.72s  (2行)
c204:  13.82s  (3行)
    ⚠️ 異音 c205-1 take1: 末尾に余計な音: 90ms の無音 → 140ms の音（3.42秒地点・振幅16091＝本文の1.5倍）
c205:   8.16s  (2行)
c206:   9.60s  (2行)
c207:   7.36s  (2行)
c208:  12.32s  (2行)
c209:   8.63s  (2行)
c210:   3.84s  (1行)
c211:  10.80s  (2行)
c212:   8.08s  (2行)
    ⚠️ 異音 c213-2 take1: 末尾に余計な音: 100ms の無音 → 150ms の音（5.83秒地点・振幅8149＝本文の1.0倍）
    ⚠️ 異音 c213-2 take2: 末尾に余計な音: 120ms の無音 → 120ms の音（5.88秒地点・振幅11568＝本文の1.3倍）
    ⚠️ 異音 c213-2 take3: 末尾に余計な音: 130ms の無音 → 170ms の音（5.99秒地点・振幅9116＝本文の1.0倍）
c213:   9.12s  (2行)
c214:   7.46s  (2行)
    ⚠️ 異音 c215-1 take1: 末尾に余計な音: 150ms の無音 → 220ms の音（3.70秒地点・振幅15064＝本文の1.1倍）
    ⚠️ 異音 c215-2 take1: 末尾に余計な音: 100ms の無音 → 190ms の音（6.05秒地点・振幅15035＝本文の1.8倍）
    ⚠️ 異音 c215-2 take2: 末尾に余計な音: 100ms の無音 → 160ms の音（5.76秒地点・振幅14287＝本文の1.5倍）
c215:  10.24s  (2行)
    ⚠️ 異音 c301-2 take1: 末尾に余計な音: 120ms の無音 → 170ms の音（4.95秒地点・振幅8261＝本文の1.0倍）
    ⚠️ 異音 c301-2 take2: 末尾に余計な音: 110ms の無音 → 150ms の音（5.11秒地点・振幅9385＝本文の1.2倍）
    ⚠️ 異音 c301-2 take3: 末尾に余計な音: 110ms の無音 → 190ms の音（5.81秒地点・振幅11810＝本文の1.8倍）
c301:  10.08s  (2行)
c302:  16.16s  (3行)
    ⚠️ 異音 c303-1 take1: 末尾に余計な音: 140ms の無音 → 250ms の音（7.27秒地点・振幅18475＝本文の1.8倍）
    ⚠️ 異音 c303-2 take1: 途中に浮いた音: 160ms（2.28秒地点・振幅24150＝本文の2.4倍／前130ms・後130ms の無音）
c303:  12.94s  (2行)
c304:   6.32s  (1行)
c305:   9.92s  (2行)
c306:   9.18s  (2行)
    ⚠️ 異音 c307-1 take1: 途中に浮いた音: 240ms（1.10秒地点・振幅14740＝本文の1.8倍／前110ms・後820ms の無音）
    ⚠️ 異音 c307-1 take2: 途中に浮いた音: 240ms（1.06秒地点・振幅13560＝本文の1.8倍／前100ms・後560ms の無音）
    ⚠️ 異音 c307-1 take3: 途中に浮いた音: 250ms（1.06秒地点・振幅14331＝本文の1.9倍／前100ms・後380ms の無音）
c307:  16.46s  (2行)
c308:  12.16s  (2行)
c309:   8.80s  (2行)
c310:   9.04s  (2行)
c311:   7.18s  (2行)
Traceback (most recent call last):
  File "C:\Users\konar\Desktop\zukai-engine\tools\el_build.py", line 214, in <module>
    sys.exit(build(cuts, dry="--dry" in sys.argv))
             ^^^^^^^^^^^^^^^^^^^^^^^^^^^^^^^^^^^^
  File "C:\Users\konar\Desktop\zukai-engine\tools\el_build.py", line 122, in build
    pcm, total, rows = build_cut(cid, lines, synth)
                       ^^^^^^^^^^^^^^^^^^^^^^^^^^^^
  File "C:\Users\konar\Desktop\zukai-engine\tools\el_build.py", line 64, in build_cut
    pcm = synth(sent, f"{cid}-{i}")
          ^^^^^^^^^^^^^^^^^^^^^^^^^
  File "C:\Users\konar\Desktop\zukai-engine\tools\el_build.py", line 101, in synth
    return el_tts.synth(sent, lid, slug=ES.SLUG, settings=ES.SETTINGS)
           ^^^^^^^^^^^^^^^^^^^^^^^^^^^^^^^^^^^^^^^^^^^^^^^^^^^^^^^^^^^
  File "C:\Users\konar\Desktop\zukai-engine\tools\el_tts.py", line 227, in synth
    raw = _post(req_text, settings)
          ^^^^^^^^^^^^^^^^^^^^^^^^^
  File "C:\Users\konar\Desktop\zukai-engine\tools\el_tts.py", line 184, in _post
    raise RuntimeError(f"合成に失敗しました: {last}")
RuntimeError: 合成に失敗しました: HTTP 401: {"detail":{"type":"invalid_request","code":"quota_exceeded","message":"This request exceeds your API key (psych-channel) quota of 50000. You have 3 credits remaining, while 15 credits are required for this request.","status":"quota_exceeded","request_id":"e695ddc2c74c98f9401f909bc14128c5"}}
ElevenLabs: 声=Hiro - Ultra Deep Japanese Voice（qaCSabKToUUT4sTqBZtz） モデル=eleven_v3 settings={'stability': 0.85, 'similarity_boost': 1.0, 'style': 0.0, 'speed': 1.0, 'use_speaker_boost': True} ／クレジット 50,170 / 131,000／GAP 0.4s
pr01:  13.12s  (2行)
pr02:   8.86s  (2行)
pr03:  10.14s  (2行)
pr04:  13.44s  (3行)
pr05:   9.28s  (2行)
pr06:   8.48s  (2行)
pr07:  11.44s  (2行)
pr08:   8.48s  (2行)
pr09:   8.80s  (2行)
pr10:  11.74s  (2行)
pr11:   7.60s  (2行)
pr12:   9.68s  (2行)
c101:  10.32s  (2行)
c102:   8.32s  (2行)
c103:   9.92s  (2行)
c104:  12.32s  (2行)
c105:  10.13s  (2行)
c106:   9.52s  (2行)
c107:   8.68s  (2行)
c108:  14.48s  (3行)
c109:  10.45s  (2行)
c110:  12.56s  (3行)
c111:   8.88s  (2行)
c112:   9.12s  (2行)
c113:  14.06s  (2行)
c114:   8.40s  (2行)
c115:  10.43s  (2行)
c201:  10.94s  (2行)
c202:   6.26s  (2行)
c203:   8.72s  (2行)
c204:  13.82s  (3行)
c205:   8.16s  (2行)
c206:   9.60s  (2行)
c207:   7.36s  (2行)
c208:  12.32s  (2行)
c209:   8.63s  (2行)
c210:   3.84s  (1行)
c211:  10.80s  (2行)
c212:   8.08s  (2行)
c213:   9.12s  (2行)
c214:   7.46s  (2行)
c215:  10.24s  (2行)
c301:  10.08s  (2行)
c302:  16.16s  (3行)
c303:  12.94s  (2行)
c304:   6.32s  (1行)
c305:   9.92s  (2行)
c306:   9.18s  (2行)
c307:  16.46s  (2行)
c308:  12.16s  (2行)
c309:   8.80s  (2行)
c310:   9.04s  (2行)
c311:   7.18s  (2行)
    ⚠️ 異音 c312-1 take1: 途中に浮いた音: 140ms（3.64秒地点・振幅21419＝本文の2.2倍／前160ms・後90ms の無音）
    ⚠️ 異音 c312-1 take2: 末尾に余計な音: 100ms の無音 → 250ms の音（4.95秒地点・振幅13220＝本文の1.3倍）; 途中に浮いた音: 160ms（3.52秒地点・振幅15150＝本文の1.4倍／前180ms・後120ms の無音）
    ⚠️ 異音 c312-1 take3: 途中に浮いた音: 130ms（3.66秒地点・振幅20783＝本文の1.8倍／前120ms・後100ms の無音）
c312:   9.84s  (2行)
    ⚠️ 異音 c313-3 take1: 末尾に余計な音: 120ms の無音 → 160ms の音（2.64秒地点・振幅13470＝本文の1.5倍）
    ⚠️ 異音 c313-3 take2: 末尾に余計な音: 130ms の無音 → 200ms の音（2.52秒地点・振幅15518＝本文の1.4倍）
    ⚠️ 異音 c313-3 take3: 末尾に余計な音: 130ms の無音 → 140ms の音（2.74秒地点・振幅9538＝本文の1.2倍）
c313:  12.72s  (3行)
    ⚠️ 異音 c314-1 take1: 途中に浮いた音: 240ms（1.12秒地点・振幅15441＝本文の1.9倍／前80ms・後200ms の無音）
c314:   9.34s  (2行)
    ⚠️ 異音 c315-1 take1: 末尾に余計な音: 100ms の無音 → 190ms の音（4.69秒地点・振幅12400＝本文の1.1倍）
    ⚠️ 異音 c315-1 take2: 末尾に余計な音: 110ms の無音 → 140ms の音（4.82秒地点・振幅14431＝本文の1.1倍）
    ⚠️ 異音 c315-1 take3: 末尾に余計な音: 120ms の無音 → 170ms の音（5.03秒地点・振幅10521＝本文の1.1倍）
c315:  10.39s  (2行)
c316:   8.32s  (2行)
c317:   8.99s  (2行)
c318:   8.72s  (2行)
c401:  10.69s  (2行)
    ⚠️ 異音 c402-1 take1: 末尾に余計な音: 120ms の無音 → 190ms の音（4.21秒地点・振幅7705＝本文の1.3倍）
    ⚠️ 異音 c402-1 take2: 末尾に余計な音: 120ms の無音 → 220ms の音（4.26秒地点・振幅12316＝本文の1.8倍）
    ⚠️ 異音 c402-1 take3: 末尾に余計な音: 140ms の無音 → 190ms の音（4.60秒地点・振幅9502＝本文の1.6倍）; 途中に浮いた音: 250ms（4.21秒地点・振幅14511＝本文の2.5倍／前80ms・後140ms の無音）
    ⚠️ 異音 c402-2 take1: 末尾に余計な音: 130ms の無音 → 120ms の音（5.96秒地点・振幅14931＝本文の2.2倍）; 途中に浮いた音: 240ms（5.59秒地点・振幅19270＝本文の2.8倍／前140ms・後130ms の無音）
c402:  11.28s  (2行)
c403:  11.76s  (2行)
    ⚠️ 異音 c404-3 take1: 末尾に余計な音: 100ms の無音 → 180ms の音（1.73秒地点・振幅8578＝本文の1.3倍）
    ⚠️ 異音 c404-3 take2: 末尾に余計な音: 110ms の無音 → 160ms の音（1.86秒地点・振幅7647＝本文の1.1倍）
    ⚠️ 異音 c404-3 take3: 末尾に余計な音: 140ms の無音 → 100ms の音（1.90秒地点・振幅12105＝本文の1.7倍）
c404:   9.96s  (3行)
c405:  10.48s  (2行)
c406:   9.01s  (2行)
c407:   9.39s  (2行)
c408:  10.44s  (2行)
c409:   9.84s  (2行)
    ⚠️ 異音 c410-1 take1: 途中に浮いた音: 190ms（3.16秒地点・振幅26430＝本文の3.8倍／前270ms・後200ms の無音）
    ⚠️ 異音 c410-2 take1: 末尾に余計な音: 130ms の無音 → 140ms の音（4.18秒地点・振幅6167＝本文の0.9倍）
    ⚠️ 異音 c410-2 take2: 末尾に余計な音: 110ms の無音 → 220ms の音（3.84秒地点・振幅9215＝本文の1.1倍）
c410:   8.16s  (2行)
c411:   9.04s  (2行)
c412:  11.82s  (2行)
c413:   9.67s  (2行)
c414:  13.51s  (3行)
c415:   9.04s  (2行)
c416:   8.16s  (2行)
    ⚠️ 異音 c417-1 take1: 末尾に余計な音: 80ms の無音 → 200ms の音（5.72秒地点・振幅9398＝本文の1.0倍）
    ⚠️ 異音 c417-1 take2: 末尾に余計な音: 80ms の無音 → 130ms の音（5.71秒地点・振幅20971＝本文の1.9倍）
c417:   9.64s  (2行)
    ⚠️ 異音 c418-1 take1: 末尾に余計な音: 120ms の無音 → 170ms の音（5.19秒地点・振幅14538＝本文の1.8倍）
    ⚠️ 異音 c418-1 take2: 末尾に余計な音: 90ms の無音 → 160ms の音（4.84秒地点・振幅19802＝本文の2.1倍）
    ⚠️ 異音 c418-1 take3: 末尾に余計な音: 160ms の無音 → 160ms の音（4.93秒地点・振幅12214＝本文の1.4倍）
c418:  11.68s  (2行)
c419:  11.52s  (2行)
c420:  12.95s  (2行)
c421:   9.01s  (2行)
c422:  13.44s  (2行)
c423:  11.01s  (2行)
    ⚠️ 異音 c424-1 take1: 末尾に余計な音: 130ms の無音 → 210ms の音（8.81秒地点・振幅15990＝本文の1.7倍）
    ⚠️ 異音 c424-1 take2: 末尾に余計な音: 140ms の無音 → 170ms の音（9.19秒地点・振幅17572＝本文の2.0倍）
    ⚠️ 異音 c424-1 take3: 末尾に余計な音: 150ms の無音 → 150ms の音（9.38秒地点・振幅13113＝本文の1.5倍）
    ⚠️ 異音 c424-2 take1: 末尾に余計な音: 150ms の無音 → 170ms の音（1.91秒地点・振幅15814＝本文の2.0倍）
    ⚠️ 異音 c424-2 take2: 末尾に余計な音: 150ms の無音 → 150ms の音（2.01秒地点・振幅13860＝本文の2.5倍）
    ⚠️ 異音 c424-2 take3: 末尾に余計な音: 130ms の無音 → 160ms の音（1.44秒地点・振幅15905＝本文の2.2倍）
c424:  11.50s  (2行)
c425:  11.36s  (2行)
    ⚠️ 異音 c426-2 take1: 末尾に余計な音: 130ms の無音 → 110ms の音（2.13秒地点・振幅7026＝本文の1.1倍）
    ⚠️ 異音 c426-2 take2: 末尾に余計な音: 120ms の無音 → 160ms の音（2.24秒地点・振幅7726＝本文の1.0倍）
    ⚠️ 異音 c426-2 take3: 末尾に余計な音: 90ms の無音 → 220ms の音（2.13秒地点・振幅11898＝本文の2.1倍）
c426:   8.38s  (2行)
    ⚠️ 異音 c427-3 take1: 末尾に余計な音: 100ms の無音 → 190ms の音（6.08秒地点・振幅13104＝本文の1.3倍）
    ⚠️ 異音 c427-3 take2: 末尾に余計な音: 150ms の無音 → 150ms の音（6.30秒地点・振幅12876＝本文の1.3倍）
    ⚠️ 異音 c427-3 take3: 末尾に余計な音: 810ms の無音 → 50ms の音（7.35秒地点・振幅13667＝本文の1.3倍）; 途中に浮いた音: 190ms（6.35秒地点・振幅11812＝本文の1.1倍／前100ms・後810ms の無音）
c427:  18.80s  (3行)
    ⚠️ 異音 c501-1 take1: 途中に浮いた音: 150ms（0.95秒地点・振幅22836＝本文の2.9倍／前290ms・後150ms の無音）
    ⚠️ 異音 c501-1 take2: 途中に浮いた音: 120ms（0.92秒地点・振幅28108＝本文の3.1倍／前220ms・後110ms の無音）
    ⚠️ 異音 c501-1 take3: 途中に浮いた音: 150ms（0.99秒地点・振幅24674＝本文の2.2倍／前330ms・後100ms の無音）
c501:  10.59s  (2行)
c502:   7.28s  (2行)
c503:  11.12s  (2行)
c504:   7.44s  (2行)
c505:   9.92s  (2行)
c506:   8.39s  (2行)
c507:   8.08s  (2行)
    ⚠️ 異音 c508-1 take1: 末尾に余計な音: 140ms の無音 → 210ms の音（1.79秒地点・振幅11407＝本文の1.7倍）
    ⚠️ 異音 c508-1 take2: 末尾に余計な音: 140ms の無音 → 190ms の音（1.89秒地点・振幅8313＝本文の1.7倍）
    ⚠️ 異音 c508-1 take3: 末尾に余計な音: 130ms の無音 → 220ms の音（1.70秒地点・振幅7340＝本文の1.0倍）
c508:   6.24s  (2行)
c509:   9.19s  (2行)
c510:   8.72s  (2行)
c511:  10.80s  (2行)
c512:   9.76s  (2行)
    ⚠️ 異音 c513-1 take1: 末尾に余計な音: 90ms の無音 → 160ms の音（4.96秒地点・振幅6708＝本文の0.9倍）
    ⚠️ 異音 c513-1 take2: 末尾に余計な音: 90ms の無音 → 200ms の音（4.76秒地点・振幅9754＝本文の1.2倍）
    ⚠️ 異音 c513-2 take1: 途中に浮いた音: 190ms（1.38秒地点・振幅13828＝本文の2.3倍／前120ms・後190ms の無音）; 途中に浮いた音: 210ms（1.76秒地点・振幅18025＝本文の2.9倍／前190ms・後160ms の無音）
    ⚠️ 異音 c513-2 take2: 途中に浮いた音: 220ms（1.36秒地点・振幅16517＝本文の2.3倍／前120ms・後170ms の無音）; 途中に浮いた音: 190ms（1.75秒地点・振幅22590＝本文の3.2倍／前170ms・後200ms の無音）
    ⚠️ 異音 c513-2 take3: 途中に浮いた音: 160ms（1.36秒地点・振幅18351＝本文の2.6倍／前120ms・後270ms の無音）
c513:   9.00s  (2行)
c514:   9.74s  (2行)
    ⚠️ 異音 c515-1 take1: 途中に浮いた音: 170ms（3.91秒地点・振幅16622＝本文の2.2倍／前220ms・後90ms の無音）
    ⚠️ 異音 c515-1 take2: 途中に浮いた音: 220ms（4.31秒地点・振幅20044＝本文の2.3倍／前80ms・後130ms の無音）
c515:   5.68s  (1行)
c516:  10.24s  (2行)
c517:  13.52s  (2行)
c518:   8.64s  (2行)
c519:   8.60s  (2行)
c520:  10.55s  (2行)
c521:  10.05s  (3行)
    ⚠️ 異音 c522-2 take1: 途中に浮いた音: 170ms（2.82秒地点・振幅28089＝本文の3.4倍／前250ms・後80ms の無音）
c522:  10.80s  (2行)
c601:   9.52s  (2行)
c602:   7.76s  (2行)
c603:  11.44s  (2行)
c604:  11.47s  (2行)
c605:   6.06s  (2行)
c606:   7.84s  (2行)
c607:  10.30s  (2行)
    ⚠️ 異音 c608-2 take1: 途中に浮いた音: 120ms（1.42秒地点・振幅16053＝本文の1.8倍／前140ms・後110ms の無音）
    ⚠️ 異音 c608-2 take2: 途中に浮いた音: 120ms（1.34秒地点・振幅20182＝本文の2.2倍／前220ms・後100ms の無音）
    ⚠️ 異音 c608-2 take3: 途中に浮いた音: 140ms（1.32秒地点・振幅20714＝本文の2.4倍／前150ms・後100ms の無音）
c608:   7.76s  (2行)
c609:   9.20s  (2行)
c610:  10.00s  (2行)
c611:  14.47s  (2行)
    ⚠️ 異音 c612-1 take1: 先頭に余計な音: 90ms の音（振幅27610＝本文の2.4倍）のあと 90ms の無音
    ⚠️ 異音 c612-1 take2: 末尾に余計な音: 120ms の無音 → 210ms の音（1.94秒地点・振幅11692＝本文の1.3倍）
    ⚠️ 異音 c612-1 take3: 末尾に余計な音: 110ms の無音 → 180ms の音（1.97秒地点・振幅12859＝本文の1.4倍）; 先頭に余計な音: 150ms の音（振幅20394＝本文の2.2倍）のあと 100ms の無音
c612:   5.20s  (2行)
c613:   9.92s  (2行)
c614:  13.25s  (2行)
c615:   9.04s  (2行)
c616:   9.78s  (2行)
c617:   8.96s  (2行)
    ⚠️ 異音 c618-2 take1: 末尾に余計な音: 90ms の無音 → 220ms の音（3.94秒地点・振幅9187＝本文の1.0倍）
    ⚠️ 異音 c618-2 take2: 末尾に余計な音: 80ms の無音 → 140ms の音（4.10秒地点・振幅10178＝本文の1.1倍）
c618:   8.77s  (2行)
c619:  11.81s  (2行)
c620:   6.30s  (2行)
c701:   5.92s  (2行)
    ⚠️ 異音 c702-1 take1: 末尾に余計な音: 90ms の無音 → 150ms の音（4.41秒地点・振幅6230＝本文の1.0倍）
    ⚠️ 異音 c702-1 take2: 末尾に余計な音: 80ms の無音 → 140ms の音（4.50秒地点・振幅7047＝本文の1.2倍）
    ⚠️ 異音 c702-1 take3: 末尾に余計な音: 90ms の無音 → 160ms の音（4.16秒地点・振幅9290＝本文の1.5倍）
    ⚠️ 異音 c702-2 take1: 末尾に余計な音: 150ms の無音 → 190ms の音（7.65秒地点・振幅13101＝本文の2.0倍）
c702:  13.04s  (2行)
c703:   8.44s  (2行)
    ⚠️ 異音 c704-2 take1: 末尾に余計な音: 100ms の無音 → 230ms の音（2.86秒地点・振幅14973＝本文の1.4倍）
    ⚠️ 異音 c704-2 take2: 末尾に余計な音: 110ms の無音 → 230ms の音（3.44秒地点・振幅16012＝本文の1.4倍）
    ⚠️ 異音 c704-2 take3: 末尾に余計な音: 130ms の無音 → 160ms の音（2.96秒地点・振幅11614＝本文の1.1倍）
c704:   6.05s  (2行)
c705:  10.08s  (2行)
    ⚠️ 異音 c706-2 take1: 末尾に余計な音: 190ms の無音 → 220ms の音（4.18秒地点・振幅10762＝本文の1.3倍）
c706:   7.84s  (2行)
c707:  10.64s  (2行)
    ⚠️ 異音 c708-2 take1: 末尾に余計な音: 140ms の無音 → 130ms の音（3.63秒地点・振幅9729＝本文の1.1倍）
c708:   8.80s  (2行)
c709:   9.60s  (2行)
c710:   8.93s  (2行)
c711:   8.24s  (2行)
c712:  10.16s  (2行)
c713:   6.48s  (2行)
    ⚠️ 異音 c714-1 take1: 途中に浮いた音: 190ms（3.84秒地点・振幅8245＝本文の1.0倍／前110ms・後690ms の無音）
    ⚠️ 異音 c714-1 take2: 途中に浮いた音: 220ms（3.97秒地点・振幅11332＝本文の1.4倍／前120ms・後760ms の無音）
    ⚠️ 異音 c714-1 take3: 途中に浮いた音: 200ms（3.77秒地点・振幅14808＝本文の1.6倍／前100ms・後350ms の無音）
c714:   8.06s  (2行)
    ⚠️ 異音 c715-1 take1: 末尾に余計な音: 120ms の無音 → 160ms の音（2.88秒地点・振幅17270＝本文の1.6倍）; 途中に浮いた音: 150ms（2.61秒地点・振幅19101＝本文の1.7倍／前90ms・後120ms の無音）
    ⚠️ 異音 c715-1 take2: 途中に浮いた音: 120ms（1.71秒地点・振幅13354＝本文の1.5倍／前90ms・後130ms の無音）
    ⚠️ 異音 c715-1 take3: 末尾に余計な音: 110ms の無音 → 210ms の音（2.98秒地点・振幅15258＝本文の1.7倍）; 途中に浮いた音: 140ms（1.70秒地点・振幅20450＝本文の2.2倍／前80ms・後110ms の無音）; 途中に浮いた音: 150ms（2.72秒地点・振幅20771＝本文の2.3倍／前80ms・後110ms の無音）
c715:  12.32s  (2行)
    ⚠️ 異音 c716-2 take1: 末尾に余計な音: 100ms の無音 → 210ms の音（3.83秒地点・振幅14883＝本文の1.6倍）; 途中に浮いた音: 210ms（2.04秒地点・振幅14252＝本文の1.6倍／前80ms・後140ms の無音）
    ⚠️ 異音 c716-2 take2: 末尾に余計な音: 100ms の無音 → 240ms の音（4.16秒地点・振幅17067＝本文の2.0倍）
    ⚠️ 異音 c716-2 take3: 末尾に余計な音: 110ms の無音 → 190ms の音（3.88秒地点・振幅14943＝本文の1.6倍）
c716:  11.28s  (2行)
c717:   6.92s  (2行)
c718:  10.94s  (2行)
c719:   5.92s  (2行)
c720:   8.32s  (2行)
c721:   7.52s  (2行)
c722:  10.56s  (3行)
    ⚠️ 異音 c723-2 take1: 途中に浮いた音: 100ms（2.83秒地点・振幅18260＝本文の2.0倍／前100ms・後110ms の無音）
    ⚠️ 異音 c723-2 take2: 途中に浮いた音: 140ms（2.61秒地点・振幅17680＝本文の2.1倍／前140ms・後110ms の無音）
    ⚠️ 異音 c723-2 take3: 途中に浮いた音: 130ms（2.99秒地点・振幅19014＝本文の1.9倍／前140ms・後130ms の無音）
c723:   8.38s  (2行)
c724:   9.12s  (2行)
    ⚠️ 異音 c725-3 take1: 末尾に余計な音: 170ms の無音 → 150ms の音（2.97秒地点・振幅9623＝本文の1.2倍）
    ⚠️ 異音 c725-3 take2: 末尾に余計な音: 110ms の無音 → 130ms の音（2.75秒地点・振幅8564＝本文の1.1倍）
    ⚠️ 異音 c725-3 take3: 末尾に余計な音: 130ms の無音 → 150ms の音（2.49秒地点・振幅10256＝本文の1.2倍）
c725:  12.16s  (3行)
c726:  12.99s  (3行)
c801:   4.45s  (1行)
    ⚠️ 異音 c802-2 take1: 末尾に余計な音: 110ms の無音 → 200ms の音（3.38秒地点・振幅12914＝本文の1.3倍）
    ⚠️ 異音 c802-2 take2: 末尾に余計な音: 130ms の無音 → 150ms の音（3.45秒地点・振幅17414＝本文の1.5倍）
    ⚠️ 異音 c802-2 take3: 末尾に余計な音: 120ms の無音 → 240ms の音（3.68秒地点・振幅16639＝本文の1.9倍）
c802:  10.00s  (2行)
c803:   9.20s  (2行)
c804:   9.60s  (2行)
c805:  10.00s  (2行)
    ⚠️ 異音 c806-1 take1: 末尾に余計な音: 110ms の無音 → 210ms の音（3.87秒地点・振幅9156＝本文の1.0倍）
    ⚠️ 異音 c806-1 take2: 末尾に余計な音: 160ms の無音 → 140ms の音（3.78秒地点・振幅9706＝本文の1.1倍）
c806:  11.36s  (2行)
c807:  10.00s  (2行)
c808:  12.71s  (2行)
    ⚠️ 異音 c809-2 take1: 末尾に余計な音: 140ms の無音 → 180ms の音（1.57秒地点・振幅13477＝本文の1.5倍）
    ⚠️ 異音 c809-2 take2: 末尾に余計な音: 100ms の無音 → 140ms の音（1.46秒地点・振幅19795＝本文の2.1倍）
    ⚠️ 異音 c809-2 take3: 末尾に余計な音: 160ms の無音 → 160ms の音（1.59秒地点・振幅10929＝本文の1.1倍）
c809:   8.56s  (2行)
c810:   9.12s  (2行)
c811:   8.24s  (2行)
c812:  11.20s  (2行)
    ⚠️ 異音 c813-2 take1: 途中に浮いた音: 180ms（3.43秒地点・振幅23224＝本文の3.0倍／前130ms・後120ms の無音）
c813:  11.20s  (2行)
    ⚠️ 異音 c814-2 take1: 末尾に余計な音: 120ms の無音 → 220ms の音（5.22秒地点・振幅9743＝本文の1.1倍）
    ⚠️ 異音 c814-2 take2: 末尾に余計な音: 90ms の無音 → 180ms の音（4.94秒地点・振幅14625＝本文の1.6倍）
    ⚠️ 異音 c814-2 take3: 末尾に余計な音: 90ms の無音 → 200ms の音（4.76秒地点・振幅18431＝本文の1.9倍）
c814:  11.44s  (2行)
c815:  11.28s  (2行)
    ⚠️ 異音 c816-2 take1: 先頭に余計な音: 130ms の音（振幅20858＝本文の2.1倍）のあと 110ms の無音
    ⚠️ 異音 c816-2 take2: 先頭に余計な音: 120ms の音（振幅19841＝本文の1.9倍）のあと 100ms の無音
c816:   7.42s  (2行)
c817:  12.29s  (3行)
    ⚠️ 異音 c818-1 take1: 末尾に余計な音: 140ms の無音 → 120ms の音（3.80秒地点・振幅12308＝本文の1.4倍）
c818:   8.96s  (2行)
c819:   9.48s  (2行)
c820:  10.80s  (2行)
c821:  11.60s  (2行)
c822:  18.00s  (3行)
c823:  12.32s  (2行)
c824:   8.32s  (2行)
    ⚠️ 異音 c825-1 take1: 末尾に余計な音: 100ms の無音 → 170ms の音（5.09秒地点・振幅9348＝本文の1.0倍）
    ⚠️ 異音 c825-1 take2: 末尾に余計な音: 80ms の無音 → 140ms の音（5.98秒地点・振幅12611＝本文の1.4倍）
c825:  10.80s  (2行)
    ⚠️ 異音 c901-2 take1: 末尾に余計な音: 140ms の無音 → 180ms の音（3.37秒地点・振幅12420＝本文の1.4倍）
    ⚠️ 異音 c901-2 take2: 末尾に余計な音: 110ms の無音 → 210ms の音（3.07秒地点・振幅8703＝本文の1.2倍）
    ⚠️ 異音 c901-2 take3: 末尾に余計な音: 110ms の無音 → 170ms の音（3.11秒地点・振幅12370＝本文の1.4倍）
c901:   8.36s  (2行)
c902:   9.52s  (2行)
c903:   8.28s  (2行)
    ⚠️ 異音 c904-1 take1: 末尾に余計な音: 90ms の無音 → 150ms の音（5.36秒地点・振幅14656＝本文の1.4倍）
    ⚠️ 異音 c904-1 take2: 末尾に余計な音: 120ms の無音 → 160ms の音（5.20秒地点・振幅9369＝本文の1.1倍）
    ⚠️ 異音 c904-1 take3: 末尾に余計な音: 150ms の無音 → 180ms の音（5.74秒地点・振幅9952＝本文の1.2倍）
c904:   9.68s  (2行)
c905:   5.97s  (1行)
c906:   5.33s  (2行)
c907:   7.42s  (2行)
c908:  11.35s  (2行)
c909:   6.48s  (1行)
c910:   6.88s  (2行)
c911:  13.76s  (2行)
c912:  11.19s  (2行)
c913:   4.93s  (1行)
c914:  12.61s  (2行)
c915:  11.60s  (2行)
c916:  14.53s  (3行)
c917:  12.30s  (2行)
c918:   8.32s  (2行)
    ⚠️ 異音 ca01-1 take1: 途中に浮いた音: 200ms（3.87秒地点・振幅25726＝本文の2.5倍／前180ms・後80ms の無音）
ca01:  12.62s  (2行)
ca02:  10.80s  (2行)
ca03:  10.64s  (2行)
ca04:   9.20s  (2行)
ca05:  10.05s  (2行)
ca06:   9.99s  (2行)
ca07:   9.18s  (2行)
ca08:  11.47s  (3行)
ca09:  10.45s  (2行)
ca10:   9.52s  (2行)
ca11:  12.56s  (2行)
    ⚠️ 異音 ca12-1 take1: 途中に浮いた音: 130ms（1.39秒地点・振幅23289＝本文の2.0倍／前230ms・後100ms の無音）
    ⚠️ 異音 ca12-1 take2: 途中に浮いた音: 140ms（1.37秒地点・振幅22654＝本文の2.0倍／前170ms・後160ms の無音）
    ⚠️ 異音 ca12-1 take3: 途中に浮いた音: 130ms（1.35秒地点・振幅17565＝本文の1.6倍／前190ms・後80ms の無音）
ca12:  15.91s  (3行)
ep01:  10.00s  (2行)
    ⚠️ 異音 ep02-1 take1: 末尾に余計な音: 80ms の無音 → 150ms の音（6.75秒地点・振幅10310＝本文の1.1倍）
    ⚠️ 異音 ep02-1 take2: 末尾に余計な音: 110ms の無音 → 160ms の音（6.52秒地点・振幅13169＝本文の1.2倍）
ep02:   9.92s  (2行)
    ⚠️ 異音 ep03-2 take1: 末尾に余計な音: 130ms の無音 → 160ms の音（2.56秒地点・振幅11892＝本文の1.5倍）
    ⚠️ 異音 ep03-2 take2: 末尾に余計な音: 140ms の無音 → 160ms の音（2.47秒地点・振幅13452＝本文の1.7倍）
    ⚠️ 異音 ep03-2 take3: 末尾に余計な音: 100ms の無音 → 180ms の音（2.53秒地点・振幅12831＝本文の1.3倍）
ep03:   6.05s  (2行)
    ⚠️ 異音 ep04-1 take1: 末尾に余計な音: 100ms の無音 → 160ms の音（5.57秒地点・振幅10916＝本文の1.1倍）
ep04:   9.08s  (2行)
ep05:  10.08s  (2行)
    ⚠️ 異音 ep06-1 take1: 先頭に余計な音: 110ms の音（振幅27352＝本文の3.1倍）のあと 80ms の無音; 途中に浮いた音: 210ms（2.38秒地点・振幅16715＝本文の1.9倍／前150ms・後180ms の無音）; 途中に浮いた音: 130ms（2.77秒地点・振幅19765＝本文の2.2倍／前180ms・後130ms の無音）
    ⚠️ 異音 ep06-1 take2: 先頭に余計な音: 150ms の音（振幅20820＝本文の2.4倍）のあと 120ms の無音; 途中に浮いた音: 190ms（2.57秒地点・振幅24790＝本文の2.8倍／前110ms・後120ms の無音）
    ⚠️ 異音 ep06-1 take3: 先頭に余計な音: 100ms の音（振幅24654＝本文の3.0倍）のあと 130ms の無音; 途中に浮いた音: 230ms（2.66秒地点・振幅24195＝本文の3.0倍／前130ms・後190ms の無音）; 途中に浮いた音: 130ms（3.08秒地点・振幅23005＝本文の2.8倍／前190ms・後100ms の無音）
ep06:   7.88s  (2行)
（記録に無いカットの wav を 29 本削除）

合成 216 カット／持ち越し 0 カット／未作成 0／記録 216／台本 216
作ったぶん: 216カット 11117字 → 発話＋行間 2136.3秒（5.20字/秒・行間込み。AivisSpeech は 5.52）
本編の見込み 39.4分（全 11117字をこの速さで＋LEAD/TAIL 0.85×216＋quote 2.0×22。許容 27〜38分 ← 🔴 外）
最長の1行 = 10.24秒「喫水、つまり水に沈む深さは12.15メートル。重さは11万2383トンだった。」
API 423行（10,464字）／キャッシュ 109行／振り直し 89回／本物と判定 8／要耳 22（記録＝audio/el_qa/keybridge_el_retakes.tsv）
クレジット 50,170 → 55,656（消費 5,486）⚠️ 反映が遅れることがある
exit=0
