c110-1  ろくキロ               → よく語られる答えは、撃つ前の夜、高さ六キロの風が人の住む島へ向かっていたことだ。
c414-2  ろくキロ               → 高さ六キロの風がロンゲラップへ向かう。
c422-2  ろくキロ               → だが、二千十三年の報告書は高さ六キロの風は島の灰に直接関わらないとする。
c915-2  ろくキロ               → よく語られるのは、打つ前の夜に島へ向かっていた高さ六キロの風だ。
c108-2  住民二百三十九人           → 東の島々でも住民二百三十九人とアメリカ兵二十八人が肺の放射線を浴びた。
c721-2  住民二百三十九人           → 四日にはウトリック環礁の百五十七人も島を離れ、住民二百三十九人の避難が終わった。
c402-3  アメリカ兵二十八人          → ロンゲリック環礁にはアメリカ兵二十八人の観測所があった。
c701-2  アメリカ兵二十八人          → ここではアメリカ兵二十八人が天気などの観測をしていた。
c401-3  縦二百七十八キロ           → エニウェトクとビキニを囲む縦二百七十八キロ、横五百五十六キロの区域である。
c112-3  標準時で二月二十八日         → 公式の実験の一覧も世界の標準時で二月二十八日と記している。
c512-1  さんじっぷんご            → およそ三分後、雲を取る飛行機から何かが落ちてくるのが見えた。
c512-1  三十分後               → およそ三分後、雲を取る飛行機から何かが落ちてくるのが見えた。
c804-1  三月の下旬              → 残る乗組員も三月の下旬に東京へ移された。
c623-1  なな、ようか たつと         → 灰を浴びてから七、八日。立つと首や顔、耳が痛み出した。
c623-1  七、八日たつと            → 灰を浴びてから七歩近たつと、首や顔、耳が痛み出した。
c819-3  ななおくにせんまんえん        → 当時のお金でな、 4億2000万円。その6割余りはマグロの値下がりの損害に充てられた。
c819-3  七億二千万円             → 当時のお金で七億二千万円。その六割余りはマグロの値下がりの損害に充てられた。
c708-1  いっせんち              → 灰は深いところで一センチほど積もった。
c708-1  一センチ               → 灰は深いところで一センチほど積もった。
exit=0
