
##### c110-1 「ろっキロ」→「ろくキロ」

=== c110-1（新規合成） ===
  送信: よく語られる答えは、撃つ前の夜、高さろくキロの風が人の住む島へ向かっていたことだ。
  聞取: よく語られる答えは、撃つ前の夜、高さ六キロの風が人の住む島へ向かっていたことだ。
  1モーラの目安: 0.267秒（この行の助詞 6個の平均）
    よ    0.080〜 0.260  幅0.180秒  ≒0.7モーラ
    く    0.260〜 0.360  幅0.100秒  ≒0.4モーラ
    語    0.440〜 0.600  幅0.160秒  ≒0.6モーラ
    ら    0.600〜 0.700  幅0.100秒  ≒0.4モーラ
    れ    0.720〜 0.800  幅0.080秒  ≒0.3モーラ
    る    0.920〜 1.000  幅0.080秒  ≒0.3モーラ
    答    1.000〜 1.140  幅0.140秒  ≒0.5モーラ
    え    1.180〜 1.340  幅0.160秒  ≒0.6モーラ
    は    1.340〜 1.420  幅0.080秒  ≒0.3モーラ
    、    1.420〜 1.420  幅0.000秒  ≒0.0モーラ
    撃    2.200〜 2.380  幅0.180秒  ≒0.7モーラ
    つ    2.380〜 2.560  幅0.180秒  ≒0.7モーラ
    前    2.560〜 2.720  幅0.160秒  ≒0.6モーラ
    の    2.840〜 2.860  幅0.020秒  ≒0.1モーラ
    夜    2.940〜 3.080  幅0.140秒  ≒0.5モーラ
    、    3.080〜 3.080  幅0.000秒  ≒0.0モーラ
    高    3.980〜 4.200  幅0.220秒  ≒0.8モーラ
    さ    4.200〜 4.280  幅0.080秒  ≒0.3モーラ
    六    4.380〜 4.520  幅0.140秒  ≒0.5モーラ
    キ    4.520〜 4.640  幅0.120秒  ≒0.5モーラ
    ロ    4.640〜 4.740  幅0.100秒  ≒0.4モーラ
    の    4.860〜 4.980  幅0.120秒  ≒0.5モーラ
    風    4.980〜 5.240  幅0.260秒  ≒1.0モーラ
    が    5.240〜 5.900  幅0.660秒  ≒2.5モーラ
    人    5.900〜 6.120  幅0.220秒  ≒0.8モーラ
    の    6.120〜 6.280  幅0.160秒  ≒0.6モーラ
    住    6.280〜 6.400  幅0.120秒  ≒0.5モーラ
    む    6.400〜 6.620  幅0.220秒  ≒0.8モーラ
    島    6.700〜 6.800  幅0.100秒  ≒0.4モーラ
    へ    6.800〜 7.300  幅0.500秒  ≒1.9モーラ
    向    7.380〜 7.500  幅0.120秒  ≒0.5モーラ
    か    7.500〜 7.580  幅0.080秒  ≒0.3モーラ
    っ    7.620〜 7.700  幅0.080秒  ≒0.3モーラ
    て    7.700〜 7.760  幅0.060秒  ≒0.2モーラ
    い    7.760〜 7.880  幅0.120秒  ≒0.5モーラ
    た    7.880〜 7.980  幅0.100秒  ≒0.4モーラ
    こ    7.980〜 8.080  幅0.100秒  ≒0.4モーラ
    と    8.080〜 8.180  幅0.100秒  ≒0.4モーラ
    だ    8.180〜 8.200  幅0.020秒  ≒0.1モーラ
    。    8.200〜 8.200  幅0.000秒  ≒0.0モーラ

##### c414-2 「ろっキロ」→「ろくキロ」

=== c414-2（新規合成） ===
  送信: 高さろくキロの風が、ロンゲラップへ向かう
  聞取: 高さ六キロの風がロンゲラップへ向かう。
  1モーラの目安: 0.300秒（この行の助詞 3個の平均）
    高    0.180〜 0.340  幅0.160秒  ≒0.5モーラ
    さ    0.360〜 0.520  幅0.160秒  ≒0.5モーラ
    六    0.520〜 0.800  幅0.280秒  ≒0.9モーラ
    キ    0.800〜 0.900  幅0.100秒  ≒0.3モーラ
    ロ    0.900〜 1.020  幅0.120秒  ≒0.4モーラ
    の    1.020〜 1.280  幅0.260秒  ≒0.9モーラ
    風    1.280〜 1.560  幅0.280秒  ≒0.9モーラ
    が    1.560〜 2.260  幅0.700秒  ≒2.3モーラ
    ロ    2.260〜 2.360  幅0.100秒  ≒0.3モーラ
    ン    2.360〜 2.480  幅0.120秒  ≒0.4モーラ
    ゲ    2.480〜 2.600  幅0.120秒  ≒0.4モーラ
    ラ    2.600〜 2.640  幅0.040秒  ≒0.1モーラ
    ッ    2.640〜 2.780  幅0.140秒  ≒0.5モーラ
    プ    2.780〜 2.920  幅0.140秒  ≒0.5モーラ
    へ    2.920〜 3.060  幅0.140秒  ≒0.5モーラ
    向    3.060〜 3.200  幅0.140秒  ≒0.5モーラ
    か    3.200〜 3.260  幅0.060秒  ≒0.2モーラ
    う    3.260〜 3.280  幅0.020秒  ≒0.1モーラ
    。    3.280〜 3.280  幅0.000秒  ≒0.0モーラ

##### c422-2 「ろっキロ」→「ろくキロ」

=== c422-2（新規合成） ===
  送信: だが にせんじゅうさんねんの報告書は、高さろくキロの風は島の灰に直接関わらないとする。
  聞取: だが、二千十三年の報告書は高さ六キロの風は島の灰に直接関わらないとする。
  1モーラの目安: 0.280秒（この行の助詞 5個の平均）
    だ    0.120〜 0.220  幅0.100秒  ≒0.4モーラ
    が    0.240〜 0.440  幅0.200秒  ≒0.7モーラ
    、    0.440〜 0.440  幅0.000秒  ≒0.0モーラ
    二    1.140〜 1.220  幅0.080秒  ≒0.3モーラ
    千    1.220〜 1.480  幅0.260秒  ≒0.9モーラ
    十    1.500〜 1.700  幅0.200秒  ≒0.7モーラ
    三    1.700〜 1.960  幅0.260秒  ≒0.9モーラ
    年    1.960〜 2.060  幅0.100秒  ≒0.4モーラ
    の    2.140〜 2.200  幅0.060秒  ≒0.2モーラ
    報    2.200〜 2.360  幅0.160秒  ≒0.6モーラ
    告    2.360〜 2.540  幅0.180秒  ≒0.6モーラ
    書    2.540〜 2.760  幅0.220秒  ≒0.8モーラ
    は    2.820〜 3.600  幅0.780秒  ≒2.8モーラ
    高    3.600〜 3.820  幅0.220秒  ≒0.8モーラ
    さ    3.900〜 4.000  幅0.100秒  ≒0.4モーラ
    六    4.120〜 4.260  幅0.140秒  ≒0.5モーラ
    キ    4.260〜 4.380  幅0.120秒  ≒0.4モーラ
    ロ    4.380〜 4.600  幅0.220秒  ≒0.8モーラ
    の    4.600〜 4.700  幅0.100秒  ≒0.4モーラ
    風    4.740〜 5.000  幅0.260秒  ≒0.9モーラ
    は    5.000〜 5.040  幅0.040秒  ≒0.1モーラ
    島    5.740〜 5.980  幅0.240秒  ≒0.9モーラ
    の    5.980〜 6.120  幅0.140秒  ≒0.5モーラ
    灰    6.120〜 6.260  幅0.140秒  ≒0.5モーラ
    に    6.340〜 6.620  幅0.280秒  ≒1.0モーラ
    直    6.620〜 6.880  幅0.260秒  ≒0.9モーラ
    接    6.880〜 7.080  幅0.200秒  ≒0.7モーラ
    関    7.080〜 7.240  幅0.160秒  ≒0.6モーラ
    わ    7.240〜 7.300  幅0.060秒  ≒0.2モーラ
    ら    7.340〜 7.440  幅0.100秒  ≒0.4モーラ
    な    7.440〜 7.480  幅0.040秒  ≒0.1モーラ
    い    7.500〜 7.600  幅0.100秒  ≒0.4モーラ
    と    7.640〜 7.740  幅0.100秒  ≒0.4モーラ
    す    7.740〜 7.840  幅0.100秒  ≒0.4モーラ
    る    7.880〜 7.900  幅0.020秒  ≒0.1モーラ
    。    7.900〜 7.900  幅0.000秒  ≒0.0モーラ

##### c915-2 「ろっキロ」→「ろくキロ」

=== c915-2（新規合成） ===
  送信: よく語られるのは、撃つ前の夜に島へ向かっていた、高さろくキロの風だ。
  聞取: よく語られるのは、打つ前の夜に島へ向かっていた高さ六キロの風だ。
  1モーラの目安: 0.108秒（この行の助詞 5個の平均）
    よ    0.120〜 0.260  幅0.140秒  ≒1.3モーラ
    く    0.260〜 0.380  幅0.120秒  ≒1.1モーラ
    語    0.440〜 0.600  幅0.160秒  ≒1.5モーラ
    ら    0.600〜 0.700  幅0.100秒  ≒0.9モーラ
    れ    0.700〜 0.800  幅0.100秒  ≒0.9モーラ
    る    0.800〜 0.900  幅0.100秒  ≒0.9モーラ
    の    0.900〜 1.140  幅0.240秒  ≒2.2モーラ
    は    1.140〜 1.200  幅0.060秒  ≒0.6モーラ
    、    1.200〜 1.200  幅0.000秒  ≒0.0モーラ
    打    1.860〜 2.020  幅0.160秒  ≒1.5モーラ
    つ    2.020〜 2.180  幅0.160秒  ≒1.5モーラ
    前    2.180〜 2.400  幅0.220秒  ≒2.0モーラ
    の    2.420〜 2.560  幅0.140秒  ≒1.3モーラ
    夜    2.560〜 2.680  幅0.120秒  ≒1.1モーラ
    に    2.820〜 2.940  幅0.120秒  ≒1.1モーラ
    島    2.940〜 3.100  幅0.160秒  ≒1.5モーラ
    へ    3.100〜 3.220  幅0.120秒  ≒1.1モーラ
    向    3.220〜 3.340  幅0.120秒  ≒1.1モーラ
    か    3.340〜 3.440  幅0.100秒  ≒0.9モーラ
    っ    3.460〜 3.500  幅0.040秒  ≒0.4モーラ
    て    3.500〜 3.560  幅0.060秒  ≒0.6モーラ
    い    3.560〜 3.720  幅0.160秒  ≒1.5モーラ
    た    3.720〜 3.800  幅0.080秒  ≒0.7モーラ
    高    4.620〜 4.840  幅0.220秒  ≒2.0モーラ
    さ    4.840〜 5.000  幅0.160秒  ≒1.5モーラ
    六    5.120〜 5.200  幅0.080秒  ≒0.7モーラ
    キ    5.200〜 5.320  幅0.120秒  ≒1.1モーラ
    ロ    5.320〜 5.480  幅0.160秒  ≒1.5モーラ
    の    5.480〜 5.700  幅0.220秒  ≒2.0モーラ
    風    5.700〜 5.900  幅0.200秒  ≒1.9モーラ
    だ    5.900〜 5.920  幅0.020秒  ≒0.2モーラ
    。    5.920〜 5.920  幅0.000秒  ≒0.0モーラ

##### c108-2 「住民 にひゃくさんじゅうきゅうにん」→「住民二百三十九人」

=== c108-2（新規合成） ===
  送信: 東の島々でも、住民二百三十九人とアメリカ兵 にじゅうはちにんが、灰の放射線を浴びた。
  聞取: 東の島々でも住民二百三十九人とアメリカ兵二十八人が肺の放射線を浴びた。
  1モーラの目安: 0.460秒（この行の助詞 5個の平均）
    東    0.200〜 0.460  幅0.260秒  ≒0.6モーラ
    の    0.580〜 0.600  幅0.020秒  ≒0.0モーラ
    島    0.700〜 0.820  幅0.120秒  ≒0.3モーラ
    々    0.820〜 1.040  幅0.220秒  ≒0.5モーラ
    で    1.100〜 1.160  幅0.060秒  ≒0.1モーラ
    も    1.160〜 1.940  幅0.780秒  ≒1.7モーラ
    住    1.940〜 2.160  幅0.220秒  ≒0.5モーラ
    民    2.160〜 2.380  幅0.220秒  ≒0.5モーラ
    二    2.380〜 2.520  幅0.140秒  ≒0.3モーラ
    百    2.520〜 2.760  幅0.240秒  ≒0.5モーラ
    三    2.760〜 3.000  幅0.240秒  ≒0.5モーラ
    十    3.000〜 3.240  幅0.240秒  ≒0.5モーラ
    九    3.240〜 3.360  幅0.120秒  ≒0.3モーラ
    人    3.440〜 3.580  幅0.140秒  ≒0.3モーラ
    と    3.580〜 4.240  幅0.660秒  ≒1.4モーラ
    ア    4.240〜 4.320  幅0.080秒  ≒0.2モーラ
    メ    4.320〜 4.420  幅0.100秒  ≒0.2モーラ
    リ    4.420〜 4.580  幅0.160秒  ≒0.3モーラ
    カ    4.580〜 4.680  幅0.100秒  ≒0.2モーラ
    兵    4.840〜 5.240  幅0.400秒  ≒0.9モーラ
    二    5.240〜 5.400  幅0.160秒  ≒0.3モーラ
    十    5.400〜 5.600  幅0.200秒  ≒0.4モーラ
    八    5.680〜 5.880  幅0.200秒  ≒0.4モーラ
    人    5.880〜 6.180  幅0.300秒  ≒0.7モーラ
    が    6.180〜 6.880  幅0.700秒  ≒1.5モーラ
    肺    6.880〜 7.140  幅0.260秒  ≒0.6モーラ
    の    7.140〜 7.280  幅0.140秒  ≒0.3モーラ
    放    7.280〜 7.360  幅0.080秒  ≒0.2モーラ
    射    7.480〜 7.500  幅0.020秒  ≒0.0モーラ
    線    7.500〜 7.760  幅0.260秒  ≒0.6モーラ
    を    7.760〜 7.860  幅0.100秒  ≒0.2モーラ
    浴    7.860〜 7.960  幅0.100秒  ≒0.2モーラ
    び    7.960〜 8.080  幅0.120秒  ≒0.3モーラ
    た    8.080〜 8.100  幅0.020秒  ≒0.0モーラ
    。    8.100〜 8.100  幅0.000秒  ≒0.0モーラ

##### c721-2 「住民 にひゃくさんじゅうきゅうにん」→「住民二百三十九人」

=== c721-2（新規合成） ===
  送信: よっかには、ウトリック環礁のひゃくごじゅうななにんも島を離れ、住民二百三十九人の避難が終わった。
  聞取: 四日にはウトリック環礁の百五十七人も島を離れ、住民二百三十九人の避難が終わった。
  1モーラの目安: 0.272秒（この行の助詞 5個の平均）
    四    0.120〜 0.280  幅0.160秒  ≒0.6モーラ
    日    0.280〜 0.420  幅0.140秒  ≒0.5モーラ
    に    0.420〜 0.640  幅0.220秒  ≒0.8モーラ
    は    0.640〜 1.200  幅0.560秒  ≒2.1モーラ
    ウ    1.220〜 1.300  幅0.080秒  ≒0.3モーラ
    ト    1.320〜 1.420  幅0.100秒  ≒0.4モーラ
    リ    1.420〜 1.480  幅0.060秒  ≒0.2モーラ
    ッ    1.480〜 1.600  幅0.120秒  ≒0.4モーラ
    ク    1.600〜 1.700  幅0.100秒  ≒0.4モーラ
    環    1.760〜 1.880  幅0.120秒  ≒0.4モーラ
    礁    1.880〜 2.060  幅0.180秒  ≒0.7モーラ
    の    2.060〜 2.560  幅0.500秒  ≒1.8モーラ
    百    2.560〜 2.860  幅0.300秒  ≒1.1モーラ
    五    2.860〜 3.060  幅0.200秒  ≒0.7モーラ
    十    3.060〜 3.280  幅0.220秒  ≒0.8モーラ
    七    3.280〜 3.520  幅0.240秒  ≒0.9モーラ
    人    3.520〜 3.740  幅0.220秒  ≒0.8モーラ
    も    3.740〜 4.000  幅0.260秒  ≒1.0モーラ
    島    4.000〜 4.140  幅0.140秒  ≒0.5モーラ
    を    4.160〜 4.380  幅0.220秒  ≒0.8モーラ
    離    4.380〜 4.500  幅0.120秒  ≒0.4モーラ
    れ    4.600〜 4.640  幅0.040秒  ≒0.1モーラ
    、    4.640〜 4.640  幅0.000秒  ≒0.0モーラ
    住    5.280〜 5.540  幅0.260秒  ≒1.0モーラ
    民    5.660〜 6.040  幅0.380秒  ≒1.4モーラ
    二    6.040〜 6.180  幅0.140秒  ≒0.5モーラ
    百    6.180〜 6.420  幅0.240秒  ≒0.9モーラ
    三    6.420〜 6.660  幅0.240秒  ≒0.9モーラ
    十    6.660〜 6.880  幅0.220秒  ≒0.8モーラ
    九    6.880〜 7.080  幅0.200秒  ≒0.7モーラ
    人    7.080〜 7.200  幅0.120秒  ≒0.4モーラ
    の    7.360〜 7.420  幅0.060秒  ≒0.2モーラ
    避    7.420〜 7.560  幅0.140秒  ≒0.5モーラ
    難    7.560〜 7.740  幅0.180秒  ≒0.7モーラ
    が    7.740〜 7.840  幅0.100秒  ≒0.4モーラ
    終    7.860〜 7.920  幅0.060秒  ≒0.2モーラ
    わ    7.920〜 8.000  幅0.080秒  ≒0.3モーラ
    っ    8.060〜 8.140  幅0.080秒  ≒0.3モーラ
    た    8.140〜 8.180  幅0.040秒  ≒0.1モーラ
    。    8.180〜 8.180  幅0.000秒  ≒0.0モーラ

##### c402-3 「アメリカ兵 にじゅうはちにん」→「アメリカ兵二十八人」

=== c402-3（新規合成） ===
  送信: ロンゲリック環礁には、アメリカ兵二十八人の観測所があった。
  聞取: ロンゲリック環礁にはアメリカ兵二十八人の観測所があった。
  1モーラの目安: 0.293秒（この行の助詞 3個の平均）
    ロ    0.140〜 0.180  幅0.040秒  ≒0.1モーラ
    ン    0.220〜 0.300  幅0.080秒  ≒0.3モーラ
    ゲ    0.300〜 0.400  幅0.100秒  ≒0.3モーラ
    リ    0.400〜 0.440  幅0.040秒  ≒0.1モーラ
    ッ    0.460〜 0.580  幅0.120秒  ≒0.4モーラ
    ク    0.580〜 0.660  幅0.080秒  ≒0.3モーラ
    環    0.780〜 0.840  幅0.060秒  ≒0.2モーラ
    礁    0.840〜 1.020  幅0.180秒  ≒0.6モーラ
    に    1.020〜 1.200  幅0.180秒  ≒0.6モーラ
    は    1.200〜 1.820  幅0.620秒  ≒2.1モーラ
    ア    1.820〜 1.900  幅0.080秒  ≒0.3モーラ
    メ    1.900〜 1.980  幅0.080秒  ≒0.3モーラ
    リ    1.980〜 2.100  幅0.120秒  ≒0.4モーラ
    カ    2.140〜 2.240  幅0.100秒  ≒0.3モーラ
    兵    2.240〜 2.460  幅0.220秒  ≒0.8モーラ
    二    2.620〜 2.640  幅0.020秒  ≒0.1モーラ
    十    2.640〜 2.840  幅0.200秒  ≒0.7モーラ
    八    2.840〜 3.080  幅0.240秒  ≒0.8モーラ
    人    3.080〜 3.260  幅0.180秒  ≒0.6モーラ
    の    3.260〜 3.540  幅0.280秒  ≒1.0モーラ
    観    3.540〜 3.620  幅0.080秒  ≒0.3モーラ
    測    3.760〜 3.820  幅0.060秒  ≒0.2モーラ
    所    3.820〜 3.940  幅0.120秒  ≒0.4モーラ
    が    3.940〜 4.019  幅0.079秒  ≒0.3モーラ
    あ    4.019〜 4.040  幅0.021秒  ≒0.1モーラ
    っ    4.040〜 4.240  幅0.200秒  ≒0.7モーラ
    た    4.240〜 4.260  幅0.020秒  ≒0.1モーラ
    。    4.260〜 4.260  幅0.000秒  ≒0.0モーラ

##### c701-2 「アメリカ兵 にじゅうはちにん」→「アメリカ兵二十八人」

=== c701-2（新規合成） ===
  送信: ここではアメリカ兵二十八人が、天気などの観測をしていた。
  聞取: ここではアメリカ兵二十八人が天気などの観測をしていた。
  1モーラの目安: 0.250秒（この行の助詞 4個の平均）
    こ    0.100〜 0.180  幅0.080秒  ≒0.3モーラ
    こ    0.180〜 0.300  幅0.120秒  ≒0.5モーラ
    で    0.300〜 0.420  幅0.120秒  ≒0.5モーラ
    は    0.480〜 0.540  幅0.060秒  ≒0.2モーラ
    ア    0.540〜 0.640  幅0.100秒  ≒0.4モーラ
    メ    0.640〜 0.740  幅0.100秒  ≒0.4モーラ
    リ    0.740〜 0.860  幅0.120秒  ≒0.5モーラ
    カ    0.900〜 0.980  幅0.080秒  ≒0.3モーラ
    兵    1.000〜 1.220  幅0.220秒  ≒0.9モーラ
    二    1.340〜 1.360  幅0.020秒  ≒0.1モーラ
    十    1.540〜 1.560  幅0.020秒  ≒0.1モーラ
    八    1.620〜 1.800  幅0.180秒  ≒0.7モーラ
    人    1.800〜 2.060  幅0.260秒  ≒1.0モーラ
    が    2.060〜 2.760  幅0.700秒  ≒2.8モーラ
    天    2.760〜 2.880  幅0.120秒  ≒0.5モーラ
    気    2.880〜 2.980  幅0.100秒  ≒0.4モーラ
    な    3.000〜 3.060  幅0.060秒  ≒0.2モーラ
    ど    3.080〜 3.160  幅0.080秒  ≒0.3モーラ
    の    3.280〜 3.420  幅0.140秒  ≒0.6モーラ
    観    3.420〜 3.560  幅0.140秒  ≒0.6モーラ
    測    3.600〜 3.700  幅0.100秒  ≒0.4モーラ
    を    3.700〜 3.820  幅0.120秒  ≒0.5モーラ
    し    3.820〜 3.920  幅0.100秒  ≒0.4モーラ
    て    3.920〜 3.960  幅0.040秒  ≒0.2モーラ
    い    3.960〜 4.080  幅0.120秒  ≒0.5モーラ
    た    4.080〜 4.100  幅0.020秒  ≒0.1モーラ
    。    4.100〜 4.100  幅0.000秒  ≒0.0モーラ

##### c401-3 「縦 にひゃくななじゅうはちキロ」→「縦二百七十八キロ」

=== c401-3（新規合成） ===
  送信: エニウェトクとビキニを囲む、縦二百七十八キロ、横ごひゃくごじゅうろくキロの区域である。
  聞取: エニウェトクとビキニを囲む縦二百七十八キロ、横五百五十六キロの区域である。
  1モーラの目安: 0.120秒（この行の助詞 3個の平均）
    エ    0.120〜 0.220  幅0.100秒  ≒0.8モーラ
    ニ    0.240〜 0.300  幅0.060秒  ≒0.5モーラ
    ウ    0.300〜 0.360  幅0.060秒  ≒0.5モーラ
    ェ    0.360〜 0.460  幅0.100秒  ≒0.8モーラ
    ト    0.460〜 0.600  幅0.140秒  ≒1.2モーラ
    ク    0.600〜 0.680  幅0.080秒  ≒0.7モーラ
    と    0.680〜 0.860  幅0.180秒  ≒1.5モーラ
    ビ    0.860〜 0.980  幅0.120秒  ≒1.0モーラ
    キ    0.980〜 1.100  幅0.120秒  ≒1.0モーラ
    ニ    1.100〜 1.220  幅0.120秒  ≒1.0モーラ
    を    1.220〜 1.340  幅0.120秒  ≒1.0モーラ
    囲    1.400〜 1.660  幅0.260秒  ≒2.2モーラ
    む    1.660〜 1.720  幅0.060秒  ≒0.5モーラ
    縦    2.300〜 2.560  幅0.260秒  ≒2.2モーラ
    二    2.560〜 2.700  幅0.140秒  ≒1.2モーラ
    百    2.900〜 2.900  幅0.000秒  ≒0.0モーラ
    七    3.000〜 3.160  幅0.160秒  ≒1.3モーラ
    十    3.320〜 3.360  幅0.040秒  ≒0.3モーラ
    八    3.400〜 3.560  幅0.160秒  ≒1.3モーラ
    キ    3.600〜 3.680  幅0.080秒  ≒0.7モーラ
    ロ    3.680〜 3.780  幅0.100秒  ≒0.8モーラ
    、    3.780〜 3.780  幅0.000秒  ≒0.0モーラ
    横    4.440〜 4.680  幅0.240秒  ≒2.0モーラ
    五    4.680〜 5.140  幅0.460秒  ≒3.8モーラ
    百    5.280〜 5.560  幅0.280秒  ≒2.3モーラ
    五    5.560〜 5.740  幅0.180秒  ≒1.5モーラ
    十    5.740〜 5.920  幅0.180秒  ≒1.5モーラ
    六    5.920〜 6.180  幅0.260秒  ≒2.2モーラ
    キ    6.200〜 6.300  幅0.100秒  ≒0.8モーラ
    ロ    6.300〜 6.420  幅0.120秒  ≒1.0モーラ
    の    6.560〜 6.660  幅0.100秒  ≒0.8モーラ
    区    6.660〜 6.800  幅0.140秒  ≒1.2モーラ
    域    6.800〜 6.980  幅0.180秒  ≒1.5モーラ
    で    6.980〜 7.040  幅0.060秒  ≒0.5モーラ
    あ    7.040〜 7.160  幅0.120秒  ≒1.0モーラ
    る    7.160〜 7.220  幅0.060秒  ≒0.5モーラ
    。    7.220〜 7.220  幅0.000秒  ≒0.0モーラ

##### c112-3 「標準時で にがつ にじゅうはちにち」→「標準時で二月二十八日」

=== c112-3（新規合成） ===
  送信: 公式の実験の一覧も、世界の標準時で二月二十八日と記している。
  聞取: 公式の実験の一覧も世界の標準時で二月二十八日と記している。
  1モーラの目安: 0.493秒（この行の助詞 3個の平均）
    公    0.120〜 0.260  幅0.140秒  ≒0.3モーラ
    式    0.260〜 0.460  幅0.200秒  ≒0.4モーラ
    の    0.480〜 0.680  幅0.200秒  ≒0.4モーラ
    実    0.680〜 0.860  幅0.180秒  ≒0.4モーラ
    験    0.860〜 0.960  幅0.100秒  ≒0.2モーラ
    の    0.960〜 1.140  幅0.180秒  ≒0.4モーラ
    一    1.140〜 1.240  幅0.100秒  ≒0.2モーラ
    覧    1.240〜 1.420  幅0.180秒  ≒0.4モーラ
    も    1.420〜 2.100  幅0.680秒  ≒1.4モーラ
    世    2.120〜 2.260  幅0.140秒  ≒0.3モーラ
    界    2.340〜 2.460  幅0.120秒  ≒0.2モーラ
    の    2.600〜 2.760  幅0.160秒  ≒0.3モーラ
    標    2.760〜 2.820  幅0.060秒  ≒0.1モーラ
    準    2.820〜 3.020  幅0.200秒  ≒0.4モーラ
    時    3.020〜 3.220  幅0.200秒  ≒0.4モーラ
    で    3.220〜 3.640  幅0.420秒  ≒0.9モーラ
    二    3.780〜 4.059  幅0.279秒  ≒0.6モーラ
    月    4.059〜 4.120  幅0.061秒  ≒0.1モーラ
    二    4.280〜 4.320  幅0.040秒  ≒0.1モーラ
    十    4.320〜 4.580  幅0.260秒  ≒0.5モーラ
    八    4.580〜 4.840  幅0.260秒  ≒0.5モーラ
    日    4.840〜 5.100  幅0.260秒  ≒0.5モーラ
    と    5.180〜 5.560  幅0.380秒  ≒0.8モーラ
    記    5.660〜 5.760  幅0.100秒  ≒0.2モーラ
    し    5.780〜 5.900  幅0.120秒  ≒0.2モーラ
    て    5.900〜 5.960  幅0.060秒  ≒0.1モーラ
    い    5.960〜 6.060  幅0.100秒  ≒0.2モーラ
    る    6.060〜 6.080  幅0.020秒  ≒0.0モーラ
    。    6.080〜 6.080  幅0.000秒  ≒0.0モーラ

##### c512-1 「さんじゅっぷんご」→「さんじっぷんご」

=== c512-1（新規合成） ===
  送信: およそさんじっぷんご、雲を撮る飛行機から、何かが落ちてくるのが見えた。
  聞取: およそ三分後、雲を取る飛行機から何かが落ちてくるのが見えた。
  1モーラの目安: 0.133秒（この行の助詞 6個の平均）
    お    0.060〜 0.140  幅0.080秒  ≒0.6モーラ
    よ    0.140〜 0.280  幅0.140秒  ≒1.0モーラ
    そ    0.280〜 0.440  幅0.160秒  ≒1.2モーラ
    三    0.600〜 0.860  幅0.260秒  ≒1.9モーラ
    分    0.860〜 1.040  幅0.180秒  ≒1.3モーラ
    後    1.160〜 1.240  幅0.080秒  ≒0.6モーラ
    、    1.240〜 1.240  幅0.000秒  ≒0.0モーラ
    雲    2.680〜 2.840  幅0.160秒  ≒1.2モーラ
    を    2.840〜 3.000  幅0.160秒  ≒1.2モーラ
    取    3.060〜 3.180  幅0.120秒  ≒0.9モーラ
    る    3.180〜 3.300  幅0.120秒  ≒0.9モーラ
    飛    3.300〜 3.440  幅0.140秒  ≒1.1モーラ
    行    3.440〜 3.600  幅0.160秒  ≒1.2モーラ
    機    3.600〜 3.700  幅0.100秒  ≒0.8モーラ
    か    3.700〜 3.820  幅0.120秒  ≒0.9モーラ
    ら    3.820〜 3.920  幅0.100秒  ≒0.8モーラ
    何    4.980〜 5.180  幅0.200秒  ≒1.5モーラ
    か    5.180〜 5.340  幅0.160秒  ≒1.2モーラ
    が    5.340〜 5.440  幅0.100秒  ≒0.8モーラ
    落    5.440〜 5.540  幅0.100秒  ≒0.7モーラ
    ち    5.540〜 5.680  幅0.140秒  ≒1.0モーラ
    て    5.680〜 5.780  幅0.100秒  ≒0.8モーラ
    く    5.800〜 5.860  幅0.060秒  ≒0.5モーラ
    る    5.860〜 5.940  幅0.080秒  ≒0.6モーラ
    の    5.940〜 6.120  幅0.180秒  ≒1.3モーラ
    が    6.120〜 6.240  幅0.120秒  ≒0.9モーラ
    見    6.240〜 6.320  幅0.080秒  ≒0.6モーラ
    え    6.340〜 6.480  幅0.140秒  ≒1.1モーラ
    た    6.480〜 6.520  幅0.040秒  ≒0.3モーラ
    。    6.520〜 6.520  幅0.000秒  ≒0.0モーラ

##### c512-1 「さんじゅっぷんご」→「三十分後」

=== c512-1（新規合成） ===
  送信: およそ三十分後、雲を撮る飛行機から、何かが落ちてくるのが見えた。
  聞取: およそ三分後、雲を取る飛行機から何かが落ちてくるのが見えた。
  1モーラの目安: 0.143秒（この行の助詞 6個の平均）
    お    0.060〜 0.140  幅0.080秒  ≒0.6モーラ
    よ    0.140〜 0.280  幅0.140秒  ≒1.0モーラ
    そ    0.280〜 0.420  幅0.140秒  ≒1.0モーラ
    三    0.620〜 0.820  幅0.200秒  ≒1.4モーラ
    分    0.820〜 1.000  幅0.180秒  ≒1.3モーラ
    後    1.120〜 1.160  幅0.040秒  ≒0.3モーラ
    、    1.160〜 1.160  幅0.000秒  ≒0.0モーラ
    雲    1.960〜 2.100  幅0.140秒  ≒1.0モーラ
    を    2.100〜 2.280  幅0.180秒  ≒1.3モーラ
    取    2.280〜 2.380  幅0.100秒  ≒0.7モーラ
    る    2.380〜 2.540  幅0.160秒  ≒1.1モーラ
    飛    2.540〜 2.620  幅0.080秒  ≒0.6モーラ
    行    2.620〜 2.780  幅0.160秒  ≒1.1モーラ
    機    2.780〜 2.880  幅0.100秒  ≒0.7モーラ
    か    2.880〜 3.040  幅0.160秒  ≒1.1モーラ
    ら    3.040〜 3.900  幅0.860秒  ≒6.0モーラ
    何    3.900〜 4.080  幅0.180秒  ≒1.3モーラ
    か    4.080〜 4.260  幅0.180秒  ≒1.3モーラ
    が    4.300〜 4.360  幅0.060秒  ≒0.4モーラ
    落    4.360〜 4.480  幅0.120秒  ≒0.8モーラ
    ち    4.480〜 4.580  幅0.100秒  ≒0.7モーラ
    て    4.580〜 4.680  幅0.100秒  ≒0.7モーラ
    く    4.680〜 4.740  幅0.060秒  ≒0.4モーラ
    る    4.760〜 4.860  幅0.100秒  ≒0.7モーラ
    の    4.860〜 4.980  幅0.120秒  ≒0.8モーラ
    が    4.980〜 5.120  幅0.140秒  ≒1.0モーラ
    見    5.120〜 5.220  幅0.100秒  ≒0.7モーラ
    え    5.220〜 5.360  幅0.140秒  ≒1.0モーラ
    た    5.360〜 5.400  幅0.040秒  ≒0.3モーラ
    。    5.400〜 5.400  幅0.000秒  ≒0.0モーラ

##### c804-1 「さんがつの下旬」→「三月の下旬」

=== c804-1（新規合成） ===
  送信: 残る乗組員も、三月の下旬に東京へ移された。
  聞取: 残る乗組員も三月の下旬に東京へ移された。
  1モーラの目安: 0.400秒（この行の助詞 3個の平均）
    残    0.120〜 0.180  幅0.060秒  ≒0.1モーラ
    る    0.240〜 0.380  幅0.140秒  ≒0.3モーラ
    乗    0.380〜 0.620  幅0.240秒  ≒0.6モーラ
    組    0.640〜 0.720  幅0.080秒  ≒0.2モーラ
    員    0.740〜 0.900  幅0.160秒  ≒0.4モーラ
    も    0.900〜 1.620  幅0.720秒  ≒1.8モーラ
    三    1.760〜 1.820  幅0.060秒  ≒0.2モーラ
    月    1.820〜 2.040  幅0.220秒  ≒0.5モーラ
    の    2.040〜 2.220  幅0.180秒  ≒0.5モーラ
    下    2.220〜 2.340  幅0.120秒  ≒0.3モーラ
    旬    2.360〜 2.580  幅0.220秒  ≒0.6モーラ
    に    2.580〜 2.980  幅0.400秒  ≒1.0モーラ
    東    2.980〜 3.060  幅0.080秒  ≒0.2モーラ
    京    3.200〜 3.300  幅0.100秒  ≒0.2モーラ
    へ    3.320〜 3.400  幅0.080秒  ≒0.2モーラ
    移    3.440〜 3.660  幅0.220秒  ≒0.6モーラ
    さ    3.660〜 3.720  幅0.060秒  ≒0.2モーラ
    れ    3.720〜 3.840  幅0.120秒  ≒0.3モーラ
    た    3.840〜 3.880  幅0.040秒  ≒0.1モーラ
    。    3.880〜 3.880  幅0.000秒  ≒0.0モーラ

##### c623-1 「なな、ようかたつと」→「なな、ようか たつと」

=== c623-1（新規合成） ===
  送信: 灰を浴びてからなな、ようか たつと、首や顔、耳が痛みだした。
  聞取: 灰を浴びてから七、八日。立つと首や顔、耳が痛み出した。
  1モーラの目安: 0.250秒（この行の助詞 4個の平均）
    灰    0.120〜 0.300  幅0.180秒  ≒0.7モーラ
    を    0.300〜 0.420  幅0.120秒  ≒0.5モーラ
    浴    0.460〜 0.560  幅0.100秒  ≒0.4モーラ
    び    0.560〜 0.640  幅0.080秒  ≒0.3モーラ
    て    0.680〜 0.760  幅0.080秒  ≒0.3モーラ
    か    0.760〜 0.880  幅0.120秒  ≒0.5モーラ
    ら    0.880〜 1.060  幅0.180秒  ≒0.7モーラ
    七    1.060〜 1.240  幅0.180秒  ≒0.7モーラ
    、    1.240〜 1.240  幅0.000秒  ≒0.0モーラ
    八    1.900〜 2.120  幅0.220秒  ≒0.9モーラ
    日    2.120〜 2.300  幅0.180秒  ≒0.7モーラ
    。    2.300〜 2.300  幅0.000秒  ≒0.0モーラ
    立    3.380〜 3.540  幅0.160秒  ≒0.6モーラ
    つ    3.540〜 3.660  幅0.120秒  ≒0.5モーラ
    と    3.700〜 4.340  幅0.640秒  ≒2.6モーラ
    首    4.340〜 4.540  幅0.200秒  ≒0.8モーラ
    や    4.540〜 4.640  幅0.100秒  ≒0.4モーラ
    顔    4.760〜 4.880  幅0.120秒  ≒0.5モーラ
    、    4.880〜 4.880  幅0.000秒  ≒0.0モーラ
    耳    5.400〜 5.640  幅0.240秒  ≒1.0モーラ
    が    5.640〜 5.760  幅0.120秒  ≒0.5モーラ
    痛    5.760〜 5.900  幅0.140秒  ≒0.6モーラ
    み    5.900〜 6.020  幅0.120秒  ≒0.5モーラ
    出    6.020〜 6.080  幅0.060秒  ≒0.2モーラ
    し    6.080〜 6.200  幅0.120秒  ≒0.5モーラ
    た    6.200〜 6.240  幅0.040秒  ≒0.2モーラ
    。    6.240〜 6.240  幅0.000秒  ≒0.0モーラ

##### c623-1 「なな、ようかたつと」→「七、八日たつと」

=== c623-1（新規合成） ===
  送信: 灰を浴びてから七、八日たつと、首や顔、耳が痛みだした。
  聞取: 灰を浴びてから七歩近たつと、首や顔、耳が痛み出した。
  1モーラの目安: 0.135秒（この行の助詞 4個の平均）
    灰    0.120〜 0.280  幅0.160秒  ≒1.2モーラ
    を    0.300〜 0.420  幅0.120秒  ≒0.9モーラ
    浴    0.420〜 0.520  幅0.100秒  ≒0.7モーラ
    び    0.520〜 0.600  幅0.080秒  ≒0.6モーラ
    て    0.600〜 0.720  幅0.120秒  ≒0.9モーラ
    か    0.720〜 0.820  幅0.100秒  ≒0.7モーラ
    ら    0.820〜 1.040  幅0.220秒  ≒1.6モーラ
    七    1.040〜 1.200  幅0.160秒  ≒1.2モーラ
    歩    1.280〜 1.440  幅0.160秒  ≒1.2モーラ
    近    1.440〜 1.580  幅0.140秒  ≒1.0モーラ
    た    1.620〜 1.740  幅0.120秒  ≒0.9モーラ
    つ    1.740〜 1.820  幅0.080秒  ≒0.6モーラ
    と    1.820〜 2.000  幅0.180秒  ≒1.3モーラ
    、    2.000〜 2.000  幅0.000秒  ≒0.0モーラ
    首    2.900〜 3.100  幅0.200秒  ≒1.5モーラ
    や    3.100〜 3.200  幅0.100秒  ≒0.7モーラ
    顔    3.320〜 3.460  幅0.140秒  ≒1.0モーラ
    、    3.460〜 3.460  幅0.000秒  ≒0.0モーラ
    耳    4.200〜 4.440  幅0.240秒  ≒1.8モーラ
    が    4.480〜 4.620  幅0.140秒  ≒1.0モーラ
    痛    4.680〜 4.760  幅0.080秒  ≒0.6モーラ
    み    4.760〜 4.880  幅0.120秒  ≒0.9モーラ
    出    4.880〜 4.940  幅0.060秒  ≒0.4モーラ
    し    4.960〜 5.060  幅0.100秒  ≒0.7モーラ
    た    5.060〜 5.100  幅0.040秒  ≒0.3モーラ
    。    5.100〜 5.100  幅0.000秒  ≒0.0モーラ

##### c819-3 「ななおく にせんまんえん」→「ななおくにせんまんえん」

=== c819-3（新規合成） ===
  送信: 当時のお金でななおくにせんまんえん。そのろくわりあまりは、マグロの値下がりの損害に充てられた。
  聞取: 当時のお金でな、 4億2000万円。その6割余りはマグロの値下がりの損害に充てられた。
  1モーラの目安: 0.290秒（この行の助詞 4個の平均）
    当    0.180〜 0.300  幅0.120秒  ≒0.4モーラ
    時    0.300〜 0.400  幅0.100秒  ≒0.3モーラ
    の    0.400〜 0.460  幅0.060秒  ≒0.2モーラ
    お    0.460〜 0.620  幅0.160秒  ≒0.6モーラ
    金    0.620〜 0.740  幅0.120秒  ≒0.4モーラ
    で    0.740〜 0.940  幅0.200秒  ≒0.7モーラ
    な    0.940〜 1.020  幅0.080秒  ≒0.3モーラ
    、    1.020〜 1.020  幅0.000秒  ≒0.0モーラ
    4    1.720〜 1.860  幅0.140秒  ≒0.5モーラ
    億    1.860〜 2.140  幅0.280秒  ≒1.0モーラ
    2000  2.140〜 2.380  幅0.240秒  ≒0.8モーラ
    万    2.380〜 2.520  幅0.140秒  ≒0.5モーラ
    円    2.520〜 2.720  幅0.200秒  ≒0.7モーラ
    。    2.720〜 2.720  幅0.000秒  ≒0.0モーラ
    そ    3.820〜 3.940  幅0.120秒  ≒0.4モーラ
    の    3.940〜 4.200  幅0.260秒  ≒0.9モーラ
    6    4.200〜 4.320  幅0.120秒  ≒0.4モーラ
    割    4.380〜 4.400  幅0.020秒  ≒0.1モーラ
    余    4.600〜 4.760  幅0.160秒  ≒0.6モーラ
    り    4.780〜 4.940  幅0.160秒  ≒0.6モーラ
    は    4.940〜 5.720  幅0.780秒  ≒2.7モーラ
    マ    5.720〜 5.820  幅0.100秒  ≒0.3モーラ
    グ    5.820〜 5.920  幅0.100秒  ≒0.3モーラ
    ロ    5.920〜 6.160  幅0.240秒  ≒0.8モーラ
    の    6.160〜 6.220  幅0.060秒  ≒0.2モーラ
    値    6.280〜 6.360  幅0.080秒  ≒0.3モーラ
    下    6.360〜 6.480  幅0.120秒  ≒0.4モーラ
    が    6.480〜 6.560  幅0.080秒  ≒0.3モーラ
    り    6.560〜 6.780  幅0.220秒  ≒0.8モーラ
    の    6.780〜 6.960  幅0.180秒  ≒0.6モーラ
    損    6.960〜 7.060  幅0.100秒  ≒0.3モーラ
    害    7.100〜 7.220  幅0.120秒  ≒0.4モーラ
    に    7.220〜 7.320  幅0.100秒  ≒0.3モーラ
    充    7.320〜 7.440  幅0.120秒  ≒0.4モーラ
    て    7.440〜 7.540  幅0.100秒  ≒0.3モーラ
    ら    7.540〜 7.640  幅0.100秒  ≒0.3モーラ
    れ    7.640〜 7.760  幅0.120秒  ≒0.4モーラ
    た    7.760〜 7.800  幅0.040秒  ≒0.1モーラ
    。    7.800〜 7.800  幅0.000秒  ≒0.0モーラ

##### c819-3 「ななおく にせんまんえん」→「七億二千万円」

=== c819-3（新規合成） ===
  送信: 当時のお金で七億二千万円。そのろくわりあまりは、マグロの値下がりの損害に充てられた。
  聞取: 当時のお金で七億二千万円。その六割余りはマグロの値下がりの損害に充てられた。
  1モーラの目安: 0.370秒（この行の助詞 4個の平均）
    当    0.180〜 0.340  幅0.160秒  ≒0.4モーラ
    時    0.340〜 0.460  幅0.120秒  ≒0.3モーラ
    の    0.460〜 0.520  幅0.060秒  ≒0.2モーラ
    お    0.520〜 0.660  幅0.140秒  ≒0.4モーラ
    金    0.660〜 0.820  幅0.160秒  ≒0.4モーラ
    で    0.820〜 1.440  幅0.620秒  ≒1.7モーラ
    七    1.520〜 1.720  幅0.200秒  ≒0.5モーラ
    億    1.720〜 2.020  幅0.300秒  ≒0.8モーラ
    二    2.020〜 2.200  幅0.180秒  ≒0.5モーラ
    千    2.220〜 2.400  幅0.180秒  ≒0.5モーラ
    万    2.400〜 2.600  幅0.200秒  ≒0.5モーラ
    円    2.600〜 2.760  幅0.160秒  ≒0.4モーラ
    。    2.760〜 2.760  幅0.000秒  ≒0.0モーラ
    そ    3.740〜 3.860  幅0.120秒  ≒0.3モーラ
    の    3.860〜 4.000  幅0.140秒  ≒0.4モーラ
    六    4.140〜 4.260  幅0.120秒  ≒0.3モーラ
    割    4.260〜 4.360  幅0.100秒  ≒0.3モーラ
    余    4.360〜 4.420  幅0.060秒  ≒0.2モーラ
    り    4.420〜 4.900  幅0.480秒  ≒1.3モーラ
    は    4.900〜 5.580  幅0.680秒  ≒1.8モーラ
    マ    5.580〜 5.680  幅0.100秒  ≒0.3モーラ
    グ    5.680〜 5.780  幅0.100秒  ≒0.3モーラ
    ロ    5.780〜 5.960  幅0.180秒  ≒0.5モーラ
    の    5.960〜 6.100  幅0.140秒  ≒0.4モーラ
    値    6.100〜 6.240  幅0.140秒  ≒0.4モーラ
    下    6.240〜 6.340  幅0.100秒  ≒0.3モーラ
    が    6.340〜 6.400  幅0.060秒  ≒0.2モーラ
    り    6.400〜 6.640  幅0.240秒  ≒0.6モーラ
    の    6.640〜 6.740  幅0.100秒  ≒0.3モーラ
    損    6.800〜 6.920  幅0.120秒  ≒0.3モーラ
    害    6.920〜 7.040  幅0.120秒  ≒0.3モーラ
    に    7.040〜 7.160  幅0.120秒  ≒0.3モーラ
    充    7.200〜 7.320  幅0.120秒  ≒0.3モーラ
    て    7.320〜 7.400  幅0.080秒  ≒0.2モーラ
    ら    7.400〜 7.440  幅0.040秒  ≒0.1モーラ
    れ    7.500〜 7.640  幅0.140秒  ≒0.4モーラ
    た    7.640〜 7.660  幅0.020秒  ≒0.1モーラ
    。    7.660〜 7.660  幅0.000秒  ≒0.0モーラ

##### c708-1 「いっセンチ」→「いっせんち」
    ⚠️ 異音 c708-1 take1: 末尾に余計な音: 90ms の無音 → 130ms の音（3.39秒地点・振幅5816＝本文の1.1倍）
    ⚠️ 異音 c708-1 take2: 末尾に余計な音: 90ms の無音 → 160ms の音（3.60秒地点・振幅9396＝本文の1.4倍）
    ⚠️ 異音 c708-1 take3: 末尾に余計な音: 80ms の無音 → 120ms の音（3.47秒地点・振幅9585＝本文の1.9倍）

=== c708-1（新規合成） ===
  送信: 灰は、深いところでいっせんちほど積もった。
  聞取: 灰は深いところで一センチほど積もった。
  1モーラの目安: 0.325秒（この行の助詞 4個の平均）
    灰    0.140〜 0.280  幅0.140秒  ≒0.4モーラ
    は    0.400〜 1.020  幅0.620秒  ≒1.9モーラ
    深    1.020〜 1.160  幅0.140秒  ≒0.4モーラ
    い    1.180〜 1.320  幅0.140秒  ≒0.4モーラ
    と    1.320〜 1.420  幅0.100秒  ≒0.3モーラ
    こ    1.420〜 1.500  幅0.080秒  ≒0.2モーラ
    ろ    1.500〜 1.680  幅0.180秒  ≒0.6モーラ
    で    1.680〜 2.200  幅0.520秒  ≒1.6モーラ
    一    2.200〜 2.400  幅0.200秒  ≒0.6モーラ
    セ    2.400〜 2.420  幅0.020秒  ≒0.1モーラ
    ン    2.420〜 2.560  幅0.140秒  ≒0.4モーラ
    チ    2.560〜 2.680  幅0.120秒  ≒0.4モーラ
    ほ    2.680〜 2.800  幅0.120秒  ≒0.4モーラ
    ど    2.820〜 2.980  幅0.160秒  ≒0.5モーラ
    積    2.980〜 3.080  幅0.100秒  ≒0.3モーラ
    も    3.080〜 3.140  幅0.060秒  ≒0.2モーラ
    っ    3.140〜 3.260  幅0.120秒  ≒0.4モーラ
    た    3.260〜 3.280  幅0.020秒  ≒0.1モーラ
    。    3.280〜 3.280  幅0.000秒  ≒0.0モーラ

##### c708-1 「いっセンチ」→「一センチ」
    ⚠️ 異音 c708-1 take1: 末尾に余計な音: 100ms の無音 → 190ms の音（3.33秒地点・振幅6862＝本文の1.1倍）
    ⚠️ 異音 c708-1 take2: 末尾に余計な音: 80ms の無音 → 140ms の音（3.38秒地点・振幅7649＝本文の1.2倍）

=== c708-1（新規合成） ===
  送信: 灰は、深いところで一センチほど積もった。
  聞取: 灰は深いところで一センチほど積もった。
  1モーラの目安: 0.280秒（この行の助詞 4個の平均）
    灰    0.100〜 0.240  幅0.140秒  ≒0.5モーラ
    は    0.380〜 0.920  幅0.540秒  ≒1.9モーラ
    深    0.920〜 1.040  幅0.120秒  ≒0.4モーラ
    い    1.040〜 1.160  幅0.120秒  ≒0.4モーラ
    と    1.160〜 1.240  幅0.080秒  ≒0.3モーラ
    こ    1.240〜 1.320  幅0.080秒  ≒0.3モーラ
    ろ    1.320〜 1.500  幅0.180秒  ≒0.6モーラ
    で    1.500〜 1.940  幅0.440秒  ≒1.6モーラ
    一    1.940〜 2.120  幅0.180秒  ≒0.6モーラ
    セ    2.120〜 2.180  幅0.060秒  ≒0.2モーラ
    ン    2.180〜 2.280  幅0.100秒  ≒0.4モーラ
    チ    2.280〜 2.420  幅0.140秒  ≒0.5モーラ
    ほ    2.420〜 2.520  幅0.100秒  ≒0.4モーラ
    ど    2.520〜 2.700  幅0.180秒  ≒0.6モーラ
    積    2.700〜 2.800  幅0.100秒  ≒0.4モーラ
    も    2.800〜 2.860  幅0.060秒  ≒0.2モーラ
    っ    2.920〜 3.000  幅0.080秒  ≒0.3モーラ
    た    3.000〜 3.040  幅0.040秒  ≒0.1モーラ
    。    3.040〜 3.040  幅0.000秒  ≒0.0モーラ
##### c512-1 案: およそ さんじゅっぷんご、雲を撮る飛行機から、何かが落ちてくるのが見えた。

=== c512-1（新規合成） ===
  送信: およそ さんじゅっぷんご、雲を撮る飛行機から、何かが落ちてくるのが見えた。
  聞取: およそ三分後、雲を取る飛行機から何かが落ちてくるのが見えた。
  1モーラの目安: 0.150秒（この行の助詞 6個の平均）
    お    0.080〜 0.180  幅0.100秒  ≒0.7モーラ
    よ    0.180〜 0.340  幅0.160秒  ≒1.1モーラ
    そ    0.340〜 0.540  幅0.200秒  ≒1.3モーラ
    三    0.740〜 0.960  幅0.220秒  ≒1.5モーラ
    分    0.960〜 1.140  幅0.180秒  ≒1.2モーラ
    後    1.280〜 1.380  幅0.100秒  ≒0.7モーラ
    、    1.380〜 1.380  幅0.000秒  ≒0.0モーラ
    雲    2.440〜 2.580  幅0.140秒  ≒0.9モーラ
    を    2.580〜 2.780  幅0.200秒  ≒1.3モーラ
    取    2.780〜 2.880  幅0.100秒  ≒0.7モーラ
    る    2.880〜 3.000  幅0.120秒  ≒0.8モーラ
    飛    3.000〜 3.140  幅0.140秒  ≒0.9モーラ
    行    3.140〜 3.300  幅0.160秒  ≒1.1モーラ
    機    3.300〜 3.400  幅0.100秒  ≒0.7モーラ
    か    3.400〜 3.520  幅0.120秒  ≒0.8モーラ
    ら    3.520〜 3.600  幅0.080秒  ≒0.5モーラ
    何    4.560〜 4.760  幅0.200秒  ≒1.3モーラ
    か    4.760〜 4.920  幅0.160秒  ≒1.1モーラ
    が    4.920〜 5.040  幅0.120秒  ≒0.8モーラ
    落    5.040〜 5.160  幅0.120秒  ≒0.8モーラ
    ち    5.160〜 5.280  幅0.120秒  ≒0.8モーラ
    て    5.280〜 5.380  幅0.100秒  ≒0.7モーラ
    く    5.380〜 5.460  幅0.080秒  ≒0.5モーラ
    る    5.460〜 5.560  幅0.100秒  ≒0.7モーラ
    の    5.560〜 5.720  幅0.160秒  ≒1.1モーラ
    が    5.720〜 5.860  幅0.140秒  ≒0.9モーラ
    見    5.860〜 5.960  幅0.100秒  ≒0.7モーラ
    え    5.960〜 6.100  幅0.140秒  ≒0.9モーラ
    た    6.100〜 6.140  幅0.040秒  ≒0.3モーラ
    。    6.140〜 6.140  幅0.000秒  ≒0.0モーラ
##### c512-1 案: およそサンジュップンゴ、雲を撮る飛行機から、何かが落ちてくるのが見えた。

=== c512-1（新規合成） ===
  送信: およそサンジュップンゴ、雲を撮る飛行機から、何かが落ちてくるのが見えた。
  聞取: およそ三分後、雲を取る飛行機から何かが落ちてくるのが見えた。
  1モーラの目安: 0.137秒（この行の助詞 6個の平均）
    お    0.080〜 0.160  幅0.080秒  ≒0.6モーラ
    よ    0.160〜 0.320  幅0.160秒  ≒1.2モーラ
    そ    0.320〜 0.500  幅0.180秒  ≒1.3モーラ
    三    0.700〜 0.940  幅0.240秒  ≒1.8モーラ
    分    0.940〜 1.160  幅0.220秒  ≒1.6モーラ
    後    1.160〜 1.360  幅0.200秒  ≒1.5モーラ
    、    1.360〜 1.360  幅0.000秒  ≒0.0モーラ
    雲    2.060〜 2.200  幅0.140秒  ≒1.0モーラ
    を    2.200〜 2.380  幅0.180秒  ≒1.3モーラ
    取    2.380〜 2.480  幅0.100秒  ≒0.7モーラ
    る    2.480〜 2.640  幅0.160秒  ≒1.2モーラ
    飛    2.640〜 2.720  幅0.080秒  ≒0.6モーラ
    行    2.720〜 2.880  幅0.160秒  ≒1.2モーラ
    機    2.880〜 2.980  幅0.100秒  ≒0.7モーラ
    か    2.980〜 3.100  幅0.120秒  ≒0.9モーラ
    ら    3.100〜 4.000  幅0.900秒  ≒6.6モーラ
    何    4.000〜 4.180  幅0.180秒  ≒1.3モーラ
    か    4.180〜 4.340  幅0.160秒  ≒1.2モーラ
    が    4.380〜 4.440  幅0.060秒  ≒0.4モーラ
    落    4.440〜 4.540  幅0.100秒  ≒0.7モーラ
    ち    4.540〜 4.660  幅0.120秒  ≒0.9モーラ
    て    4.660〜 4.740  幅0.080秒  ≒0.6モーラ
    く    4.740〜 4.820  幅0.080秒  ≒0.6モーラ
    る    4.840〜 4.900  幅0.060秒  ≒0.4モーラ
    の    4.900〜 5.060  幅0.160秒  ≒1.2モーラ
    が    5.060〜 5.200  幅0.140秒  ≒1.0モーラ
    見    5.200〜 5.280  幅0.080秒  ≒0.6モーラ
    え    5.280〜 5.400  幅0.120秒  ≒0.9モーラ
    た    5.400〜 5.420  幅0.020秒  ≒0.1モーラ
    。    5.420〜 5.420  幅0.000秒  ≒0.0モーラ
##### c512-1 案: およそさんじゅうふんご、雲を撮る飛行機から、何かが落ちてくるのが見えた。

=== c512-1（新規合成） ===
  送信: およそさんじゅうふんご、雲を撮る飛行機から、何かが落ちてくるのが見えた。
  聞取: およそ30分後、雲を取る飛行機から何かが落ちてくるのが見えた。
  1モーラの目安: 0.147秒（この行の助詞 6個の平均）
    お    0.080〜 0.160  幅0.080秒  ≒0.5モーラ
    よ    0.160〜 0.320  幅0.160秒  ≒1.1モーラ
    そ    0.320〜 0.500  幅0.180秒  ≒1.2モーラ
    30   0.500〜 0.940  幅0.440秒  ≒3.0モーラ
    分    1.000〜 1.120  幅0.120秒  ≒0.8モーラ
    後    1.220〜 1.300  幅0.080秒  ≒0.5モーラ
    、    1.300〜 1.300  幅0.000秒  ≒0.0モーラ
    雲    2.120〜 2.240  幅0.120秒  ≒0.8モーラ
    を    2.240〜 2.420  幅0.180秒  ≒1.2モーラ
    取    2.420〜 2.520  幅0.100秒  ≒0.7モーラ
    る    2.540〜 2.680  幅0.140秒  ≒1.0モーラ
    飛    2.680〜 2.780  幅0.100秒  ≒0.7モーラ
    行    2.780〜 2.920  幅0.140秒  ≒1.0モーラ
    機    2.920〜 3.020  幅0.100秒  ≒0.7モーラ
    か    3.020〜 3.140  幅0.120秒  ≒0.8モーラ
    ら    3.140〜 3.980  幅0.840秒  ≒5.7モーラ
    何    3.980〜 4.180  幅0.200秒  ≒1.4モーラ
    か    4.180〜 4.340  幅0.160秒  ≒1.1モーラ
    が    4.340〜 4.460  幅0.120秒  ≒0.8モーラ
    落    4.460〜 4.560  幅0.100秒  ≒0.7モーラ
    ち    4.560〜 4.680  幅0.120秒  ≒0.8モーラ
    て    4.680〜 4.780  幅0.100秒  ≒0.7モーラ
    く    4.780〜 4.840  幅0.060秒  ≒0.4モーラ
    る    4.880〜 4.940  幅0.060秒  ≒0.4モーラ
    の    4.940〜 5.100  幅0.160秒  ≒1.1モーラ
    が    5.100〜 5.240  幅0.140秒  ≒1.0モーラ
    見    5.240〜 5.320  幅0.080秒  ≒0.5モーラ
    え    5.320〜 5.460  幅0.140秒  ≒1.0モーラ
    た    5.460〜 5.480  幅0.020秒  ≒0.1モーラ
    。    5.480〜 5.480  幅0.000秒  ≒0.0モーラ
