  pr04-3  82.8%  技術者は一人も賛成しなかった。
  c205-2 100.0%  1984年、別のシャトルディスカバリー号の初飛行に乗った。
  c206-1  93.8%  ドナルド・マクネイアは物理学の博士。
  c211-1  86.7%  両氏には控えの人も選ばれていた。
  c214-1 100.0%  彗星が太陽に近づくと、地上の望遠鏡では見えなくなる。
  c304-2  86.5%  その後まっすぐに戻ろうとして跳ね返る。
  c309-2  88.9%  真ん中の大きな燃料タンクの方を向いた面である。
  c315-2 100.0%  三十七秒から六十四秒にかけて風が急に変わる高さを通っている。
  c317-1  92.3%  そして五十八点七八。持病。右の補助ロケットのあの継ぎ目に小さな炎が見えた。
  c319-2  97.1%  六十四点六六〇秒。炎の色と形が急に変わる。
  c319-3  90.9%  打ち上げから七十三点一二四秒。タンクが壊れ始めた。
  c320-3 100.0%  噴き出した液体水素の反動でタンクの下半分が上へ突き上げられる。
  c321-1  96.3%  突き上げられた下半分はその上の継ぎ目の部分に食い込んだ。
  c322-1  93.1%  構造が壊れたのは、そのおよそ百分の一秒後、七十三点一三七秒である。
  c322-2  92.3%  機体からの最後の信号が届いたのは七十三点六一ワチ秒だった。
  c501-2 100.0%  輪切りの筒を運び、現地で積み上げて作る。
  c503-1  90.0%  現地で組むと筒と筒の間に継ぎ目ができる。
  c516-3  92.7%  温かいゴムの輪は冷たい輪より五倍はやく戻る。
  c518-3  98.2%  上下に三度ほどの幅がある。摂氏二点二度の気温より四度ほど低い。
  c519-2  91.4%  壊れたのは日陰になっていた側である。
  c619-2  93.3%  次に飛ばせるのはなんか月も先になるかもしれない。
  c620-1  87.8%  会議が始まってから二時間近くが経っていた。
  c711-1  93.3%  自分たちは長い間、NASA側に飛べる状態だと説明する側にいた
  c810-1  96.6%  1985年、別の飛行でノズルと呼ばれる噴射口の継ぎ目が焼けた。
  c813-3  89.4%  あの日、火を吹いた継目には最後までかからなかった。
  c814-2  94.4%  札のことは知らなかったと全員が述べる。
  c814-3 100.0%  ただし、会社が出した手紙には札を記した報告の番号が引かれていた。
  c903-2 100.0%  上下の両側に大きな穴が開いていた。
  c906-1  84.8%  本体の欠片にも左右の差が出ていた。
  c908-3  93.3%  妨害された後はどこにもなかった。
  c913-2 100.0%  大統領夫妻が七人の家族と会っている。
  ep03-2  87.0%  実際に飛ぶ時と同じ形で温度の幅も全部試すこと。

=== 一致率の低い順 32行（★耳で確かめる候補）===

pr04-3  一致率 82.8%
   台本: 技術者は、ひとりも賛成しなかった
   送信: ぎじゅつしゃは、ひとりも賛成しなかった   ← EL_YOMI で書き換えた文
   聞取: 技術者は一人も賛成しなかった。

c906-1  一致率 84.8%
   台本: 本体のかけらにも、左右の差が出ていた。
   送信: ほんたいのかけらにも、左右の差が出ていた。   ← EL_YOMI で書き換えた文
   聞取: 本体の欠片にも左右の差が出ていた。

c304-2  一致率 86.5%
   台本: そのあと、まっすぐに戻ろうとしてはね返る。
   送信: そのあと、まっすぐに戻ろうとしてはねかえる。   ← EL_YOMI で書き換えた文
   聞取: その後まっすぐに戻ろうとして跳ね返る。

c211-1  一致率 86.7%
   台本: 教師には、控えの人も選ばれていた。
   送信: 教師には、ひかえの人も選ばれていた。   ← EL_YOMI で書き換えた文
   聞取: 両氏には控えの人も選ばれていた。

ep03-2  一致率 87.0%
   台本: 実際に飛ぶときと同じ形で、温度の幅も全部ためすこと。
   送信: 実際に飛ぶときとおなじかたちで、温度の幅も全部ためすこと。   ← EL_YOMI で書き換えた文
   聞取: 実際に飛ぶ時と同じ形で温度の幅も全部試すこと。

c620-1  一致率 87.8%
   台本: 会議がはじまってから、2時間近くがたっていた。
   送信: 会議がはじまってから、にじかんちかくがたっていた。   ← EL_YOMI で書き換えた文
   聞取: 会議が始まってから二時間近くが経っていた。

c309-2  一致率 88.9%
   台本: まん中の大きな燃料タンクのほうを向いた面である。
   送信: まんなかの大きな燃料タンクのほうを向いた面である。   ← EL_YOMI で書き換えた文
   聞取: 真ん中の大きな燃料タンクの方を向いた面である。

c813-3  一致率 89.4%
   台本: あの日、火を噴いた継ぎ目には、最後まで掛からなかった。
   送信: あの日、ひをふいた継ぎ目には、最後まで掛からなかった。   ← EL_YOMI で書き換えた文
   聞取: あの日、火を吹いた継目には最後までかからなかった。

c503-1  一致率 90.0%
   台本: 現地で組むと、筒と筒のあいだに継ぎ目ができる。
   送信: げんちで組むと、筒と筒のあいだに継ぎ目ができる。   ← EL_YOMI で書き換えた文
   聞取: 現地で組むと筒と筒の間に継ぎ目ができる。

c319-3  一致率 90.9%
   台本: 打ち上げから73.124秒。タンクが壊れはじめた
   送信: 打ち上げからななじゅうさんてんいちによんびょう。タンクが壊れはじめた   ← EL_YOMI で書き換えた文
   聞取: 打ち上げから七十三点一二四秒。タンクが壊れ始めた。

c519-2  一致率 91.4%
   台本: 壊れたのは、日かげになっていた側である。
   送信: 壊れたのは、日かげになっていたがわである。   ← EL_YOMI で書き換えた文
   聞取: 壊れたのは日陰になっていた側である。

c317-1  一致率 92.3%
   台本: そして58.788秒。右の補助ロケットの、あの継ぎ目に小さな炎が見えた。
   送信: そしてごじゅうはちてんななはちはちびょう。右の補助ロケットの、あの継ぎ目に小さな炎が見えた。   ← EL_YOMI で書き換えた文
   聞取: そして五十八点七八。持病。右の補助ロケットのあの継ぎ目に小さな炎が見えた。

c322-2  一致率 92.3%
   台本: 機体からの最後の信号が届いたのは、73.618秒だった。
   送信: 機体からの最後の信号が届いたのは、ななじゅうさんてんろくいちはちびょうだった。   ← EL_YOMI で書き換えた文
   聞取: 機体からの最後の信号が届いたのは七十三点六一ワチ秒だった。

c516-3  一致率 92.7%
   台本: 温かいゴムの輪は、冷たい輪より5倍速く戻る
   送信: 温かいゴムの輪は、冷たい輪より5倍はやく戻る   ← EL_YOMI で書き換えた文
   聞取: 温かいゴムの輪は冷たい輪より五倍はやく戻る。

c322-1  一致率 93.1%
   台本: 構造が壊れたのは、そのおよそ100分の1秒後、73.137秒である。
   送信: 構造が壊れたのは、そのおよそ100分の1秒後、ななじゅうさんてんいちさんななびょうである。   ← EL_YOMI で書き換えた文
   聞取: 構造が壊れたのは、そのおよそ百分の一秒後、七十三点一三七秒である。

c619-2  一致率 93.3%
   台本: 次に飛ばせるのは、何か月も先になるかもしれない。
   送信: 次に飛ばせるのは、なんかげつも先になるかもしれない。   ← EL_YOMI で書き換えた文
   聞取: 次に飛ばせるのはなんか月も先になるかもしれない。

c711-1  一致率 93.3%
   台本: 自分たちは長いあいだ、NASA側に飛べる状態だと説明する側にいた。
   送信: 自分たちはながいあいだ、NASA側に飛べる状態だと説明する側にいた。   ← EL_YOMI で書き換えた文
   聞取: 自分たちは長い間、NASA側に飛べる状態だと説明する側にいた

c908-3  一致率 93.3%
   台本: 妨害された跡は、どこにもなかった
   送信: ぼうがいされた跡は、どこにもなかった   ← EL_YOMI で書き換えた文
   聞取: 妨害された後はどこにもなかった。

c206-1  一致率 93.8%
   台本: ロナルド・マクネイアは、物理学の博士。
   送信: ロナルド・マクネイアは、物理学のはくし。   ← EL_YOMI で書き換えた文
   聞取: ドナルド・マクネイアは物理学の博士。

c814-2  一致率 94.4%
   台本: 札のことは知らなかった、と全員が述べた。
   送信: ふだのことは知らなかった、と全員が述べた。   ← EL_YOMI で書き換えた文
   聞取: 札のことは知らなかったと全員が述べる。

c321-1  一致率 96.3%
   台本: 突き上げられた下半分は、その上の継ぎ目の部分に食いこんだ。
   送信: 突き上げられたしたはんぶんは、その上の継ぎ目の部分に食いこんだ。   ← EL_YOMI で書き換えた文
   聞取: 突き上げられた下半分はその上の継ぎ目の部分に食い込んだ。

c810-1  一致率 96.6%
   台本: 1985年、別の飛行で、ノズルとよばれる噴射口の継ぎ目が焼けた。
   送信: せんきゅうひゃくはちじゅうごねん、別の飛行で、ノズルとよばれる噴射口の継ぎ目が焼けた。   ← EL_YOMI で書き換えた文
   聞取: 1985年、別の飛行でノズルと呼ばれる噴射口の継ぎ目が焼けた。

c319-2  一致率 97.1%
   台本: 64.660秒、炎の色と形が急に変わる。
   送信: ろくじゅうよんてんろくろくぜろびょう、炎の色と形が急に変わる。   ← EL_YOMI で書き換えた文
   聞取: 六十四点六六〇秒。炎の色と形が急に変わる。

c518-3  一致率 98.2%
   台本: 上下に3度ほどの幅がある。摂氏2.2度の気温より、4度ほど低い。
   送信: じょうげに3度ほどの幅がある。摂氏2.2度の気温より、4度ほど低い。   ← EL_YOMI で書き換えた文
   聞取: 上下に三度ほどの幅がある。摂氏二点二度の気温より四度ほど低い。

c205-2  一致率 100.0%
   台本: 1984年、別のシャトル、ディスカバリー号の初飛行に乗った。
   送信: せんきゅうひゃくはちじゅうよねん、別のシャトル、ディスカバリー号の初飛行に乗った。   ← EL_YOMI で書き換えた文
   聞取: 1984年、別のシャトルディスカバリー号の初飛行に乗った。

c214-1  一致率 100.0%
   台本: 彗星が太陽に近づくと、地上の望遠鏡では見えなくなる。
   送信: すいせいが太陽に近づくと、地上の望遠鏡では見えなくなる。   ← EL_YOMI で書き換えた文
   聞取: 彗星が太陽に近づくと、地上の望遠鏡では見えなくなる。

c315-2  一致率 100.0%
   台本: 37秒から64秒にかけて、風が急に変わる高さを通っている。
   送信: さんじゅうななびょうから64秒にかけて、風が急に変わる高さを通っている。   ← EL_YOMI で書き換えた文
   聞取: 三十七秒から六十四秒にかけて風が急に変わる高さを通っている。

c320-3  一致率 100.0%
   台本: 噴き出した液体水素の反動で、タンクの下半分が上へ突き上げられる。
   送信: 噴き出した液体水素の反動で、タンクのしたはんぶんが上へ突き上げられる。   ← EL_YOMI で書き換えた文
   聞取: 噴き出した液体水素の反動でタンクの下半分が上へ突き上げられる。

c501-2  一致率 100.0%
   台本: 輪切りの筒を運び、現地で積み上げて作る。
   送信: わぎりの筒を運び、現地で積み上げて作る。   ← EL_YOMI で書き換えた文
   聞取: 輪切りの筒を運び、現地で積み上げて作る。

c814-3  一致率 100.0%
   台本: ただし会社が出した手紙には、札を記した報告の番号が引かれていた。
   送信: ただし会社が出した手紙には、ふだを記した報告の番号が引かれていた。   ← EL_YOMI で書き換えた文
   聞取: ただし、会社が出した手紙には札を記した報告の番号が引かれていた。

c903-2  一致率 100.0%
   台本: 上下の両側に、大きな穴が開いていた。
   送信: じょうげの両側に、大きな穴が開いていた。   ← EL_YOMI で書き換えた文
   聞取: 上下の両側に大きな穴が開いていた。

c913-2  一致率 100.0%
   台本: 大統領夫妻が、7人の家族と会っている。
   送信: 大統領夫妻が、ななにんの家族と会っている。   ← EL_YOMI で書き換えた文
   聞取: 大統領夫妻が七人の家族と会っている。

検査 32行 -> C:\Users\konar\Desktop\zukai-engine\audio\el_qa\ep11_el_yomi.tsv（記録 473行／台本 473行）
Scribe: 音声 144.2秒を文字起こし／クレジット 135,284 → 135,338（消費 54／上限 158,500） ⚠️ 反映が遅れることがある
