  c304-2  86.5%  その後まっすぐに戻ろうとしては寝返る。
  c501-2  83.3%  ワニ皮の筒を運び、現地で積み上げて作る。
  c504-1  82.9%  つぎ目では上の筒の下の端が出っ張りになる。
  c518-1 100.0%  では、その日の継ぎ目は何度だったのか。
  c814-2 100.0%  札のことは知らなかったと全員が述べた。

=== 一致率の低い順 5行（★耳で確かめる候補）===

c504-1  一致率 82.9%
   台本: 継ぎ目では、上の筒の下のはしが出っぱりになる。
   聞取: つぎ目では上の筒の下の端が出っ張りになる。

c501-2  一致率 83.3%
   台本: 輪切りの筒を運び、現地で積み上げて作る。
   聞取: ワニ皮の筒を運び、現地で積み上げて作る。

c304-2  一致率 86.5%
   台本: そのあと、まっすぐに戻ろうとしてはね返る。
   聞取: その後まっすぐに戻ろうとしては寝返る。

c518-1  一致率 100.0%
   台本: では、その日の継ぎ目は何度だったのか。
   聞取: では、その日の継ぎ目は何度だったのか。

c814-2  一致率 100.0%
   台本: 札のことは知らなかった、と全員が述べた。
   聞取: 札のことは知らなかったと全員が述べた。

検査 5行 -> C:\Users\konar\Desktop\zukai-engine\audio\el_qa\ep11_el_yomi.tsv（記録 473行／台本 473行）
Scribe: 音声 15.1秒を文字起こし／クレジット 134,564 → 134,564（消費 0／上限 158,500） ⚠️ 反映が遅れることがある
exit=0
