  pr07-2  95.2%  輪切りの筒をつないだ継ぎ目を塞いでいたのは二本のゴムの輪である。
  c103-2  89.4%  寒い日はこの水を全部抜くのが普段のやり方だった。
  c109-1  87.5%  地上の通信箱の一つは氷に覆われて使えなくなった。
  c116-2 100.0%  その副社長は委員会でこう証言している。
  c304-1 100.0%  主エンジンの力で機体は前へぐいとしなる。
  c304-2  86.5%  その後まっすぐに戻ろうとしては寝返る。
  c305-2  94.3%  この時継ぎ目にかかる力は飛行中のどの瞬間よりも大きい。
  c306-1 100.0%  機体が浮き上がったその直後のことである。
  c501-2  91.4%  間切の筒を運び、現地で積み上げて作る。
  c504-1  80.0%  二目では上の筒の下の端が出っ張りになる。
  c504-2  76.9%  下の筒の上の端はそれを挟む二股の形だ。
  c518-1  90.9%  では、その日の罪目は何度だったのか。
  c605-1 100.0%  根拠は一年前の 1985年1月の飛行だった。
  c607-3  97.4%  継ぎ目が摂氏十一七度より下では飛ばせない。
  c608-2  80.0%  これまでで一番低かった飛行の継ぎ目の温度です。
  c609-2  90.9%  次目は気温よりさらに冷えるから、千のはるか下だ。
  c702-1  84.6%  中断は結局三十分ほど続いた。
  c705-1  94.5%  一人は席を立ち、机の上に紙を広げて継ぎ目の絵を描き直した。
  c803-2  89.3%  次目の試験に実際に飛ぶ時と同じ形にする決まりがなかった。
  c811-1  87.0%  札がかかっている間は飛べるかを確かめる会議で。
  c812-1  95.5%  その札をかけたのは補助ロケットの責任者だった。
  c814-2  91.9%  サツのことは知らなかったと全員が述べた。
  c815-2 100.0%  壊れたら機体と乗員を失う区分である。控えの輪は控えにならない。
  c905-1  97.9%  継目から噴き出した炎は筒の外側にも当たっていた。
  c910-1  96.3%  海から引き揚げられた主エンジンからも記録が読み出された。
  ep12-2  94.7%  ゴムの輪は冷えて硬くなり、潰れきって押す空気も入らなかった。

=== 一致率の低い順 26行（★耳で確かめる候補）===

c504-2  一致率 76.9%
   台本: 下の筒の上のはしは、それをはさむ二またの形だ。
   聞取: 下の筒の上の端はそれを挟む二股の形だ。

c504-1  一致率 80.0%
   台本: 継ぎ目では、上の筒の下のはしが出っぱりになる。
   聞取: 二目では上の筒の下の端が出っ張りになる。

c608-2  一致率 80.0%
   台本: これまででいちばん低かった飛行の、継ぎ目の温度だ。
   聞取: これまでで一番低かった飛行の継ぎ目の温度です。

c702-1  一致率 84.6%
   台本: 中断は、結局30分ほどつづいた。
   聞取: 中断は結局三十分ほど続いた。

c304-2  一致率 86.5%
   台本: そのあと、まっすぐに戻ろうとしてはね返る。
   聞取: その後まっすぐに戻ろうとしては寝返る。

c811-1  一致率 87.0%
   台本: 札が掛かっているあいだは、飛べるかを確かめる会議で、
   送信: ふだが掛かっているあいだは、飛べるかを確かめる会議で、   ← EL_YOMI で書き換えた文
   聞取: 札がかかっている間は飛べるかを確かめる会議で。

c109-1  一致率 87.5%
   台本: 地上の通信箱のひとつは、氷におおわれて使えなくなった。
   聞取: 地上の通信箱の一つは氷に覆われて使えなくなった。

c803-2  一致率 89.3%
   台本: 継ぎ目の試験に、実際に飛ぶときと同じ形にする決まりがなかった。
   聞取: 次目の試験に実際に飛ぶ時と同じ形にする決まりがなかった。

c103-2  一致率 89.4%
   台本: 寒い日は、この水を全部抜くのがふだんのやり方だった。
   聞取: 寒い日はこの水を全部抜くのが普段のやり方だった。

c518-1  一致率 90.9%
   台本: では、その日の継ぎ目は何度だったのか。
   聞取: では、その日の罪目は何度だったのか。

c609-2  一致率 90.9%
   台本: 継ぎ目は気温よりさらに冷えるから、線のはるか下だ。
   送信: つぎめは気温よりさらに冷えるから、線のはるか下だ。   ← EL_YOMI で書き換えた文
   聞取: 次目は気温よりさらに冷えるから、千のはるか下だ。

c501-2  一致率 91.4%
   台本: 輪切りの筒を運び、現地で積み上げて作る。
   聞取: 間切の筒を運び、現地で積み上げて作る。

c814-2  一致率 91.9%
   台本: 札のことは知らなかった、と全員が述べた。
   聞取: サツのことは知らなかったと全員が述べた。

c305-2  一致率 94.3%
   台本: このとき継ぎ目にかかる力は、飛行中のどの瞬間よりも大きい。
   聞取: この時継ぎ目にかかる力は飛行中のどの瞬間よりも大きい。

c705-1  一致率 94.5%
   台本: 1人は席を立ち、机の上に紙を広げて継ぎ目の絵を描きなおした。
   聞取: 一人は席を立ち、机の上に紙を広げて継ぎ目の絵を描き直した。

ep12-2  一致率 94.7%
   台本: ゴムの輪は冷えて硬くなり、つぶれきって押す空気も入らなかった。
   聞取: ゴムの輪は冷えて硬くなり、潰れきって押す空気も入らなかった。

pr07-2  一致率 95.2%
   台本: 輪切りの筒をつないだ継ぎ目をふさいでいたのは、2本のゴムの輪である。
   聞取: 輪切りの筒をつないだ継ぎ目を塞いでいたのは二本のゴムの輪である。

c812-1  一致率 95.5%
   台本: その札を掛けたのは、補助ロケットの責任者だった。
   送信: そのふだを掛けたのは、補助ロケットの責任者だった。   ← EL_YOMI で書き換えた文
   聞取: その札をかけたのは補助ロケットの責任者だった。

c910-1  一致率 96.3%
   台本: 海から引き上げられた主エンジンからも、記録が読み出された。
   聞取: 海から引き揚げられた主エンジンからも記録が読み出された。

c607-3  一致率 97.4%
   台本: 継ぎ目が摂氏11.7度より下では飛ばせない
   聞取: 継ぎ目が摂氏十一七度より下では飛ばせない。

c905-1  一致率 97.9%
   台本: 継ぎ目から噴き出した炎は、筒の外側にも当たっていた。
   聞取: 継目から噴き出した炎は筒の外側にも当たっていた。

c116-2  一致率 100.0%
   台本: その副社長は、委員会でこう証言している。
   聞取: その副社長は委員会でこう証言している。

c304-1  一致率 100.0%
   台本: 主エンジンの力で、機体は前へぐいとしなる。
   聞取: 主エンジンの力で機体は前へぐいとしなる。

c306-1  一致率 100.0%
   台本: 機体が浮き上がった、その直後のことである。
   聞取: 機体が浮き上がったその直後のことである。

c605-1  一致率 100.0%
   台本: 根拠は、1年前の1985年1月の飛行だった。
   聞取: 根拠は一年前の 1985年1月の飛行だった。

c815-2  一致率 100.0%
   台本: 壊れたら機体と乗員を失う区分である。控えの輪は控えにならない。
   聞取: 壊れたら機体と乗員を失う区分である。控えの輪は控えにならない。

検査 26行 -> C:\Users\konar\Desktop\zukai-engine\audio\el_qa\ep11_el_yomi.tsv（記録 473行／台本 473行）
Scribe: 音声 99.2秒を文字起こし／クレジット 134,403 → 134,403（消費 0／上限 158,500） ⚠️ 反映が遅れることがある
exit=0
