c112-2   採用   take1: ✓  ビキニは日付変更線の西にあるので、アメリカ本土ではまだ二月二十八日だった。
c209-1   採用   take1: ✓  作戦では三月から五月までに六回の爆発が行われた。
c212-1   採用   take1: ✓  実験場は太平洋のマーシャル諸島にある
c215-2   要耳   take3: 必須の語なし:国防総省  国本総省の実験だけで二十九の計画が動いていた。
c218-1   採用   take1: ✓  三月一日に試される装置はロスアラモス科学研究所が作った。
c308-1   採用   take1: ✓  報告書はこの装置を兵器そのものではないとした上でこう書いています。
c313-2   採用   take1: ✓  実験の四ヶ月余り後、研究所の担当者は国の委員会でこう説明した。
c317-2   採用   take1: ✓  リチウム七の見込み違い説は誤りである。
c318-2   採用   take1: ✓  当時からの説明と二千二十四年の論文とが食い違ったままである。
c402-1   採用   take2: ✓  区域の東の外側には人の住む島々があった。
c404-2   要耳   take3: 頭欠け:班→ハ／必須の語なし:班は  ハンは高さごとの風を重ね合わせて、灰の落ちる先を予想した。
c405-2   採用   take2: ✓  灰の広がりを見積もる方法は、主にネバダの威力の小さい実験の記録をもとにしていた。
c412-3   採用   take1: ✓  雲の行方を見張る飛行機は爆発の二時間後に飛ぶ手はずになった。
c420-2   採用   take2: ✓  装置のそばに残ったのは起爆の準備をする班とその警備だけである。
c421-2   要耳   take3: 字の欠け:環礁  起爆の班の他は誰も艦長に残らない手順である。
c519-1   採用   take2: ✓  灰を運ぶ雲は東へ流れていた。
c602-1   要耳   take3: 数の余り:5  第五福竜丸。長さ三十メートルほどの木で作られた漁船である。
c607-1   要耳   take3: 同形異音語:西／必須の語なし:西南西  最南市の空に赤く明るい光が見えた。
c622-1   採用   take1: ✓  灰を浴びてから二、三日のうちに全員が軽い頭痛を感じ
c624-2   採用   take1: ✓  出港から五十一日後のことである。
c713-2   要耳   take3: 頭欠け:針→ア／必須の語なし:針は  アリは午後二時五十分から振り切れたままだという。
c722-1   採用   take2: ✓  浴びた放射線はロンゲラップの人々が一番多く、ウトリックのおよそ十二倍。
c805-2   採用   take1: ✓  第五、福竜丸が持ち帰ったマグロからも放射能が見つかっていた。
c806-2   採用   take1: ✓  船と魚を調べるためである。検査はその年の十二月の終わりまで続いた。
c815-2   採用   take1: ✓  実験場の辺りを中心にした半径八百三十三キロの扇形である。
c816-2   採用   take1: ✓  久保山さんは東京の病院で治療を受け続けた。
c903-2   採用   take1: ✓  ロンゲラップに上がる人たちは靴に覆いを巻いていた。
c907-1   採用   take1: ✓  ロンゲラップの人々のおよそ三人に二人が一日か二日のうちに吐き気を訴えた
c909-3   採用   take1: ✓  その後は増え始めたが、七十六日目でも普通の値には届かなかった。
c913-2   採用   take1: ✓  ロンゲラップの住民は 1957年に戻った。
c916-2   採用   take1: ✓  実験を支えたアメリカ兵の一部に、外国の漁師に、そしてマーシャル諸島の人々に。
c917-1   採用   take2: ✓  第五。福竜丸はその後名前を変えて水産大学の船になった。
c304-2   採用   take1: ✓  天然のリチウムはほとんどがリチウム7で、リチウム6はわずかだ。
c323-2   採用   take1: ✓  雲の高さと形は威力にあまり左右されないからだ。
c408-2   採用   take1: ✓  通りがかりの船がいないかを確かめるためである。
c414-1   採用   take2: ✓  中でも気になる風の向きを報告書はこう書いている。
c505-2   採用   take1: ✓  二十階建てのビルがほぼ沈んでしまう深さである。
c514-1   採用   take1: ✓  午前八時、南東の海で待っていた艦隊に灰が降り始めた。
c617-2   採用   take1: ✓  この船は捜索から漏れていたようだと。
c707-2   要耳   take3: 字の欠け:着者／必須の語なし:着  ほとんどのものが半袖半ズボンを長袖長ズボンに変えた。
c906-1   採用   take1: ✓  島の人々を見た医師団の報告書にはこう書かれている。
c915-3   要耳   take3: 数の余り:10  二千十三年の報告書が挙げるのは、予報が十分に見込まなかった高く登った雲の灰だ。
c210-1   要耳   take3: 数の余り:10000000  六回のうち三回はTNT火薬に直して一千万トンを超えた。
c210-2   要耳   take3: 必須の語なし:一回  その最初の1回が3月1日のブラボーである。
c312-1   要耳   take3: 頭欠け:None→1  一番ありそうな値と比べると二点五倍にあたる。
c421-3   要耳   take3: 字の欠け:心所爆環礁／必須の語なし:環礁  指令書は縛神から干潮の内側の海を挟んだ向こう岸にあった。
c720-3   要耳   take3: 字の欠け:環礁／必須の語なし:環礁  近くの艦長で漁をしていた十八人も後から駆逐艦に乗せられた。
c513-1   採用   take1: ✓  爆心から海を挟んだ起爆の指令所の周りでも、1時間で放射線が強まった。
c815-1   採用   take1: ✓  ブラボーの後、危険区域は大きく広げられた。
c816-1   採用   take1: ✓  船でただ一人無線の資格を持っていたのが無線長の久保山愛吉さんである。
c810-2   採用   take1: ✓  音が届くまでの時間が短いほど爆心に近かったことになる。
c713-1   採用   take2: ✓  夜八時頃、ロンゲリックから二通目の知らせが届いた。
c716-1   採用   take1: ✓  翌二日の昼前、放射線の係を乗せた水上飛行機がロンゲリックの上を低く飛んだ。

回した 53行 ／ 採用 40 ／ 要耳ほか 13 ／ ⑤aの消費 11,088（上限の線 13,300）
exit=0
