=== c303-1 --must 高い|与圧
  c303-1 take1: ✓  高い空では機内の空気の圧力を外より高く保っている。これを与圧という。
c303-1: 1テイク → 採用（文字起こしが台本と合う）

1行 → 要耳 0 -> C:\Users\konar\Desktop\zukai-engine-ep13a5\audio\el_qa\ep13_retake_gate.tsv
⚠️ 差し替えた行のカットは `python tools/el_build.py --dry --cuts <cid>` で wav と json に反映すること
rc=0
=== c821-1 --must 要因|こと
  c821-1 take1: ✓  要因は重なっていた。SB五十二の三十七が一部しか行われていなかったこと。
c821-1: 1テイク → 採用（文字起こしが台本と合う）

1行 → 要耳 0 -> C:\Users\konar\Desktop\zukai-engine-ep13a5\audio\el_qa\ep13_retake_gate.tsv
⚠️ 差し替えた行のカットは `python tools/el_build.py --dry --cuts <cid>` で wav と json に反映すること
rc=0
=== c602-2 --must 扱い|命令
  c602-2 take1: ✓  扱いは推奨。つまり勧めるだけで命令ではない。
c602-2: 1テイク → 採用（文字起こしが台本と合う）

1行 → 要耳 0 -> C:\Users\konar\Desktop\zukai-engine-ep13a5\audio\el_qa\ep13_retake_gate.tsv
⚠️ 差し替えた行のカットは `python tools/el_build.py --dry --cuts <cid>` で wav と json に反映すること
rc=0
=== c510-1 --must 元長官|分かった
  c510-1 take1: 字の欠け:分長／必須の語なし:元長官／必須の語なし:分かった  元上官は後の公聴会でこう説明している。簡単な部品で直せるとわかった。
  c510-1 take2: 必須の語なし:分かった  元長官は後の公聴会でこう説明している。簡単な部品で直せるとわかった。
  c510-1 take3: 字の欠け:分長／必須の語なし:元長官／必須の語なし:分かった  元上官は後の公聴会でこう説明している。簡単な部品で直せるとわかった。
  🔴 c510-1: 採用したテイクの聞取は 1/3 の**少数派**。2/3 は別の聞取だった。
     採用 : 元長官は後の公聴会でこう説明している。簡単な部品で直せるとわかった。
     多数 : 元上官は後の公聴会でこう説明している。簡単な部品で直せるとわかった。
     → 所見の数で選ぶと誤読が勝つ型。`--ignore` を渡して数え直すか、耳で決めること。
c510-1: 3テイク → 要耳（全テイク落ち・所見最少を採用）

1行 → 要耳 1 -> C:\Users\konar\Desktop\zukai-engine-ep13a5\audio\el_qa\ep13_retake_gate.tsv
⚠️ 差し替えた行のカットは `python tools/el_build.py --dry --cuts <cid>` で wav と json に反映すること
rc=1
=== c713-1 --must 機首|いった
    ⚠️ 異音 c713-1 take1: 末尾に余計な音: 140ms の無音 → 180ms の音（3.00秒地点・振幅8057＝本文の1.4倍）
    ⚠️ 異音 c713-1 take2: 末尾に余計な音: 160ms の無音 → 160ms の音（2.98秒地点・振幅6942＝本文の1.3倍）; 途中に浮いた音: 130ms（2.69秒地点・振幅6337＝本文の1.2倍／前80ms・後160ms の無音）
    ⚠️ 異音 c713-1 take3: 末尾に余計な音: 150ms の無音 → 210ms の音（2.99秒地点・振幅8990＝本文の1.4倍）; 途中に浮いた音: 130ms（2.71秒地点・振幅6485＝本文の1.0倍／前100ms・後150ms の無音）
  c713-1 take1: ✓  機首は下がり、速さはみるみる上がっていった。
c713-1: 1テイク → 採用（文字起こしが台本と合う）

1行 → 要耳 0 -> C:\Users\konar\Desktop\zukai-engine-ep13a5\audio\el_qa\ep13_retake_gate.tsv
⚠️ 差し替えた行のカットは `python tools/el_build.py --dry --cuts <cid>` で wav と json に反映すること
rc=0
=== c906-2 --must 畳|大きい
  c906-2 take1: 頭欠け:畳→た／必須の語なし:畳  ただ一枚より少し大きい。
  c906-2 take2: 頭欠け:畳→た／必須の語なし:畳  たった一枚より少し大きい
  c906-2 take3: 頭欠け:畳→た／必須の語なし:畳  たった一枚より少し大きい。
c906-2: 3テイク → 要耳（全テイク落ち・所見最少を採用）

1行 → 要耳 1 -> C:\Users\konar\Desktop\zukai-engine-ep13a5\audio\el_qa\ep13_retake_gate.tsv
⚠️ 差し替えた行のカットは `python tools/el_build.py --dry --cuts <cid>` で wav と json に反映すること
rc=1
c303:   9.05s  (2行)
c510:  15.04s  (3行)
c602:  10.24s  (2行)
c713:   6.94s  (2行)
c821:  15.84s  (3行)
c906:   7.99s  (2行)

合成 6 カット／持ち越し 187 カット／未作成 0／記録 193／台本 193
作ったぶん: 193カット 11780字 → 発話＋行間 1774.7秒（6.64字/秒・行間込み。AivisSpeech は 5.52）
本編の見込み 32.8分（全 11780字をこの速さで＋LEAD/TAIL 0.85×193＋quote 2.0×16。許容 27〜40分）
最長の1行 = 5.77秒「要因は重なっていた。SB 52-37が、一部しか行われていなかったこと。」
dry=0
