  c203-2 take1: ✓  人が普通に歩くタイル張りの面の方である。
c203-2: 1テイク → 採用（文字起こしが台本と合う）
  c214-1 take1: ✓  隙間だった。しかもその幅まで書き込まれている。
c214-1: 1テイク → 採用（文字起こしが台本と合う）
  c210-2 take1: ✓  引き取りの図に描き込まれるくらい水は話に出ていた。
c210-2: 1テイク → 採用（文字起こしが台本と合う）
  c116-2 take1: ✓  記号のまま呼ぶのは、この柱が後でもう一度出てくるからである。
c116-2: 1テイク → 採用（文字起こしが台本と合う）
  c317-1 take1: 同形異音語:柱  起きた星らの数は二本。
  c317-1 take2: ✓  起きた柱の数は二本。
c317-1: 2テイク → 採用（文字起こしが台本と合う）
  c328-1 take1: 同形異音語:柱  発車の周りにヒビが入り始める。
  c328-1 take2: 同形異音語:柱  覇者の周りにヒビが入り始める。
  c328-1 take3: ✓  柱の周りにヒビが入り始める。
c328-1: 3テイク → 採用（文字起こしが台本と合う）
  c327-2 take1: 頭欠け:崩→プ  プーズ落の時にかかっていたと考えられる条件で押していく
  c327-2 take2: 字の欠け:崩落  風邪楽の時にかかっていたと考えられる条件で押していく
  c327-2 take3: 頭欠け:崩→ウ／字の欠け:崩落  ウーズ楽の時にかかっていたと考えられる条件で押していく。
  c327-2 take4: 字の欠け:崩落  渦巻の時にかかっていたと考えられる条件で押していく。
c327-2: 4テイク → 要耳（全テイク落ち・所見最少を採用）
  c333-2 take1: ✓  板が柱から離れていく。
c333-2: 1テイク → 採用（文字起こしが台本と合う）
  c431-1 take1: 頭欠け:瓦→バ／字の欠け:瓦礫  バラキは一つずつ番号を振られ、記録され、倉庫へ運ばれた。
  c431-1 take2: 頭欠け:瓦→わ／字の欠け:瓦礫  わらきは一つずつ番号を振られ、記録され、倉庫へ運ばれた。
  c431-1 take3: 字の欠け:瓦礫  荒木は一つずつ番号を振られ、記録され、倉庫へ運ばれた。
  c431-1 take4: 頭欠け:瓦→わ／字の欠け:瓦礫  わらきは一つずつ番号を振られ、記録され、倉庫へ運ばれた。
c431-1: 4テイク → 要耳（全テイク落ち・所見最少を採用）
  c406-2 take1: ✓  赤が重い不足、黄が中くらいの不足
c406-2: 1テイク → 採用（文字起こしが台本と合う）
  c504-1 take1: ✓  北側というのは建物本体に接している側である。
c504-1: 1テイク → 採用（文字起こしが台本と合う）
  c516-1 take1: 頭欠け:崩→フ／字の欠け:崩落  フーズラクの25年前は1996年頃にあたる。
  c516-1 take2: 字の欠け:崩落  風俗の二十五年前は千九百九十六年頃にあたる
  c516-1 take3: 頭欠け:崩→プ／字の欠け:崩落  プーズラクの二十五年前は千九百九十六年頃にあたる
  c516-1 take4: ✓  風俗落の二十五年前は1996年頃にあたる。
c516-1: 4テイク → 採用（文字起こしが台本と合う）
  c526-1 take1: 同形異音語:錆／頭欠け:錆→サ  サピに対しては二インチの被りは有利に働いていた。
  c526-1 take2: 同形異音語:錆／頭欠け:錆→サ  サビに対しては二インチのかぶりは有利に働いていた。
  c526-1 take3: 同形異音語:錆／頭欠け:錆→サ／数:2  サピに対しては認知の被りは有利に働いていた。
  c526-1 take4: 同形異音語:錆／頭欠け:錆→サ  サビに対しては2インチのかぶりは有利に働いていた。
c526-1: 4テイク → 要耳（全テイク落ち・所見最少を採用）
    ⚠️ 異音 c625-2 take1: 途中に浮いた音: 190ms（2.70秒地点・振幅19321＝本文の2.2倍／前90ms・後90ms の無音）
    ⚠️ 異音 c625-2 take2: 途中に浮いた音: 160ms（2.52秒地点・振幅17280＝本文の2.3倍／前110ms・後110ms の無音）
    ⚠️ 異音 c625-2 take3: 途中に浮いた音: 170ms（2.68秒地点・振幅24218＝本文の1.9倍／前120ms・後110ms の無音）
  c625-2 take1: ✓  破壊が塔の中をどう広がっていったかである。
c625-2: 1テイク → 採用（文字起こしが台本と合う）
  c626-2 take1: 字の欠け:壊破  赤いはまず中央部を通り、その後で東側へ進んでいる。
  c626-2 take2: ✓  破壊はまず中央部を通り、その後で東側へ進んでいる。
c626-2: 2テイク → 採用（文字起こしが台本と合う）
  c722-2 take1: ✓  大きく寄与してはいない。
c722-2: 1テイク → 採用（文字起こしが台本と合う）
  c725-2 take1: 字の欠け:効没陥  消耗も場所ごとに沈み方が違うことも大きくは聞いていない。
  c725-2 take2: 字の欠け:効没陥  消耗も場所ごとに沈み方が違うことも大きくは聞いていない。
  c725-2 take3: 字の欠け:効没陥  宝物も場所ごとに沈み方が違うことも大きくは聞いていない。
  c725-2 take4: 字の欠け:効没陥  宝物も場所ごとに沈み方が違うことも大きくは聞いていない。
c725-2: 4テイク → 要耳（全テイク落ち・所見最少を採用）
  ep14-2 take1: ✓  だから直せば済むものに見えた。門は実際に直されている。
ep14-2: 1テイク → 採用（文字起こしが台本と合う）
  ep07-2 take1: ✓  壊れるまでの余裕が乏しかった原因の大半はこの二つにある。
ep07-2: 1テイク → 採用（文字起こしが台本と合う）

19行 → 要耳 4 -> C:\Users\konar\Desktop\zukai-engine\audio\el_qa\surfside_retake_gate.tsv
⚠️ 差し替えた行のカットは `python tools/el_build.py --dry --cuts <cid>` で wav と json に反映すること
EXIT 1
