  c305-2 take1: ✓  この時、継ぎ目にかかる力は飛行中のどの瞬間よりも大きい。
c305-2: 1テイク → 採用（文字起こしが台本と合う）
  c504-1 take1: 同形異音語:下  継目では上の筒の桁が出っ張りになる。
  c504-1 take2: 同形異音語:下  継目では上の筒の桁が出っ張りになる。
  c504-1 take3: 同形異音語:下  継ぎ目では上の筒の桁が出っ張りになる。
  c504-1 take4: 同形異音語:下／頭欠け:None→2／字の欠け:端継  二目では上の筒の桁が出っ張りになる。
  c504-1 take5: 同形異音語:下／頭欠け:継→つ／字の欠け:端継  つぎ目では上の筒の桁が出っ張りになる。
c504-1: 5テイク → 要耳（全テイク落ち・所見最少を採用）
  c518-1 take1: ✓  では、その日の罪目は何度だったのか。
c518-1: 1テイク → 採用（文字起こしが台本と合う）
  c607-3 take1: 意味の語:ない／数:11.7／数の余り:17  次目が摂氏十一七度より下では飛ばせる。
  c607-3 take2: 頭欠け:継→つ／数:11.7／数の余り:17  つり目が摂氏十一七度より下では飛ばせない。
  c607-3 take3: ✓  継ぎ目が摂氏十一点七度より下では飛ばせない。
c607-3: 3テイク → 採用（文字起こしが台本と合う）
  c608-2 take1: ✓  これまでで一番低かった飛行の継ぎ目の温度です。
c608-2: 1テイク → 採用（文字起こしが台本と合う）
  c609-2 take1: 字の欠け:継線  月目は気温よりさらに冷えるから千のはるか下だ。
  c609-2 take2: 字の欠け:継線  次目は気温よりさらに冷えるから、千のはるか下だ。
  c609-2 take3: 頭欠け:None→2／字の欠け:継線  二目は気温よりさらに冷えるから千の遥か下だ。
  c609-2 take4: 頭欠け:None→2／字の欠け:継線  二つ目は気温よりさらに冷えるから、千のはるか下だ。
  c609-2 take5: 頭欠け:None→2／字の欠け:継線  2目目は気温よりさらに冷えるから1000のはるか下だ。
c609-2: 5テイク → 要耳（全テイク落ち・所見最少を採用）
  c705-1 take1: ✓  一人は席を立ち、机の上に紙を広げて継ぎ目の絵を描き直した。
c705-1: 1テイク → 採用（文字起こしが台本と合う）
  c803-2 take1: ✓  次目の試験に実際に飛ぶ時と同じ形にする決まりがなかった。
c803-2: 1テイク → 採用（文字起こしが台本と合う）
  c905-1 take1: 同形異音語:目  炭火から噴き出した炎は筒の外側にも当たっていた。
  c905-1 take2: ✓  継目から噴き出した炎は筒の外側にも当たっていた。
c905-1: 2テイク → 採用（文字起こしが台本と合う）
  c306-1 take1: ✓  機体が浮き上がったその直後のことである。
c306-1: 1テイク → 採用（文字起こしが台本と合う）
  c815-2 take1: 字の欠け:乗体員壊機  焦がれたら期待と上院を失う区分である。控えの輪は控えにならない。
  c815-2 take2: ✓  壊れたら機体と乗員を失う区分である。控えの輪は控えにならない。
c815-2: 2テイク → 採用（文字起こしが台本と合う）
  c304-1 take1: ✓  主エンジンの力で機体は前へぐいとしなる。
c304-1: 1テイク → 採用（文字起こしが台本と合う）
  c910-1 take1: ✓  海から引き上げられた主エンジンからも記録が読み出された。
c910-1: 1テイク → 採用（文字起こしが台本と合う）
  pr07-2 take1: ✓  輪切りの筒をつないだ継ぎ目を塞いでいたのは二本のゴムの輪である。
pr07-2: 1テイク → 採用（文字起こしが台本と合う）
  c501-2 take1: ✓  間切の筒を運び、現地で積み上げて作る。
c501-2: 1テイク → 採用（文字起こしが台本と合う）
  c811-1 take1: 字の欠け:掛札議  傘がかかっている間は飛べるかを確かめる会に。
  c811-1 take2: 頭欠け:None→3／字の欠け:会掛札議  3がかかっている間は飛べるかを確かめる回にです。
  c811-1 take3: 字の欠け:掛札  差がかかっている間は飛べるかを確かめる会議で。
  c811-1 take4: 字の欠け:会掛札議  差がかかっている間は飛べるかを確かめる回にだ。
  c811-1 take5: 字の欠け:会掛札議  差がかかっている間は飛べるかを確かめる回にです。
c811-1: 5テイク → 要耳（全テイク落ち・所見最少を採用）
    ⚠️ 異音 c812-1 take1: 末尾に余計な音: 90ms の無音 → 100ms の音（3.26秒地点・振幅18720＝本文の2.1倍）
    ⚠️ 異音 c812-1 take2: 末尾に余計な音: 90ms の無音 → 170ms の音（3.35秒地点・振幅8727＝本文の1.1倍）
  c812-1 take1: 字の欠け:掛札  その里をかけたのは補助ロケットの責任者だった。
  c812-1 take2: 字の欠け:掛札  そのファダをかけたのは補助ロケットの責任者だった。
    ⚠️ 異音 c812-1 take1: 末尾に余計な音: 100ms の無音 → 140ms の音（3.38秒地点・振幅12169＝本文の1.3倍）
  c812-1 take3: 字の欠け:掛札  そのさてをかけたのは補助ロケットの責任者だった。
  c812-1 take4: 字の欠け:掛札  その里を賭けたのは補助ロケットの責任者だった。
    ⚠️ 異音 c812-1 take1: 末尾に余計な音: 80ms の無音 → 160ms の音（3.36秒地点・振幅9530＝本文の0.9倍）
  c812-1 take5: 字の欠け:掛札  その里をかけたのは補助ロケットの責任者だった。
c812-1: 5テイク → 要耳（全テイク落ち・所見最少を採用）
    ⚠️ 異音 c814-2 take1: 途中に浮いた音: 210ms（1.36秒地点・振幅10045＝本文の0.9倍／前80ms・後450ms の無音）; 途中に浮いた音: 210ms（2.02秒地点・振幅13870＝本文の1.3倍／前450ms・後170ms の無音）
    ⚠️ 異音 c814-2 take2: 途中に浮いた音: 220ms（1.44秒地点・振幅11477＝本文の1.0倍／前80ms・後400ms の無音）
    ⚠️ 異音 c814-2 take3: 途中に浮いた音: 210ms（2.05秒地点・振幅15378＝本文の1.3倍／前490ms・後180ms の無音）
  c814-2 take1: ✓  「自殺のことは知らなかった」と全員が述べた。
c814-2: 1テイク → 採用（文字起こしが台本と合う）

18行 → 要耳 4 -> C:\Users\konar\Desktop\zukai-engine\audio\el_qa\ep11_retake_gate.tsv
⚠️ 差し替えた行のカットは `python tools/el_build.py --dry --cuts <cid>` で wav と json に反映すること
exit=1
