  c114-3 take1: ✓  三つ、大きな補助ロケットが空気を吸い込み、氷を巻き込む。
c114-3: 1テイク → 採用（文字起こしが台本と合う）
  c208-1 take1: ✓  七人目がクリスタ・マコーリフである。
c208-1: 1テイク → 採用（文字起こしが台本と合う）
  c304-3 take1: ✓  現場ではこの動きを弾くという言葉で呼んでいた。
c304-3: 1テイク → 採用（文字起こしが台本と合う）
  c306-2 take1: ✓  右の補助ロケットの下の継ぎ目の辺りから灰色の煙が出た。
c306-2: 1テイク → 採用（文字起こしが台本と合う）
    ⚠️ 異音 c408-3 take1: 末尾に余計な音: 80ms の無音 → 160ms の音（3.71秒地点・振幅4752＝本文の1.3倍）
    ⚠️ 異音 c408-3 take2: 末尾に余計な音: 90ms の無音 → 160ms の音（3.76秒地点・振幅7217＝本文の1.4倍）
    ⚠️ 異音 c408-3 take3: 末尾に余計な音: 110ms の無音 → 110ms の音（3.87秒地点・振幅5112＝本文の1.2倍）
  c408-3 take1: ✓  本体は空気の力でバラバラになった。
c408-3: 1テイク → 採用（文字起こしが台本と合う）
  c514-3 take1: ✓  塞ぐのはそれより前でなければならない。
c514-3: 1テイク → 採用（文字起こしが台本と合う）
  c515-3 take1: ✓  冷えたゴムは硬くなり、戻りも遅い。
c515-3: 1テイク → 採用（文字起こしが台本と合う）
  c620-2 take1: ✓  三つの場所をつないだまま押し問答が続いていた。
c620-2: 1テイク → 採用（文字起こしが台本と合う）
  c804-3 take1: ✓  飛ぶ時と同じ条件で確かめたことにはならない。
c804-3: 1テイク → 採用（文字起こしが台本と合う）
  c811-2 take1: ✓  毎回この問題を取り上げ、片付くまで説明しなければならない。
c811-2: 1テイク → 採用（文字起こしが台本と合う）

10行 → 要耳 0 -> C:\Users\konar\Desktop\zukai-engine\audio\el_qa\ep11_retake_gate.tsv
⚠️ 差し替えた行のカットは `python tools/el_build.py --dry --cuts <cid>` で wav と json に反映すること
