  c116-2 take1: ✓  その副社長は委員会でこう証言している。
c116-2: 1テイク → 採用（文字起こしが台本と合う）
  c103-2 take1: ✓  寒い日はこの水を全部抜くのが普段のやり方だった。
c103-2: 1テイク → 採用（文字起こしが台本と合う）
  c109-1 take1: ✓  地上の通信箱の一つは氷に覆われて使えなくなった。
c109-1: 1テイク → 採用（文字起こしが台本と合う）
  c605-1 take1: 同形異音語:前／頭欠け:根→[／字の欠け:年拠月根行飛／数:1,1985,1  [outro jingle]
    ⚠️ 異音 c605-1 take1: 末尾に余計な音: 90ms の無音 → 160ms の音（5.02秒地点・振幅9047＝本文の1.0倍）
  c605-1 take2: ✓  根拠は一年前の1985年1月の飛行だった。
c605-1: 2テイク → 採用（文字起こしが台本と合う）
    ⚠️ 異音 ep12-2 take1: 途中に浮いた音: 240ms（2.79秒地点・振幅25550＝本文の3.1倍／前120ms・後110ms の無音）
    ⚠️ 異音 ep12-2 take2: 末尾に余計な音: 90ms の無音 → 120ms の音（4.44秒地点・振幅7939＝本文の0.9倍）
    ⚠️ 異音 ep12-2 take3: 途中に浮いた音: 250ms（2.71秒地点・振幅27711＝本文の3.1倍／前120ms・後110ms の無音）
  ep12-2 take1: ✓  ゴムの輪は冷えて硬くなり、潰れきって押す空気も入らなかった。
ep12-2: 1テイク → 採用（文字起こしが台本と合う）
  c304-2 take1: ✓  その後まっすぐに戻ろうとしては寝返る。
c304-2: 1テイク → 採用（文字起こしが台本と合う）
  c702-1 take1: ✓  中断は結局三十分ほど続いた。
c702-1: 1テイク → 採用（文字起こしが台本と合う）

7行 → 要耳 0 -> C:\Users\konar\Desktop\zukai-engine\audio\el_qa\ep11_retake_gate.tsv
⚠️ 差し替えた行のカットは `python tools/el_build.py --dry --cuts <cid>` で wav と json に反映すること
exit=0
