  c101-1 take1: ✓  この炉には事故の前からわかっていないことが一つあった。
c101-1: 1テイク → 採用（文字起こしが台本と合う）
  c101-2 take1: 字の欠け:定式置  名前はSL1。低知識低出力の原子炉一号機という意味である。
  c101-2 take2: 字の欠け:定式置  名前はSL1。低知識低出力の原子炉一号機という意味である。
  c101-2 take3: 字の欠け:定式置  名前はSL1。低知識低出力の原子炉一号機という意味である。
  c101-2 take4: 字の欠け:定式置  名前はSL1。低知識低出力の原子炉一号機という意味である。
c101-2: 4テイク → 要耳（全テイク落ち・所見最少を採用）
  c104-2 take1: ✓  後に軍の呼び名に合わせ、3L1と改められた。
c104-2: 1テイク → 採用（文字起こしが台本と合う）
  c108-1 take1: 同形異音語:板  円筒の後半を組み上げ、その中に炉を入れる。
  c108-1 take2: 同形異音語:板  円筒の後半を組み上げ、その中に炉を入れる。
  c108-1 take3: 同形異音語:板  円筒の後半を組み上げ、その中に炉を入れる。
  c108-1 take4: 同形異音語:板／字の欠け:円筒鋼  店頭の後半を組み上げ、その中に炉を入れる。
c108-1: 4テイク → 要耳（全テイク落ち・所見最少を採用）
  c111-2 take1: ✓  ウラン235は全部で14kg
c111-2: 1テイク → 採用（文字起こしが台本と合う）
  c117-2 take1: 頭欠け:電→ベ  ベンジクラッチの電流を切ると棒は自分の重さで落ちる。
  c117-2 take2: 頭欠け:電→ベ  ベンジクラッチの電流を切ると、棒は自分の重さで落ちる。
  c117-2 take3: ✓  電磁クラッチの電流を切ると、棒は自分の重さで落ちる。
c117-2: 3テイク → 採用（文字起こしが台本と合う）
  c207-1 take1: 頭欠け:炉→ロ  ロは年末年始を挟んで止まっていた。
  c207-1 take2: ✓  炉は年末年始を挟んで止まっていた。
c207-1: 2テイク → 採用（文字起こしが台本と合う）
  c208-2 take1: 字の欠け:弁復  伏水ポンプの改造、ベント配管の工事が行われている。
  c208-2 take2: 字の欠け:弁復  伏水ポンプの改造、ベント配管の工事が行われている。
  c208-2 take3: 字の欠け:弁復  伏水ポンプの改造、ベント配管の工事が行われている。
  c208-2 take4: 字の欠け:弁復  伏水ポンプの改造、ベント配管の工事が行われている。
c208-2: 4テイク → 要耳（全テイク落ち・所見最少を採用）
  c216-2 take1: 字の欠け:動始  五、シード確認表を通す。六、冷えた状態で棒を落としてみる。
  c216-2 take2: 同形異音語:表／頭欠け:5→None／字の欠け:動始／数:5  シードをシード確認票を通す。六、冷えた状態で棒を落としてみる。
  c216-2 take3: 同形異音語:表／頭欠け:5→1／字の欠け:動始／数:5  一度確認票を通す。六、冷えた状態で棒を落としてみる。
  c216-2 take4: 字の欠け:動始  五、シード確認表を通す。六、冷えた状態で棒を落としてみる。
c216-2: 4テイク → 要耳（全テイク落ち・所見最少を採用）
  c218-1 take1: 字の欠け:動起  順番に見ていくと、この夜は「帰道の前の日」にあたる。
  c218-1 take2: 字の欠け:動起  順番に見ていくと、この夜は「帰道の前の日」にあたる。
  c218-1 take3: ✓  順番に見ていくと、この夜は「起動の前の日」にあたる。
c218-1: 3テイク → 採用（文字起こしが台本と合う）
    ⚠️ 異音 c303-1 take1: 末尾に余計な音: 130ms の無音 → 160ms の音（2.96秒地点・振幅9299＝本文の1.1倍）
    ⚠️ 異音 c303-1 take2: 末尾に余計な音: 120ms の無音 → 190ms の音（3.01秒地点・振幅9390＝本文の0.9倍）
    ⚠️ 異音 c303-1 take3: 末尾に余計な音: 110ms の無音 → 220ms の音（3.06秒地点・振幅9265＝本文の1.2倍）
  c303-1 take1: ✓  外から見えたものはいつも通りの蒸気だった。
c303-1: 1テイク → 採用（文字起こしが台本と合う）
  c306-1 take1: 同形異音語:下／字の欠け:円無筒  咽頭にも舌の杭にも目に見える損傷はない。
  c306-1 take2: 同形異音語:下／字の欠け:円無筒  咽頭にも舌の杭にも目に見える損傷はない。
  c306-1 take3: 字の欠け:無筒  円頭にも下の杭にも目に見える損傷はない。
  c306-1 take4: 同形異音語:下／字の欠け:円杭無筒  弁当にも舌の食いにも目に見える損傷はない。
c306-1: 4テイク → 要耳（全テイク落ち・所見最少を採用）
  c306-2 take1: 字の欠け:屋建  手から二十五フィート離れて、毎時二点五レントゲン。放射線の当時の単位だ。
  c306-2 take2: 字の欠け:屋建  手から二十五フィート離れて毎時二点五レントゲン。放射線の当時の単位だ。
  c306-2 take3: 頭欠け:建→テ／字の欠け:屋建  テオから二十五フィート離れて毎時二点五レントゲン。放射線の当時の単位だ。
  c306-2 take4: 字の欠け:屋建  手から二十五フィート離れて毎月二点五レントゲン。放射線の当時の単位だ。
c306-2: 4テイク → 要耳（全テイク落ち・所見最少を採用）
  c312-2 take1: ✓  炉心を囲う鋼の筒、熱遮蔽に押し付けられていた
c312-2: 1テイク → 採用（文字起こしが台本と合う）
  c316-2 take1: 字の欠け:歯継  棒の延長と幅も小手ところで曲がるか折れるかしている。
  c316-2 take2: 字の欠け:歯継  棒の延長と波棒も門手のところで曲がるか折れるかしている。
  c316-2 take3: 字の欠け:歯継  棒の延長と幅も、毛手のところで曲がるか折れるかしている。
  c316-2 take4: 字の欠け:歯継  棒の延長と幅も片手のところで曲がるか折れるかしている。
c316-2: 4テイク → 要耳（全テイク落ち・所見最少を採用）
  c318-1 take1: ✓  五番と六番はほとんど読み取れていない。
c318-1: 1テイク → 採用（文字起こしが台本と合う）
  c322-1 take1: 同形異音語:下  社の散水管、つまり炉心に水をかける輪の管は壁から引きちぎられていた。
  c322-1 take2: 同形異音語:下  社の散水管、つまり炉心に水をかける輪の管は壁から引きちぎられていた。
  c322-1 take3: 同形異音語:下  社の散水管、つまり炉心に水をかける輪の管は壁から引きちぎられていた。
  c322-1 take4: ✓  下の散水管、つまり炉心に水をかける輪の管は壁から引きちぎられていた。
c322-1: 4テイク → 採用（文字起こしが台本と合う）
  c327-2 take1: ✓  一方、圧力容器の壁にも熱遮蔽にも損傷はない。水も全く見えなかった。
c327-2: 1テイク → 採用（文字起こしが台本と合う）
  c402-1 take1: 同形異音語:門  ほぼ同じ時刻、北西0.9マイル離れた別の施設の上映所で
  c402-1 take2: 同形異音語:門  ほぼ同じ時刻、北西零点九マイル離れた別の施設の猛営所で
  c402-1 take3: ✓  ほぼ同じ時刻、北西0.9マイル離れた別の施設の門衛所で
c402-1: 3テイク → 採用（文字起こしが台本と合う）
  c404-2 take1: 同形異音語:門／字の欠け:出所放衛  応酬を示していない。毛営上測っても背景の値だけである。
  c404-2 take2: 同形異音語:門／頭欠け:放→オ／字の欠け:出所放  オーチツを示していない。権衛上を測っても背景の値だけである。
  c404-2 take3: 字の欠け:出所放  凹凸を示していない。門衛上を測っても背景の値だけである。
  c404-2 take4: 同形異音語:門／字の欠け:所衛  放出を示していない。毛営上測っても背景の値だけである。
c404-2: 4テイク → 要耳（全テイク落ち・所見最少を採用）
  c417-1 take1: 字の欠け:値止  門衛所のそばに停めた車のところでも、苗が出た
  c417-1 take2: 同形異音語:門／頭欠け:門→も／字の欠け:値所止衛  もうえいじょのそばに停めた車のところでもナタイが出た
  c417-1 take3: 同形異音語:門／頭欠け:門→も／字の欠け:止衛  もうえい所のそばに停めた車のところでも値が出た
  c417-1 take4: 同形異音語:門／頭欠け:門→も／字の欠け:値所止衛  もうえじょのそばに停めた車のところでも苗が出た
c417-1: 4テイク → 要耳（全テイク落ち・所見最少を採用）
  c422-1 take1: ✓  運転会へ上がる階段の三段目か四段目まで来たところで
c422-1: 1テイク → 採用（文字起こしが台本と合う）
  c422-2 take1: 頭欠け:計→ケ／字の欠け:器計  ケーキが振り切れた。毎時二十五連投元、それまでの百倍だ。二人は引き返した。
  c422-2 take2: 頭欠け:計→ケ／字の欠け:器計  ケーキが振り切れた。毎時二十五レント元。それまでの百倍だ。二人は引き返した。
  c422-2 take3: ✓  兵器が振り切れた。毎時二十五連と元、それまでの百倍だ。二人は引き返した。
c422-2: 3テイク → 採用（文字起こしが台本と合う）
  c503-2 take1: 字の欠け:器計  毎時五百レントゲンで止める。ケーキがそこまでしか読めないからだ。
  c503-2 take2: ✓  毎時五百レントゲンで止める。計器がそこまでしか読めないからだ。
c503-2: 2テイク → 採用（文字起こしが台本と合う）
  c504-2 take1: 字の欠け:器計  戸口にケーキを差し出す。針は五百で振り切れた。
  c504-2 take2: 字の欠け:器計  戸口にケーキを差し出す。針は五百で振り切れた。
  c504-2 take3: 字の欠け:器計  戸口にケーキを差し出す。針は五百で振り切れた。
  c504-2 take4: 字の欠け:器計  戸口にケーキを差し出す。針は五百で振り切れた。
c504-2: 4テイク → 要耳（全テイク落ち・所見最少を採用）
  c514-1 take1: ✓  担架を入り口の近くに置き、二人がそこまで運んで乗せた。
c514-1: 1テイク → 採用（文字起こしが台本と合う）
  c515-2 take1: ✓  発電機のところで担架が通らない。入った道を戻っている。
c515-2: 1テイク → 採用（文字起こしが台本と合う）
    ⚠️ 異音 c516-1 take1: 途中に浮いた音: 220ms（2.19秒地点・振幅15201＝本文の2.2倍／前130ms・後570ms の無音）
  c516-1 take1: 字の欠け:構階  救助にかかったのはおよそ八分、運転会に三分、校内に五分
  c516-1 take2: 字の欠け:構階  救助にかかったのはおよそ八分、運転会に三分、校内に五分
  c516-1 take3: ✓  救助にかかったのはおよそ八分。運転会に三分、構内に五分
c516-1: 3テイク → 採用（文字起こしが台本と合う）
  c517-1 take1: ✓  11時ちょうど、担架は連絡車に乗せられ
c517-1: 1テイク → 採用（文字起こしが台本と合う）
  c517-2 take1: ✓  門から四分の一マイル離れた道路で救急車と落ち合った。
c517-2: 1テイク → 採用（文字起こしが台本と合う）
  c519-2 take1: ✓  警報から二時間十三分が経っている。
c519-2: 1テイク → 採用（文字起こしが台本と合う）
  c521-1 take1: ✓  三人目は見つかった。報告書の90ページはその状態を一行で書いている。
c521-1: 1テイク → 採用（文字起こしが台本と合う）
  c704-2 take1: ✓  委員長他五人の名前が表紙に並んでいる。
c704-2: 1テイク → 採用（文字起こしが台本と合う）
  c705-2 take1: ✓  百一ページ。刷られているのは二行だけである。
c705-2: 1テイク → 採用（文字起こしが台本と合う）
  c707-2 take1: 頭欠け:分→わ  わかるのは消されたということだけである。ここでは推測しない。
  c707-2 take2: 頭欠け:分→わ  わかるのは消されたということだけである。ここでは推測しない。
  c707-2 take3: 頭欠け:分→わ  わかるのは消されたということだけである。ここでは推測しない。
  c707-2 take4: 頭欠け:分→わ  わかるのは消されたということだけである。ここでは推測しない。
c707-2: 4テイク → 要耳（全テイク落ち・所見最少を採用）
  c710-1 take1: ✓  圧力容器が建屋から出されたのは1961年11月29日。
c710-1: 1テイク → 採用（文字起こしが台本と合う）
  c712-1 take1: 字の欠け:旨要  食い込んでいた位置は報告書の用紙の二行目に書いてある。
  c712-1 take2: 字の欠け:旨要  食い込んでいた位置は報告書の用紙の二行目に書いてある。
  c712-1 take3: 字の欠け:旨要  食い込んでいた位置は報告書の用紙の二行目に書いてある。
  c712-1 take4: 字の欠け:旨要  食い込んでいた位置は報告書の用紙の二行目に書いてある
c712-1: 4テイク → 要耳（全テイク落ち・所見最少を採用）
  c716-2 take1: ✓  報告書は手による引き抜き以外の説明を探している。
c716-2: 1テイク → 採用（文字起こしが台本と合う）
  c718-1 take1: ✓  放射線で水が分解して溜まった水素が爆発したという説明。
c718-1: 1テイク → 採用（文字起こしが台本と合う）
  c725-1 take1: 字の欠け:旨要  用心には功あり。
  c725-1 take2: 字の欠け:旨要  幼児にはこうある。
  c725-1 take3: 字の欠け:旨要  用事にはこうある。
  c725-1 take4: 字の欠け:旨要  幼児にはこうある。
c725-1: 4テイク → 要耳（全テイク落ち・所見最少を採用）
  c802-2 take1: 字の欠け:屋建  運ぶ、分解する、手矢を切って埋める、残りを除染する。
  c802-2 take2: 字の欠け:屋建  運ぶ、分解する。手矢を切って埋める。残りを除染する。
  c802-2 take3: 字の欠け:屋建  運ぶ、分解する、手矢を切って埋める、残りを除染する。
  c802-2 take4: 字の欠け:屋建  運ぶ、分解する、手矢を切って埋める、残りを除染する。
c802-2: 4テイク → 要耳（全テイク落ち・所見最少を採用）
  c809-1 take1: ✓  炉心全体の二十パーセントでは溶けが被覆の表面まで進み
c809-1: 1テイク → 採用（文字起こしが台本と合う）
    ⚠️ 異音 c813-1 take1: 途中に浮いた音: 190ms（0.76秒地点・振幅11648＝本文の1.0倍／前170ms・後120ms の無音）
  c813-1 take1: 字の欠け:屋建  手は切って埋めることになった。
    ⚠️ 異音 c813-1 take1: 途中に浮いた音: 190ms（0.77秒地点・振幅14267＝本文の1.5倍／前210ms・後100ms の無音）
    ⚠️ 異音 c813-1 take2: 末尾に余計な音: 170ms の無音 → 160ms の音（2.24秒地点・振幅7635＝本文の1.0倍）
  c813-1 take2: 字の欠け:切屋建  手をあきって埋めることになった。
    ⚠️ 異音 c813-1 take1: 末尾に余計な音: 140ms の無音 → 190ms の音（2.24秒地点・振幅7272＝本文の1.1倍）
  c813-1 take3: 字の欠け:屋建  手は切って埋めることになった。
  c813-1 take4: 字の欠け:屋建  手は切って埋めることになった。
c813-1: 4テイク → 要耳（全テイク落ち・所見最少を採用）
  c814-1 take1: ✓  フォートベルボアから爆破の専門家が来て
c814-1: 1テイク → 採用（文字起こしが台本と合う）
    ⚠️ 異音 c815-1 take1: 末尾に余計な音: 150ms の無音 → 200ms の音（3.60秒地点・振幅18403＝本文の2.0倍）
  c815-1 take1: ✓  運転会の床を落とし、入った割れ目から二つに割って
c815-1: 1テイク → 採用（文字起こしが台本と合う）
    ⚠️ 異音 c819-2 take1: 途中に浮いた音: 160ms（2.00秒地点・振幅21877＝本文の2.5倍／前250ms・後80ms の無音）
  c819-2 take1: 字の欠け:射放能  Oシャノーの量でおよそ600キュリー
    ⚠️ 異音 c819-2 take1: 途中に浮いた音: 180ms（1.84秒地点・振幅21430＝本文の2.1倍／前120ms・後110ms の無音）
  c819-2 take2: ✓  放射能の量でおよそ600キュリー
c819-2: 2テイク → 採用（文字起こしが台本と合う）
  c905-1 take1: ✓  次に原子力委員会 AEC の委員が1961年6月に議会でそう述べたという記録。
c905-1: 1テイク → 採用（文字起こしが台本と合う）
  c915-3 take1: ✓  止めた路で棒を扱う危険。
c915-3: 1テイク → 採用（文字起こしが台本と合う）
  ep02-1 take1: 頭欠け:None→1  一番熱い記録は原因ではなく後始末の方にある
  ep02-1 take2: 頭欠け:None→1  一番熱い記録は原因ではなく後始末の方にある。
  ep02-1 take3: 頭欠け:None→1  一番熱い記録は原因ではなく後始末の方にある。
  ep02-1 take4: 頭欠け:None→1  一番熱い記録は原因ではなく後始末の方にある。
ep02-1: 4テイク → 要耳（全テイク落ち・所見最少を採用）
  ep04-1 take1: ✓  続きはこうである。それが結局、アイダ保守所の全部の部署と
ep04-1: 1テイク → 採用（文字起こしが台本と合う）
  pr04-1 take1: 字の欠け:所支  事故の後、会田保守署が208ページの報告書を出した
  pr04-1 take2: 字の欠け:所支  事故の後、会田保守署が二百八ページの報告書を出した
  pr04-1 take3: ✓  事故の後、アイダホ支署が二百八ページの報告書を出した
pr04-1: 3テイク → 採用（文字起こしが台本と合う）
  pr06-2 take1: ✓  全員が軍から来ていた運転員である。
pr06-2: 1テイク → 採用（文字起こしが台本と合う）
  pr11-2 take1: 頭欠け:分→わ  わかっていないことはわかっていないと言って終わる。
  pr11-2 take2: 頭欠け:分→わ  わかっていないことはわかっていないと言って終わる。
  pr11-2 take3: 頭欠け:分→わ  わかっていないことはわかっていないと言って終わる。
    ⚠️ 異音 pr11-2 take1: 途中に浮いた音: 200ms（2.56秒地点・振幅23372＝本文の2.3倍／前120ms・後150ms の無音）
  pr11-2 take4: 頭欠け:分→わ  わかっていないことはわかっていないと言って終わる。
pr11-2: 4テイク → 要耳（全テイク落ち・所見最少を採用）

53行 → 要耳 17 -> C:\Users\konar\Desktop\zukai-engine\audio\el_qa\sl1_retake_gate.tsv
⚠️ 差し替えた行のカットは `python tools/el_build.py --dry --cuts <cid>` で wav と json に反映すること
