ElevenLabs: 声=Hiro - Ultra Deep Japanese Voice（qaCSabKToUUT4sTqBZtz） モデル=eleven_v3 settings={'stability': 0.85, 'similarity_boost': 1.0, 'style': 0.0, 'speed': 1.0, 'use_speaker_boost': True} ／クレジット 35,262 / 131,000／GAP 0.4s
pr01:  10.72s  (2行)
pr02:   9.04s  (2行)
pr03:  11.28s  (2行)
pr04:  10.29s  (3行)
pr05:  10.69s  (3行)
pr06:   5.44s  (2行)
pr07:   8.96s  (2行)
pr08:  11.48s  (2行)
pr09:   9.28s  (2行)
pr10:   9.84s  (2行)
pr11:   7.99s  (2行)
    ⚠️ 異音 c101-1 take1: 末尾に余計な音: 200ms の無音 → 140ms の音（5.06秒地点・振幅8931＝本文の1.1倍）; 途中に浮いた音: 130ms（4.73秒地点・振幅27864＝本文の3.3倍／前120ms・後200ms の無音）
c101:  11.60s  (2行)
c102:  10.69s  (2行)
c103:   8.48s  (2行)
c104:  11.42s  (2行)
c105:   7.94s  (2行)
c106:   6.30s  (2行)
    ⚠️ 異音 c107-2 take1: 末尾に余計な音: 100ms の無音 → 150ms の音（3.21秒地点・振幅21251＝本文の1.8倍）
c107:   7.84s  (2行)
c108:   7.28s  (2行)
    ⚠️ 異音 c109-1 take1: 末尾に余計な音: 110ms の無音 → 160ms の音（5.68秒地点・振幅7698＝本文の1.0倍）
    ⚠️ 異音 c109-1 take2: 末尾に余計な音: 80ms の無音 → 220ms の音（4.97秒地点・振幅12124＝本文の1.3倍）
c109:   8.32s  (2行)
c110:   9.84s  (2行)
    ⚠️ 異音 c111-1 take1: 途中に浮いた音: 110ms（3.61秒地点・振幅17947＝本文の1.9倍／前470ms・後150ms の無音）
    ⚠️ 異音 c111-1 take2: 末尾に余計な音: 90ms の無音 → 220ms の音（6.66秒地点・振幅26582＝本文の2.3倍）
    ⚠️ 異音 c111-1 take3: 途中に浮いた音: 130ms（3.50秒地点・振幅18427＝本文の1.7倍／前640ms・後90ms の無音）
c111:   9.66s  (2行)
    ⚠️ 異音 c112-2 take1: 末尾に余計な音: 130ms の無音 → 160ms の音（3.68秒地点・振幅14741＝本文の1.5倍）
c112:   9.76s  (2行)
c113:   8.27s  (2行)
c114:   9.15s  (2行)
c115:   7.84s  (2行)
    ⚠️ 異音 c116-2 take1: 先頭に余計な音: 120ms の音（振幅17102＝本文の1.6倍）のあと 120ms の無音
    ⚠️ 異音 c116-2 take2: 先頭に余計な音: 110ms の音（振幅18949＝本文の1.6倍）のあと 100ms の無音
    ⚠️ 異音 c116-2 take3: 先頭に余計な音: 120ms の音（振幅20595＝本文の2.0倍）のあと 90ms の無音
c116:   8.80s  (2行)
c117:   9.12s  (2行)
c118:   7.20s  (2行)
    ⚠️ 異音 c119-2 take1: 末尾に余計な音: 120ms の無音 → 220ms の音（3.92秒地点・振幅12427＝本文の1.3倍）
c119:   7.76s  (2行)
c120:  10.68s  (2行)
c121:   9.43s  (3行)
c122:  14.08s  (2行)
    ⚠️ 異音 c123-2 take1: 末尾に余計な音: 120ms の無音 → 200ms の音（2.67秒地点・振幅13433＝本文の1.2倍）
c123:   7.04s  (2行)
c201:   9.10s  (2行)
c202:  11.03s  (2行)
c203:   8.32s  (2行)
    ⚠️ 異音 c204-1 take1: 途中に浮いた音: 210ms（1.96秒地点・振幅23058＝本文の3.3倍／前120ms・後80ms の無音）
    ⚠️ 異音 c204-2 take1: 途中に浮いた音: 190ms（2.09秒地点・振幅24108＝本文の1.8倍／前150ms・後160ms の無音）
    ⚠️ 異音 c204-2 take2: 途中に浮いた音: 210ms（2.31秒地点・振幅23825＝本文の1.9倍／前140ms・後150ms の無音）
    ⚠️ 異音 c204-2 take3: 途中に浮いた音: 200ms（2.40秒地点・振幅15272＝本文の1.2倍／前150ms・後160ms の無音）
c204:   9.92s  (2行)
    ⚠️ 異音 c205-2 take1: 末尾に余計な音: 120ms の無音 → 220ms の音（3.54秒地点・振幅8316＝本文の1.1倍）
    ⚠️ 異音 c205-2 take2: 末尾に余計な音: 120ms の無音 → 130ms の音（3.55秒地点・振幅7530＝本文の0.9倍）
c205:   9.21s  (2行)
c206:   7.33s  (2行)
c207:   9.84s  (2行)
c208:   9.76s  (2行)
c209:  11.76s  (2行)
c210:   8.96s  (2行)
c211:   6.16s  (2行)
c212:   9.30s  (2行)
c213:   8.48s  (2行)
    ⚠️ 異音 c214-1 take1: 途中に浮いた音: 230ms（2.96秒地点・振幅16468＝本文の2.0倍／前80ms・後90ms の無音）
c214:   8.48s  (2行)
c215:  12.88s  (2行)
c216:  13.60s  (2行)
c217:  12.08s  (2行)
c218:   8.48s  (2行)
c219:   7.31s  (2行)
c220:   8.96s  (2行)
c221:   9.91s  (2行)
c222:   5.72s  (2行)
    ⚠️ 異音 c223-2 take1: 末尾に余計な音: 100ms の無音 → 160ms の音（2.00秒地点・振幅16833＝本文の1.7倍）
    ⚠️ 異音 c223-2 take2: 末尾に余計な音: 130ms の無音 → 160ms の音（1.92秒地点・振幅13243＝本文の1.5倍）
c223:   6.24s  (2行)
c301:   7.60s  (2行)
    ⚠️ 異音 c302-1 take1: 途中に浮いた音: 160ms（1.75秒地点・振幅19758＝本文の2.7倍／前230ms・後130ms の無音）
    ⚠️ 異音 c302-1 take2: 途中に浮いた音: 170ms（1.68秒地点・振幅19631＝本文の2.1倍／前100ms・後130ms の無音）
    ⚠️ 異音 c302-1 take3: 途中に浮いた音: 230ms（1.70秒地点・振幅10268＝本文の1.2倍／前80ms・後620ms の無音）
c302:  11.04s  (2行)
    ⚠️ 異音 c303-1 take1: 末尾に余計な音: 80ms の無音 → 160ms の音（3.60秒地点・振幅7322＝本文の0.9倍）
    ⚠️ 異音 c303-1 take2: 末尾に余計な音: 130ms の無音 → 160ms の音（2.96秒地点・振幅10303＝本文の1.1倍）
c303:   6.72s  (2行)
c304:   8.13s  (2行)
    ⚠️ 異音 c305-2 take1: 途中に浮いた音: 220ms（2.67秒地点・振幅13329＝本文の1.0倍／前140ms・後210ms の無音）
c305:   8.51s  (2行)
c306:  11.16s  (2行)
c307:   8.38s  (2行)
c308:  10.08s  (2行)
c309:   7.68s  (2行)
c310:   8.86s  (2行)
c312:  15.74s  (3行)
c314:  10.28s  (2行)
c316:  11.02s  (2行)
    ⚠️ 異音 c317-2 take1: 末尾に余計な音: 100ms の無音 → 220ms の音（3.94秒地点・振幅10721＝本文の1.2倍）
c317:  11.15s  (2行)
c318:   6.01s  (2行)
c319:   7.93s  (2行)
c320:   7.09s  (2行)
c321:   6.88s  (2行)
c322:  11.63s  (2行)
    ⚠️ 異音 c323-1 take1: 途中に浮いた音: 170ms（3.23秒地点・振幅13788＝本文の1.8倍／前200ms・後110ms の無音）
c323:  10.56s  (2行)
c324:   9.84s  (2行)
c325:   8.16s  (2行)
c326:   7.52s  (2行)
    ⚠️ 異音 c327-1 take1: 途中に浮いた音: 160ms（1.86秒地点・振幅15090＝本文の1.5倍／前230ms・後120ms の無音）
    ⚠️ 異音 c327-1 take2: 途中に浮いた音: 150ms（1.88秒地点・振幅14858＝本文の1.6倍／前190ms・後120ms の無音）
    ⚠️ 異音 c327-1 take3: 途中に浮いた音: 170ms（1.89秒地点・振幅15435＝本文の1.6倍／前260ms・後100ms の無音）
    ⚠️ 異音 c327-2 take1: 途中に浮いた音: 200ms（5.61秒地点・振幅21079＝本文の2.3倍／前230ms・後110ms の無音）
    ⚠️ 異音 c327-2 take2: 途中に浮いた音: 180ms（5.78秒地点・振幅21200＝本文の2.4倍／前240ms・後90ms の無音）
c327:  10.10s  (2行)
    ⚠️ 異音 c328-1 take1: 末尾に余計な音: 300ms の無音 → 250ms の音（5.81秒地点・振幅11107＝本文の1.2倍）
    ⚠️ 異音 c328-1 take2: 末尾に余計な音: 350ms の無音 → 150ms の音（6.57秒地点・振幅14688＝本文の1.7倍）
c328:  10.96s  (2行)
    ⚠️ 異音 c401-1 take1: 末尾に余計な音: 110ms の無音 → 200ms の音（5.64秒地点・振幅12526＝本文の1.5倍）
    ⚠️ 異音 c401-1 take2: 末尾に余計な音: 120ms の無音 → 190ms の音（5.33秒地点・振幅13449＝本文の1.3倍）
    ⚠️ 異音 c401-1 take3: 末尾に余計な音: 120ms の無音 → 250ms の音（5.35秒地点・振幅11891＝本文の1.3倍）
c401:  12.24s  (2行)
    ⚠️ 異音 c402-2 take1: 末尾に余計な音: 140ms の無音 → 190ms の音（2.13秒地点・振幅17163＝本文の1.7倍）
    ⚠️ 異音 c402-2 take2: 末尾に余計な音: 130ms の無音 → 210ms の音（1.87秒地点・振幅10237＝本文の1.4倍）
    ⚠️ 異音 c402-2 take3: 末尾に余計な音: 110ms の無音 → 200ms の音（1.87秒地点・振幅10225＝本文の1.3倍）
c402:   8.08s  (2行)
c403:   5.27s  (2行)
c404:  11.76s  (2行)
c405:  10.62s  (2行)
c406:   9.60s  (2行)
    ⚠️ 異音 c407-1 take1: 末尾に余計な音: 100ms の無音 → 230ms の音（3.93秒地点・振幅17471＝本文の1.7倍）
c407:   7.72s  (2行)
c408:  10.16s  (2行)
c409:   9.69s  (2行)
    ⚠️ 異音 c410-1 take1: 末尾に余計な音: 90ms の無音 → 160ms の音（6.56秒地点・振幅18022＝本文の2.4倍）
    ⚠️ 異音 c410-1 take2: 末尾に余計な音: 100ms の無音 → 240ms の音（6.48秒地点・振幅12681＝本文の1.3倍）
    ⚠️ 異音 c410-1 take3: 末尾に余計な音: 90ms の無音 → 160ms の音（7.02秒地点・振幅19078＝本文の2.0倍）
c410:  11.44s  (2行)
    ⚠️ 異音 c411-2 take1: 途中に浮いた音: 100ms（0.91秒地点・振幅16654＝本文の1.8倍／前370ms・後160ms の無音）
c411:  11.41s  (2行)
c412:  10.72s  (2行)
c413:   9.12s  (2行)
c414:   7.20s  (2行)
    ⚠️ 異音 c415-1 take1: 途中に浮いた音: 210ms（2.69秒地点・振幅6612＝本文の1.0倍／前100ms・後1010ms の無音）
    ⚠️ 異音 c415-1 take2: 途中に浮いた音: 190ms（2.73秒地点・振幅7179＝本文の1.0倍／前110ms・後1040ms の無音）
    ⚠️ 異音 c415-1 take3: 途中に浮いた音: 220ms（2.74秒地点・振幅10358＝本文の1.3倍／前130ms・後950ms の無音）
c415:  12.92s  (2行)
c416:   8.24s  (2行)
c417:   7.28s  (2行)
c418:   7.68s  (2行)
c419:  12.64s  (2行)
    ⚠️ 異音 c420-1 take1: 末尾に余計な音: 110ms の無音 → 160ms の音（4.56秒地点・振幅15467＝本文の1.4倍）
    ⚠️ 異音 c420-1 take2: 末尾に余計な音: 100ms の無音 → 230ms の音（4.49秒地点・振幅13224＝本文の1.4倍）
c420:  11.12s  (2行)
c421:   8.42s  (2行)
c422:  13.68s  (2行)
c423:   9.20s  (2行)
c501:  10.16s  (2行)
c502:   8.72s  (2行)
c503:   9.74s  (2行)
c504:  10.24s  (2行)
c505:   8.72s  (2行)
c506:   7.95s  (2行)
c507:  10.21s  (2行)
    ⚠️ 異音 c508-1 take1: 末尾に余計な音: 130ms の無音 → 140ms の音（4.66秒地点・振幅18207＝本文の1.4倍）
c508:   9.18s  (2行)
c509:  10.11s  (2行)
c510:   6.12s  (2行)
c511:   9.20s  (2行)
    ⚠️ 異音 c512-2 take1: 末尾に余計な音: 80ms の無音 → 210ms の音（2.67秒地点・振幅10873＝本文の1.7倍）
    ⚠️ 異音 c512-2 take2: 末尾に余計な音: 110ms の無音 → 230ms の音（2.73秒地点・振幅13621＝本文の2.1倍）
    ⚠️ 異音 c512-2 take3: 末尾に余計な音: 130ms の無音 → 190ms の音（2.84秒地点・振幅8768＝本文の1.3倍）
c512:   8.27s  (2行)
    ⚠️ 異音 c513-1 take1: 末尾に余計な音: 140ms の無音 → 130ms の音（4.48秒地点・振幅15457＝本文の1.4倍）; 途中に浮いた音: 200ms（3.02秒地点・振幅27460＝本文の2.5倍／前110ms・後150ms の無音）
    ⚠️ 異音 c513-1 take2: 末尾に余計な音: 120ms の無音 → 150ms の音（4.89秒地点・振幅24088＝本文の2.3倍）; 途中に浮いた音: 250ms（0.85秒地点・振幅16528＝本文の1.6倍／前130ms・後440ms の無音）
    ⚠️ 異音 c513-1 take3: 末尾に余計な音: 120ms の無音 → 190ms の音（4.59秒地点・振幅19943＝本文の2.3倍）; 途中に浮いた音: 250ms（0.81秒地点・振幅20101＝本文の2.3倍／前140ms・後290ms の無音）
c513:   8.22s  (2行)
c514:   8.40s  (2行)
    ⚠️ 異音 c515-1 take1: 途中に浮いた音: 240ms（2.79秒地点・振幅14764＝本文の2.1倍／前130ms・後90ms の無音）
c515:   9.68s  (2行)
    ⚠️ 異音 c516-2 take1: 末尾に余計な音: 80ms の無音 → 160ms の音（2.59秒地点・振幅11498＝本文の1.3倍）
    ⚠️ 異音 c516-2 take2: 末尾に余計な音: 100ms の無音 → 140ms の音（2.70秒地点・振幅16642＝本文の1.9倍）; 先頭に余計な音: 120ms の音（振幅22585＝本文の2.5倍）のあと 130ms の無音
    ⚠️ 異音 c516-2 take3: 末尾に余計な音: 120ms の無音 → 210ms の音（2.89秒地点・振幅10274＝本文の1.2倍）
c516:   8.35s  (2行)
    ⚠️ 異音 c517-2 take1: 末尾に余計な音: 100ms の無音 → 220ms の音（3.94秒地点・振幅9430＝本文の1.0倍）
    ⚠️ 異音 c517-2 take2: 末尾に余計な音: 100ms の無音 → 160ms の音（3.92秒地点・振幅14235＝本文の1.5倍）
    ⚠️ 異音 c517-2 take3: 末尾に余計な音: 120ms の無音 → 170ms の音（3.99秒地点・振幅10280＝本文の1.0倍）
c517:   7.63s  (2行)
c518:  10.11s  (2行)
c519:   8.32s  (2行)
c520:   8.96s  (2行)
    ⚠️ 異音 c521-2 take1: 末尾に余計な音: 170ms の無音 → 220ms の音（1.86秒地点・振幅20153＝本文の1.4倍）
    ⚠️ 異音 c521-2 take2: 末尾に余計な音: 140ms の無音 → 190ms の音（1.73秒地点・振幅21978＝本文の1.4倍）
c521:  10.16s  (2行)
c522:   8.69s  (2行)
    ⚠️ 異音 c523-2 take1: 末尾に余計な音: 130ms の無音 → 170ms の音（3.51秒地点・振幅9001＝本文の1.2倍）
c523:   7.84s  (2行)
    ⚠️ 異音 c601-1 take1: 末尾に余計な音: 130ms の無音 → 110ms の音（6.06秒地点・振幅11749＝本文の1.2倍）
    ⚠️ 異音 c601-1 take2: 末尾に余計な音: 130ms の無音 → 120ms の音（6.54秒地点・振幅8536＝本文の1.0倍）
    ⚠️ 異音 c601-2 take1: 途中に浮いた音: 120ms（2.21秒地点・振幅21784＝本文の2.6倍／前140ms・後110ms の無音）
    ⚠️ 異音 c601-2 take2: 途中に浮いた音: 230ms（1.99秒地点・振幅11733＝本文の1.5倍／前80ms・後200ms の無音）; 途中に浮いた音: 130ms（2.42秒地点・振幅18578＝本文の2.4倍／前200ms・後100ms の無音）
c601:  10.33s  (2行)
c602:   9.60s  (2行)
    ⚠️ 異音 c603-1 take1: 末尾に余計な音: 120ms の無音 → 170ms の音（4.13秒地点・振幅13483＝本文の1.5倍）
    ⚠️ 異音 c603-1 take2: 末尾に余計な音: 100ms の無音 → 160ms の音（3.95秒地点・振幅21189＝本文の1.8倍）
    ⚠️ 異音 c603-1 take3: 末尾に余計な音: 100ms の無音 → 180ms の音（3.85秒地点・振幅12918＝本文の1.4倍）
c603:   8.86s  (2行)
c604:  11.28s  (2行)
c605:  10.00s  (2行)
c606:  11.98s  (3行)
    ⚠️ 異音 c607-2 take1: 末尾に余計な音: 120ms の無音 → 130ms の音（5.47秒地点・振幅10713＝本文の1.2倍）
c607:  10.64s  (2行)
c608:   9.52s  (2行)
c609:   9.64s  (2行)
c610:   9.47s  (2行)
c611:  10.32s  (2行)
c701:   8.95s  (2行)
c702:   6.06s  (2行)
c703:   9.90s  (2行)
c704:  10.48s  (2行)
c705:  11.60s  (3行)
c706:  10.64s  (2行)
c707:   8.32s  (2行)
c708:   9.92s  (2行)
c709:  11.92s  (2行)
c710:  14.33s  (2行)
c711:   8.48s  (2行)
c712:   7.02s  (2行)
c713:   8.24s  (2行)
c714:   8.32s  (2行)
c715:  10.00s  (2行)
c716:   6.18s  (2行)
c717:   9.92s  (2行)
    ⚠️ 異音 c718-2 take1: 途中に浮いた音: 240ms（3.60秒地点・振幅23166＝本文の2.7倍／前230ms・後180ms の無音）
c718:  10.06s  (2行)
c719:   9.60s  (2行)
c720:   5.24s  (2行)
c721:   7.49s  (2行)
c722:   5.12s  (2行)
c723:   6.64s  (2行)
c724:   8.96s  (2行)
c725:   5.89s  (2行)
c726:   8.80s  (2行)
c727:   7.28s  (2行)
c728:   8.39s  (2行)
    ⚠️ 異音 c801-2 take1: 末尾に余計な音: 110ms の無音 → 160ms の音（2.88秒地点・振幅10470＝本文の1.2倍）
    ⚠️ 異音 c801-2 take2: 末尾に余計な音: 90ms の無音 → 150ms の音（3.04秒地点・振幅19340＝本文の2.1倍）
    ⚠️ 異音 c801-2 take3: 末尾に余計な音: 100ms の無音 → 220ms の音（2.90秒地点・振幅12098＝本文の1.6倍）
c801:  10.88s  (2行)
c802:  10.72s  (2行)
    ⚠️ 異音 c803-1 take1: 末尾に余計な音: 140ms の無音 → 200ms の音（2.29秒地点・振幅11499＝本文の1.1倍）
c803:   8.87s  (2行)
c804:   7.20s  (2行)
c805:  14.36s  (3行)
c806:   8.85s  (2行)
c807:   9.76s  (2行)
c808:   8.14s  (2行)
c809:   6.93s  (2行)
c810:   8.16s  (2行)
c811:   7.92s  (2行)
c812:   7.44s  (2行)
    ⚠️ 異音 c813-1 take1: 末尾に余計な音: 120ms の無音 → 160ms の音（2.21秒地点・振幅10230＝本文の1.2倍）
    ⚠️ 異音 c813-1 take2: 途中に浮いた音: 190ms（0.77秒地点・振幅14828＝本文の1.7倍／前240ms・後120ms の無音）
    ⚠️ 異音 c813-1 take3: 末尾に余計な音: 120ms の無音 → 220ms の音（2.16秒地点・振幅11414＝本文の1.4倍）
c813:   4.77s  (2行)
c814:   7.84s  (2行)
    ⚠️ 異音 c815-1 take1: 途中に浮いた音: 220ms（1.82秒地点・振幅21016＝本文の2.0倍／前180ms・後140ms の無音）
    ⚠️ 異音 c815-1 take2: 末尾に余計な音: 110ms の無音 → 240ms の音（3.52秒地点・振幅19125＝本文の1.9倍）; 途中に浮いた音: 240ms（1.72秒地点・振幅25787＝本文の2.5倍／前170ms・後150ms の無音）
    ⚠️ 異音 c815-1 take3: 途中に浮いた音: 230ms（3.63秒地点・振幅16959＝本文の1.8倍／前170ms・後140ms の無音）
    ⚠️ 異音 c815-2 take1: 末尾に余計な音: 100ms の無音 → 230ms の音（1.27秒地点・振幅26467＝本文の3.0倍）
c815:   6.00s  (2行)
    ⚠️ 異音 c816-2 take1: 末尾に余計な音: 140ms の無音 → 210ms の音（2.75秒地点・振幅7775＝本文の1.1倍）
    ⚠️ 異音 c816-2 take2: 末尾に余計な音: 130ms の無音 → 210ms の音（2.83秒地点・振幅8940＝本文の1.2倍）; 途中に浮いた音: 190ms（2.51秒地点・振幅24498＝本文の3.4倍／前120ms・後130ms の無音）
    ⚠️ 異音 c816-2 take3: 末尾に余計な音: 130ms の無音 → 160ms の音（2.72秒地点・振幅11152＝本文の1.3倍）; 途中に浮いた音: 190ms（2.40秒地点・振幅17219＝本文の2.1倍／前90ms・後130ms の無音）
c816:   7.04s  (2行)
c817:  12.56s  (2行)
c819:   6.08s  (2行)
c820:   5.28s  (2行)
c821:   9.60s  (2行)
c822:   9.52s  (2行)
c823:  14.48s  (3行)
    ⚠️ 異音 c901-2 take1: 末尾に余計な音: 230ms の無音 → 250ms の音（4.71秒地点・振幅10707＝本文の1.1倍）
    ⚠️ 異音 c901-2 take2: 末尾に余計な音: 220ms の無音 → 240ms の音（4.56秒地点・振幅12974＝本文の1.3倍）
c901:   7.24s  (2行)
c902:   8.72s  (2行)
c903:  10.56s  (2行)
    ⚠️ 異音 c904-1 take1: 先頭に余計な音: 160ms の音（振幅20756＝本文の2.3倍）のあと 90ms の無音; 途中に浮いた音: 110ms（2.65秒地点・振幅20352＝本文の2.2倍／前190ms・後110ms の無音）
    ⚠️ 異音 c904-2 take1: 先頭に余計な音: 180ms の音（振幅27074＝本文の4.0倍）のあと 130ms の無音
c904:   6.96s  (2行)
c905:  12.00s  (2行)
c906:  10.78s  (2行)
    ⚠️ 異音 c907-1 take1: 途中に浮いた音: 250ms（2.55秒地点・振幅27245＝本文の3.1倍／前90ms・後190ms の無音）
c907:   6.45s  (2行)
c908:  10.99s  (2行)
c909:  10.16s  (3行)
c910:  11.44s  (2行)
    ⚠️ 異音 c911-2 take1: 途中に浮いた音: 240ms（1.54秒地点・振幅17013＝本文の2.0倍／前80ms・後100ms の無音）
c911:   8.16s  (2行)
c912:  17.20s  (3行)
c913:   7.43s  (2行)
c914:   9.43s  (2行)
c915:  10.72s  (3行)
c916:  13.34s  (2行)
    ⚠️ 異音 c917-2 take1: 途中に浮いた音: 120ms（0.80秒地点・振幅18501＝本文の2.1倍／前210ms・後110ms の無音）
c917:  10.23s  (2行)
ep01:  12.88s  (2行)
ep02:  10.24s  (2行)
    ⚠️ 異音 ep03-2 take1: 末尾に余計な音: 80ms の無音 → 150ms の音（2.33秒地点・振幅11574＝本文の1.6倍）
ep03:   8.00s  (2行)
ep04:   9.50s  (2行)
    ⚠️ 異音 ep05-1 take1: 末尾に余計な音: 120ms の無音 → 160ms の音（2.95秒地点・振幅8205＝本文の0.9倍）
    ⚠️ 異音 ep05-1 take2: 末尾に余計な音: 110ms の無音 → 170ms の音（3.11秒地点・振幅10973＝本文の1.0倍）
    ⚠️ 異音 ep05-1 take3: 末尾に余計な音: 90ms の無音 → 240ms の音（2.80秒地点・振幅9064＝本文の0.9倍）
    ⚠️ 異音 ep05-2 take1: 末尾に余計な音: 140ms の無音 → 200ms の音（1.64秒地点・振幅9582＝本文の1.8倍）
ep05:   5.12s  (2行)
    ⚠️ 異音 ep06-1 take1: 末尾に余計な音: 110ms の無音 → 240ms の音（4.20秒地点・振幅17232＝本文の1.9倍）; 途中に浮いた音: 240ms（2.49秒地点・振幅21753＝本文の2.3倍／前140ms・後280ms の無音）
    ⚠️ 異音 ep06-1 take2: 末尾に余計な音: 130ms の無音 → 220ms の音（4.42秒地点・振幅16650＝本文の2.1倍）
    ⚠️ 異音 ep06-1 take3: 末尾に余計な音: 160ms の無音 → 240ms の音（4.47秒地点・振幅11889＝本文の1.3倍）
ep06:   7.52s  (2行)

合成 212 カット／持ち越し 0 カット／未作成 0／記録 212／台本 212
作ったぶん: 212カット 10553字 → 発話＋行間 1963.4秒（5.37字/秒・行間込み。AivisSpeech は 5.52）
本編の見込み 36.3分（全 10553字をこの速さで＋LEAD/TAIL 0.85×212＋quote 2.0×17。許容 30〜38分）
最長の1行 = 9.12秒「原因を書かない208ページ。原因を書いた320ページ。追試の191ページ。」
API 499行（12,032字）／キャッシュ 24行／振り直し 88回／本物と判定 5／要耳 15（記録＝audio/el_qa/sl1_el_retakes.tsv）
クレジット 35,262 → 41,921（消費 6,659）⚠️ 反映が遅れることがある
