  c112-1 take1: ✓  凝縮度は九十一%。試験炉らしい高い数字である。
c112-1: 1テイク → 採用（文字起こしが台本と合う）
    ⚠️ 異音 c112-2 take1: 末尾に余計な音: 100ms の無音 → 150ms の音（3.87秒地点・振幅10944＝本文の1.2倍）
  c112-2 take1: ✓  板の側面にはホースを含んだ帯が溶接してあった。
c112-2: 1テイク → 採用（文字起こしが台本と合う）
  c119-2 take1: ✓  12フィートで足りると見積もられたが、16フィート入れてあった。
c119-2: 1テイク → 採用（文字起こしが台本と合う）
    ⚠️ 異音 c205-2 take1: 末尾に余計な音: 120ms の無音 → 150ms の音（3.95秒地点・振幅8062＝本文の1.1倍）
  c205-2 take1: 字の欠け:当長  高直能になるには、そこからさらに六ヶ月かかった
  c205-2 take2: ✓  当直長になるには、そこからさらに六ヶ月かかった。
c205-2: 2テイク → 採用（文字起こしが台本と合う）
  c207-2 take1: ✓  止めたのは1960年12月23日、クリスマス休暇のためである。
c207-2: 1テイク → 採用（文字起こしが台本と合う）
  c209-1 take1: ✓  年が明けて一月三日、深夜零時から朝八時の当直四人が建物を空けた。
c209-1: 1テイク → 採用（文字起こしが台本と合う）
  c310-1 take1: ✓  炉心には一番から九番まで番号が振ってある
c310-1: 1テイク → 採用（文字起こしが台本と合う）
    ⚠️ 異音 c328-1 take1: 末尾に余計な音: 110ms の無音 → 200ms の音（5.65秒地点・振幅15320＝本文の1.8倍）
    ⚠️ 異音 c328-1 take2: 末尾に余計な音: 590ms の無音 → 220ms の音（6.18秒地点・振幅19535＝本文の2.2倍）
    ⚠️ 異音 c328-1 take3: 末尾に余計な音: 290ms の無音 → 220ms の音（6.02秒地点・振幅17704＝本文の2.0倍）
  c328-1 take1: 字の欠け:判炉読  安徳の結論はここで止まる。「野心が全体として乱れた」と。
  c328-1 take2: ✓  判読の結論はここで止まる。炉心が全体として乱れたと
c328-1: 2テイク → 採用（文字起こしが台本と合う）
  c404-2 take1: 同形異音語:門／字の欠け:所衛  放出を示していない。毛営時を測っても背景の値だけである。
  c404-2 take2: 同形異音語:門  放出を示していない。毛営所を測っても背景の値だけである。
  c404-2 take3: 同形異音語:門／字の欠け:所放  王出を示していない。問衛上測っても背景の値だけである。
  c404-2 take4: 同形異音語:門  放出を示していない。権衛上測っても背景の値だけである。
c404-2: 4テイク → 要耳（全テイク落ち・所見最少を採用）
  c413-2 take1: ✓  炉の運転階へ上がる階段の手前までである。
c413-2: 1テイク → 採用（文字起こしが台本と合う）
  c422-2 take1: ✓  計器が振り切れた。毎時二十五レントゲン。それまでの百倍だ。二人は引き返した。
c422-2: 1テイク → 採用（文字起こしが台本と合う）
  c507-2 take1: 字の欠け:所支点  相田保守署へ移った。管理店が置かれ、測定が組み直される。
    ⚠️ 異音 c507-2 take1: 途中に浮いた音: 230ms（1.25秒地点・振幅12381＝本文の1.2倍／前110ms・後1070ms の無音）
    ⚠️ 異音 c507-2 take2: 途中に浮いた音: 230ms（1.15秒地点・振幅12178＝本文の1.3倍／前100ms・後720ms の無音）
  c507-2 take2: 字の欠け:所支  相田保守署へ移った。管理点が置かれ、測定が組み直される。
  c507-2 take3: 字の欠け:所支  会田星署へ移った。管理点が置かれ、測定が組み直される。
  c507-2 take4: ✓  会田保守所へ移った。管理点が置かれ、測定が組み直される。
c507-2: 4テイク → 採用（文字起こしが台本と合う）
  c602-2 take1: ✓  衣類を外しても、熱は目に見えて下がらなかった。
c602-2: 1テイク → 採用（文字起こしが台本と合う）
  c608-1 take1: 字の欠け:札棺  羊の中には、ふぐが二枚入れられた。
  c608-1 take2: ✓  棺の中には札が二枚入れられた。
c608-1: 2テイク → 採用（文字起こしが台本と合う）
  c701-1 take1: ✓  炉の中の写真は撮れた。壊れ方も読めた。
c701-1: 1テイク → 採用（文字起こしが台本と合う）
  c726-2 take1: ✓  誰がなぜそうしたのかは、この三冊のどこにも書かれていない。
c726-2: 1テイク → 採用（文字起こしが台本と合う）
    ⚠️ 異音 c816-2 take1: 末尾に余計な音: 170ms の無音 → 220ms の音（2.98秒地点・振幅6929＝本文の1.1倍）; 途中に浮いた音: 170ms（2.64秒地点・振幅17188＝本文の2.7倍／前120ms・後170ms の無音）
    ⚠️ 異音 c816-2 take2: 末尾に余計な音: 130ms の無音 → 150ms の音（2.57秒地点・振幅6608＝本文の1.0倍）; 途中に浮いた音: 180ms（2.26秒地点・振幅18756＝本文の2.9倍／前90ms・後130ms の無音）
    ⚠️ 異音 c816-2 take3: 末尾に余計な音: 150ms の無音 → 240ms の音（2.80秒地点・振幅6230＝本文の1.0倍）; 途中に浮いた音: 180ms（2.47秒地点・振幅14955＝本文の2.4倍／前90ms・後150ms の無音）
  c816-2 take1: ✓  そこに新しい埋設土を掘ってあった。
c816-2: 1テイク → 採用（文字起こしが台本と合う）
  c910-2 take1: ✓  今後は認めない。そう言い切りたい。だが、と続く。
c910-2: 1テイク → 採用（文字起こしが台本と合う）
  c912-3 take1: ✓  事故から一年十ヶ月。この時点で、成文にはなっていない
c912-3: 1テイク → 採用（文字起こしが台本と合う）
  c913-1 take1: ✓  ただし、同じ伏せにこの事故の一番鋭い数字がある。
c913-1: 1テイク → 採用（文字起こしが台本と合う）
  ep04-1 take1: 字の欠け:所支  続きはこうである。それが結局、アイダホ署の全部の部署と
  ep04-1 take2: ✓  続きはこうである。それが結局、アイダホ支所の全部の部署と、極
ep04-1: 2テイク → 採用（文字起こしが台本と合う）

21行 → 要耳 1 -> C:\Users\konar\Desktop\zukai-engine\audio\el_qa\sl1_retake_gate.tsv
⚠️ 差し替えた行のカットは `python tools/el_build.py --dry --cuts <cid>` で wav と json に反映すること
