  pr01-1 100.0%  1961年1月3日の午後9時1分、アメリカアイダホ州
  pr01-2  94.4%  砂漠にある試験場で火災報知機が鳴った
  pr02-1 100.0%  信号は八マイル先の消防署に届き、六人が消防車で向かった。
  pr02-2 100.0%  ここまではありふれた火災の一件である。
  pr03-1 100.0%  火は出ていなかった。隊員が建物の奥へ入れたのは
  pr03-2 100.0%  警報から一時間四十四分後だった。中では原子炉が壊れていた。
  pr04-1  69.4%  事故の後、会田法務省が二百八ページの報告書を出した。
  pr04-2 100.0%  その前書きにはこう書いてある。
  pr04-3 100.0%  原因はこの報告書では決めない。
  pr05-1 100.0%  原因を調べたのは別に置かれた調査委員会である。
  pr05-2  90.9%  では、この二百八ページは何を書いたのか。事故の後
  pr05-3 100.0%  人が何をしたかである。
  pr06-1 100.0%  亡くなったのは当直の三人。
  pr06-2  84.8%  メインが軍から来ていた運転員である。
  pr07-1 100.0%  その日の午後四時、三人の当直が日勤と交代している。
  pr07-2  92.0%  運転日誌の最後の書き込みは午後五時半から九時の間
  pr08-1  96.2%  炉の水槽を組み、水位計が目盛りに入った。プラス五フィート。
  pr08-2  96.2%  全部の棒に線と筒などを戻している最中、作業の途中だった。
  pr09-1  96.0%  一時間四十四分後、ようやく運転会に入った二人が見たのは
  pr09-2 100.0%  床の上で動いている一人の姿だった。
  pr10-1 100.0%  三人目は建物の中から降ろせなかった。
  pr10-2  95.8%  降ろせたのは六日後の一月九日午前零時四十五分である。
  pr11-1  92.7%  これはその六日間とその後一年の記録である。
  pr11-2  91.7%  わかっていないことはわかっていないと言って終わる。
  c101-1  92.3%  このロには事故の前からわかっていないことが一つあった。
  c101-2  87.3%  名前はSL1。低知識低出力の原子炉一号機という意味である。
  c102-1 100.0%  設計はアルゴンヌ国立研究所。置かれたのは
  c102-2 100.0%  アイダホ州の国立原子炉試験場。当時、いくつもの試験炉が並んでいた
  c103-1  88.9%  何のための廊下？報告書はこう書いている。
  c103-2 100.0%  遠く離れたレーダー基地に電気と熱を送るための試作機である
  c104-1  90.2%  元の名前はアルゴンヌ低出力炉。頭文字を取ってALPR。
  c104-2  71.4%  後に軍の呼び名に合わせ、猿ワンと改められた。
  c105-1  94.4%  報告書はこの方の利点を四つ挙げている。
  c105-2 100.0%  貨物機で運べる。一回の燃料で三年動く。
  c106-1 100.0%  地面の上に建てられるので、極地でも工事ができる。
  c106-2 100.0%  そして大量の水を必要としない
  c107-1 100.0%  つまり遠い場所に運んでそこで動かすための炉だった。
  c107-2 100.0%  建設は1957年に始まった。
  c108-1  71.8%  弁当の後半を組み上げ、その中にろうを入れる。
  c108-2  95.0%  地下には掘らない。地面の上にそのまま建てる。
  c109-1  90.6%  出力は熱で三千キロワット、取り出す電気は三百キロワット。
  c109-2  93.3%  暖房の熱が四百キロワットである。
  c110-1  97.9%  中心にあるのが圧力容器。高さはおよそ十四フィート半
  c110-2 100.0%  厚さ四分の三インチの鋼でできた縦長の筒である。
  c111-1  98.0%  その中に燃料が四十体入っている。一体は九枚の板の束で
  c111-2  97.0%  ウラン二三十五は全部で十四キログラム
  c112-1  81.8%  濃縮度は九十一%。試験のらしい高い数字である。
  c112-2  90.9%  板の側面にはホースを含んだ帯が溶接してあった。
  c113-1 100.0%  このホウ素は反応が進みすぎないよう抑える役をしている。
  c113-2 100.0%  ところが、そのホウ素が炉の中から減っていた。
  c114-1  96.4%  報告書は何らかのわからない仕組みでホウ素が失われたと書き
  c114-2 100.0%  どれだけ失われたかは決められないと続けている。
  c115-1  95.5%  対策としてカドミウムの板を六枚炉に挿してある。
  c115-2 100.0%  二番と六番の棒の溝に三枚ずつ
  c116-1 100.0%  制御棒は五本、カドミウムを金属で挟んだ十字の板である。
  c116-2 100.0%  一本の重さはおよそ二十二キログラム。
  c117-1 100.0%  棒はラックとピニオン、つまり歯棒と歯車で上下する。
  c117-2  89.8%  レンジクラッチの電流を切ると棒は自分の重さで落ちる。
  c118-1  93.6%  全工程は三十インチ。落としきるまで二秒とかからない。
  c118-2 100.0%  これが緊急停止、スクラムである。
  c119-1 100.0%  放射線を止めているのは主に砂利である。
  c119-2  90.0%  12フィートで他流と見積もられたが、16フィートを入れてあった。
  c120-1 100.0%  炉の蓋の上には放射線を遮る鋼と板とコンクリートのブロックが載る。
  c120-2 100.0%  これが遮蔽ブロック。炉の中心から半径六フィートを覆っている
  c121-1 100.0%  そしてここにこの炉の作りが出ている。
  c121-2 100.0%  報告書の三ページにこう書いてある
  c121-3 100.0%  遮蔽ブロックは外さないと届かない。
  c122-1 100.0%  初めて臨界、つまり核反応がひとりでに続く状態になったのは
  c122-2 100.0%  1958年8月11日。翌年2月から運転は民間の会社に移っている。
  c123-1 100.0%  事故までの運転量は炉の寿命のおよそ四割。
  c123-2 100.0%  燃料はまだ半分も使っていなかった。
  c201-1  98.4%  運転員は軍から来ていた。訓練はバージニア州のフォートベルボーアで
  c201-2  81.8%  八ヶ月の過程から始まる
  c202-1  96.0%  前半の四ヶ月は座学。機械、電気、原子力、そして放射線の管理。
  c202-2  95.0%  後半の四ヶ月は専門ごとの保守の実習である
  c203-1  93.0%  その後現場に配属され、最初の三週間はまた座学
  c203-2  94.1%  それから当直の班に入って実地につく。
  c204-1  96.2%  およそ三ヶ月働くと筆記試験がある。通れば口頭試問が二回。
  c204-2 100.0%  軍の側と運転を請け負った会社の側である
  c205-1  92.7%  両方に通って初めて運転員として認定される。
  c205-2  90.9%  当直医になるにはそこからさらに六ヶ月かかった
  c206-1 100.0%  報告書はその夜いた三人の名前を本文に書いていない。
  c206-2  92.7%  書いてあるのはこの訓練の仕組みの方である。
  c207-1  93.8%  ロは年末年始を挟んで止まっていた。
  c207-2  96.6%  込めたのは1960年12月23日、クリスマス休暇のためである。
  c208-1  95.5%  十二月二十七日から三十日にかけて点検と計器の校正
  c208-2  84.4%  排水ポンプの改造、ベント配管の工事が行われている。
  c209-1  93.3%  年が明けて一月三日、深夜零時から朝八時の当直四人が建物をはけた。
  c209-2  94.1%  最初の作業は炉の蓋の周りから遮蔽ブロックを外すこと
  c210-1 100.0%  次に圧力容器を水で満たす。上端から一フィート下まで。
  c210-2  88.4%  その上で制御棒の駆動部と線を取り外している。
  c211-1 100.0%  それから水位を蓋の下から六インチのところまで下げた。
  c211-2 100.0%  次の作業のためである。
  c212-1 100.0%  1月3日の日中、44本の細い棒が炉に差し込まれた。
  c212-2  90.5%  燃料の板と板の間に入れる測定用の棒である。
  c213-1 100.0%  アルミの管の中にコバルトを混ぜた線が短く入っている
  c213-2  93.6%  中性子がどこにどれだけ来たかを後から測る道具だ。
  c214-1 100.0%  午後四時、三人の当直が日勤の班と交代した。
  c214-2 100.0%  その夜やることは指示書に九項目書かれていた
  c215-1  93.8%  一、炉の水をくみ下げる。手順書五十四番。
  c215-2  97.1%  二、制御棒を組み直し、線を入れ、遮蔽ブロックを戻す。ただし、上の蓋は開けたまま。
  c216-1 100.0%  三、棒の駆動モーターをつなぐ。四、制御棒の位置をゼロに合わせる。
  c216-2  85.7%  五、シード確認票を通す。六、冷えた状態で棒を落としてみる。
  c217-1  89.8%  七山三百ポンドまで圧をかけて漏れを見る。上の線を戻す。
  c217-2  93.9%  八、熱い状態で棒を落とす。九、三千キロワットまで上げる。
  c218-1  86.4%  順番に見ていくと、この夜は軌道の前の日に当たる
  c218-2 100.0%  動かすのは翌朝で、その夜はそのための組み立てだった。
  c219-1 100.0%  制御棒を組み直すというのは、外してあった駆動部を
  c219-2 100.0%  炉の中の棒にもう一度つなぐ作業のことである。
  c220-1 100.0%  ただし、その作業を具体的にどう行うかは
  c220-2 100.0%  この報告書には書かれていない。原因を扱う報告書は別にある。
  c221-1  91.3%  運転日誌の最後の記載は午後五時半から九時の間。
  c221-2  96.3%  炉の水槽を組んだ。水位計が目盛りに入った。プラス五フィート。
  c222-1 100.0%  全部の棒に栓と筒などを戻している。
  c222-2 100.0%  指示書の二番、そのままである。
  c223-1 100.0%  そして報告書は五ページでこう書いている。
  c223-2 100.0%  その二番の作業中だった
  c301-1 100.0%  午後九時一分に何が起きたのかを見た人はいない。
  c301-2  91.4%  その場にいた三人は皆亡くなっている。
  c302-1 100.0%  記録に残っているのは三つ。建屋の熱の警報
  c302-2 100.0%  0.9マイル離れた門衛所の測定器、そして止まった制御盤。
  c303-1  79.1%  外から見えたものはいつも通りのジョーキだった。
  c303-2 100.0%  音も光も外には出ていない。
  c304-1 100.0%  報告書は前書きで建屋の損傷はわずかだったと書いている。
  c304-2 100.0%  壊れたのは建物ではなかった。
  c305-1 100.0%  一月六日。屋根に穴が開いたように見え、空から撮り直している。
  c305-2 100.0%  穴に見えたのは排気口に巻いてあった布だった。
  c306-1  89.5%  円頭にも下の杭にも目に見える損傷はない。
  c306-2  93.8%  手から二十五フィート離れて、毎時二点五レントゲン。放射線の当時の単位だ。
  c307-1 100.0%  つまり壊れたのは中だけである。
  c307-2 100.0%  では、中はどうなっていたのか。それを見るまでに時間がかかった。
  c308-1  97.0%  動画で撮れたのが二月二十二日。テレビカメラを入れたのが三月十六日と十七日。
  c308-2  92.9%  事故から二ヶ月半が経っている。
  c309-1 100.0%  写した絵を読んだのは海軍の写真判読センターと
  c309-2 100.0%  運転を請け負った会社の技術者たちである。
  c310-1  95.0%  図心には一番から九番まで番号が振ってある。
  c310-2 100.0%  制御棒の位置である。読み取りはその番号ごとに並んでいる
  c312-1 100.0%  一番と三番。棒を囲う覆いは折れ、ねじれ
  c312-2  74.4%  のしんを囲う鋼の筒、熱砂平に押し付けられていた。
  c312-3 100.0%  三番では棒があった場所に口の開いた穴が残っている。
  c314-1 100.0%  四番、覆いは壁の配管に叩きつけられている。
  c314-2  95.1%  一インチ半の給水管は上端が引きちぎられ、三番の方へねじれていた。
  c316-1  85.2%  七番、ボート覆いは六インチから八インチ壁の方へずれていた。
  c316-2  92.6%  棒の延長と羽棒も、桂手のところで曲がるか折れるかしている。
  c317-1  96.3%  八番。覆いは燃料の高さでねじれ、熱遮蔽に押し付けられていた。
  c317-2 100.0%  押さえ具はひどくねじれ、隙間に燃料箱の蓋が挟まっている。
  c318-1  94.1%  番と番はほとんど読み取れていない。
  c318-2 100.0%  どちらも九番の影に入っていたからである。
  c319-1 100.0%  では九番はどこにあったのか。九番の場所は
  c319-2 100.0%  九番。自身の刃に塞がれていた。
  c320-1  87.2%  葉はほぼ水平に倒れ、一番と二番の辺りから
  c320-2  88.9%  六番と七番の方へ渡っていた。
  c321-1  93.3%  その歯の外側の被覆は破れ、ねじれ
  c321-2 100.0%  中心の板から部分ごとに剥がれていた
  c322-1  87.5%  朝の山水館、つまり炉芯に水をかける輪の管は壁から引きちぎられていた。
  c322-2 100.0%  八番の上あたりでは炉心の面より六フィート上まで持ち上がっている。
  c323-1  95.0%  しかもその上に燃料箱の蓋が二枚乗っていた。
  c323-2  92.6%  上の散水管も何箇所かで壁から外れ、炉心の上を横切っていた。
  c324-1  92.3%  数えられた燃料箱は19個、あと2個は多分それだろうという判定である。
  c324-2 100.0%  四つの蓋はそれとは別に見つかっている。
  c325-1 100.0%  燃料そのものは半分ほどが見分けられた。
  c325-2  88.0%  いずれもねじれ、潰れ、元の位置から壁の方へ動いていた。
  c326-1 100.0%  そして九番について運転会社の判読はこう書いている。
  c326-2  92.9%  九番はロから完全に外れていた。
  c327-1  92.3%  炉心の構造の上に乗っていた
  c327-2  83.9%  おお、圧力容器の壁にも熱遮蔽にも損傷はない。水も全く見えなかった。
  c328-1  93.6%  晩読の結論はここで止まる。炉心が全体として乱れた。
  c328-2  96.3%  棒がどれだけ動き、何秒だったのかはこの 208ページにない
  c401-1 100.0%  午後九時一分、炉の建屋にある熱を感じる警報が鳴った。
  c401-2 100.0%  信号は三か所へ同時に流れている。消防署二つと通信棟である。
  c402-1  88.5%  ほぼ同じ時刻、北西0.9マイル離れた別の施設の猛炎所では
  c402-2 100.0%  人の汚染を測る装置が鳴った。
  c403-1 100.0%  報告書はその様子をこう書いている。
  c403-2 100.0%  針は全部振り切れていた。
  c404-1 100.0%  しかも装置は元に戻せなかった。ただし、施設の制御室の計器は
  c404-2  80.8%  応酬を示していない。毛営上を測っても背景の値だけである。
  c405-1  95.0%  つまり、この時点では誰にも意味がわからない。
  c405-2 100.0%  現場は火災として動いた。六人が三号車に乗り、副隊長は自分の車で出た。
  c406-1 100.0%  九時二分、警報は試験場全体の無線に流れた。
  c406-2 100.0%  同じ通報で放射線の管理をする技術者を呼ぶよう頼んでいる。
  c407-1 100.0%  九時四分、隣の炉の技術者が現場へ向かった。
  c407-2 100.0%  途中で警備員から空気呼吸器を受け取っている。
  c408-1  88.9%  九時十分頃、消防が到着した。中央施設から八マイル
  c408-2  94.5%  副隊長は建屋の上に出ている蒸気をいつも通りだと見ている。
  c409-1 100.0%  隊長は門衛所に入り、炉の制御室に電話をかけた。誰も出ない。
  c409-2  90.0%  その間、どこかで警報の音が鳴り続けていた。
  c410-1  94.3%  九時十二分、消防車が校内に入る。副隊長は南東の扉へ向かった
  c410-2  94.4%  鍵がかかっている。蹴り、叩いた。応答はない。
  c411-1  98.4%  別の入り口から六人が中へ入った。持っていた線量計二台が示したのは
  c411-2  93.9%  毎時一点五レントゲン。人が働いて良い場所の値ではない。
  c412-1  95.0%  副隊長は消防車を郊外の道路まで下げさせた。
  c412-2 100.0%  中に入ってからまだ二分半である。火も煙も人も見ていない。
  c413-1  88.5%  九時十五分、副隊長は線量計を持ってもう一度一人で入った。
  c413-2  94.7%  脳の運転階へ上がる階段の手前までである。
  c414-1  93.6%  この時彼が制御室で見たものを報告書は残している。
  c414-2  87.0%  上着が三人分残っていた。
  c415-1 100.0%  弁当箱とコーヒーのカップも一緒だった。制御盤の明かりは消え
  c415-2 100.0%  その先は暗い。呼吸器の面体、つまり顔を覆う窓が曇ってよく見えなかった。
  c416-1  90.9%  階段の入り口で毎時二百から二百五十ミリレントゲン
  c416-2 100.0%  深くは入れない。彼はすぐ引き返した。
  c417-1  88.4%  門衛所のそばに停めた車のところでも名題が出た。
  c417-2 100.0%  全員が空気呼吸器をつけている。
  c418-1  96.3%  9時17分までにここにいた全員が郊外の道路まで下がった。
  c418-2  96.0%  警報から十六分が経っている。
  c419-1  97.9%  同じ九時十七分、放射線の技術者が着いた。門衛所の前で
  c419-2  94.3%  毎時百二十五から百五十ミリレントゲン。風は北北東から六マイル。
  c420-1 100.0%  彼はまず消防隊を風上へ回らせ、それから中へ入った。
  c420-2  98.3%  建物の角で700、入り口で250、廊下の扉で500ミリレントゲン
  c421-1  91.4%  二人は通る部屋をほとんど全部覗いた。
  c421-2 100.0%  建物の中にいるはずの三人を探していた。誰もいない。
  c422-1  92.0%  雲天階へ上がる階段の三段目か四段目まで来たところで
  c422-2  88.2%  ケーキが振り切れた。毎時二十五レントゲン。それまでの百倍だ。二人は引き返した。
  c423-1  91.5%  九時二十五分。他の施設に無線で確かめ、三人はどこへも映っていない。
  c423-2 100.0%  つまり建物の中にいる
  c501-1  97.8%  九時五十分。三度目の立ち入り。階段の最初の踊り場で
  c501-2  94.1%  毎時二百レントゲン。技術者はその場で全員を退治がらせた。
  c502-1  92.9%  十時ちょうど無線で許可が出る。
  c502-2  94.4%  毎時二百レントゲンを超える場所にも入って良い。ただし、空気呼吸器をつけること。
  c503-1  90.3%  現場はもう一つ自分たちで決めた。
  c503-2  88.1%  毎時五百レントゲンで止める。ケーキがそこまでしか読めないからだ。
  c504-1  96.6%  10時10分、3人が階段を上がりきると、運転会の扉は開いていた。
  c504-2  78.0%  一口にケーキを差し出す。針は五百で振り切れた。
  c505-1  85.7%  副隊長が明かりを差し入れ、技術者が中を覗いた。
  c505-2 100.0%  見えたのは瓦礫だけである。人の姿は見えなかった。
  c506-1  94.1%  十時二十五分、クラス一災害が宣言された。
  c506-2 100.0%  試験場の無線で全部の施設に流されている
  c507-1  95.5%  十時三十五分、現場の指揮が最初に着いた技術者から
  c507-2  82.4%  相田保守所へ移った。管理点が置かれ、測定が組み直される。
  c508-1  96.4%  十時四十五分、運転を請け負っていた会社の二人が階段を上がった。
  c508-2  92.7%  最初の踊り場の辺りで片方が音を聞いている。
  c509-1  95.7%  運転会に二、三フィート入ったところで二人が見えた。
  c509-2  87.1%  一人は配電盤のそば、もう一人は遮蔽ブロックと炉の当て間の間にいた。
  c510-1  91.7%  報告書の九十ページはこの時のことをこう書いている。
  c510-2 100.0%  動いているのが見えた。
  c511-1  71.1%  そこは配電盤のそばで、毎時期五百から六百連投元
  c511-2 100.0%  炉の真上は毎時1,000レントゲンを超えると見積もられている。
  c512-1 100.0%  二人はすぐ引き返した。救助の人手と道具を呼ぶためである。
  c512-2  94.7%  見つけて出てくるまでおよそ三分だったはず。
  c513-1  95.8%  10時50分、五人が担架を二つ持って運転会に入った。
  c513-2 100.0%  最初に見つかった一人を運び出すためである。
  c514-1  85.7%  参加を入り口の近くに置き、二人がそこまで運んで乗せた。
  c514-2  89.7%  この作業の間にもう一人が亡くなっていることがわかっている。
  c515-1 100.0%  ここで一人の空気呼吸器が詰まった非常口から出ようとしたが
  c515-2  88.0%  鉄電機のところで単価が通らない。入った道を戻っている。
  c516-1  92.0%  救助にかかったのはおよそ八分、運転会に三分、校内に五分
  c516-2 100.0%  一分でも短くする、という作業だった。
  c517-1  83.3%  11時ちょうど、短歌は連絡車に乗せられ
  c517-2  96.0%  本から四分の一マイル離れた道路で救急車と落ち合った。
  c518-1  79.1%  十一時五分、管理点で看護師が見た。報告書は口角。
  c518-2  98.0%  目の前で息が絶えたように見えたが、蘇生器が当てられた。
  c519-1  91.3%  十一時十四分、医師が見て亡くなったことが確認された。
  c519-2  83.9%  平方から二時間十三分が経っている。
  c520-1  88.4%  ほぼ同じ頃、支所と郡と会社から四人が組を作り
  c520-2  95.0%  運転会に入っている三人目を探すためである。
  c521-1  98.4%  三人目は見つかった。報告書の90ページはその状態を行で書いている。
  c521-2  87.0%  三人目は天井にあった天井に
  c522-1 100.0%  原文の語は天井に突き刺さっていたである。
  c522-2 100.0%  報告書の書き方に合わせてそのまま読む。ここでは絵にしない。
  c523-1 100.0%  確認は二分で終わった。その日はそこまでである。
  c523-2 100.0%  三人目を降ろす方法はまだ誰も持っていなかった。
  c601-1 100.0%  1月4日の午前5時半、五人の組が一人目の衣類を外す作業に入った。
  c601-2 100.0%  記録係と時間係を置き、一分で交代する。
  c602-1  79.2%  体の上で毎時百から二百レントゲン、腕の辺りで三百
  c602-2  95.2%  衣類を外しても、熱は目に見えて下がらなかった。
  c603-1  97.7%  午前九時半から十一時半まで洗剤を使って洗った。
  c603-2 100.0%  それでも落ちない。除染はそこで打ち切られている。
  c604-1  92.0%  三人目を担架に降ろしたのは一月九日の午前零時四十五分
  c604-2 100.0%  回収が終わったと宣言されたのは同じ日の午前4時42分である。
  c605-1  95.7%  1月10日、四インチの鉛を張った容器に収められた。
  c605-2  90.0%  接して測ると頭で毎度三十レントゲン、胸で五十
  c606-1 100.0%  1月13日の朝、8人の組が3人を埋葬のために整えた。
  c606-2 100.0%  報告書はその手順を一行ずつ書いている。
  c606-3 100.0%  鉛で包み、金属の帯で締めた。
  c607-1  94.4%  使った鉛は四百五十ポンドから七百五十ポンド
  c607-2 100.0%  三人目だけは八分の一インチでなく四分の三インチの厚い板だった
  c608-1  89.7%  靴印の中には札が二枚入れられた。
  c608-2 100.0%  注意、高線量区域。そして注意、放射性物質。
  c609-1 100.0%  一月二十二日、二人は空軍機でニューヨークとワシントンへ。
  c609-2 100.0%  一人は海軍機でミシガンへ運ばれた。
  c610-1 100.0%  ミシガンの墓地では棺を輸送箱から出して並べてほしいと求められた。
  c610-2 100.0%  報告書は軍の形式で並べられたと書く。
  c611-1 100.0%  三つの墓にはいずれもコンクリートが打たれた。
  c611-2  88.9%  下に十八インチ、横に二フィート、上に二十インチ。一つは深さ十フィートだ。
  c701-1  94.1%  世の中の写真は撮れた。壊れ方も読めた。
  c701-2 100.0%  それでも、なぜ棒が動いたのかはこの報告書には書かれていない。
  c702-1 100.0%  書かれていないのは手が回らなかったからではない。
  c702-2 100.0%  最初からそう決めて作られている
  c703-1 100.0%  原因は別に置かれた調査委員会が扱う
  c703-2  95.2%  この208ページが扱うのはその後の作業だ。前書きにそう書いてある。
  c704-1 100.0%  その調査委員会の報告は 1961年6月に出ている。四十三ページ。
  c704-2  81.1%  理事長他五人の名前が表紙に並んでいる。
  c705-1 100.0%  この報告書には一枚だけ変わった紙がある。
  c705-2  90.0%  百七ページ。刷られているのは二行だけである。
  c705-3 100.0%  このページの内容は削除された。
  c706-1 100.0%  前後は犠牲者を埋葬のために整えた記録である。
  c706-2  96.3%  前は墓地の話。次の百二ページは棺と墓の測定表になっている
  c707-1  92.9%  何が消されたのかはわからない。
  c707-2  96.4%  わかるのは消されたということだけである。ここでは推測しない。
  c708-1 100.0%  では、原因はどこに書かれたのか。
  c708-2 100.0%  1962年7月27日。回収作業の最終報告書が出ている。
  c709-1  76.2%  番号はIDO19311。320ページある。
  c709-2  98.0%  書いたのは炉を解体した会社。十一月には追試の報告も出た。
  c710-1  90.6%  圧力容器がタテヤから出されたのは 1961年11月29日
  c710-2  98.1%  翌三十日、試験場の北にある工場へ運ばれた。そこで分解される。
  c711-1  95.0%  分解してわかったことがある。中央の制御棒が
  c711-2 100.0%  自分を囲う覆いに食い込んだまま動かなくなっていた。
  c712-1  92.3%  食い込んでいた位置は報告書の用紙の二行目に書いてある。
  c712-2 100.0%  20インチ引き抜かれていた。
  c713-1  97.1%  およそ五十センチである。そしてこの炉は
  c713-2  89.8%  中央の一本だけを引き抜いて動かすことは普通しない。
  c714-1 100.0%  限られた実験の数字から見積もると
  c714-2  96.6%  中央の棒を十六点七インチ引き抜いたところで、この炉は臨界になる。
  c715-1  95.8%  二十インチは臨界を三点三インチ通り越した位置である。
  c715-2  98.2%  反応を押し上げる余力、反応度で言えば余分が二点四パーセント。
  c716-1 100.0%  では、なぜそこまで動いたのか。
  c716-2  87.0%  王国者は手による引き抜き以外の説明を探している。
  c717-1 100.0%  化学の爆薬が棒を持ち上げたという説明
  c717-2 100.0%  これは薬品の試験と容器と炉心の部品の検査で否定された。
  c718-1  83.0%  オしゃ戦で水が分解して溜まった水素が爆発したという説明
  c718-2 100.0%  これも事故の始まりを説明できないと書かれている。
  c719-1 100.0%  そして模型を作り、人が手で引く速さを測っている。
  c719-2  94.1%  20インチまで引くのにいる時間は、暴走を起こすのにいる時間より短かった。
  c720-1  89.7%  その上で報告書はこう書き出す。
  c720-2  90.9%  はっきりした証明はない。
  c721-1  89.7%  続きはこうである。全ての情報が
  c721-2 100.0%  手で引き抜いたことによって暴走が起きたと示している。
  c722-1 100.0%  そこにはこうも書いてある。
  c722-2 100.0%  最大の力ではない引き抜きでと。
  c723-1 100.0%  引き抜いていたのは駆動装置を組み立てている最中である。
  c723-2 100.0%  夜間指示書の二番だった。
  c724-1 100.0%  つまり、原因を扱った報告書も断定はしていない。
  c724-2  90.9%  書いてあるのは証拠に合う説明が他になかったということだ。
  c725-1  75.0%  幼児にはこうある。
  c725-2 100.0%  棒を引き抜く別の手段で証拠に合うものは見つかっていないと。
  c726-1 100.0%  この動画はそこから先へは行かない。
  c726-2  96.3%  彼がなぜそうしたのかはこの三冊のどこにも書かれていない。
  c727-1 100.0%  残っているのは二つの数字だけである。
  c727-2 100.0%  20インチという位置と、二秒から四秒という時間
  c728-1  94.1%  棒が動き始めてから圧力容器が支えの筒に落ち戻るまで
  c728-2  90.5%  その全部が二秒から四秒の間に終わっている。
  c801-1 100.0%  1961年5月。水を入れなければ、この炉でもう核反応は起きない。
  c801-2 100.0%  そう判断されて最後の段階が始まった。
  c802-1  80.9%  呼び名はPhase3。やることは四つに分かれていた。
  c802-2  90.9%  運ぶ、分解する、手やを切って埋める、残りを除染する。
  c803-1 100.0%  実施したのはゼネラルエレクトリック。
  c803-2 100.0%  期間は1961年5月から1962年7月まで。
  c804-1  91.3%  事故から四ヶ月後に始まり、一年二ヶ月かかっている。
  c804-2 100.0%  事故そのものは二秒から四秒だった。
  c805-1 100.0%  1961年11月29日、圧力容器が建屋から出された。
  c805-2  87.2%  この容器は事故の夜、一度空中へ飛んでいる。
  c805-3 100.0%  九フィート飛び上がった。
  c806-1 100.0%  翌11月30日、試験場の北の端にある工場へ運ばれた。
  c806-2 100.0%  中には壊れた炉心がそのまま入っている。
  c807-1 100.0%  そこで炉は分解され、部品ごとに調べられた。
  c807-2 100.0%  化学と金属の分析。温度と圧力を金属の側から読む作業である。
  c808-1  97.0%  分かったことがある。中心の十六体では
  c808-2 100.0%  板の面積の五パーセントが蒸発の温度まで上がっていた。
  c809-1  85.2%  炉心チェンタイの二十パーセントでは溶けが被覆の表面まで進み
  c809-2 100.0%  その部分が壊れていた。
  c810-1 100.0%  炉心そのものもほぼ半フィート上へずれていた。
  c810-2 100.0%  押し上げられてそのまま戻らなかったということである。
  c811-1 100.0%  ここで事故の日の作業が効いてくる
  c811-2 100.0%  前日から差し込んでいた四十四本の測定棒がほとんど回収できた。
  c812-1 100.0%  中に仕込まれたコバルトの線から
  c812-2 100.0%  中性子がどこにどれだけ来たかを直接測ることができた。
  c813-1  89.7%  手は切って埋めることになった。
  c813-2 100.0%  壊し方は爆破である。
  c814-1  91.9%  ポートベルボアから爆破の専門家が来て
  c814-2  95.2%  柱の鋼材に成形炸薬を磁石のクリップで止めた。
  c815-1  87.0%  巡展開の床を落とし、入った割れ目から二つに割って
  c815-2 100.0%  ブルドーザで引きずった。
  c816-1  97.9%  引きずった先はSL1から1600フィートの位置。
  c816-2  93.8%  そこに新しい埋設土を掘ってあった。
  c817-1  96.6%  溝は二本、深さ十フィート、長さは四百六十六フィートと四百九十五フィート
  c817-2  96.8%  それでも入りきらず、二本の間に三本目、長さ四百フィートを掘っている。
  c819-1 100.0%  埋めた量はおよそ八万立方フィート
  c819-2  76.5%  Oシャノーの量でおよそ600キュリー
  c820-1 100.0%  上には汚れていない土を二フィート被せた。
  c820-2  82.4%  今もその下にある。
  c821-1 100.0%  なぜ試験場の共同処分地へ運ばなかったのか。
  c821-2  82.1%  報道を十六マイル運ぶ間に人が浴びる量の方が大きいからだ。
  c822-1 100.0%  燃料は試験場の化学処理工場へ送られて再処理された。
  c822-2 100.0%  燃料を除いた炉心と部品は廃棄物の管理施設に入っている。
  c823-2  83.9%  記憶文書は今の状態を一行で書く。
  c823-3 100.0%  敷地は全部更地である。
  c901-1 100.0%  この事故についてはよくこう言われる。
  c901-2  97.9%  これ以後、制御棒一本で臨界にできる炉は禁じられた。
  c902-1 100.0%  本当だろうか。この動画では当たれるものを全部当たった。
  c902-2 100.0%  先に言うと、その形の規則は見つからなかった。
  c903-1 100.0%  まず原因を扱った調査委員会の報告。 1961年6月43ページ。
  c903-2 100.0%  全文を機械で調べた
  c904-1 100.0%  一本の制御棒という言葉は一件も出てこない。
  c904-2 100.0%  設計の規則はそこには書かれていない。
  c905-1  94.4%  次に、原修区委員会AECの委員が1961年6月に議会でそう述べたという記録
  c905-2 100.0%  これはエネルギー省の公式の歴史書に載っている。
  c906-1  92.0%  ただし、その本の出所は 1961年6月1日付の書簡で
  c906-2 100.0%  アイダホ州歴史協会にある原文には当たれなかった
  c907-1 100.0%  だからここはそう書いている本があるまでしか言えない。
  c907-2 100.0%  規則そのものはまだ出てこない。
  c908-1 100.0%  もっとはっきりしている資料がある。 1962年11月
  c908-2 100.0%  アルゴンヌ国立研究所が出した五十四ページの検討報告書である
  c909-1 100.0%  その第八章F節の題は、単一の誤りという基準
  c909-2  88.9%  書き出しはこうだった。
  c909-3 100.0%  断定的にこう述べたい。
  c910-1 100.0%  制御棒一本を抜くだけで超臨界、つまり反応が増え続ける状態になる設計は
  c910-2  90.0%  今後は認めない。そう言い聞きたい。だが、と続く。
  c911-1  94.3%  避けようとすると、他の大事な点で設計が悪くなりかねない
  c911-2 100.0%  どこで折り合わせるかは設計者が決めるしかないと
  c912-1  88.9%  同じ説はこうも書いている。「この炉は新品の時から
  c912-2  96.4%  中央の棒を抜けば超臨界だった。事故は新しい炉でも起き得たと
  c912-3  87.5%  事故から一年十ヶ月。この時点で、成文にはなっていない
  c913-1  78.3%  ただし、同じフェスにこの事故の一番鋭い数字がある。
  c913-2 100.0%  歯棒と歯車の減速比の話である。
  c914-1  85.2%  駆動装置は反応度が毎秒0.01%より早く入らないよう
  c914-2 100.0%  歯車が選ばれていた。わざと遅くしてある。
  c915-1  98.0%  ところが、駆動を外し、手で速く引けば毎秒二十パーセント
  c915-2  85.7%  二千倍になり得ると見積もられている。
  c915-3  76.2%  米たろで棒を扱う危険。
  c916-1 100.0%  条文になったのは1971年2月20日、一般設計基準の二十五番と二十六番
  c916-2  93.9%  二十五番は一つの誤動作でも燃料の限度を超えないこと。
  c917-1 100.0%  二十六番は棒が固着する不具合を見込んだ余裕を持つこと。
  c917-2 100.0%  どちらも一本で臨界にならないとは書いていない。近いが別だ。
  ep01-1 100.0%  この動画で使ったのは三冊の報告書である。
  ep01-2 100.0%  原因を書かない 208ページ。原因を書いた 320ページ。追試の 191ページ。
  ep02-1  75.6%  一番熱い記録は原因ではなく後始末の方にある。
  ep02-2 100.0%  誰がいつ入り、何レントゲンを浴び、何分で出たか、それが並んでいる。
  ep03-1  98.0%  その二百八ページの前書きは最後の段落をこう始めている。
  ep03-2  81.5%  普通の火災警報のはずだった。
  ep04-1  94.1%  続きはこうである。それが結局、アイダホ署の全部の部署と
  ep04-2  97.8%  いくつもの連邦機関と社外の人たちを巻き込んだ
  ep05-1 100.0%  最初に動いたのは六人の消防隊だった。
  ep05-2  88.9%  日は出ていなかった。
  ep06-1 100.0%  1961年1月3日午後9時1分
  ep06-2 100.0%  記録はそこから始まっている。

=== 一致率の低い順 434行（★耳で確かめる候補）===

pr04-1  一致率 69.4%
   台本: 事故のあと、アイダホ支所が208ページの報告書を出した。
   聞取: 事故の後、会田法務省が二百八ページの報告書を出した。

c511-1  一致率 71.1%
   台本: そこは、配電盤のそばで毎時500から600レントゲン。
   聞取: そこは配電盤のそばで、毎時期五百から六百連投元

c104-2  一致率 71.4%
   台本: のちに軍の呼び名にあわせ、SL-1 と改められた。
   聞取: 後に軍の呼び名に合わせ、猿ワンと改められた。

c108-1  一致率 71.8%
   台本: 円筒の鋼板を組み上げ、その中に炉を入れる。
   聞取: 弁当の後半を組み上げ、その中にろうを入れる。

c312-2  一致率 74.4%
   台本: 炉心を囲う鋼の筒、熱遮蔽に押しつけられていた。
   聞取: のしんを囲う鋼の筒、熱砂平に押し付けられていた。

c725-1  一致率 75.0%
   台本: 要旨には、こうある。
   聞取: 幼児にはこうある。

ep02-1  一致率 75.6%
   台本: いちばん厚い記録は、原因ではなく、後始末のほうにある。
   聞取: 一番熱い記録は原因ではなく後始末の方にある。

c709-1  一致率 76.2%
   台本: 番号は、アイ・ディー・オー、19311。320ページある。
   聞取: 番号はIDO19311。320ページある。

c915-3  一致率 76.2%
   台本: 止めた炉で棒を扱う危険
   聞取: 米たろで棒を扱う危険。

c819-2  一致率 76.5%
   台本: 放射能の量で、およそ600キュリー。
   聞取: Oシャノーの量でおよそ600キュリー

c504-2  一致率 78.0%
   台本: 戸口に計器を差し出す。針は500で振り切れた。
   聞取: 一口にケーキを差し出す。針は五百で振り切れた。

c913-1  一致率 78.3%
   台本: ただし同じ節に、この事故のいちばん鋭い数字がある。
   聞取: ただし、同じフェスにこの事故の一番鋭い数字がある。

c303-1  一致率 79.1%
   台本: 外から見えたものは、いつもどおりの蒸気だった。
   聞取: 外から見えたものはいつも通りのジョーキだった。

c518-1  一致率 79.1%
   台本: 11時5分、管理点で看護師が診た。報告書はこう書く。
   聞取: 十一時五分、管理点で看護師が見た。報告書は口角。

c602-1  一致率 79.2%
   台本: 体の上で毎時100から200レントゲン。腕のあたりで300。
   聞取: 体の上で毎時百から二百レントゲン、腕の辺りで三百

c404-2  一致率 80.8%
   台本: 放出を示していない。門衛所を測っても、背景の値だけである。
   聞取: 応酬を示していない。毛営上を測っても背景の値だけである。

c802-1  一致率 80.9%
   台本: 呼び名はフェーズ3。やることは4つに分かれていた。
   聞取: 呼び名はPhase3。やることは四つに分かれていた。

c704-2  一致率 81.1%
   台本: 委員長ほか5人の名前が、表紙に並んでいる。
   聞取: 理事長他五人の名前が表紙に並んでいる。

ep03-2  一致率 81.5%
   台本: ふつうの火災警報のはずだった
   聞取: 普通の火災警報のはずだった。

c112-1  一致率 81.8%
   台本: 濃縮度は91パーセント。試験炉らしい、高い数字である。
   聞取: 濃縮度は九十一%。試験のらしい高い数字である。

c201-2  一致率 81.8%
   台本: 8か月の課程から始まる。
   聞取: 八ヶ月の過程から始まる

c821-2  一致率 82.1%
   台本: 公道を16マイル運ぶあいだに、人が浴びる量のほうが大きいからだ。
   聞取: 報道を十六マイル運ぶ間に人が浴びる量の方が大きいからだ。

c507-2  一致率 82.4%
   台本: アイダホ支所へ移った。管理点が置かれ、測定が組み直される。
   聞取: 相田保守所へ移った。管理点が置かれ、測定が組み直される。

c820-2  一致率 82.4%
   台本: いまも、その下にある。
   聞取: 今もその下にある。

c718-1  一致率 83.0%
   台本: 放射線で水が分解してたまった水素が爆発した、という説明。
   聞取: オしゃ戦で水が分解して溜まった水素が爆発したという説明

c517-1  一致率 83.3%
   台本: 11時ちょうど、担架は連絡車に載せられ、
   聞取: 11時ちょうど、短歌は連絡車に乗せられ

c327-2  一致率 83.9%
   台本: 一方、圧力容器の壁にも熱遮蔽にも損傷は無い。水も、まったく見えなかった。
   聞取: おお、圧力容器の壁にも熱遮蔽にも損傷はない。水も全く見えなかった。

c519-2  一致率 83.9%
   台本: 警報から、2時間13分が経っている。
   聞取: 平方から二時間十三分が経っている。

c823-2  一致率 83.9%
   台本: 記録文書は、いまの状態を1行で書く。
   聞取: 記憶文書は今の状態を一行で書く。

c208-2  一致率 84.4%
   台本: 復水ポンプの改造、弁と配管の工事が行われている。
   聞取: 排水ポンプの改造、ベント配管の工事が行われている。

pr06-2  一致率 84.8%
   台本: 全員が、軍から来ていた運転員である。
   聞取: メインが軍から来ていた運転員である。

c316-1  一致率 85.2%
   台本: 7番。棒と覆いは6インチから8インチ、壁のほうへずれていた。
   聞取: 七番、ボート覆いは六インチから八インチ壁の方へずれていた。

c809-1  一致率 85.2%
   台本: 炉心全体の20パーセントでは、溶けが被覆の表面まで進み、
   聞取: 炉心チェンタイの二十パーセントでは溶けが被覆の表面まで進み

c914-1  一致率 85.2%
   台本: 駆動装置は、反応度が毎秒0.01パーセントより速く入らないよう、
   聞取: 駆動装置は反応度が毎秒0.01%より早く入らないよう

c216-2  一致率 85.7%
   台本: 5、始動確認表を通す。6、冷えた状態で棒を落としてみる。
   聞取: 五、シード確認票を通す。六、冷えた状態で棒を落としてみる。

c505-1  一致率 85.7%
   台本: 副隊長が灯りを差し入れ、技術者が中をのぞいた。
   聞取: 副隊長が明かりを差し入れ、技術者が中を覗いた。

c514-1  一致率 85.7%
   台本: 担架を入口の近くに置き、2人がそこまで運んで載せた。
   聞取: 参加を入り口の近くに置き、二人がそこまで運んで乗せた。

c915-2  一致率 85.7%
   台本: 2000倍になりうる、と見積もられている。
   聞取: 二千倍になり得ると見積もられている。

c218-1  一致率 86.4%
   台本: 順番に見ていくと、この夜は「起動の前の日」にあたる。
   聞取: 順番に見ていくと、この夜は軌道の前の日に当たる

c414-2  一致率 87.0%
   台本: 上着が3人ぶん、残っていた
   聞取: 上着が三人分残っていた。

c521-2  一致率 87.0%
   台本: 3人目は、天井にあった
   聞取: 三人目は天井にあった天井に

c716-2  一致率 87.0%
   台本: 報告書は、手による引き抜き以外の説明を探している。
   聞取: 王国者は手による引き抜き以外の説明を探している。

c815-1  一致率 87.0%
   台本: 運転階の床を落とし、入った割れ目から2つに割って、
   聞取: 巡展開の床を落とし、入った割れ目から二つに割って

c509-2  一致率 87.1%
   台本: 1人は配電盤のそば。もう1人は、遮蔽ブロックと炉の頭のあいだにいた。
   聞取: 一人は配電盤のそば、もう一人は遮蔽ブロックと炉の当て間の間にいた。

c320-1  一致率 87.2%
   台本: 刃はほぼ水平に倒れ、1番と2番のあたりから、
   聞取: 葉はほぼ水平に倒れ、一番と二番の辺りから

c805-2  一致率 87.2%
   台本: この容器は事故の夜、いちど空中へ飛んでいる。
   聞取: この容器は事故の夜、一度空中へ飛んでいる。

c101-2  一致率 87.3%
   台本: 名前は SL-1。定置式・低出力の原子炉、1号機という意味である。
   聞取: 名前はSL1。低知識低出力の原子炉一号機という意味である。

c322-1  一致率 87.5%
   台本: 下の散水環、つまり炉心に水をかける輪の管は、壁から引きちぎられていた。
   聞取: 朝の山水館、つまり炉芯に水をかける輪の管は壁から引きちぎられていた。

c912-3  一致率 87.5%
   台本: 事故から1年10か月。この時点で、条文にはなっていない。
   聞取: 事故から一年十ヶ月。この時点で、成文にはなっていない

c325-2  一致率 88.0%
   台本: いずれもねじれ、潰れ、もとの位置から壁のほうへ動いていた。
   聞取: いずれもねじれ、潰れ、元の位置から壁の方へ動いていた。

c515-2  一致率 88.0%
   台本: 発電機のところで担架が通らない。入った道を戻っている。
   聞取: 鉄電機のところで単価が通らない。入った道を戻っている。

c503-2  一致率 88.1%
   台本: 毎時500レントゲンで止める。計器が、そこまでしか読めないからだ。
   聞取: 毎時五百レントゲンで止める。ケーキがそこまでしか読めないからだ。

c422-2  一致率 88.2%
   台本: 計器が振り切れた。毎時25レントゲン、それまでの100倍だ。2人は引き返した。
   聞取: ケーキが振り切れた。毎時二十五レントゲン。それまでの百倍だ。二人は引き返した。

c210-2  一致率 88.4%
   台本: そのうえで、制御棒の駆動部と栓を取り外している。
   聞取: その上で制御棒の駆動部と線を取り外している。

c417-1  一致率 88.4%
   台本: 門衛所のそばに止めた車のところでも、値が出た。
   聞取: 門衛所のそばに停めた車のところでも名題が出た。

c520-1  一致率 88.4%
   台本: ほぼ同じころ、支所と軍と会社から4人が組を作り、
   聞取: ほぼ同じ頃、支所と郡と会社から四人が組を作り

c402-1  一致率 88.5%
   台本: ほぼ同じ時刻、北西へ0.9マイル離れた別の施設の門衛所で、
   聞取: ほぼ同じ時刻、北西0.9マイル離れた別の施設の猛炎所では

c413-1  一致率 88.5%
   台本: 9時15分、副隊長は線量計を持って、もう一度ひとりで入った。
   聞取: 九時十五分、副隊長は線量計を持ってもう一度一人で入った。

c103-1  一致率 88.9%
   台本: 何のための炉か。報告書はこう書いている。
   聞取: 何のための廊下？報告書はこう書いている。

c320-2  一致率 88.9%
   台本: 6番と7番のほうへ渡っていた。
   聞取: 六番と七番の方へ渡っていた。

c408-1  一致率 88.9%
   台本: 9時10分ごろ、消防が到着した。中央施設から8マイル。
   聞取: 九時十分頃、消防が到着した。中央施設から八マイル

c611-2  一致率 88.9%
   台本: 下に18インチ、横に2フィート、上に20インチ。ひとつは深さ10フィートだ。
   聞取: 下に十八インチ、横に二フィート、上に二十インチ。一つは深さ十フィートだ。

c909-2  一致率 88.9%
   台本: 書き出しはこうだ。
   聞取: 書き出しはこうだった。

c912-1  一致率 88.9%
   台本: 同じ節は、こうも書いている。この炉は新品のときから、
   聞取: 同じ説はこうも書いている。「この炉は新品の時から

ep05-2  一致率 88.9%
   台本: 火は、出ていなかった。
   聞取: 日は出ていなかった。

c306-1  一致率 89.5%
   台本: 円筒にも、下の杭にも、目に見える損傷は無い。
   聞取: 円頭にも下の杭にも目に見える損傷はない。

c514-2  一致率 89.7%
   台本: この作業のあいだに、もう1人が亡くなっていることが分かっている。
   聞取: この作業の間にもう一人が亡くなっていることがわかっている。

c608-1  一致率 89.7%
   台本: 棺の中には、札が2枚入れられた。
   聞取: 靴印の中には札が二枚入れられた。

c720-1  一致率 89.7%
   台本: そのうえで、報告書はこう書き出す。
   聞取: その上で報告書はこう書き出す。

c721-1  一致率 89.7%
   台本: 続きはこうである。すべての情報が、
   聞取: 続きはこうである。全ての情報が

c813-1  一致率 89.7%
   台本: 建屋は、切って埋めることになった。
   聞取: 手は切って埋めることになった。

c117-2  一致率 89.8%
   台本: 電磁クラッチの電流を切ると、棒は自分の重さで落ちる。
   聞取: レンジクラッチの電流を切ると棒は自分の重さで落ちる。

c217-1  一致率 89.8%
   台本: 7、300ポンドまで圧をかけて漏れを見る。上の栓を戻す。
   聞取: 七山三百ポンドまで圧をかけて漏れを見る。上の線を戻す。

c713-2  一致率 89.8%
   台本: 中央の1本だけを引き抜いて動かすことは、ふつうしない。
   聞取: 中央の一本だけを引き抜いて動かすことは普通しない。

c119-2  一致率 90.0%
   台本: 12フィートで足りると見積もられたが、16フィート入れてあった。
   聞取: 12フィートで他流と見積もられたが、16フィートを入れてあった。

c409-2  一致率 90.0%
   台本: そのあいだ、どこかで警報の音が鳴り続けていた。
   聞取: その間、どこかで警報の音が鳴り続けていた。

c605-2  一致率 90.0%
   台本: 接して測ると、頭で毎時30レントゲン、胸で50。
   聞取: 接して測ると頭で毎度三十レントゲン、胸で五十

c705-2  一致率 90.0%
   台本: 101ページ。刷られているのは、2行だけである。
   聞取: 百七ページ。刷られているのは二行だけである。

c910-2  一致率 90.0%
   台本: 今後は認めない。そう言い切りたい。だが、と続く。
   聞取: 今後は認めない。そう言い聞きたい。だが、と続く。

c104-1  一致率 90.2%
   台本: もとの名前は、アルゴンヌ低出力炉。頭文字をとって ALPR。
   聞取: 元の名前はアルゴンヌ低出力炉。頭文字を取ってALPR。

c503-1  一致率 90.3%
   台本: 現場は、もうひとつ自分たちで決めた。
   聞取: 現場はもう一つ自分たちで決めた。

c212-2  一致率 90.5%
   台本: 燃料の板と板のあいだに入れる、測定用の棒である。
   聞取: 燃料の板と板の間に入れる測定用の棒である。

c728-2  一致率 90.5%
   台本: その全部が、2秒から4秒のあいだに終わっている。
   聞取: その全部が二秒から四秒の間に終わっている。

c109-1  一致率 90.6%
   台本: 出力は、熱で3000キロワット。取り出す電気は300キロワット、
   聞取: 出力は熱で三千キロワット、取り出す電気は三百キロワット。

c710-1  一致率 90.6%
   台本: 圧力容器が建屋から出されたのは、1961年11月29日。
   聞取: 圧力容器がタテヤから出されたのは 1961年11月29日

pr05-2  一致率 90.9%
   台本: ではこの208ページは何を書いたのか。事故のあと、
   聞取: では、この二百八ページは何を書いたのか。事故の後

c112-2  一致率 90.9%
   台本: 板の側面には、ホウ素を含んだ帯が溶接してあった。
   聞取: 板の側面にはホースを含んだ帯が溶接してあった。

c205-2  一致率 90.9%
   台本: 当直長になるには、そこからさらに6か月かかった。
   聞取: 当直医になるにはそこからさらに六ヶ月かかった

c416-1  一致率 90.9%
   台本: 階段の入口で、毎時200から250ミリレントゲン。
   聞取: 階段の入り口で毎時二百から二百五十ミリレントゲン

c720-2  一致率 90.9%
   台本: はっきりした証明は無い
   聞取: はっきりした証明はない。

c724-2  一致率 90.9%
   台本: 書いてあるのは、証拠に合う説明がほかに無かった、ということだ。
   聞取: 書いてあるのは証拠に合う説明が他になかったということだ。

c802-2  一致率 90.9%
   台本: 運ぶ。分解する。建屋を切って埋める。残りを除染する。
   聞取: 運ぶ、分解する、手やを切って埋める、残りを除染する。

c221-1  一致率 91.3%
   台本: 運転日誌の最後の記載は、午後5時半から9時のあいだ。
   聞取: 運転日誌の最後の記載は午後五時半から九時の間。

c519-1  一致率 91.3%
   台本: 11時14分。医師が診て、亡くなったことが確認された。
   聞取: 十一時十四分、医師が見て亡くなったことが確認された。

c804-1  一致率 91.3%
   台本: 事故から4か月後に始まり、1年2か月かかっている。
   聞取: 事故から四ヶ月後に始まり、一年二ヶ月かかっている。

c301-2  一致率 91.4%
   台本: その場にいた3人は、みな亡くなっている。
   聞取: その場にいた三人は皆亡くなっている。

c421-1  一致率 91.4%
   台本: 2人は、通る部屋をほとんど全部のぞいた。
   聞取: 二人は通る部屋をほとんど全部覗いた。

c423-1  一致率 91.5%
   台本: 9時25分。ほかの施設に無線で確かめ、3人はどこへも移っていない。
   聞取: 九時二十五分。他の施設に無線で確かめ、三人はどこへも映っていない。

pr11-2  一致率 91.7%
   台本: 分かっていないことは、分かっていないと言って終わる。
   聞取: わかっていないことはわかっていないと言って終わる。

c510-1  一致率 91.7%
   台本: 報告書の90ページは、このときのことをこう書いている。
   聞取: 報告書の九十ページはこの時のことをこう書いている。

c814-1  一致率 91.9%
   台本: フォート・ベルボアから爆破の専門家が来て、
   聞取: ポートベルボアから爆破の専門家が来て

pr07-2  一致率 92.0%
   台本: 運転日誌の最後の書き込みは、午後5時半から9時のあいだ。
   聞取: 運転日誌の最後の書き込みは午後五時半から九時の間

c422-1  一致率 92.0%
   台本: 運転階へ上がる階段の、3段目か4段目まで来たところで、
   聞取: 雲天階へ上がる階段の三段目か四段目まで来たところで

c516-1  一致率 92.0%
   台本: 救助にかかったのは、およそ8分。運転階に3分、構内に5分。
   聞取: 救助にかかったのはおよそ八分、運転会に三分、校内に五分

c604-1  一致率 92.0%
   台本: 3人目を担架に降ろせたのは、1月9日の午前0時45分。
   聞取: 三人目を担架に降ろしたのは一月九日の午前零時四十五分

c906-1  一致率 92.0%
   台本: ただし、その本の出どころは1961年6月1日付の書簡で、
   聞取: ただし、その本の出所は 1961年6月1日付の書簡で

c101-1  一致率 92.3%
   台本: この炉には、事故の前から、分かっていないことが1つあった。
   聞取: このロには事故の前からわかっていないことが一つあった。

c324-1  一致率 92.3%
   台本: 数えられた燃料箱は19個。あと2個は、たぶんそれだろう、という判定である。
   聞取: 数えられた燃料箱は19個、あと2個は多分それだろうという判定である。

c327-1  一致率 92.3%
   台本: 炉心の構造の上に、載っていた。
   聞取: 炉心の構造の上に乗っていた

c712-1  一致率 92.3%
   台本: 食い込んでいた位置は、報告書の要旨の2行目に書いてある。
   聞取: 食い込んでいた位置は報告書の用紙の二行目に書いてある。

c316-2  一致率 92.6%
   台本: 棒の延長と歯棒も、継手のところで曲がるか、折れるかしている。
   聞取: 棒の延長と羽棒も、桂手のところで曲がるか折れるかしている。

c323-2  一致率 92.6%
   台本: 上の散水環も何か所かで壁から外れ、炉心の上を横切っていた。
   聞取: 上の散水管も何箇所かで壁から外れ、炉心の上を横切っていた。

pr11-1  一致率 92.7%
   台本: これは、その6日間と、そのあと1年の記録である。
   聞取: これはその六日間とその後一年の記録である。

c205-1  一致率 92.7%
   台本: 両方に通って、はじめて運転員として認定される。
   聞取: 両方に通って初めて運転員として認定される。

c206-2  一致率 92.7%
   台本: 書いてあるのは、この訓練の仕組みのほうである。
   聞取: 書いてあるのはこの訓練の仕組みの方である。

c508-2  一致率 92.7%
   台本: 最初の踊り場のあたりで、片方が、音を聞いている。
   聞取: 最初の踊り場の辺りで片方が音を聞いている。

c308-2  一致率 92.9%
   台本: 事故から、2か月半が経っている。
   聞取: 事故から二ヶ月半が経っている。

c326-2  一致率 92.9%
   台本: 9番は、炉から完全に外れていた
   聞取: 九番はロから完全に外れていた。

c502-1  一致率 92.9%
   台本: 10時ちょうど、無線で許可が出る。
   聞取: 十時ちょうど無線で許可が出る。

c707-1  一致率 92.9%
   台本: 何が消されたのかは、分からない。
   聞取: 何が消されたのかはわからない。

c203-1  一致率 93.0%
   台本: そのあと現場に配属され、最初の3週間はまた座学。
   聞取: その後現場に配属され、最初の三週間はまた座学

c109-2  一致率 93.3%
   台本: 暖房の熱が400キロワットである。
   聞取: 暖房の熱が四百キロワットである。

c209-1  一致率 93.3%
   台本: 年が明けて1月3日。深夜0時から朝8時の当直4人が、建物を開けた。
   聞取: 年が明けて一月三日、深夜零時から朝八時の当直四人が建物をはけた。

c321-1  一致率 93.3%
   台本: その刃の外側の被覆は、破れ、ねじれ、
   聞取: その歯の外側の被覆は破れ、ねじれ

c118-1  一致率 93.6%
   台本: 全行程は30インチ。落としきるまで2秒とかからない。
   聞取: 全工程は三十インチ。落としきるまで二秒とかからない。

c213-2  一致率 93.6%
   台本: 中性子がどこにどれだけ来たかを、あとから測る道具だ。
   聞取: 中性子がどこにどれだけ来たかを後から測る道具だ。

c328-1  一致率 93.6%
   台本: 判読の結論は、ここで止まる。炉心が全体として乱れた、と。
   聞取: 晩読の結論はここで止まる。炉心が全体として乱れた。

c414-1  一致率 93.6%
   台本: このとき彼が制御室で見たものを、報告書は残している。
   聞取: この時彼が制御室で見たものを報告書は残している。

c207-1  一致率 93.8%
   台本: 炉は、年末年始を挟んで止まっていた。
   聞取: ロは年末年始を挟んで止まっていた。

c215-1  一致率 93.8%
   台本: 1、炉の水を汲み下げる。手順書54番。
   聞取: 一、炉の水をくみ下げる。手順書五十四番。

c306-2  一致率 93.8%
   台本: 建屋から25フィート離れて、毎時2.5レントゲン。放射線の、当時の単位だ。
   聞取: 手から二十五フィート離れて、毎時二点五レントゲン。放射線の当時の単位だ。

c816-2  一致率 93.8%
   台本: そこに、新しい埋設地を掘ってあった。
   聞取: そこに新しい埋設土を掘ってあった。

c217-2  一致率 93.9%
   台本: 8、熱い状態で棒を落とす。9、3000キロワットまで上げる。
   聞取: 八、熱い状態で棒を落とす。九、三千キロワットまで上げる。

c411-2  一致率 93.9%
   台本: 毎時1.5レントゲン。人が働いてよい場所の値ではない。
   聞取: 毎時一点五レントゲン。人が働いて良い場所の値ではない。

c916-2  一致率 93.9%
   台本: 25番は、ひとつの誤動作でも燃料の限度を超えないこと。
   聞取: 二十五番は一つの誤動作でも燃料の限度を超えないこと。

c203-2  一致率 94.1%
   台本: それから、当直の班に入って実地に就く。
   聞取: それから当直の班に入って実地につく。

c209-2  一致率 94.1%
   台本: 最初の作業は、炉の蓋のまわりから遮蔽ブロックを外すこと。
   聞取: 最初の作業は炉の蓋の周りから遮蔽ブロックを外すこと

c318-1  一致率 94.1%
   台本: 5番と6番は、ほとんど読み取れていない。
   聞取: 番と番はほとんど読み取れていない。

c501-2  一致率 94.1%
   台本: 毎時200レントゲン。技術者はその場で全員を退がらせた。
   聞取: 毎時二百レントゲン。技術者はその場で全員を退治がらせた。

c506-1  一致率 94.1%
   台本: 10時25分、クラス1災害が宣言された。
   聞取: 十時二十五分、クラス一災害が宣言された。

c701-1  一致率 94.1%
   台本: 炉の中の写真は撮れた。壊れ方も読めた。
   聞取: 世の中の写真は撮れた。壊れ方も読めた。

c719-2  一致率 94.1%
   台本: 20インチまで引くのに要る時間は、暴走を起こすのに要る時間より短かった。
   聞取: 20インチまで引くのにいる時間は、暴走を起こすのにいる時間より短かった。

c728-1  一致率 94.1%
   台本: 棒が動きはじめてから、圧力容器が支えの筒に落ち戻るまで。
   聞取: 棒が動き始めてから圧力容器が支えの筒に落ち戻るまで

ep04-1  一致率 94.1%
   台本: 続きはこうである。それが結局、アイダホ支所の全部の部署と、
   聞取: 続きはこうである。それが結局、アイダホ署の全部の部署と

c410-1  一致率 94.3%
   台本: 9時12分、消防車が構内に入る。副隊長は南東の扉へ向かった。
   聞取: 九時十二分、消防車が校内に入る。副隊長は南東の扉へ向かった

c419-2  一致率 94.3%
   台本: 毎時125から150ミリレントゲン。風は北北東から6マイル。
   聞取: 毎時百二十五から百五十ミリレントゲン。風は北北東から六マイル。

c911-1  一致率 94.3%
   台本: 避けようとすると、ほかの大事な点で設計が悪くなりかねない。
   聞取: 避けようとすると、他の大事な点で設計が悪くなりかねない

pr01-2  一致率 94.4%
   台本: 砂漠にある試験場で、火災報知器が鳴った。
   聞取: 砂漠にある試験場で火災報知機が鳴った

c105-1  一致率 94.4%
   台本: 報告書は、この型の利点を4つ挙げている。
   聞取: 報告書はこの方の利点を四つ挙げている。

c410-2  一致率 94.4%
   台本: 鍵がかかっている。蹴り、叩いた。応答は無い。
   聞取: 鍵がかかっている。蹴り、叩いた。応答はない。

c502-2  一致率 94.4%
   台本: 毎時200レントゲンを超える場所にも入ってよい。ただし空気呼吸器をつけること。
   聞取: 毎時二百レントゲンを超える場所にも入って良い。ただし、空気呼吸器をつけること。

c607-1  一致率 94.4%
   台本: 使った鉛は、450ポンドから750ポンド。
   聞取: 使った鉛は四百五十ポンドから七百五十ポンド

c905-1  一致率 94.4%
   台本: 次に、原子力委員会AECの委員が、1961年6月に議会でそう述べたという記録。
   聞取: 次に、原修区委員会AECの委員が1961年6月に議会でそう述べたという記録

c408-2  一致率 94.5%
   台本: 副隊長は、建屋の上に出ている蒸気を、いつもどおりだと見ている。
   聞取: 副隊長は建屋の上に出ている蒸気をいつも通りだと見ている。

c413-2  一致率 94.7%
   台本: 炉の運転階へ上がる階段の、手前までである。
   聞取: 脳の運転階へ上がる階段の手前までである。

c512-2  一致率 94.7%
   台本: 見つけて出てくるまで、およそ3分だった。
   聞取: 見つけて出てくるまでおよそ三分だったはず。

c108-2  一致率 95.0%
   台本: 地下には掘らない。地面の上に、そのまま立てる。
   聞取: 地下には掘らない。地面の上にそのまま建てる。

c202-2  一致率 95.0%
   台本: 後半の4か月は、専門ごとの保守の実習である。
   聞取: 後半の四ヶ月は専門ごとの保守の実習である

c310-1  一致率 95.0%
   台本: 炉心には、1番から9番まで番号が振ってある。
   聞取: 図心には一番から九番まで番号が振ってある。

c323-1  一致率 95.0%
   台本: しかもその上に、燃料箱の蓋が2枚、載っていた。
   聞取: しかもその上に燃料箱の蓋が二枚乗っていた。

c405-1  一致率 95.0%
   台本: つまりこの時点では、誰にも意味が分からない。
   聞取: つまり、この時点では誰にも意味がわからない。

c412-1  一致率 95.0%
   台本: 副隊長は、消防車を構外の道路まで下げさせた。
   聞取: 副隊長は消防車を郊外の道路まで下げさせた。

c520-2  一致率 95.0%
   台本: 運転階に入っている。3人目を探すためである。
   聞取: 運転会に入っている三人目を探すためである。

c711-1  一致率 95.0%
   台本: 分解して分かったことがある。中央の制御棒が、
   聞取: 分解してわかったことがある。中央の制御棒が

c314-2  一致率 95.1%
   台本: 1インチ半の給水管は、上端が引きちぎられ、3番のほうへねじれていた。
   聞取: 一インチ半の給水管は上端が引きちぎられ、三番の方へねじれていた。

c602-2  一致率 95.2%
   台本: 衣類を外しても、値は目に見えて下がらなかった。
   聞取: 衣類を外しても、熱は目に見えて下がらなかった。

c703-2  一致率 95.2%
   台本: この208ページが扱うのは、そのあとの作業だ。前書きに、そう書いてある。
   聞取: この208ページが扱うのはその後の作業だ。前書きにそう書いてある。

c814-2  一致率 95.2%
   台本: 柱の鋼材に、成形炸薬を磁石のクリップで留めた。
   聞取: 柱の鋼材に成形炸薬を磁石のクリップで止めた。

c115-1  一致率 95.5%
   台本: 対策として、カドミウムの板を6枚、炉に差してある。
   聞取: 対策としてカドミウムの板を六枚炉に挿してある。

c208-1  一致率 95.5%
   台本: 12月27日から30日にかけて、点検と計器の校正、
   聞取: 十二月二十七日から三十日にかけて点検と計器の校正

c507-1  一致率 95.5%
   台本: 10時35分、現場の指揮が、最初に着いた技術者から
   聞取: 十時三十五分、現場の指揮が最初に着いた技術者から

c509-1  一致率 95.7%
   台本: 運転階に2、3フィート入ったところで、2人が見えた。
   聞取: 運転会に二、三フィート入ったところで二人が見えた。

c605-1  一致率 95.7%
   台本: 1月10日、4インチの鉛を張った容器に納められた。
   聞取: 1月10日、四インチの鉛を張った容器に収められた。

pr10-2  一致率 95.8%
   台本: 降ろせたのは、6日後の1月9日、午前0時45分である。
   聞取: 降ろせたのは六日後の一月九日午前零時四十五分である。

c513-1  一致率 95.8%
   台本: 10時50分、5人が担架を2つ持って運転階に入った。
   聞取: 10時50分、五人が担架を二つ持って運転会に入った。

c715-1  一致率 95.8%
   台本: 20インチは、臨界を3.3インチ通り越した位置である。
   聞取: 二十インチは臨界を三点三インチ通り越した位置である。

pr09-1  一致率 96.0%
   台本: 1時間44分後。ようやく運転階に入った2人が見たのは、
   聞取: 一時間四十四分後、ようやく運転会に入った二人が見たのは

c202-1  一致率 96.0%
   台本: 前半の4か月は座学。機械、電気、原子力、そして放射線の管理。
   聞取: 前半の四ヶ月は座学。機械、電気、原子力、そして放射線の管理。

c418-2  一致率 96.0%
   台本: 警報から、16分が経っている。
   聞取: 警報から十六分が経っている。

c517-2  一致率 96.0%
   台本: 門から4分の1マイル離れた道路で、救急車と落ち合った。
   聞取: 本から四分の一マイル離れた道路で救急車と落ち合った。

pr08-1  一致率 96.2%
   台本: 「炉の水槽を汲み、水位計が目盛りに入った。プラス5フィート。
   聞取: 炉の水槽を組み、水位計が目盛りに入った。プラス五フィート。

pr08-2  一致率 96.2%
   台本: 全部の棒に、栓と筒などを戻している最中」。作業の途中だった。
   聞取: 全部の棒に線と筒などを戻している最中、作業の途中だった。

c204-1  一致率 96.2%
   台本: およそ3か月働くと、筆記試験がある。通れば、口頭試問が2回。
   聞取: およそ三ヶ月働くと筆記試験がある。通れば口頭試問が二回。

c221-2  一致率 96.3%
   台本: 「炉の水槽を汲んだ。水位計が目盛りに入った。プラス5フィート」。
   聞取: 炉の水槽を組んだ。水位計が目盛りに入った。プラス五フィート。

c317-1  一致率 96.3%
   台本: 8番。覆いは燃料の高さでねじれ、熱遮蔽に押しつけられていた。
   聞取: 八番。覆いは燃料の高さでねじれ、熱遮蔽に押し付けられていた。

c328-2  一致率 96.3%
   台本: 棒がどれだけ動き、何秒だったのかは、この208ページに無い。
   聞取: 棒がどれだけ動き、何秒だったのかはこの 208ページにない

c418-1  一致率 96.3%
   台本: 9時17分までに、ここにいた全員が構外の道路まで下がった。
   聞取: 9時17分までにここにいた全員が郊外の道路まで下がった。

c706-2  一致率 96.3%
   台本: 前は墓地の話、次の102ページは棺と墓の測定表になっている。
   聞取: 前は墓地の話。次の百二ページは棺と墓の測定表になっている

c726-2  一致率 96.3%
   台本: 誰がなぜそうしたのかは、この3冊のどこにも書かれていない。
   聞取: 彼がなぜそうしたのかはこの三冊のどこにも書かれていない。

c114-1  一致率 96.4%
   台本: 報告書は「何らかの分からない仕組みで、ホウ素が失われた」と書き、
   聞取: 報告書は何らかのわからない仕組みでホウ素が失われたと書き

c508-1  一致率 96.4%
   台本: 10時45分、運転を請け負っていた会社の2人が階段を上がった。
   聞取: 十時四十五分、運転を請け負っていた会社の二人が階段を上がった。

c707-2  一致率 96.4%
   台本: 分かるのは、消された、ということだけである。ここでは推測しない。
   聞取: わかるのは消されたということだけである。ここでは推測しない。

c912-2  一致率 96.4%
   台本: 中央の棒を抜けば超臨界だった。事故は、新しい炉でも起きえた、と。
   聞取: 中央の棒を抜けば超臨界だった。事故は新しい炉でも起き得たと

c207-2  一致率 96.6%
   台本: 止めたのは1960年12月23日。クリスマス休暇のためである。
   聞取: 込めたのは1960年12月23日、クリスマス休暇のためである。

c504-1  一致率 96.6%
   台本: 10時10分。3人が階段を上がりきると、運転階の扉は開いていた。
   聞取: 10時10分、3人が階段を上がりきると、運転会の扉は開いていた。

c714-2  一致率 96.6%
   台本: 中央の棒を16.7インチ引き抜いたところで、この炉は臨界になる。
   聞取: 中央の棒を十六点七インチ引き抜いたところで、この炉は臨界になる。

c817-1  一致率 96.6%
   台本: 溝は2本。深さ10フィート、長さは466フィートと495フィート。
   聞取: 溝は二本、深さ十フィート、長さは四百六十六フィートと四百九十五フィート

c817-2  一致率 96.8%
   台本: それでも入りきらず、2本の間に3本目、長さ400フィートを掘っている。
   聞取: それでも入りきらず、二本の間に三本目、長さ四百フィートを掘っている。

c111-2  一致率 97.0%
   台本: ウラン235は、全部で14キログラム。
   聞取: ウラン二三十五は全部で十四キログラム

c308-1  一致率 97.0%
   台本: 動画で撮れたのが2月22日。テレビカメラを入れたのが3月16日と17日。
   聞取: 動画で撮れたのが二月二十二日。テレビカメラを入れたのが三月十六日と十七日。

c808-1  一致率 97.0%
   台本: 分かったことがある。中心の16体では、
   聞取: 分かったことがある。中心の十六体では

c215-2  一致率 97.1%
   台本: 2、制御棒を組み直し、栓を入れ、遮蔽ブロックを戻す。ただし上の蓋は開けたまま。
   聞取: 二、制御棒を組み直し、線を入れ、遮蔽ブロックを戻す。ただし、上の蓋は開けたまま。

c713-1  一致率 97.1%
   台本: およそ50センチである。そしてこの炉は、
   聞取: およそ五十センチである。そしてこの炉は

c603-1  一致率 97.7%
   台本: 午前9時半から11時半まで、洗剤を使って洗った。
   聞取: 午前九時半から十一時半まで洗剤を使って洗った。

c501-1  一致率 97.8%
   台本: 9時50分、3度目の立ち入り。階段の最初の踊り場で、
   聞取: 九時五十分。三度目の立ち入り。階段の最初の踊り場で

ep04-2  一致率 97.8%
   台本: いくつもの連邦機関と、社外の人たちを巻き込んだ、と。
   聞取: いくつもの連邦機関と社外の人たちを巻き込んだ

c110-1  一致率 97.9%
   台本: 中心にあるのが圧力容器。高さはおよそ14フィート半。
   聞取: 中心にあるのが圧力容器。高さはおよそ十四フィート半

c419-1  一致率 97.9%
   台本: 同じ9時17分、放射線の技術者が着いた。門衛所の前で、
   聞取: 同じ九時十七分、放射線の技術者が着いた。門衛所の前で

c816-1  一致率 97.9%
   台本: 引きずった先は、SL-1から1600フィートの位置。
   聞取: 引きずった先はSL1から1600フィートの位置。

c901-2  一致率 97.9%
   台本: これ以後、制御棒1本で臨界にできる炉は、禁じられた、と。
   聞取: これ以後、制御棒一本で臨界にできる炉は禁じられた。

c111-1  一致率 98.0%
   台本: その中に、燃料が40体入っている。1体は9枚の板の束で、
   聞取: その中に燃料が四十体入っている。一体は九枚の板の束で

c915-1  一致率 98.0%
   台本: ところが駆動を外し、手で速く引けば、毎秒20パーセント。
   聞取: ところが、駆動を外し、手で速く引けば毎秒二十パーセント

c518-2  一致率 98.0%
   台本: 目の前で息が絶えたように見えたが、蘇生器が当てられた、と。
   聞取: 目の前で息が絶えたように見えたが、蘇生器が当てられた。

c709-2  一致率 98.0%
   台本: 書いたのは、炉を解体した会社。11月には追試の報告も出た。
   聞取: 書いたのは炉を解体した会社。十一月には追試の報告も出た。

ep03-1  一致率 98.0%
   台本: その208ページの前書きは、最後の段落をこう始めている。
   聞取: その二百八ページの前書きは最後の段落をこう始めている。

c710-2  一致率 98.1%
   台本: 翌30日、試験場の北にある工場へ運ばれた。そこで分解される。
   聞取: 翌三十日、試験場の北にある工場へ運ばれた。そこで分解される。

c715-2  一致率 98.2%
   台本: 反応を押し上げる余力、反応度で言えば、余分が2.4パーセント。
   聞取: 反応を押し上げる余力、反応度で言えば余分が二点四パーセント。

c420-2  一致率 98.3%
   台本: 建物の角で700、入口で250、廊下の扉で500ミリレントゲン。
   聞取: 建物の角で700、入り口で250、廊下の扉で500ミリレントゲン

c201-1  一致率 98.4%
   台本: 運転員は、軍から来ていた。訓練はバージニア州のフォート・ベルボアで、
   聞取: 運転員は軍から来ていた。訓練はバージニア州のフォートベルボーアで

c411-1  一致率 98.4%
   台本: 別の入口から6人が中へ入った。持っていた線量計2台が示したのは、
   聞取: 別の入り口から六人が中へ入った。持っていた線量計二台が示したのは

c521-1  一致率 98.4%
   台本: 3人目は見つかった。報告書の90ページは、その状態を1行で書いている。
   聞取: 三人目は見つかった。報告書の90ページはその状態を行で書いている。

pr01-1  一致率 100.0%
   台本: 1961年1月3日の午後9時1分。アメリカ、アイダホ州。
   聞取: 1961年1月3日の午後9時1分、アメリカアイダホ州

pr02-1  一致率 100.0%
   台本: 信号は8マイル先の消防署に届き、6人が消防車で向かった。
   聞取: 信号は八マイル先の消防署に届き、六人が消防車で向かった。

pr02-2  一致率 100.0%
   台本: ここまでは、ありふれた火災の一件である。
   聞取: ここまではありふれた火災の一件である。

pr03-1  一致率 100.0%
   台本: 火は出ていなかった。隊員が建物の奥へ入れたのは、
   聞取: 火は出ていなかった。隊員が建物の奥へ入れたのは

pr03-2  一致率 100.0%
   台本: 警報から1時間44分後だった。中では、原子炉が壊れていた。
   聞取: 警報から一時間四十四分後だった。中では原子炉が壊れていた。

pr04-2  一致率 100.0%
   台本: その前書きには、こう書いてある。
   聞取: その前書きにはこう書いてある。

pr04-3  一致率 100.0%
   台本: 原因は、この報告書では決めない
   聞取: 原因はこの報告書では決めない。

pr05-1  一致率 100.0%
   台本: 原因を調べたのは、別に置かれた調査委員会である。
   聞取: 原因を調べたのは別に置かれた調査委員会である。

pr05-3  一致率 100.0%
   台本: 人が何をしたかである。
   聞取: 人が何をしたかである。

pr06-1  一致率 100.0%
   台本: 亡くなったのは、当直の3人。
   聞取: 亡くなったのは当直の三人。

pr07-1  一致率 100.0%
   台本: その日の午後4時、3人の当直が日勤と交代している。
   聞取: その日の午後四時、三人の当直が日勤と交代している。

pr09-2  一致率 100.0%
   台本: 床の上で動いている、1人の姿だった。
   聞取: 床の上で動いている一人の姿だった。

pr10-1  一致率 100.0%
   台本: 3人目は、建物の中から降ろせなかった。
   聞取: 三人目は建物の中から降ろせなかった。

c102-1  一致率 100.0%
   台本: 設計はアルゴンヌ国立研究所。置かれたのは、
   聞取: 設計はアルゴンヌ国立研究所。置かれたのは

c102-2  一致率 100.0%
   台本: アイダホ州の国立原子炉試験場。当時、いくつもの試験炉が並んでいた。
   聞取: アイダホ州の国立原子炉試験場。当時、いくつもの試験炉が並んでいた

c103-2  一致率 100.0%
   台本: 遠く離れたレーダー基地に、電気と熱を送るための試作機である。
   聞取: 遠く離れたレーダー基地に電気と熱を送るための試作機である

c105-2  一致率 100.0%
   台本: 貨物機で運べる。1回の燃料で3年動く。
   聞取: 貨物機で運べる。一回の燃料で三年動く。

c106-1  一致率 100.0%
   台本: 地面の上に建てられるので、極地でも工事ができる。
   聞取: 地面の上に建てられるので、極地でも工事ができる。

c106-2  一致率 100.0%
   台本: そして、大量の水を必要としない。
   聞取: そして大量の水を必要としない

c107-1  一致率 100.0%
   台本: つまり、遠い場所に運んで、そこで動かすための炉だった。
   聞取: つまり遠い場所に運んでそこで動かすための炉だった。

c107-2  一致率 100.0%
   台本: 建設は、1957年に始まった。
   聞取: 建設は1957年に始まった。

c110-2  一致率 100.0%
   台本: 厚さ4分の3インチの鋼でできた、縦長の筒である。
   聞取: 厚さ四分の三インチの鋼でできた縦長の筒である。

c113-1  一致率 100.0%
   台本: このホウ素は、反応が進みすぎないよう抑える役をしている。
   聞取: このホウ素は反応が進みすぎないよう抑える役をしている。

c113-2  一致率 100.0%
   台本: ところが、そのホウ素が、炉の中から減っていた。
   聞取: ところが、そのホウ素が炉の中から減っていた。

c114-2  一致率 100.0%
   台本: どれだけ失われたかは決められない、と続けている。
   聞取: どれだけ失われたかは決められないと続けている。

c115-2  一致率 100.0%
   台本: 2番と6番の棒の溝に、3枚ずつ。
   聞取: 二番と六番の棒の溝に三枚ずつ

c116-1  一致率 100.0%
   台本: 制御棒は5本。カドミウムを金属で挟んだ、十字の板である。
   聞取: 制御棒は五本、カドミウムを金属で挟んだ十字の板である。

c116-2  一致率 100.0%
   台本: 1本の重さは、およそ22キログラム。
   聞取: 一本の重さはおよそ二十二キログラム。

c117-1  一致率 100.0%
   台本: 棒はラックとピニオン、つまり歯棒と歯車で上下する。
   聞取: 棒はラックとピニオン、つまり歯棒と歯車で上下する。

c118-2  一致率 100.0%
   台本: これが緊急停止、スクラムである。
   聞取: これが緊急停止、スクラムである。

c119-1  一致率 100.0%
   台本: 放射線を止めているのは、主に砂利である。
   聞取: 放射線を止めているのは主に砂利である。

c120-1  一致率 100.0%
   台本: 炉の蓋の上には、放射線を遮る鋼と板と、コンクリートのブロックが載る。
   聞取: 炉の蓋の上には放射線を遮る鋼と板とコンクリートのブロックが載る。

c120-2  一致率 100.0%
   台本: これが遮蔽ブロック。炉の中心から半径6フィートを覆っている。
   聞取: これが遮蔽ブロック。炉の中心から半径六フィートを覆っている

c121-1  一致率 100.0%
   台本: そしてここに、この炉の作りが出ている。
   聞取: そしてここにこの炉の作りが出ている。

c121-2  一致率 100.0%
   台本: 報告書の3ページに、こう書いてある。
   聞取: 報告書の三ページにこう書いてある

c121-3  一致率 100.0%
   台本: 遮蔽ブロックは、外さないと届かない
   聞取: 遮蔽ブロックは外さないと届かない。

c122-1  一致率 100.0%
   台本: 初めて臨界、つまり核反応がひとりでに続く状態になったのは、
   聞取: 初めて臨界、つまり核反応がひとりでに続く状態になったのは

c122-2  一致率 100.0%
   台本: 1958年8月11日。翌年2月から、運転は民間の会社に移っている。
   聞取: 1958年8月11日。翌年2月から運転は民間の会社に移っている。

c123-1  一致率 100.0%
   台本: 事故までの運転量は、炉の寿命のおよそ4割。
   聞取: 事故までの運転量は炉の寿命のおよそ四割。

c123-2  一致率 100.0%
   台本: 燃料は、まだ半分も使っていなかった。
   聞取: 燃料はまだ半分も使っていなかった。

c204-2  一致率 100.0%
   台本: 軍の側と、運転を請け負った会社の側である。
   聞取: 軍の側と運転を請け負った会社の側である

c206-1  一致率 100.0%
   台本: 報告書は、その夜いた3人の名前を本文に書いていない。
   聞取: 報告書はその夜いた三人の名前を本文に書いていない。

c210-1  一致率 100.0%
   台本: 次に、圧力容器を水で満たす。上端から1フィート下まで。
   聞取: 次に圧力容器を水で満たす。上端から一フィート下まで。

c211-1  一致率 100.0%
   台本: それから、水位を蓋の下から6インチのところまで下げた。
   聞取: それから水位を蓋の下から六インチのところまで下げた。

c211-2  一致率 100.0%
   台本: 次の作業のためである。
   聞取: 次の作業のためである。

c212-1  一致率 100.0%
   台本: 1月3日の日中、44本の細い棒が炉に差し込まれた。
   聞取: 1月3日の日中、44本の細い棒が炉に差し込まれた。

c213-1  一致率 100.0%
   台本: アルミの管の中に、コバルトを混ぜた線が短く入っている。
   聞取: アルミの管の中にコバルトを混ぜた線が短く入っている

c214-1  一致率 100.0%
   台本: 午後4時。3人の当直が、日勤の班と交代した。
   聞取: 午後四時、三人の当直が日勤の班と交代した。

c214-2  一致率 100.0%
   台本: その夜やることは、指示書に9項目、書かれていた。
   聞取: その夜やることは指示書に九項目書かれていた

c216-1  一致率 100.0%
   台本: 3、棒の駆動モーターをつなぐ。4、制御棒の位置をゼロに合わせる。
   聞取: 三、棒の駆動モーターをつなぐ。四、制御棒の位置をゼロに合わせる。

c218-2  一致率 100.0%
   台本: 動かすのは翌朝で、その夜は、そのための組み立てだった。
   聞取: 動かすのは翌朝で、その夜はそのための組み立てだった。

c219-1  一致率 100.0%
   台本: 制御棒を組み直すというのは、外してあった駆動部を、
   聞取: 制御棒を組み直すというのは、外してあった駆動部を

c219-2  一致率 100.0%
   台本: 炉の中の棒に、もう一度つなぐ作業のことである。
   聞取: 炉の中の棒にもう一度つなぐ作業のことである。

c220-1  一致率 100.0%
   台本: ただし、その作業を具体的にどう行うかは、
   聞取: ただし、その作業を具体的にどう行うかは

c220-2  一致率 100.0%
   台本: この報告書には書かれていない。原因を扱う報告書は、別にある。
   聞取: この報告書には書かれていない。原因を扱う報告書は別にある。

c222-1  一致率 100.0%
   台本: 「全部の棒に、栓と筒などを戻している」。
   聞取: 全部の棒に栓と筒などを戻している。

c222-2  一致率 100.0%
   台本: 指示書の2番、そのままである。
   聞取: 指示書の二番、そのままである。

c223-1  一致率 100.0%
   台本: そして報告書は、5ページでこう書いている。
   聞取: そして報告書は五ページでこう書いている。

c223-2  一致率 100.0%
   台本: その2番の作業中だった
   聞取: その二番の作業中だった

c301-1  一致率 100.0%
   台本: 午後9時1分に何が起きたのかを、見た人はいない。
   聞取: 午後九時一分に何が起きたのかを見た人はいない。

c302-1  一致率 100.0%
   台本: 記録に残っているのは、3つ。建屋の熱の警報。
   聞取: 記録に残っているのは三つ。建屋の熱の警報

c302-2  一致率 100.0%
   台本: 0.9マイル離れた門衛所の測定器。そして、止まった制御盤。
   聞取: 0.9マイル離れた門衛所の測定器、そして止まった制御盤。

c303-2  一致率 100.0%
   台本: 音も、光も、外には出ていない。
   聞取: 音も光も外には出ていない。

c304-1  一致率 100.0%
   台本: 報告書は前書きで、建屋の損傷は「わずか」だったと書いている。
   聞取: 報告書は前書きで建屋の損傷はわずかだったと書いている。

c304-2  一致率 100.0%
   台本: 壊れたのは、建物ではなかった。
   聞取: 壊れたのは建物ではなかった。

c305-1  一致率 100.0%
   台本: 1月6日、屋根に穴が開いたように見え、空から撮り直している。
   聞取: 一月六日。屋根に穴が開いたように見え、空から撮り直している。

c305-2  一致率 100.0%
   台本: 穴に見えたのは、排気口に巻いてあった布だった。
   聞取: 穴に見えたのは排気口に巻いてあった布だった。

c307-1  一致率 100.0%
   台本: つまり、壊れたのは中だけである。
   聞取: つまり壊れたのは中だけである。

c307-2  一致率 100.0%
   台本: では中はどうなっていたのか。それを見るまでに、時間がかかった。
   聞取: では、中はどうなっていたのか。それを見るまでに時間がかかった。

c309-1  一致率 100.0%
   台本: 写した絵を読んだのは、海軍の写真判読センターと、
   聞取: 写した絵を読んだのは海軍の写真判読センターと

c309-2  一致率 100.0%
   台本: 運転を請け負った会社の技術者たちである。
   聞取: 運転を請け負った会社の技術者たちである。

c310-2  一致率 100.0%
   台本: 制御棒の位置である。読み取りは、その番号ごとに並んでいる。
   聞取: 制御棒の位置である。読み取りはその番号ごとに並んでいる

c312-1  一致率 100.0%
   台本: 1番と3番。棒を囲う覆いは、折れ、ねじれ、
   聞取: 一番と三番。棒を囲う覆いは折れ、ねじれ

c312-3  一致率 100.0%
   台本: 3番では、棒があった場所に、口の開いた穴が残っている。
   聞取: 三番では棒があった場所に口の開いた穴が残っている。

c314-1  一致率 100.0%
   台本: 4番。覆いは、壁の配管に叩きつけられている。
   聞取: 四番、覆いは壁の配管に叩きつけられている。

c317-2  一致率 100.0%
   台本: 押さえ具はひどくねじれ、隙間に燃料箱の蓋が挟まっている。
   聞取: 押さえ具はひどくねじれ、隙間に燃料箱の蓋が挟まっている。

c318-2  一致率 100.0%
   台本: どちらも、9番の影に入っていたからである。
   聞取: どちらも九番の影に入っていたからである。

c319-1  一致率 100.0%
   台本: では9番はどこにあったのか。9番の場所は、
   聞取: では九番はどこにあったのか。九番の場所は

c319-2  一致率 100.0%
   台本: 9番自身の刃に塞がれていた。
   聞取: 九番。自身の刃に塞がれていた。

c321-2  一致率 100.0%
   台本: 中心の板から、部分ごとに剥がれていた。
   聞取: 中心の板から部分ごとに剥がれていた

c322-2  一致率 100.0%
   台本: 8番の上あたりでは、炉心の面より6フィート上まで持ち上がっている。
   聞取: 八番の上あたりでは炉心の面より六フィート上まで持ち上がっている。

c324-2  一致率 100.0%
   台本: 4つの蓋は、それとは別に見つかっている。
   聞取: 四つの蓋はそれとは別に見つかっている。

c325-1  一致率 100.0%
   台本: 燃料そのものは、半分ほどが見分けられた。
   聞取: 燃料そのものは半分ほどが見分けられた。

c326-1  一致率 100.0%
   台本: そして9番について、運転会社の判読はこう書いている。
   聞取: そして九番について運転会社の判読はこう書いている。

c401-1  一致率 100.0%
   台本: 午後9時1分。炉の建屋にある、熱を感じる警報が鳴った。
   聞取: 午後九時一分、炉の建屋にある熱を感じる警報が鳴った。

c401-2  一致率 100.0%
   台本: 信号は3か所へ同時に流れている。消防署2つと、通信棟である。
   聞取: 信号は三か所へ同時に流れている。消防署二つと通信棟である。

c402-2  一致率 100.0%
   台本: 人の汚染を測る装置が鳴った。
   聞取: 人の汚染を測る装置が鳴った。

c403-1  一致率 100.0%
   台本: 報告書は、その様子をこう書いている。
   聞取: 報告書はその様子をこう書いている。

c403-2  一致率 100.0%
   台本: 針は全部、振り切れていた
   聞取: 針は全部振り切れていた。

c404-1  一致率 100.0%
   台本: しかも、装置は元に戻せなかった。ただし施設の制御室の計器は、
   聞取: しかも装置は元に戻せなかった。ただし、施設の制御室の計器は

c405-2  一致率 100.0%
   台本: 現場は火災として動いた。6人が3号車に乗り、副隊長は自分の車で出た。
   聞取: 現場は火災として動いた。六人が三号車に乗り、副隊長は自分の車で出た。

c406-1  一致率 100.0%
   台本: 9時2分、警報は試験場全体の無線に流れた。
   聞取: 九時二分、警報は試験場全体の無線に流れた。

c406-2  一致率 100.0%
   台本: 同じ通報で、放射線の管理をする技術者を呼ぶよう頼んでいる。
   聞取: 同じ通報で放射線の管理をする技術者を呼ぶよう頼んでいる。

c407-1  一致率 100.0%
   台本: 9時4分、隣の炉の技術者が現場へ向かった。
   聞取: 九時四分、隣の炉の技術者が現場へ向かった。

c407-2  一致率 100.0%
   台本: 途中で、警備員から空気呼吸器を受け取っている。
   聞取: 途中で警備員から空気呼吸器を受け取っている。

c409-1  一致率 100.0%
   台本: 隊長は門衛所に入り、炉の制御室に電話をかけた。誰も出ない。
   聞取: 隊長は門衛所に入り、炉の制御室に電話をかけた。誰も出ない。

c412-2  一致率 100.0%
   台本: 中に入ってから、まだ2分半である。火も煙も人も、見ていない。
   聞取: 中に入ってからまだ二分半である。火も煙も人も見ていない。

c415-1  一致率 100.0%
   台本: 弁当箱と、コーヒーのカップも一緒だった。制御盤の明かりは消え、
   聞取: 弁当箱とコーヒーのカップも一緒だった。制御盤の明かりは消え

c415-2  一致率 100.0%
   台本: その先は暗い。呼吸器の面体、つまり顔を覆う窓が曇って、よく見えなかった。
   聞取: その先は暗い。呼吸器の面体、つまり顔を覆う窓が曇ってよく見えなかった。

c416-2  一致率 100.0%
   台本: 深くは入れない。彼はすぐ引き返した。
   聞取: 深くは入れない。彼はすぐ引き返した。

c417-2  一致率 100.0%
   台本: 全員が空気呼吸器をつけている。
   聞取: 全員が空気呼吸器をつけている。

c420-1  一致率 100.0%
   台本: 彼はまず消防隊を風上へ回らせ、それから中へ入った。
   聞取: 彼はまず消防隊を風上へ回らせ、それから中へ入った。

c421-2  一致率 100.0%
   台本: 建物の中にいるはずの3人を探していた。誰もいない。
   聞取: 建物の中にいるはずの三人を探していた。誰もいない。

c423-2  一致率 100.0%
   台本: つまり、建物の中にいる。
   聞取: つまり建物の中にいる

c505-2  一致率 100.0%
   台本: 見えたのは瓦礫だけである。人の姿は見えなかった。
   聞取: 見えたのは瓦礫だけである。人の姿は見えなかった。

c506-2  一致率 100.0%
   台本: 試験場の無線で、全部の施設に流されている。
   聞取: 試験場の無線で全部の施設に流されている

c510-2  一致率 100.0%
   台本: 動いているのが、見えた
   聞取: 動いているのが見えた。

c511-2  一致率 100.0%
   台本: 炉の真上は、毎時1000レントゲンを超えると見積もられている。
   聞取: 炉の真上は毎時1,000レントゲンを超えると見積もられている。

c512-1  一致率 100.0%
   台本: 2人はすぐ引き返した。救助の人手と道具を呼ぶためである。
   聞取: 二人はすぐ引き返した。救助の人手と道具を呼ぶためである。

c513-2  一致率 100.0%
   台本: 最初に見つかった1人を運び出すためである。
   聞取: 最初に見つかった一人を運び出すためである。

c515-1  一致率 100.0%
   台本: ここで1人の空気呼吸器が詰まった。非常口から出ようとしたが、
   聞取: ここで一人の空気呼吸器が詰まった非常口から出ようとしたが

c516-2  一致率 100.0%
   台本: 1分でも短くする、という作業だった。
   聞取: 一分でも短くする、という作業だった。

c522-1  一致率 100.0%
   台本: 原文の語は「天井に突き刺さっていた」である。
   聞取: 原文の語は天井に突き刺さっていたである。

c522-2  一致率 100.0%
   台本: 報告書の書き方に合わせて、そのまま読む。ここでは絵にしない。
   聞取: 報告書の書き方に合わせてそのまま読む。ここでは絵にしない。

c523-1  一致率 100.0%
   台本: 確認は2分で終わった。その日はそこまでである。
   聞取: 確認は二分で終わった。その日はそこまでである。

c523-2  一致率 100.0%
   台本: 3人目を降ろす方法は、まだ誰も持っていなかった。
   聞取: 三人目を降ろす方法はまだ誰も持っていなかった。

c601-1  一致率 100.0%
   台本: 1月4日の午前5時半。5人の組が、1人目の衣類を外す作業に入った。
   聞取: 1月4日の午前5時半、五人の組が一人目の衣類を外す作業に入った。

c601-2  一致率 100.0%
   台本: 記録係と時間係を置き、1分で交代する。
   聞取: 記録係と時間係を置き、一分で交代する。

c603-2  一致率 100.0%
   台本: それでも落ちない。除染は、そこで打ち切られている。
   聞取: それでも落ちない。除染はそこで打ち切られている。

c604-2  一致率 100.0%
   台本: 回収が終わったと宣言されたのは、同じ日の午前4時42分である。
   聞取: 回収が終わったと宣言されたのは同じ日の午前4時42分である。

c606-1  一致率 100.0%
   台本: 1月13日の朝、8人の組が3人を埋葬のために整えた。
   聞取: 1月13日の朝、8人の組が3人を埋葬のために整えた。

c606-2  一致率 100.0%
   台本: 報告書は、その手順を1行ずつ書いている。
   聞取: 報告書はその手順を一行ずつ書いている。

c606-3  一致率 100.0%
   台本: 鉛で包み、金属の帯で締めた
   聞取: 鉛で包み、金属の帯で締めた。

c607-2  一致率 100.0%
   台本: 3人目だけは、8分の1インチでなく4分の3インチの厚い板だった。
   聞取: 三人目だけは八分の一インチでなく四分の三インチの厚い板だった

c608-2  一致率 100.0%
   台本: 「注意、高線量区域」。そして「注意、放射性物質」。
   聞取: 注意、高線量区域。そして注意、放射性物質。

c609-1  一致率 100.0%
   台本: 1月22日。2人は空軍機でニューヨークとワシントンへ、
   聞取: 一月二十二日、二人は空軍機でニューヨークとワシントンへ。

c609-2  一致率 100.0%
   台本: 1人は海軍機でミシガンへ運ばれた。
   聞取: 一人は海軍機でミシガンへ運ばれた。

c610-1  一致率 100.0%
   台本: ミシガンの墓地では、棺を輸送箱から出して並べてほしい、と求められた。
   聞取: ミシガンの墓地では棺を輸送箱から出して並べてほしいと求められた。

c610-2  一致率 100.0%
   台本: 報告書は「軍の形式で並べられた」と書く。
   聞取: 報告書は軍の形式で並べられたと書く。

c611-1  一致率 100.0%
   台本: 3つの墓には、いずれもコンクリートが打たれた。
   聞取: 三つの墓にはいずれもコンクリートが打たれた。

c701-2  一致率 100.0%
   台本: それでも、なぜ棒が動いたのかは、この報告書には書かれていない。
   聞取: それでも、なぜ棒が動いたのかはこの報告書には書かれていない。

c702-1  一致率 100.0%
   台本: 書かれていないのは、手が回らなかったからではない。
   聞取: 書かれていないのは手が回らなかったからではない。

c702-2  一致率 100.0%
   台本: 最初からそう決めて作られている。
   聞取: 最初からそう決めて作られている

c703-1  一致率 100.0%
   台本: 原因は、別に置かれた調査委員会が扱う。
   聞取: 原因は別に置かれた調査委員会が扱う

c704-1  一致率 100.0%
   台本: その調査委員会の報告は、1961年6月に出ている。43ページ。
   聞取: その調査委員会の報告は 1961年6月に出ている。四十三ページ。

c705-1  一致率 100.0%
   台本: この報告書には、1枚だけ変わった紙がある。
   聞取: この報告書には一枚だけ変わった紙がある。

c705-3  一致率 100.0%
   台本: このページの内容は削除された
   聞取: このページの内容は削除された。

c706-1  一致率 100.0%
   台本: 前後は、犠牲者を埋葬のために整えた記録である。
   聞取: 前後は犠牲者を埋葬のために整えた記録である。

c708-1  一致率 100.0%
   台本: では、原因はどこに書かれたのか。
   聞取: では、原因はどこに書かれたのか。

c708-2  一致率 100.0%
   台本: 1962年7月27日。回収作業の最終報告書が出ている。
   聞取: 1962年7月27日。回収作業の最終報告書が出ている。

c711-2  一致率 100.0%
   台本: 自分を囲う覆いに食い込んだまま、動かなくなっていた。
   聞取: 自分を囲う覆いに食い込んだまま動かなくなっていた。

c712-2  一致率 100.0%
   台本: 20インチ、引き抜かれていた
   聞取: 20インチ引き抜かれていた。

c714-1  一致率 100.0%
   台本: 限られた実験の数字から見積もると、
   聞取: 限られた実験の数字から見積もると

c716-1  一致率 100.0%
   台本: では、なぜそこまで動いたのか。
   聞取: では、なぜそこまで動いたのか。

c717-1  一致率 100.0%
   台本: 化学の爆薬が棒を持ち上げた、という説明。
   聞取: 化学の爆薬が棒を持ち上げたという説明

c717-2  一致率 100.0%
   台本: これは薬品の試験と、容器と炉心の部品の検査で否定された。
   聞取: これは薬品の試験と容器と炉心の部品の検査で否定された。

c718-2  一致率 100.0%
   台本: これも、事故の始まりを説明できない、と書かれている。
   聞取: これも事故の始まりを説明できないと書かれている。

c719-1  一致率 100.0%
   台本: そして模型を作り、人が手で引く速さを測っている。
   聞取: そして模型を作り、人が手で引く速さを測っている。

c721-2  一致率 100.0%
   台本: 手で引き抜いたことによって暴走が起きた、と示している。
   聞取: 手で引き抜いたことによって暴走が起きたと示している。

c722-1  一致率 100.0%
   台本: そこには、こうも書いてある。
   聞取: そこにはこうも書いてある。

c722-2  一致率 100.0%
   台本: 「最大の力ではない引き抜き」で、と。
   聞取: 最大の力ではない引き抜きでと。

c723-1  一致率 100.0%
   台本: 引き抜いていたのは、駆動装置を組み立てている最中である。
   聞取: 引き抜いていたのは駆動装置を組み立てている最中である。

c723-2  一致率 100.0%
   台本: 夜間指示書の、2番だった。
   聞取: 夜間指示書の二番だった。

c724-1  一致率 100.0%
   台本: つまり、原因を扱った報告書も断定はしていない。
   聞取: つまり、原因を扱った報告書も断定はしていない。

c725-2  一致率 100.0%
   台本: 棒を引き抜く別の手段で、証拠に合うものは見つかっていない、と。
   聞取: 棒を引き抜く別の手段で証拠に合うものは見つかっていないと。

c726-1  一致率 100.0%
   台本: この動画は、そこから先へは行かない。
   聞取: この動画はそこから先へは行かない。

c727-1  一致率 100.0%
   台本: 残っているのは、2つの数字だけである。
   聞取: 残っているのは二つの数字だけである。

c727-2  一致率 100.0%
   台本: 20インチという位置と、2秒から4秒という時間。
   聞取: 20インチという位置と、二秒から四秒という時間

c801-1  一致率 100.0%
   台本: 1961年5月。水を入れなければ、この炉でもう核反応は起きない。
   聞取: 1961年5月。水を入れなければ、この炉でもう核反応は起きない。

c801-2  一致率 100.0%
   台本: そう判断されて、最後の段階が始まった。
   聞取: そう判断されて最後の段階が始まった。

c803-1  一致率 100.0%
   台本: 実施したのは、ゼネラル・エレクトリック。
   聞取: 実施したのはゼネラルエレクトリック。

c803-2  一致率 100.0%
   台本: 期間は1961年5月から、1962年7月まで。
   聞取: 期間は1961年5月から1962年7月まで。

c804-2  一致率 100.0%
   台本: 事故そのものは、2秒から4秒だった。
   聞取: 事故そのものは二秒から四秒だった。

c805-1  一致率 100.0%
   台本: 1961年11月29日、圧力容器が建屋から出された。
   聞取: 1961年11月29日、圧力容器が建屋から出された。

c805-3  一致率 100.0%
   台本: 9フィート、飛び上がった
   聞取: 九フィート飛び上がった。

c806-1  一致率 100.0%
   台本: 翌11月30日、試験場の北の端にある工場へ運ばれた。
   聞取: 翌11月30日、試験場の北の端にある工場へ運ばれた。

c806-2  一致率 100.0%
   台本: 中には、壊れた炉心がそのまま入っている。
   聞取: 中には壊れた炉心がそのまま入っている。

c807-1  一致率 100.0%
   台本: そこで炉は分解され、部品ごとに調べられた。
   聞取: そこで炉は分解され、部品ごとに調べられた。

c807-2  一致率 100.0%
   台本: 化学と金属の分析。温度と圧力を、金属の側から読む作業である。
   聞取: 化学と金属の分析。温度と圧力を金属の側から読む作業である。

c808-2  一致率 100.0%
   台本: 板の面積の5パーセントが、蒸発の温度まで上がっていた。
   聞取: 板の面積の五パーセントが蒸発の温度まで上がっていた。

c809-2  一致率 100.0%
   台本: その部分が壊れていた。
   聞取: その部分が壊れていた。

c810-1  一致率 100.0%
   台本: 炉心そのものも、ほぼ半フィート、上へずれていた。
   聞取: 炉心そのものもほぼ半フィート上へずれていた。

c810-2  一致率 100.0%
   台本: 押し上げられて、そのまま戻らなかったということである。
   聞取: 押し上げられてそのまま戻らなかったということである。

c811-1  一致率 100.0%
   台本: ここで、事故の日の作業が効いてくる。
   聞取: ここで事故の日の作業が効いてくる

c811-2  一致率 100.0%
   台本: 前日から差し込んでいた44本の測定棒が、ほとんど回収できた。
   聞取: 前日から差し込んでいた四十四本の測定棒がほとんど回収できた。

c812-1  一致率 100.0%
   台本: 中に仕込まれたコバルトの線から、
   聞取: 中に仕込まれたコバルトの線から

c812-2  一致率 100.0%
   台本: 中性子がどこにどれだけ来たかを、直接測ることができた。
   聞取: 中性子がどこにどれだけ来たかを直接測ることができた。

c813-2  一致率 100.0%
   台本: 壊し方は、爆破である。
   聞取: 壊し方は爆破である。

c815-2  一致率 100.0%
   台本: ブルドーザで引きずった。
   聞取: ブルドーザで引きずった。

c819-1  一致率 100.0%
   台本: 埋めた量は、およそ8万立方フィート。
   聞取: 埋めた量はおよそ八万立方フィート

c820-1  一致率 100.0%
   台本: 上には、汚れていない土を2フィート被せた。
   聞取: 上には汚れていない土を二フィート被せた。

c821-1  一致率 100.0%
   台本: なぜ試験場の共同処分地へ運ばなかったのか。
   聞取: なぜ試験場の共同処分地へ運ばなかったのか。

c822-1  一致率 100.0%
   台本: 燃料は、試験場の化学処理工場へ送られて再処理された。
   聞取: 燃料は試験場の化学処理工場へ送られて再処理された。

c822-2  一致率 100.0%
   台本: 燃料を除いた炉心と部品は、廃棄物の管理施設に入っている。
   聞取: 燃料を除いた炉心と部品は廃棄物の管理施設に入っている。

c823-3  一致率 100.0%
   台本: 敷地は全部、更地である
   聞取: 敷地は全部更地である。

c901-1  一致率 100.0%
   台本: この事故については、よくこう言われる。
   聞取: この事故についてはよくこう言われる。

c902-1  一致率 100.0%
   台本: 本当だろうか。この動画では、当たれるものを全部当たった。
   聞取: 本当だろうか。この動画では当たれるものを全部当たった。

c902-2  一致率 100.0%
   台本: 先に言うと、その形の規則は見つからなかった。
   聞取: 先に言うと、その形の規則は見つからなかった。

c903-1  一致率 100.0%
   台本: まず、原因を扱った調査委員会の報告。1961年6月、43ページ。
   聞取: まず原因を扱った調査委員会の報告。 1961年6月43ページ。

c903-2  一致率 100.0%
   台本: 全文を機械で調べた。
   聞取: 全文を機械で調べた

c904-1  一致率 100.0%
   台本: 「1本の制御棒」という言葉は、1件も出てこない。
   聞取: 一本の制御棒という言葉は一件も出てこない。

c904-2  一致率 100.0%
   台本: 設計の規則は、そこには書かれていない。
   聞取: 設計の規則はそこには書かれていない。

c905-2  一致率 100.0%
   台本: これは、エネルギー省の公式の歴史書に載っている。
   聞取: これはエネルギー省の公式の歴史書に載っている。

c906-2  一致率 100.0%
   台本: アイダホ州歴史協会にある。原文には当たれなかった。
   聞取: アイダホ州歴史協会にある原文には当たれなかった

c907-1  一致率 100.0%
   台本: だからここは「そう書いている本がある」までしか言えない。
   聞取: だからここはそう書いている本があるまでしか言えない。

c907-2  一致率 100.0%
   台本: 規則そのものは、まだ出てこない。
   聞取: 規則そのものはまだ出てこない。

c908-1  一致率 100.0%
   台本: もっとはっきりしている資料がある。1962年11月、
   聞取: もっとはっきりしている資料がある。 1962年11月

c908-2  一致率 100.0%
   台本: アルゴンヌ国立研究所が出した54ページの検討報告書である。
   聞取: アルゴンヌ国立研究所が出した五十四ページの検討報告書である

c909-1  一致率 100.0%
   台本: その第8章F節の題は、「単一の誤り、という基準」。
   聞取: その第八章F節の題は、単一の誤りという基準

c909-3  一致率 100.0%
   台本: 断定的に、こう述べたい
   聞取: 断定的にこう述べたい。

c910-1  一致率 100.0%
   台本: 制御棒1本を抜くだけで超臨界、つまり反応が増え続ける状態になる設計は、
   聞取: 制御棒一本を抜くだけで超臨界、つまり反応が増え続ける状態になる設計は

c911-2  一致率 100.0%
   台本: どこで折り合わせるかは、設計者が決めるしかない、と。
   聞取: どこで折り合わせるかは設計者が決めるしかないと

c913-2  一致率 100.0%
   台本: 歯棒と歯車の減速比の話である。
   聞取: 歯棒と歯車の減速比の話である。

c914-2  一致率 100.0%
   台本: 歯車が選ばれていた。わざと、遅くしてある。
   聞取: 歯車が選ばれていた。わざと遅くしてある。

c916-1  一致率 100.0%
   台本: 条文になったのは1971年2月20日、一般設計基準の25番と26番。
   聞取: 条文になったのは1971年2月20日、一般設計基準の二十五番と二十六番

c917-1  一致率 100.0%
   台本: 26番は、棒が固着する不具合を見込んだ余裕を持つこと。
   聞取: 二十六番は棒が固着する不具合を見込んだ余裕を持つこと。

c917-2  一致率 100.0%
   台本: どちらも「1本で臨界にならない」とは書いていない。近いが、別だ。
   聞取: どちらも一本で臨界にならないとは書いていない。近いが別だ。

ep01-1  一致率 100.0%
   台本: この動画で使ったのは、3冊の報告書である。
   聞取: この動画で使ったのは三冊の報告書である。

ep01-2  一致率 100.0%
   台本: 原因を書かない208ページ。原因を書いた320ページ。追試の191ページ。
   聞取: 原因を書かない 208ページ。原因を書いた 320ページ。追試の 191ページ。

ep02-2  一致率 100.0%
   台本: 誰がいつ入り、何レントゲンを浴び、何分で出たか。それが並んでいる。
   聞取: 誰がいつ入り、何レントゲンを浴び、何分で出たか、それが並んでいる。

ep05-1  一致率 100.0%
   台本: 最初に動いたのは、6人の消防隊だった。
   聞取: 最初に動いたのは六人の消防隊だった。

ep06-1  一致率 100.0%
   台本: 1961年1月3日、午後9時1分。
   聞取: 1961年1月3日午後9時1分

ep06-2  一致率 100.0%
   台本: 記録は、そこから始まっている。
   聞取: 記録はそこから始まっている。

検査 434行 -> C:\Users\konar\Desktop\zukai-engine\audio\el_qa\sl1_el_yomi.tsv（記録 434行／台本 435行）
Scribe: 音声 1874.2秒を文字起こし／クレジット 41,921 → 42,529（消費 608／上限 131,000） ⚠️ 反映が遅れることがある
⚠️ 文字起こしに失敗した行 1件: [('c823-1', 'URLError')]
🔴 未検査の行があります。『全部OK』とは言えません。
