  pr01-1  91.9%  2021年6月24日午前1時22分頃。
  pr01-2 100.0%  アメリカフロリダ州サーフサイド。マイアミの北にある
  pr01-3 100.0%  大西洋に面した小さな町である。
  pr02-1  97.9%  海沿いに建つ十二階建てのマンションのおよそ半分が
  pr02-2 100.0%  数秒のうちに崩れ落ちた。九十八人が亡くなっている。
  pr03-1 100.0%  ただし、この崩落にははっきりしていることがある。
  pr03-2 100.0%  崩れ始めたのはこの夜ではない。
  pr04-1  93.9%  三週間前、この建物では一つの門が開かなくなっていた。
  pr04-2  98.0%  下に沈んだ量は一辺二センチほど。それが最初の合図である。
  pr05-1 100.0%  三週間前から数え始めているのはこちらの都合ではない。
  pr05-2 100.0%  五年をかけて調べたアメリカの国の調査団である。
  pr07-1 100.0%  崩れたのは建物の東側と中央だった。
  pr07-2 100.0%  生きて助け出されたのは四人と報じられ、うち一人は病院で亡くなっている。
  pr07-3 100.0%  崩れずに残った西側はその年の七月四日に爆破で解体されている。
  pr08-1 100.0%  調べたのはアメリカ国立標準技術研究所NISTという
  pr08-2  95.5%  国が調査団を送る法律に基づく調査で、結果の公表は2026年6月22日。
  pr08-3  94.7%  事故から五年後である。ただし、最終的な報告書は今も出ていない。
  pr10-1 100.0%  公表されたのは技術的な知見と呼ばれる途中の結論だけである。
  pr10-2  94.5%  そしてその知見の中で、目撃の記録はあの門から始まっている。
  c101-1  95.5%  先に建物の形を見ておく。NISTは作った模型に
  c101-2  96.2%  寸法が書き込まれている。十二階建て、高さは三十三点八メートル
  c102-1  98.2%  平面はL字の形で、辺の長さは四十五点七メートルと六十一メートル。
  c102-2  96.3%  竣工したのは1981年で、崩れたのはその40年後に当たる
  c103-1 100.0%  ここで覚えておいてほしいのは、建物そのものではない。
  c103-2  91.9%  建物の南側に広がる平らな床の方である。
  c104-1 100.0%  プールとその周りのタイル張りの床
  c104-2  95.8%  あの平らな面は地面の上に乗っていたのではなかった。
  c105-1 100.0%  下は地下駐車場である。プールサイドを歩く人の足の下は
  c105-2  90.9%  コンクリートの板を一枚挟んで車の止まっている空間だった
  c106-1  80.0%  この作り自体は珍しいものではない。
  c106-2 100.0%  土地の狭い海沿いでは、駐車場の屋根を庭として使うのは
  c106-3  78.3%  ごく普通のやり方である。
  c107-1 100.0%  平らな床とその下の駐車場と住んでいた建物本体
  c107-2 100.0%  この三つがどうつながっていたかが、これから起きることの全部になる。
  c108-1  91.9%  話を2021年の5月の終わり頃に戻す。
  c108-2  89.7%  この時はまだ何も起きていない
  c109-1  91.7%  プールデッキと街路側の駐車場の間には門があった
  c109-2  86.3%  ニストはその門を目撃した人の話から描き起こしている
  c110-1  94.1%  一ヶ月前の状態にはこう書かれている
  c110-2  82.8%  見た目も位置合わせも正常。普通に開いて普通に閉まる門である。
  c111-1  88.0%  次の段は三週間前、日付でいうと六月の初め頃にあたる
  c111-2  82.4%  同じもんがこうなる。
  c112-1 100.0%  下にずれた量は二分の一インチに満たないと書かれている
  c112-2  97.8%  センチに直すと一点二センチほど。それだけのずれで
  c112-3 100.0%  門が開かなくなった。
  c113-1 100.0%  扉というのは枠との隙間が数ミリで作られている
  c113-2 100.0%  支えている側が一センチ下がればそれだけで動かなくなる。
  c114-1  93.6%  逆に言えば、一点二センチは人が見て気づく量ではない。
  c114-2  91.4%  気づけるのは人ではなく扉の方だった。
  c115-1  85.0%  この時もう一つ見つかっていたものがある。
  c115-2 100.0%  プールデッキに置かれていたプランターの傷みである。
  c116-1 100.0%  場所はKと13.1という記号で呼ばれる柱のそば。
  c116-2  94.7%  記号のまま呼ぶのは、この柱が後でもう一度出てくるからである。
  c117-1 100.0%  三週間前の時点として、NISTがまとめに挙げているのはこの二つである。
  c117-2 100.0%  ひび割れたプランターと開かなくなった門である。
  c118-1 100.0%  どちらも建物が壊れかけている印には見えない。
  c118-2 100.0%  業者を呼んで直せば済む話に見える。
  c119-1 100.0%  実際そう受け取られた。門は直された
  c119-2  93.3%  直した後の様子までNISTの記録に残っている。
  c120-1  89.5%  そして一週間前、六月十七日頃のことである。
  c120-2 100.0%  直したはずのその門をもう一度見ることになる。
  c121-1  80.0%  ニストの描き起こしには三段目がある。
  c121-2 100.0%  門の脇に描かれた矢印がまた下を向いている。
  c122-1 100.0%  ずれた量は二分の一インチ足らずからおよそ一インチへ。
  c122-2  95.7%  一点二センチだったものが二点五センチになっている
  c123-1 100.0%  2週間で倍である
  c123-2  80.7%  しかもこの二点五センチは一度治した後に測られた数字だった。
  c124-1 100.0%  つまり門がずれていたのではない。
  c124-2  92.3%  門を載せている床の方が下がり続けていた。
  c125-1  75.7%  直せば一旦は戻る。戻った後また下がる。
  c125-2  88.4%  下がっていく速さの方が治す速さより速かった
  c126-1  73.5%  ニストが三段目に書き添えた言葉は一言だけである。
  c126-2  88.0%  修理の後、約1インチ沈んだ
  c127-1  94.3%  この一週間前には駐車場の中でもあることが見られている。
  c127-2  94.7%  建物の下、車が止まっているあの空間である。
  c128-1 100.0%  見えていたのは水だった。
  c128-2 100.0%  といっても天井から滴り落ちてくる水ではない。
  c129-1 100.0%  水は柱に沿って上から下へ流れていた。
  c129-2 100.0%  柱を伝って落ちてくるという見え方である。
  c130-1 100.0%  水が柱を伝うということは、天井と柱のつなぎ目に
  c130-2  95.2%  水の通る隙間が空いているということでもある。
  c131-1  84.6%  nistは一週間前に見えていたことをこう要約している。
  c131-2 100.0%  柱を伝って水が流れ落ちた。
  c201-1  73.3%  そこから日数の数え方が変わる。
  c201-2 100.0%  それまで週の単位だったものが時間の単位になる。
  c202-1  97.0%  次に記録が残っているのは十七時間前。
  c202-2  96.4%  2021年6月23日の朝である。崩落した日の前の日に当たる。
  c203-1 100.0%  場所はプールデッキの床の上。
  c203-2  80.0%  人が普通に歩くタイル張りの面の方である。
  c204-1 100.0%  この日の朝、そこを歩いた人がいた。
  c204-2  95.7%  そして足元にそれまでなかったものを見つけている。
  c205-1  81.1%  ニストはその人から直接話を聞いている
  c205-2  95.2%  資料に残っているのは聞き取りの時に描かれた図と手書きの文である。
  c206-1  93.3%  聖書された報告書の文章ではない。
  c206-2  93.9%  話しながら、その場で紙に書かれた走り書きの方である。
  c207-1  88.9%  書き込まれている場所は十三点一とKの交わる辺り。
  c207-2 100.0%  三週間前にプランターが割れていたあの近くである。
  c208-1 100.0%  三週間前に異変が見えたところとほとんど同じ場所だった。
  c208-2 100.0%  同じ一点が三週間動き続けていたことになる
  c209-1  94.1%  その図には記号が二種類振られている。
  c209-2  91.3%  プールデッキの排水溝とプランターの排水溝である。
  c210-1 100.0%  水がどこへ抜けていくか
  c210-2  95.8%  引き取りの図に描き込まれるくらい水は話に出ていた。
  c211-1 100.0%  手書きの文は日付から始まっている
  c211-2 100.0%  六月二十三日の朝と書いてある
  c212-1 100.0%  続きはこうである。
  c212-2  92.3%  床の辺りにあるものがあるのに気がついた。
  c213-1 100.0%  気がついたのはひび割れではない。
  c213-2 100.0%  汚れでもたわみでも水たまりでもなかった。
  c214-1 100.0%  隙間だった。しかもその幅まで書き込まれている。
  c214-2 100.0%  床に四インチの隙間
  c215-1  93.3%  四インチはおよそ十センチである。
  c215-2 100.0%  手のひらを縦にしてそのまま差し込める幅にあたる
  c216-1 100.0%  床が割れていたという話ではない。
  c216-2  87.8%  床が十センチ分離れていたということである。
  c217-1 100.0%  この時点で崩落まではまだ17時間ある。
  c217-2  87.0%  丸一日近くが残っている。
  c218-1 100.0%  次に記録が残るのは九時間前である。
  c218-2 100.0%  6月23日の夕方から夜にかけてのあたり
  c219-1 100.0%  ここで場所が変わる。プールデッキの上ではない。
  c219-2  87.2%  その下、車が止まっている駐車場の中である。
  c220-1 100.0%  資料に残っているのは駐車場の区画を描いた図で
  c220-2  82.8%  一つずつに番号が振られている。
  c221-1 100.0%  その図の上に付箋のような書き込みがある。
  c221-2  92.3%  これも聞き取りの時に足されたものである。
  c222-1 100.0%  書かれているのは天井から水が漏れていたということ。
  c222-2  86.7%  それだけなら珍しい話ではない。
  c223-1 100.0%  地下の駐車場で水が漏れるのはよくあることである。
  c223-2 100.0%  上にプールがあり、配管も通っていればなおさらである。
  c224-1 100.0%  だからその人はわざわざ否定を書き足している。
  c224-2 100.0%  配管ではないと
  c225-1 100.0%  そして割れの深さまで書いてある四分の一インチ
  c225-2 100.0%  配管ではない天井からの漏れ
  c226-1 100.0%  四分の一インチはおよそ六ミリである。
  c226-2 100.0%  天井、つまりプールデッキの裏側に六ミリの深さの割れがあった。
  c227-1 100.0%  記録は三時間前にも残っている。
  c227-2  92.0%  六月二十三日の夜十時過ぎにあたる日付が変わる前である。
  c228-1  84.4%  そしてここからニストの刻みはさらに細かくなる。
  c228-2 100.0%  九分前、六分から七分前、五分から六分前、四分から五分前。十分の単位になる。
  c229-1  92.7%  九分前の駐車場の中は模型に起こされている。
  c229-2  87.5%  車が並び、その間に柱が立っている。
  c230-1 100.0%  六分から七分前になると図の中身が変わる。
  c230-2 100.0%  床のたわみが深さごとに色で分けられている。
  c231-1 100.0%  北へ行くほど深く沈んでいた
  c231-2 100.0%  平らだったはずの床が浅い皿のような形になっている。
  c232-1  93.9%  この後の数分に何が起きたかは映像として残っている。
  c232-2 100.0%  ただし、その映像をここでは出さない。
  c301-1  95.2%  ここまで見てきた沈み方には名前がついている。
  c301-2 100.0%  パンチングシア破壊という
  c302-1 100.0%  日本語では押し抜き、せん断と呼ばれる
  c302-2 100.0%  起きる場所は柱と床の板とのつなぎ目である。
  c303-1 100.0%  床の板のことをスラブという。
  c303-2 100.0%  鉄筋を入れて固めたコンクリートの平らな板のことである。
  c304-1 100.0%  スラブは柱の上に置かれているのではない。
  c304-2 100.0%  柱と一体に打たれていて、柱につながっている
  c305-1  92.3%  そのスラブの上に重さが乗る
  c305-2  94.7%  歩く人、止まっている車、敷かれた土、舗装、植木
  c306-1  93.8%  乗った重さを柱が下から受け止める
  c306-2 100.0%  ここまではどんな建物の床でも同じである。
  c307-1 100.0%  違うのは受け止めている面積である。
  c307-2  93.0%  広い床が柱の太さの分しか支えに触れていない。
  c308-1 100.0%  だから広い範囲の重さが柱の周りだけに集まってくる。
  c308-2 100.0%  集まった力はコンクリートを垂直に切ろうとする。
  c309-1 100.0%  切れ方には決まった形がある。
  c309-2 100.0%  柱を中心にしてすり鉢を伏せたような面で割れていく
  c310-1  90.3%  割れた後、床は柱から外れて落ちる。
  c310-2  92.7%  柱の方は床を突き抜けた形で立ったまま残る
  c311-1  94.1%  頭が床を突き抜けるようにして壊れる。
  c311-2  94.4%  だから押し抜きという名前がついている。
  c312-1  81.2%  この壊れ方には厄介な性質がある。
  c312-2  93.8%  壊れる前にほとんど前触れが出ない
  c313-1 100.0%  曲がって壊れる床ならまず大きくたわむ。
  c313-2  87.5%  見ればわかるし、たわんでいる間はまだ落ちてこない。
  c314-1 100.0%  押し抜きはたわみが小さいままいきなり割れる
  c314-2 100.0%  割れた時点でその柱はもう床を支えていない
  c315-1 100.0%  NISTはこの壊れ方を動く図にして公開している。
  c315-2  91.3%  力が柱の周りに集まり、ヒビが回り込み、そして抜ける。
  c316-1  86.4%  これがこの事故で一番最初に起きたことである。
  c316-2 100.0%  場所はプールデッキの下だった。
  c317-1 100.0%  起きた柱の数は二本。
  c317-2 100.0%  何十本と立っている柱のうちのたった二本である。
  c318-1  87.7%  そしてニストはそれが起きた時期を崩落の夜には置いていない。
  c318-2 100.0%  六月初旬に二本の柱で起きた
  c319-1  88.0%  六月の初め、ちょうどあの門が動かなくなった頃である。
  c319-2 100.0%  そこから崩落まではおよそ三週間ある。
  c320-1 100.0%  つまり、この建物は床と柱のつなぎ目を二か所失ったまま
  c320-2 100.0%  三週間立ち続けていたことになる。
  c321-1 100.0%  ここからはなぜそう言えるのかを見ていく。
  c321-2  85.2%  Mistはこの壊れ方を実物と同じ大きさで作り直している。
  c322-1 100.0%  場所はミネソタ大学の試験場である。
  c322-2 100.0%  崩れた建物の柱と梁と床を同じ寸法、同じ配筋で作った
  c323-1 100.0%  小さな模型ではこの壊れ方は正しく出ない。
  c323-2 100.0%  コンクリートの割れ方は寸法が変わると変わってしまう。
  c324-1 100.0%  板の上には格子が引かれ、計測器がびっしりと並ぶ。
  c325-1  95.0%  使ったコンクリートもあてずっぽうではない。
  c325-2 100.0%  現場から抜いた実物を試験して強さを合わせてある。
  c326-1  96.3%  鉄筋も同じである。瓦礫から取り出した鉄筋を実際に引っ張り
  c326-2 100.0%  どれだけの力で伸び、どこで切れるかを測っている。
  c327-1 100.0%  そして載せた
  c327-2  94.1%  崩落の時にかかっていたと考えられる条件で押していく
  c328-1  74.1%  柱の周りにヒビが入り始める。
  c328-2  90.9%  ヒビは板の裏側を回り込むようにして伸びていく。
  c329-1  93.6%  この時、板の上の面はまだほとんど平らなままである。
  c329-2  89.4%  上から見ている限り、何が起きているかはわからない。
  c330-1 100.0%  壊れていくのはいつも板の下側である。
  c330-2 100.0%  プールサイドを歩いている人からは絶対に見えない。
  c331-1 100.0%  そして外れる。
  c331-2 100.0%  板と梁が柱を残したまま下へ落ちていく。
  c332-1 100.0%  別の試験では同じ過程を早回しで撮っている。
  c332-2  94.1%  ここでは逆にその映像を遅くしてみる
  c333-1  81.8%  ヒビが入り、それが広がり
  c333-2 100.0%  板が柱から離れていく。
  c334-1 100.0%  実際にかかった時間はこれよりずっと短い。
  c334-2  87.5%  元の映像は全部で六点八秒しかない。
  c335-1 100.0%  実物と同じ大きさで作り直しても同じように壊れた。
  c335-2 100.0%  筋書きは計算だけでなく実験でも確かめられている。
  c336-1  94.1%  ここまでで何が起きたのかはわかった。
  c336-2 100.0%  残っているのはなぜその二本だったのかである。
  c401-1 100.0%  NISTはつなぎ目が壊れた理由として五つを挙げている。
  c401-2 100.0%  ただし、その五つを同じ重さでは扱っていない。
  c402-1 100.0%  図をよく見ると下に括弧が引いてある
  c402-2 100.0%  括弧に入っているのは五つのうち左の二つだけである。
  c403-1  91.4%  一つは設計そのものの耐える力の不足。
  c403-2  93.6%  もう一つは、実際の施工が設計図から外れていたこと。
  c404-1  80.0%  nistはこの調査の問いをこう立てている。
  c404-2  89.5%  なぜ建てて年経ったその日に崩れたのか。
  c405-1 100.0%  その答えの片方がこの図である。
  c405-2 100.0%  プールデッキと街路側の駐車場の床を上から見た地図
  c406-1  96.6%  印がついているのは当時の基準を満たしていなかった場所である。
  c406-2 100.0%  赤が重い不足、黄が中くらいの不足
  c407-1  81.5%  目印は一箇所や二箇所ではない。
  c407-2 100.0%  床のほぼ全体に散らばるように並んでいる
  c408-1  93.0%  弱いつなぎ目がたまたま一つあったのではない。
  c408-2 100.0%  建てた時点から広い範囲で足りていなかった。
  c409-1 100.0%  ここからは計算ではなく実物である
  c409-2  90.3%  瓦礫の中から回収された床の断面
  c410-1  93.6%  黄色い線が二本引かれている。上の線が図面通りなら
  c410-2 100.0%  鉄筋があるはずの深さ。下の線が実際に鉄筋のあった深さである。
  c411-1  96.2%  鉄筋の上に乗っているコンクリートの厚みをかぶりという。
  c411-2  93.9%  鉄筋を錆びから守るためにわざとつけてある厚みである。
  c412-1 100.0%  このかぶりが図面に書かれた値と実物とで違っていた。
  c412-2  84.8%  図面は四分の三インチ、実物は二インチ
  c413-1  79.2%  四分の三インチは約1.9cm、2インチは約5.1cm。
  c413-2  90.0%  三点二センチ。実物の方が厚かったことになる。
  c414-1 100.0%  かぶりが厚いというのは一見悪いことに思えない。
  c414-2 100.0%  鉄筋が守られて錆びにくくなるからである。
  c415-1 100.0%  ところが、押し抜きに対しては逆に働いてしまう。
  c415-2  94.3%  かぶりが厚い分だけ鉄筋が下に押し下げられるからである。
  c416-1 100.0%  板そのものの厚みは変わらない。変わるのは鉄筋の深さで
  c416-2  94.3%  上の鉄筋が下がった分、鉄筋から板の下面までの距離が縮む。
  c417-1 100.0%  押し抜きに耐える力はこの距離の大きさで決まる。
  c417-2 100.0%  専門用語では有効せいと呼ぶ。これが縮むほど、板は薄い板として振る舞う。
  c418-1 100.0%  つまりこの床は厚さは同じままで
  c418-2 100.0%  構造としては薄い床になっていた
  c419-1 100.0%  この違いは机の上で出した数字ではない。
  c419-2 100.0%  回収した部材を実際に測って出てきた数字である。
  c420-1  93.6%  もう一つ、当時の設計図そのものにも書き込みがある。
  c420-2  77.8%  手書きの中期である。
  c421-1 100.0%  柱の帯にあたる部分の鉄筋の少なくとも二十五パーセントを
  c421-2 100.0%  柱の真上に集めること、そう書かれている。
  c422-1 100.0%  押し抜きに効くのは柱の真上を通っている鉄筋である。
  c422-2 100.0%  だからそこに集めろと設計者はわざわざ書いていた。
  c423-1 100.0%  図面にはそう書いてあった。
  c423-2 100.0%  では、実際に建てられたものはどうだったか。
  c424-1  96.2%  回収された柱の標本には床の断面がついたまま残っていた。
  c424-2 100.0%  そこに残っている上端の鉄筋をNISTは数えている
  c425-1 100.0%  片方向についてあるべき本数は四本だった
  c425-2 100.0%  数えて出てきたのは二本である。
  c426-1 100.0%  しかも縦横のどちらの向きでも同じだった。
  c426-2 100.0%  四本のはずが二本だった。
  c427-1 100.0%  柱の真上を通る鉄筋が半分しかない。
  c427-2  87.5%  押し抜きに対して一番効くはずの場所の鉄筋である
  c428-1 100.0%  ただし、NISTの書き方は慎重である。
  c428-2  95.2%  「この場所では」という断りがはっきりつけてある。
  c429-1  90.0%  建物中がそうだったとまでは書いていない。
  c429-2 100.0%  書いてあるのはプールデッキの床では指定より少ないのが通例だった。
  c429-3 100.0%  ということである。
  c430-1  92.3%  こうしたことがわかったのは
  c430-2 100.0%  崩れた部材を捨てずに証拠として取っておいたからである。
  c431-1  89.8%  瓦礫は一つずつ番号を振られ、記録され、倉庫へ運ばれた。
  c431-2  68.0%  「こぐ時には警察の護衛がついた」とニストは書いている。
  c432-1 100.0%  設計そのものが足りず、施工がそこからさらに外れていた。
  c432-2  93.0%  この二つだけが括弧で括られている理由である。
  c433-1 100.0%  では、残る三つは何か。括弧の外にあるのは
  c433-2  91.9%  後から足されていった重さと時間である。
  c434-1  91.9%  建物はこの状態のまま四十年間建っていた。
  c434-2 100.0%  では、何が最後の三週間を作ったのか。
  c501-1 100.0%  括弧の外にある三つを順に見ていく。
  c501-2  97.9%  プランター、盛り土と舗装、そして時間による劣化である。
  c502-1  73.7%  一つ目はプランター
  c502-2 100.0%  植木を植えるために作られたコンクリートの箱である。
  c503-1  85.7%  ニストの書き方はより重く、より広いというものである。
  c503-2 100.0%  場所はプールデッキの北側の近くとしている。
  c504-1 100.0%  北側というのは建物本体に接している側である。
  c504-2 100.0%  三週間前にプランターが割れていたあの場所もそこにある。
  c505-1 100.0%  プランターには土が入り、水が入り、植木が育つ。
  c505-2  94.7%  乗っている重さは年が経つほど増えていく。
  c506-1  87.0%  土は乾いている時と水を含んだ時で重さが変わる。
  c506-2 100.0%  同じ体積でも二割から三割は違ってくる
  c507-1  70.0%  二つ目は盛り土と舗装。
  c507-2 100.0%  こちらにはばらつきがあるという言葉が添えられている。
  c508-1  93.9%  屋外の床は傷んだ時、上から重ねて直されることが多い。
  c508-2 100.0%  剥がしてから貼り直すより安く早く終わるからである。
  c509-1  95.7%  ただし、重ねるたびに床の上に乗る重さは増えていく。
  c509-2  81.8%  どれだけ増えたかは場所によってバラバラである。
  c510-1  94.1%  建てる時に見込んでいた重さはあらかじめ決まっている。
  c510-2  85.0%  後から足された分はその見込みの外にある
  c511-1  73.7%  三つ目が時間である。
  c511-2  83.3%  nistはこれについては別の節を立てて扱っている。
  c512-1 100.0%  見出しは「鉄筋の腐食」。
  c512-2  89.7%  長い時間をかけて進む劣化として一番可能性が高いとしている
  c513-1 100.0%  鉄筋は錆びると体積が増える。
  c513-2 100.0%  膨らんだ鉄筋は周りのコンクリートを内側から押し広げる。
  c514-1 100.0%  押されたコンクリートはやがて割れて剥がれ落ちる。
  c514-2  95.5%  剥がれれば鉄筋はさらに濡れ、錆はもっと早く進む。
  c515-1 100.0%  この繰り返しがどれだけの間続いていたのか。
  c515-2 100.0%  25年以上進み続けていた
  c516-1  81.1%  風俗の25年前は1996年頃にあたる。
  c516-2  85.0%  建物が建ってから十五年ほど経った頃である。
  c517-1  91.9%  つまり、この建物が建っていた四十年のうち
  c517-2 100.0%  後ろの25年は鉄筋が錆び続けていた期間だったことになる。
  c518-1 100.0%  どうして二十五年以上と言えるのか。
  c518-2 100.0%  NISTは鉄筋の標本を数百本の単位で評価している。
  c519-1 100.0%  現場からはコンクリートを円柱の形に抜き取っている
  c519-2 100.0%  コア抜きと呼ばれるやり方である。
  c520-1 100.0%  抜き取ったコアは割れるまで押しつぶされる
  c520-2  96.0%  どれだけの力で割れたかでコンクリートの強さがわかる。
  c521-1  95.7%  試験に回された部材は倉庫の床を埋め尽くしていた。
  c521-2 100.0%  崩れた建物がそのままの形で並んでいる。
  c522-1  81.5%  不食の方には別の試験がある
  c522-2  94.7%  標本を塩水に浸し、電極を当てて電気を流す。
  c523-1 100.0%  この建物が建っていたのは大西洋のすぐそばである。
  c523-2  94.1%  潮は波でも風でも霧でも運ばれてくる。
  c524-1  93.3%  塩はコンクリートの中を何年もかけて進んでいく。
  c524-2 100.0%  そして鉄筋のところまで届くと錆が始まる。
  c525-1 100.0%  ここで第四章のかぶりの話が戻ってくる。
  c525-2 100.0%  かぶりが厚ければ塩が鉄筋に届くまでの時間は長くなる。
  c526-1  87.0%  サピに対しては二インチの被りは有利に働いていた。
  c526-2 100.0%  押し抜きに対しては不利に働いた同じ一つの数字である。
  c527-1 100.0%  重さが足され、塩が入り、時間が進み
  c527-2 100.0%  もともと小さかった余裕が少しずつ削られていった。
  c528-1  84.6%  そして二千二十一年六月の初め
  c528-2  95.0%  二本の柱のつなぎ目がとうとう限界を超えた。
  c601-1  88.9%  ここで大きな疑問が一つ残る。
  c601-2 100.0%  壊れたのはプールデッキの下にある柱二本と床とのつなぎ目だった。
  c602-1 100.0%  プールデッキは建物の本体ではない。
  c602-2  89.5%  人が住んでいたのは十二階建ての方である。
  c603-1 100.0%  屋外の平らな床が落ちたことが
  c603-2 100.0%  なぜ人の住んでいる建物を倒すことになるのか。
  c604-1 100.0%  答えはつながっていたからである。
  c604-2 100.0%  プールデッキは建物にそのまま取り付いていた
  c605-1 100.0%  平らな床の端が建物の壁と柱にそのまま続いている。
  c605-2 100.0%  隣り合った別々の建物という関係ではない。
  c606-1  92.7%  だから落ちる時もただ下に落ちるのではない。
  c606-2  95.2%  つながっている側を引っ張りながら落ちていく。
  c607-1 100.0%  NISTが実物大で作ったのはまさにこの部分だった。
  c607-2 100.0%  プールデッキと建物との境目である。
  c608-1 100.0%  試験の名前もプールデッキと塔の接続部の試験となっている。
  c608-2 100.0%  落ちる側と残る側を両方まとめて作ってある
  c609-1 100.0%  起きたことは線図に描かれている。
  c609-2 100.0%  柱が四本、D、E、H、Iの記号で並んでいる。
  c610-1 100.0%  左側の床はそのまま水平に残っている。
  c610-2  91.9%  変わるのはいいと書かれた柱から右である。
  c611-1 100.0%  右側の床は外れて斜めに下がっている。
  c611-2 100.0%  端に行くほど深く落ちている。
  c612-1 100.0%  板は真ん中から折れたのではない。
  c612-2 100.0%  柱のあるところで切れている
  c613-1  74.3%  その切れ方にニストは札をつけている。
  c613-2 100.0%  指しているのは板の下側に入っていた鉄筋である。
  c614-1 100.0%  上の鉄筋が切れたという書き方ではない
  c614-2  87.0%  肩筋が下から抜けていく。
  c615-1 100.0%  切れたのではなく抜けた。
  c615-2  96.2%  コンクリートに埋まっていた鉄筋が引き出されたのであり
  c616-1 100.0%  鉄筋はコンクリートに埋まっている長さで力を伝えている。
  c616-2  93.6%  埋まりが足りなければ、引かれた時にそのまま抜ける。
  c617-1 100.0%  そして抜けたところで止まらない
  c617-2 100.0%  そこが支えていた重さが隣のつなぎ目に移っていく。
  c618-1  95.5%  映された隣のつなぎ目も同じ設計、同じ施工である。
  c618-2 100.0%  同じように足りなければ、同じように抜ける。
  c619-1  87.0%  一つ壊れると次が壊れる。
  c619-2 100.0%  壊れるたびに残った柱にかかる重さは増えていく。
  c620-1 100.0%  どこまで進んだのかは平面図に描かれている。
  c620-2 100.0%  青く塗られているところが中央部の崩れた範囲である。
  c621-1 100.0%  その範囲はさらに二つに分けられている
  c621-2  63.2%  Zone AとZone Bという呼び方である。
  c622-1 100.0%  Aはコンクリートの壁があった。側。
  c622-2 100.0%  Bは床と柱だけでできていた側である。
  c623-1 100.0%  壁は面で支える。柱は点で支える。
  c623-2  91.4%  面で支えている方が力の逃げ道が多い。
  c624-1 100.0%  平面図に引かれた崩落の境目にもその差が出ている。
  c624-2  95.7%  壁のあった側はまっすぐに切れ、柱だけだったそばは段になって出入りしている。
  c625-1  72.0%  リストの第四章の見出しは
  c625-2  92.7%  破壊が塔の中をどう広がっていったかである。
  c626-1  94.9%  プールデッキが外れた時、塔を支えていたつなぎ目が二つ傷ついた。
  c626-2  93.6%  破壊はまず中央部を通り、その後で東側へ進んでいる。
  c627-1  91.9%  一つのつなぎ目が壊れてもそこで止まる。
  c627-2  94.4%  そういう区切りはこの建物にはなかった。
  c628-1  96.2%  残った塔の断面は刃物で切ったようにまっすぐ立っている。
  c628-2 100.0%  床が切れているのは柱のあるところ。線図と同じである。
  c629-1  82.1%  ここまでがニストの説明する筋書きである。
  c629-2  91.3%  選抜された二十四通りのうち、最後に残った一つである。
  c701-1  81.8%  nistは崩落がどこでなぜ始まったかについて
  c701-2 100.0%  二十四通りの筋書きを検討したと書いている
  c702-1 100.0%  残ったのがここまで見てきた筋書きである。
  c702-2  91.9%  では、残らなかった方には何があったのか。
  c703-1 100.0%  この事故については起きた直後から
  c703-2 100.0%  いくつもの説が語られてきた。
  c704-1  93.9%  どれも報道や住民の話や裁判の中から出てきたもので
  c704-2 100.0%  確かめられてはいない、あくまで噂の段階の話である。
  c705-1  69.8%  中でも一番強く言われたのが隣の浩二である。
  c705-2 100.0%  建物のすぐ南側に別の高層マンションが建てられていた。
  c706-1  50.0%  87 Parkという建物である。
  c706-2 100.0%  地面を掘り、鋼の板を打ち込む工事が行われていた。
  c707-1 100.0%  その打ち込んだ場所と崩れた建物の壁との距離
  c707-2 100.0%  NISTが測った最短の距離はおよそ9フィートだった。
  c708-1  94.7%  二点七メートルである。
  c708-2 100.0%  隣というよりほとんど接していると言っていい。
  c709-1  90.9%  住民はその工事の間、揺れを感じたと話している。
  c709-2 100.0%  建物が振動していたという証言が残っている。
  c710-1 100.0%  だからこう言われてきた。
  c710-2 100.0%  隣の工事の振動がこの建物を傷めたのではないかと。
  c711-1 100.0%  NISTはこの説を名指しで検討している
  c711-2 100.0%  使ったのは地面と建物を一緒に解く計算である。
  c712-1 100.0%  建物を上の骨組み、地下、基礎、そして地盤に分け
  c712-2 100.0%  振動がどこをどう伝わっていくかを追いかけた
  c713-1 100.0%  計算にはこの土地の地盤の性質が入っている。
  c713-2  90.9%  振動は地面の性質次第で伝わり方がまるで変わるからである。
  c714-1 100.0%  出てきた答えは三つある。
  c714-2  87.2%  一つ目は振動がどう減っていったかである。
  c715-1 100.0%  建物の南側にあった地下と鋼の板でできた壁
  c715-2 100.0%  この二つが伝わってくる振動を大きく減らしていた
  c716-1  88.9%  二つ目、実際に届いた振動の大きさを計算している。
  c716-2 100.0%  問題になったつなぎ目にどれだけ届いたかである。
  c717-1  71.4%  nistの書き方はこうである。
  c717-2 100.0%  傷んだつなぎ目を壊すにも小さすぎた。
  c718-1  61.5%  そして三つ目
  c718-2  84.2%  ここがこの章で一番大事なところである。
  c719-1  94.1%  解析は住民が揺れを感じたという話の方を裏付けている。
  c719-2 100.0%  感じたというのは本当だった。
  c720-1 100.0%  人が感じ取れる振動の大きさは、建物を壊す振動の大きさより
  c720-2  81.1%  はるかに下にあるとニストは書いている。
  c721-1  95.1%  つまり、住民は嘘をついていたのでも思い違いをしていたのでもない。
  c721-2 100.0%  感じたこととそれが原因であることが別だっただけである。
  c722-1  81.5%  nistはこうした説をまとめた一枚に見出しをつけている。
  c722-2 100.0%  大きく寄与してはいない。
  c723-1 100.0%  そこに並んでいるのは五つである。
  c723-2 100.0%  隣の工事の振動、基礎の破壊、陥没、そして不同沈下。
  c724-1 100.0%  ハリケーンと高潮、突発的にかかる衝撃荷重
  c724-2 100.0%  そして崩落の当時に進んでいた屋上の改修とアンカーの工事
  c725-1 100.0%  地盤が沈んでいたという説もこの一覧に入っている。
  c725-2  96.3%  陥没も場所ごとに沈み方が違うことも大きくは聞いていない。
  c726-1 100.0%  外から加えられたものではなかった。
  c726-2  89.4%  この建物は建物自身の作りだけで限界を超えている。
  ep01-1  63.2%  nistの説明の一番最後の一枚を見る。
  ep01-2 100.0%  見出しは「結びの言葉」となっている。
  ep02-1 100.0%  五つの箱が左から順に並んでいる。
  ep02-2  95.2%  設計の体力不足、そして施工の設計図からの逸脱
  ep03-1  97.8%  より重く、より広いプランター。足された盛り土と舗装。
  ep03-2 100.0%  そして時間による劣化である。
  ep04-1  95.5%  一つ目には「最大、そして広い範囲」と書き添えてある。
  ep04-2  86.7%  二つ目にも広い範囲とついている。
  ep05-1 100.0%  そしてこの五つのうち
  ep05-2  92.3%  左の二つだけが下から括弧で括られている
  ep06-1 100.0%  括弧の下には一文が書かれている。
  ep06-2 100.0%  この二つが何をもたらしたのかという文である。
  ep07-1 100.0%  書かれているのはこうである。
  ep07-2 100.0%  壊れるまでの余裕が乏しかった原因の大半はこの二つにある。
  ep08-1 100.0%  余裕とは壊れるまでにどれだけ間があるかということである。
  ep08-2  88.4%  建物の設計は普通この余裕を持たせて行われる。
  ep09-1 100.0%  そしてその一文には、「いつからそうだったのか」という
  ep09-2 100.0%  時期まで書き添えられている
  ep10-1  86.5%  四十年の間のどこかの時点からではない。
  ep10-2 100.0%  建設が終わったその時点からである。
  ep11-1  94.5%   NISTが三枚のスライドで繰り返している言葉が一つある。
  ep11-2 100.0%  余裕は決定的に小さかった。
  ep12-1  97.4%  つまり四十年間持ちこたえていたのではない。
  ep12-2 100.0%  40年間まだ落ちていなかったということである。
  ep13-1  98.1%  そしてその四十年のうち、最後の三週間だけが人の目に見えた。
  ep13-2  96.0%  開かなくなった門、柱を伝う水、床にできた十センチの隙間
  ep14-1 100.0%  どれも建物が沈んでいる印には見えない。
  ep14-2 100.0%  だから直せば済むものに見えた。門は実際に直されている。
  ep15-1  90.3%  最終的な報告書は今も出ていない。
  ep15-2 100.0%  次の諮問委員会が開かれるのは2026年の9月である。
  ep16-1 100.0%  分かったのはなぜ崩れたのかである。
  ep16-2 100.0%  分かっていないのは、なぜ誰にも読めなかったのかである。

=== 一致率の低い順 485行（★耳で確かめる候補）===

c706-1  一致率 50.0%
   台本: エイティセブン・パークという建物である。
   聞取: 87 Parkという建物である。

c718-1  一致率 61.5%
   台本: そして、みっつめ。
   聞取: そして三つ目

c621-2  一致率 63.2%
   台本: ゾーンAと、ゾーンBという呼び方である。
   聞取: Zone AとZone Bという呼び方である。

ep01-1  一致率 63.2%
   台本: NIST の説明の、いちばん最後の1枚を見る。
   送信: ニスト の説明の、いちばん最後の1枚を見る。   ← EL_YOMI で書き換えた文
   聞取: nistの説明の一番最後の一枚を見る。

c431-2  一致率 68.0%
   台本: 運ぶときには警察の護衛が付いた、と NIST は書いている。
   送信: 運ぶときには警察の護衛が付いた、と ニスト は書いている。   ← EL_YOMI で書き換えた文
   聞取: 「こぐ時には警察の護衛がついた」とニストは書いている。

c705-1  一致率 69.8%
   台本: なかでもいちばん強く言われたのが、隣の工事である。
   聞取: 中でも一番強く言われたのが隣の浩二である。

c507-1  一致率 70.0%
   台本: ふたつめは、盛土と舗装。
   送信: ふたつめは、もりどと舗装。   ← EL_YOMI で書き換えた文
   聞取: 二つ目は盛り土と舗装。

c717-1  一致率 71.4%
   台本: NIST の書き方は、こうである。
   送信: ニスト の書き方は、こうである。   ← EL_YOMI で書き換えた文
   聞取: nistの書き方はこうである。

c625-1  一致率 72.0%
   台本: NIST の第4章の見出しは、
   送信: ニスト の第4章の見出しは、   ← EL_YOMI で書き換えた文
   聞取: リストの第四章の見出しは

c201-1  一致率 73.3%
   台本: ここから、NIST の数え方が変わる。
   送信: ここから、ニスト の数え方が変わる。   ← EL_YOMI で書き換えた文
   聞取: そこから日数の数え方が変わる。

c126-1  一致率 73.5%
   台本: NIST が3段目に書き添えた言葉は、ひとことだけである。
   送信: ニスト が3段目に書き添えた言葉は、ひとことだけである。   ← EL_YOMI で書き換えた文
   聞取: ニストが三段目に書き添えた言葉は一言だけである。

c502-1  一致率 73.7%
   台本: ひとつめは、プランター。
   聞取: 一つ目はプランター

c511-1  一致率 73.7%
   台本: みっつめが、時間である。
   聞取: 三つ目が時間である。

c328-1  一致率 74.1%
   台本: 柱の周りに、ひびが入りはじめる。
   聞取: 柱の周りにヒビが入り始める。

c613-1  一致率 74.3%
   台本: その切れ方に、NIST は札を付けている。
   送信: その切れ方に、ニスト は札を付けている。   ← EL_YOMI で書き換えた文
   聞取: その切れ方にニストは札をつけている。

c125-1  一致率 75.7%
   台本: 直せば、いったんは戻る。戻ったあと、また下がる。
   聞取: 直せば一旦は戻る。戻った後また下がる。

c420-2  一致率 77.8%
   台本: 手書きの、注記である。
   聞取: 手書きの中期である。

c106-3  一致率 78.3%
   台本: ごくふつうのやり方である。
   聞取: ごく普通のやり方である。

c413-1  一致率 79.2%
   台本: 4分の3インチは、約1.9センチ。2インチは、約5.1センチ。
   送信: 4分の3インチは、約いってんきゅうセンチ。2インチは、約5.1センチ。   ← EL_YOMI で書き換えた文
   聞取: 四分の三インチは約1.9cm、2インチは約5.1cm。

c106-1  一致率 80.0%
   台本: このつくり自体は、めずらしいものではない。
   聞取: この作り自体は珍しいものではない。

c121-1  一致率 80.0%
   台本: NIST の描き起こしには、3段目がある。
   送信: ニスト の描き起こしには、3段目がある。   ← EL_YOMI で書き換えた文
   聞取: ニストの描き起こしには三段目がある。

c203-2  一致率 80.0%
   台本: 人がふつうに歩く、タイル張りの面のほうである。
   聞取: 人が普通に歩くタイル張りの面の方である。

c404-1  一致率 80.0%
   台本: NIST は、この調査の問いを、こう立てている。
   送信: ニスト は、この調査の問いを、こう立てている。   ← EL_YOMI で書き換えた文
   聞取: nistはこの調査の問いをこう立てている。

c123-2  一致率 80.7%
   台本: しかもこの2.5センチは、いちど直したあとに測られた数字だった。
   聞取: しかもこの二点五センチは一度治した後に測られた数字だった。

c205-1  一致率 81.1%
   台本: NIST は、その人から直接、話を聞いている。
   送信: ニスト は、その人から直接、話を聞いている。   ← EL_YOMI で書き換えた文
   聞取: ニストはその人から直接話を聞いている

c516-1  一致率 81.1%
   台本: 崩落の25年前は、1996年ごろにあたる。
   聞取: 風俗の25年前は1996年頃にあたる。

c720-2  一致率 81.1%
   台本: はるかに下にある、と NIST は書いている。
   送信: はるかに下にある、と ニスト は書いている。   ← EL_YOMI で書き換えた文
   聞取: はるかに下にあるとニストは書いている。

c312-1  一致率 81.2%
   台本: この壊れ方には、やっかいな性質がある。
   聞取: この壊れ方には厄介な性質がある。

c407-1  一致率 81.5%
   台本: 印は、1か所や2か所ではない。
   聞取: 目印は一箇所や二箇所ではない。

c522-1  一致率 81.5%
   台本: 腐食のほうには、別の試験がある。
   聞取: 不食の方には別の試験がある

c722-1  一致率 81.5%
   台本: NIST は、こうした説をまとめた1枚に、見出しを付けている。
   送信: ニスト は、こうした説をまとめた1枚に、見出しを付けている。   ← EL_YOMI で書き換えた文
   聞取: nistはこうした説をまとめた一枚に見出しをつけている。

c333-1  一致率 81.8%
   台本: ひびが入り、それが広がり、
   聞取: ヒビが入り、それが広がり

c509-2  一致率 81.8%
   台本: どれだけ増えたかは、場所によってばらばらである。
   聞取: どれだけ増えたかは場所によってバラバラである。

c701-1  一致率 81.8%
   台本: NIST は、崩落がどこでなぜ始まったかについて、
   送信: ニスト は、崩落がどこでなぜ始まったかについて、   ← EL_YOMI で書き換えた文
   聞取: nistは崩落がどこでなぜ始まったかについて

c629-1  一致率 82.1%
   台本: ここまでが、NIST の説明する筋書きである。
   送信: ここまでが、ニスト の説明する筋書きである。   ← EL_YOMI で書き換えた文
   聞取: ここまでがニストの説明する筋書きである。

c111-2  一致率 82.4%
   台本: 同じ門が、こうなる。
   聞取: 同じもんがこうなる。

c110-2  一致率 82.8%
   台本: 見た目も、位置合わせも、正常。ふつうに開いて、ふつうに閉まる門である。
   聞取: 見た目も位置合わせも正常。普通に開いて普通に閉まる門である。

c220-2  一致率 82.8%
   台本: ひとつずつに番号がふられている。
   聞取: 一つずつに番号が振られている。

c511-2  一致率 83.3%
   台本: NIST は、これについては、別の節を立てて扱っている。
   送信: ニスト は、これについては、別の節を立てて扱っている。   ← EL_YOMI で書き換えた文
   聞取: nistはこれについては別の節を立てて扱っている。

c718-2  一致率 84.2%
   台本: ここが、この章でいちばん大事なところである。
   聞取: ここがこの章で一番大事なところである。

c228-1  一致率 84.4%
   台本: そしてここから、NIST の刻みは、さらに細かくなる。
   送信: そしてここから、ニスト の刻みは、さらに細かくなる。   ← EL_YOMI で書き換えた文
   聞取: そしてここからニストの刻みはさらに細かくなる。

c131-1  一致率 84.6%
   台本: NIST は、1週間前に見えていたことを、こう要約している。
   送信: ニスト は、1週間前に見えていたことを、こう要約している。   ← EL_YOMI で書き換えた文
   聞取: nistは一週間前に見えていたことをこう要約している。

c528-1  一致率 84.6%
   台本: そして2021年6月のはじめ。
   聞取: そして二千二十一年六月の初め

c412-2  一致率 84.8%
   台本: 図面は¾インチ、実物は2インチ
   送信: 図面はよんぶんのさんインチ、実物は2インチ   ← EL_YOMI で書き換えた文
   聞取: 図面は四分の三インチ、実物は二インチ

c115-1  一致率 85.0%
   台本: このとき、もうひとつ見つかっていたものがある。
   聞取: この時もう一つ見つかっていたものがある。

c510-2  一致率 85.0%
   台本: あとから足されたぶんは、その見込みの外にある。
   聞取: 後から足された分はその見込みの外にある

c516-2  一致率 85.0%
   台本: 建物が建ってから、15年ほどたったころである。
   聞取: 建物が建ってから十五年ほど経った頃である。

c321-2  一致率 85.2%
   台本: NIST は、この壊れ方を、実物と同じ大きさで作り直している。
   送信: ニスト は、この壊れ方を、実物と同じ大きさで作り直している。   ← EL_YOMI で書き換えた文
   聞取: Mistはこの壊れ方を実物と同じ大きさで作り直している。

c503-1  一致率 85.7%
   台本: NIST の書き方は、より重く、より広い、というものである。
   送信: ニスト の書き方は、より重く、より広い、というものである。   ← EL_YOMI で書き換えた文
   聞取: ニストの書き方はより重く、より広いというものである。

c109-2  一致率 86.3%
   台本: NIST は、その門を、目撃した人の話から描き起こしている。
   送信: ニスト は、その門を、目撃した人の話から描き起こしている。   ← EL_YOMI で書き換えた文
   聞取: ニストはその門を目撃した人の話から描き起こしている

c316-1  一致率 86.4%
   台本: これが、この事故でいちばん最初に起きたことである。
   聞取: これがこの事故で一番最初に起きたことである。

ep10-1  一致率 86.5%
   台本: 40年のあいだの、どこかの時点からではない。
   聞取: 四十年の間のどこかの時点からではない。

c222-2  一致率 86.7%
   台本: それだけなら、めずらしい話ではない。
   聞取: それだけなら珍しい話ではない。

ep04-2  一致率 86.7%
   台本: 2つめにも、広い範囲、と付いている。
   聞取: 二つ目にも広い範囲とついている。

c217-2  一致率 87.0%
   台本: まる一日近くが、残っている。
   聞取: 丸一日近くが残っている。

c506-1  一致率 87.0%
   台本: 土は、乾いているときと、水を含んだときで重さが変わる。
   聞取: 土は乾いている時と水を含んだ時で重さが変わる。

c526-1  一致率 87.0%
   台本: 錆に対しては、2インチのかぶりは、有利に働いていた。
   聞取: サピに対しては二インチの被りは有利に働いていた。

c614-2  一致率 87.0%
   台本: 下端筋が、下から抜けていく
   送信: かたんきんが、下から抜けていく   ← EL_YOMI で書き換えた文
   聞取: 肩筋が下から抜けていく。

c619-1  一致率 87.0%
   台本: ひとつ壊れると、次が壊れる。
   聞取: 一つ壊れると次が壊れる。

c219-2  一致率 87.2%
   台本: その下、車が停まっている駐車場のなかである。
   聞取: その下、車が止まっている駐車場の中である。

c714-2  一致率 87.2%
   台本: ひとつめは、振動がどう減っていったか、である。
   聞取: 一つ目は振動がどう減っていったかである。

c229-2  一致率 87.5%
   台本: 車が並び、そのあいだに柱が立っている。
   聞取: 車が並び、その間に柱が立っている。

c313-2  一致率 87.5%
   台本: 見れば分かるし、たわんでいるあいだは、まだ落ちてこない。
   聞取: 見ればわかるし、たわんでいる間はまだ落ちてこない。

c334-2  一致率 87.5%
   台本: もとの映像は、全部で6.8秒しかない。
   聞取: 元の映像は全部で六点八秒しかない。

c427-2  一致率 87.5%
   台本: 押し抜きに対して、いちばん効くはずの場所の鉄筋である。
   聞取: 押し抜きに対して一番効くはずの場所の鉄筋である

c318-1  一致率 87.7%
   台本: そして NIST は、それが起きた時期を、崩落の夜には置いていない。
   送信: そして ニスト は、それが起きた時期を、崩落の夜には置いていない。   ← EL_YOMI で書き換えた文
   聞取: そしてニストはそれが起きた時期を崩落の夜には置いていない。

c216-2  一致率 87.8%
   台本: 床が、10センチぶん、離れていたということである。
   送信: ゆかが、10センチぶん、離れていたということである。   ← EL_YOMI で書き換えた文
   聞取: 床が十センチ分離れていたということである。

c111-1  一致率 88.0%
   台本: 次の段は、3週間前。日付でいうと、6月のはじめごろにあたる。
   聞取: 次の段は三週間前、日付でいうと六月の初め頃にあたる

c126-2  一致率 88.0%
   台本: 修理のあと、約1インチ沈んだ
   聞取: 修理の後、約1インチ沈んだ

c319-1  一致率 88.0%
   台本: 6月のはじめ。ちょうど、あの門が動かなくなったころである。
   聞取: 六月の初め、ちょうどあの門が動かなくなった頃である。

c125-2  一致率 88.4%
   台本: 下がっていく速さのほうが、直す速さより速かった。
   聞取: 下がっていく速さの方が治す速さより速かった

ep08-2  一致率 88.4%
   台本: 建物の設計は、ふつう、この余裕を持たせて行われる。
   聞取: 建物の設計は普通この余裕を持たせて行われる。

c207-1  一致率 88.9%
   台本: 書き込まれている場所は、13.1とKの交わるあたり。
   聞取: 書き込まれている場所は十三点一とKの交わる辺り。

c601-1  一致率 88.9%
   台本: ここで、大きな疑問がひとつ残る。
   聞取: ここで大きな疑問が一つ残る。

c716-1  一致率 88.9%
   台本: ふたつめ。実際に届いた振動の大きさを、計算している。
   聞取: 二つ目、実際に届いた振動の大きさを計算している。

c329-2  一致率 89.4%
   台本: 上から見ているかぎり、何が起きているかは分からない。
   聞取: 上から見ている限り、何が起きているかはわからない。

c726-2  一致率 89.4%
   台本: この建物は、建物自身のつくりだけで、限界を越えている。
   聞取: この建物は建物自身の作りだけで限界を超えている。

c120-1  一致率 89.5%
   台本: そして1週間前。6月17日ごろのことである。
   聞取: そして一週間前、六月十七日頃のことである。

c404-2  一致率 89.5%
   台本: なぜ、建てて40年たったその日に、崩れたのか。
   聞取: なぜ建てて年経ったその日に崩れたのか。

c602-2  一致率 89.5%
   台本: 人が住んでいたのは、12階建てのほうである。
   聞取: 人が住んでいたのは十二階建ての方である。

c108-2  一致率 89.7%
   台本: このときは、まだ何も起きていない。
   聞取: この時はまだ何も起きていない

c512-2  一致率 89.7%
   台本: 長い時間をかけて進む劣化として、いちばん可能性が高いとしている。
   聞取: 長い時間をかけて進む劣化として一番可能性が高いとしている

c431-1  一致率 89.8%
   台本: 瓦礫はひとつずつ番号をふられ、記録され、倉庫へ運ばれた。
   送信: がれきはひとつずつ番号をふられ、記録され、倉庫へ運ばれた。   ← EL_YOMI で書き換えた文
   聞取: 瓦礫は一つずつ番号を振られ、記録され、倉庫へ運ばれた。

c413-2  一致率 90.0%
   台本: 3.2センチ、実物のほうが厚かったことになる。
   聞取: 三点二センチ。実物の方が厚かったことになる。

c429-1  一致率 90.0%
   台本: 建物じゅうがそうだった、とまでは書いていない。
   聞取: 建物中がそうだったとまでは書いていない。

c310-1  一致率 90.3%
   台本: 割れたあと、床は柱から外れて落ちる。
   送信: 割れたあと、ゆかは柱から外れて落ちる。   ← EL_YOMI で書き換えた文
   聞取: 割れた後、床は柱から外れて落ちる。

c409-2  一致率 90.3%
   台本: 瓦礫のなかから回収された、床の断面。
   送信: がれきのなかから回収された、ゆかの断面。   ← EL_YOMI で書き換えた文
   聞取: 瓦礫の中から回収された床の断面

ep15-1  一致率 90.3%
   台本: 最終的な報告書は、いまも出ていない。
   聞取: 最終的な報告書は今も出ていない。

c105-2  一致率 90.9%
   台本: コンクリートの板を一枚はさんで、車の停まっている空間だった。
   聞取: コンクリートの板を一枚挟んで車の止まっている空間だった

c328-2  一致率 90.9%
   台本: ひびは、板の裏側を回り込むようにして伸びていく。
   聞取: ヒビは板の裏側を回り込むようにして伸びていく。

c709-1  一致率 90.9%
   台本: 住民は、その工事のあいだ、揺れを感じたと話している。
   聞取: 住民はその工事の間、揺れを感じたと話している。

c713-2  一致率 90.9%
   台本: 振動は、地面の性質しだいで、伝わり方がまるで変わるからである。
   聞取: 振動は地面の性質次第で伝わり方がまるで変わるからである。

c209-2  一致率 91.3%
   台本: プールデッキの排水口と、プランターの排水口である。
   聞取: プールデッキの排水溝とプランターの排水溝である。

c315-2  一致率 91.3%
   台本: 力が柱の周りに集まり、ひびが回り込み、そして抜ける。
   聞取: 力が柱の周りに集まり、ヒビが回り込み、そして抜ける。

c629-2  一致率 91.3%
   台本: 検討された24通りのうち、最後に残った1つである。
   送信: 検討されたニジュウヨンとおりのうち、最後に残った1つである。   ← EL_YOMI で書き換えた文
   聞取: 選抜された二十四通りのうち、最後に残った一つである。

c114-2  一致率 91.4%
   台本: 気づけるのは、人ではなく、扉のほうだった。
   聞取: 気づけるのは人ではなく扉の方だった。

c403-1  一致率 91.4%
   台本: ひとつは、設計そのものの、耐える力の不足。
   聞取: 一つは設計そのものの耐える力の不足。

c623-2  一致率 91.4%
   台本: 面で支えているほうが、力の逃げ道が多い。
   聞取: 面で支えている方が力の逃げ道が多い。

c109-1  一致率 91.7%
   台本: プールデッキと、街路側の駐車場のあいだには、門があった。
   聞取: プールデッキと街路側の駐車場の間には門があった

pr01-1  一致率 91.9%
   台本: 2021年6月24日、午前1時22分ごろ。
   聞取: 2021年6月24日午前1時22分頃。

c103-2  一致率 91.9%
   台本: 建物の南側に広がる、平らな床のほうである。
   送信: 建物の南側に広がる、平らなゆかのほうである。   ← EL_YOMI で書き換えた文
   聞取: 建物の南側に広がる平らな床の方である。

c108-1  一致率 91.9%
   台本: 話を、2021年の5月の終わりごろに戻す。
   聞取: 話を2021年の5月の終わり頃に戻す。

c433-2  一致率 91.9%
   台本: あとから足されていった、重さと、時間である。
   聞取: 後から足されていった重さと時間である。

c434-1  一致率 91.9%
   台本: 建物は、この状態のまま、40年間、立っていた。
   聞取: 建物はこの状態のまま四十年間建っていた。

c517-1  一致率 91.9%
   台本: つまり、この建物が立っていた40年のうち、
   聞取: つまり、この建物が建っていた四十年のうち

c610-2  一致率 91.9%
   台本: 変わるのは、Eと書かれた柱から、右である。
   聞取: 変わるのはいいと書かれた柱から右である。

c627-1  一致率 91.9%
   台本: ひとつのつなぎ目が壊れても、そこで止まる。
   聞取: 一つのつなぎ目が壊れてもそこで止まる。

c702-2  一致率 91.9%
   台本: では、残らなかったほうには、何があったのか。
   聞取: では、残らなかった方には何があったのか。

c227-2  一致率 92.0%
   台本: 6月23日の、夜10時すぎにあたる。日付が変わる前である。
   聞取: 六月二十三日の夜十時過ぎにあたる日付が変わる前である。

c124-2  一致率 92.3%
   台本: 門を載せている床のほうが、下がり続けていた。
   送信: もんを載せているゆかのほうが、下がり続けていた。   ← EL_YOMI で書き換えた文
   聞取: 門を載せている床の方が下がり続けていた。

c212-2  一致率 92.3%
   台本: 床のあたりに、あるものがあるのに気がついた。
   送信: ゆかのあたりに、あるものがあるのに気がついた。   ← EL_YOMI で書き換えた文
   聞取: 床の辺りにあるものがあるのに気がついた。

c221-2  一致率 92.3%
   台本: これも、聞き取りのときに足されたものである。
   聞取: これも聞き取りの時に足されたものである。

c305-1  一致率 92.3%
   台本: そのスラブの上に、重さが載る。
   聞取: そのスラブの上に重さが乗る

c430-1  一致率 92.3%
   台本: こうしたことが分かったのは、
   聞取: こうしたことがわかったのは

ep05-2  一致率 92.3%
   台本: 左の2つだけが、下から括弧でくくられている。
   聞取: 左の二つだけが下から括弧で括られている

c229-1  一致率 92.7%
   台本: 9分前の駐車場のなかは、模型に起こされている。
   聞取: 九分前の駐車場の中は模型に起こされている。

c310-2  一致率 92.7%
   台本: 柱のほうは、床を突き抜けた形で、立ったまま残る。
   送信: 柱のほうは、ゆかを突き抜けた形で、立ったまま残る。   ← EL_YOMI で書き換えた文
   聞取: 柱の方は床を突き抜けた形で立ったまま残る

c606-1  一致率 92.7%
   台本: だから、落ちるときも、ただ下に落ちるのではない。
   聞取: だから落ちる時もただ下に落ちるのではない。

c625-2  一致率 92.7%
   台本: 破壊が塔のなかを、どう広がっていったか、である。
   聞取: 破壊が塔の中をどう広がっていったかである。

c307-2  一致率 93.0%
   台本: 広い床が、柱の太さのぶんしか、支えに触れていない。
   送信: 広いゆかが、柱の太さのぶんしか、支えに触れていない。   ← EL_YOMI で書き換えた文
   聞取: 広い床が柱の太さの分しか支えに触れていない。

c408-1  一致率 93.0%
   台本: 弱いつなぎ目が、たまたまひとつあったのではない。
   聞取: 弱いつなぎ目がたまたま一つあったのではない。

c432-2  一致率 93.0%
   台本: この2つだけが、括弧でくくられている理由である。
   聞取: この二つだけが括弧で括られている理由である。

c119-2  一致率 93.3%
   台本: 直したあとの様子まで、NIST の記録に残っている。
   送信: 直したあとの様子まで、ニスト の記録に残っている。   ← EL_YOMI で書き換えた文
   聞取: 直した後の様子までNISTの記録に残っている。

c206-1  一致率 93.3%
   台本: 清書された報告書の文章ではない。
   聞取: 聖書された報告書の文章ではない。

c215-1  一致率 93.3%
   台本: 4インチは、およそ10センチである。
   聞取: 四インチはおよそ十センチである。

c524-1  一致率 93.3%
   台本: 塩は、コンクリートのなかを、何年もかけて進んでいく。
   聞取: 塩はコンクリートの中を何年もかけて進んでいく。

c114-1  一致率 93.6%
   台本: 逆にいえば、1.2センチは、人が見て気づく量ではない。
   送信: 逆にいえば、いってんにセンチは、人が見て気づく量ではない。   ← EL_YOMI で書き換えた文
   聞取: 逆に言えば、一点二センチは人が見て気づく量ではない。

c329-1  一致率 93.6%
   台本: このとき、板の上の面は、まだほとんど平らなままである。
   聞取: この時、板の上の面はまだほとんど平らなままである。

c403-2  一致率 93.6%
   台本: もうひとつは、実際の施工が、設計図から外れていたこと。
   聞取: もう一つは、実際の施工が設計図から外れていたこと。

c410-1  一致率 93.6%
   台本: 黄色い線が、2本引かれている。上の線が、図面どおりなら
   聞取: 黄色い線が二本引かれている。上の線が図面通りなら

c420-1  一致率 93.6%
   台本: もうひとつ、当時の設計図そのものにも、書き込みがある。
   聞取: もう一つ、当時の設計図そのものにも書き込みがある。

c616-2  一致率 93.6%
   台本: 埋まりが足りなければ、引かれたときに、そのまま抜ける。
   聞取: 埋まりが足りなければ、引かれた時にそのまま抜ける。

c626-2  一致率 93.6%
   台本: 破壊はまず中央部を通り、そのあとで、東側へ進んでいる。
   聞取: 破壊はまず中央部を通り、その後で東側へ進んでいる。

c306-1  一致率 93.8%
   台本: 載った重さを、柱が下から受け止める。
   聞取: 乗った重さを柱が下から受け止める

c312-2  一致率 93.8%
   台本: 壊れる前に、ほとんど前ぶれが出ない。
   聞取: 壊れる前にほとんど前触れが出ない

pr04-1  一致率 93.9%
   台本: 3週間前、この建物では、ひとつの門が開かなくなっていた。
   聞取: 三週間前、この建物では一つの門が開かなくなっていた。

c206-2  一致率 93.9%
   台本: 話しながら、その場で紙に書かれた、走り書きのほうである。
   聞取: 話しながら、その場で紙に書かれた走り書きの方である。

c232-1  一致率 93.9%
   台本: このあとの数分に何が起きたかは、映像として残っている。
   聞取: この後の数分に何が起きたかは映像として残っている。

c411-2  一致率 93.9%
   台本: 鉄筋を錆から守るために、わざと付けてある厚みである。
   聞取: 鉄筋を錆びから守るためにわざとつけてある厚みである。

c508-1  一致率 93.9%
   台本: 屋外の床は、傷んだとき、上から重ねて直されることが多い。
   送信: 屋外のゆかは、傷んだとき、上から重ねて直されることが多い。   ← EL_YOMI で書き換えた文
   聞取: 屋外の床は傷んだ時、上から重ねて直されることが多い。

c704-1  一致率 93.9%
   台本: どれも、報道や、住民の話や、裁判のなかから出てきたもので、
   聞取: どれも報道や住民の話や裁判の中から出てきたもので

c110-1  一致率 94.1%
   台本: 1か月前の状態には、こう書かれている。
   聞取: 一ヶ月前の状態にはこう書かれている

c209-1  一致率 94.1%
   台本: その図には、記号が2種類ふられている。
   聞取: その図には記号が二種類振られている。

c311-1  一致率 94.1%
   台本: 柱が床を突き抜けるようにして壊れる。
   送信: 柱がゆかを突き抜けるようにして壊れる。   ← EL_YOMI で書き換えた文
   聞取: 頭が床を突き抜けるようにして壊れる。

c327-2  一致率 94.1%
   台本: 崩落のときにかかっていたと考えられる条件で、押していく。
   送信: ほうらくのときにかかっていたと考えられる条件で、押していく。   ← EL_YOMI で書き換えた文
   聞取: 崩落の時にかかっていたと考えられる条件で押していく

c332-2  一致率 94.1%
   台本: ここでは逆に、その映像を遅くして見る。
   聞取: ここでは逆にその映像を遅くしてみる

c336-1  一致率 94.1%
   台本: ここまでで、何が起きたのかは分かった。
   聞取: ここまでで何が起きたのかはわかった。

c510-1  一致率 94.1%
   台本: 建てるときに見込んでいた重さは、あらかじめ決まっている。
   聞取: 建てる時に見込んでいた重さはあらかじめ決まっている。

c523-2  一致率 94.1%
   台本: 塩は、波でも、風でも、霧でも運ばれてくる。
   聞取: 潮は波でも風でも霧でも運ばれてくる。

c719-1  一致率 94.1%
   台本: 解析は、住民が揺れを感じたという話のほうを、裏付けている。
   聞取: 解析は住民が揺れを感じたという話の方を裏付けている。

c127-1  一致率 94.3%
   台本: この1週間前には、駐車場のなかでも、あることが見られている。
   聞取: この一週間前には駐車場の中でもあることが見られている。

c415-2  一致率 94.3%
   台本: かぶりが厚いぶんだけ、鉄筋が下に押し下げられるからである。
   聞取: かぶりが厚い分だけ鉄筋が下に押し下げられるからである。

c416-2  一致率 94.3%
   台本: 上の鉄筋が下がったぶん、鉄筋から板の下面までの距離が縮む。
   送信: 上の鉄筋が下がったぶん、鉄筋から板のかめんまでの距離が縮む。   ← EL_YOMI で書き換えた文
   聞取: 上の鉄筋が下がった分、鉄筋から板の下面までの距離が縮む。

c311-2  一致率 94.4%
   台本: だから、押し抜き、という名前が付いている。
   聞取: だから押し抜きという名前がついている。

c627-2  一致率 94.4%
   台本: そういう区切りは、この建物には無かった。
   聞取: そういう区切りはこの建物にはなかった。

pr10-2  一致率 94.5%
   台本: そしてその知見のなかで、目撃の記録は、あの門から始まっている。
   聞取: そしてその知見の中で、目撃の記録はあの門から始まっている。

ep11-1  一致率 94.5%
   台本: NIST が3枚のスライドで繰り返している言葉が、ひとつある。
   送信: ニスト が3枚のスライドで繰り返している言葉が、ひとつある。   ← EL_YOMI で書き換えた文
   聞取:  NISTが三枚のスライドで繰り返している言葉が一つある。

pr08-3  一致率 94.7%
   台本: 事故から5年後である。ただし、最終的な報告書は、いまも出ていない。
   聞取: 事故から五年後である。ただし、最終的な報告書は今も出ていない。

c116-2  一致率 94.7%
   台本: 記号のまま呼ぶのは、この柱が、あとでもう一度出てくるからである。
   聞取: 記号のまま呼ぶのは、この柱が後でもう一度出てくるからである。

c127-2  一致率 94.7%
   台本: 建物の下、車が停まっている、あの空間である。
   聞取: 建物の下、車が止まっているあの空間である。

c305-2  一致率 94.7%
   台本: 歩く人、停まっている車、敷かれた土、舗装、植木。
   聞取: 歩く人、止まっている車、敷かれた土、舗装、植木

c505-2  一致率 94.7%
   台本: 載っている重さは、年が経つほど増えていく。
   聞取: 乗っている重さは年が経つほど増えていく。

c522-2  一致率 94.7%
   台本: 標本を塩水に浸し、電極をあてて、電気を流す。
   聞取: 標本を塩水に浸し、電極を当てて電気を流す。

c708-1  一致率 94.7%
   台本: 2.7メートルである。
   聞取: 二点七メートルである。

c626-1  一致率 94.9%
   台本: プールデッキが外れたとき、塔を支えていたつなぎ目が2つ、傷ついた。
   聞取: プールデッキが外れた時、塔を支えていたつなぎ目が二つ傷ついた。

c325-1  一致率 95.0%
   台本: 使ったコンクリートも、当てずっぽうではない。
   聞取: 使ったコンクリートもあてずっぽうではない。

c528-2  一致率 95.0%
   台本: 2本の柱のつなぎ目が、とうとう限界を越えた。
   聞取: 二本の柱のつなぎ目がとうとう限界を超えた。

c721-1  一致率 95.1%
   台本: つまり住民は、うそをついていたのでも、思い違いをしていたのでもない。
   聞取: つまり、住民は嘘をついていたのでも思い違いをしていたのでもない。

c130-2  一致率 95.2%
   台本: 水の通る隙間が開いている、ということでもある。
   聞取: 水の通る隙間が空いているということでもある。

c205-2  一致率 95.2%
   台本: 資料に残っているのは、聞き取りのときに描かれた図と、手書きの文である。
   聞取: 資料に残っているのは聞き取りの時に描かれた図と手書きの文である。

c301-1  一致率 95.2%
   台本: ここまで見てきた沈み方には、名前が付いている。
   聞取: ここまで見てきた沈み方には名前がついている。

c428-2  一致率 95.2%
   台本: この場所では、という断りが、はっきり付けてある。
   聞取: 「この場所では」という断りがはっきりつけてある。

c606-2  一致率 95.2%
   台本: つながっている側を、引っぱりながら落ちていく。
   聞取: つながっている側を引っ張りながら落ちていく。

ep02-2  一致率 95.2%
   台本: 設計の耐力不足。そして、施工の、設計図からの逸脱。
   聞取: 設計の体力不足、そして施工の設計図からの逸脱

c101-1  一致率 95.5%
   台本: 先に、建物の形を見ておく。NIST が作った模型に、
   送信: 先に、建物の形を見ておく。ニスト が作った模型に、   ← EL_YOMI で書き換えた文
   聞取: 先に建物の形を見ておく。NISTは作った模型に

c514-2  一致率 95.5%
   台本: 剥がれれば、鉄筋はさらに濡れ、錆はもっと速く進む。
   聞取: 剥がれれば鉄筋はさらに濡れ、錆はもっと早く進む。

c618-1  一致率 95.5%
   台本: 移された隣のつなぎ目も、同じ設計、同じ施工である。
   聞取: 映された隣のつなぎ目も同じ設計、同じ施工である。

ep04-1  一致率 95.5%
   台本: 1つめには、最大、そして広い範囲、と書き添えてある。
   聞取: 一つ目には「最大、そして広い範囲」と書き添えてある。

pr08-2  一致率 95.5%
   台本: 国が調査団を送る法律にもとづく調査で、結果の公表は、2026年6月22日。
   聞取: 国が調査団を送る法律に基づく調査で、結果の公表は2026年6月22日。

c122-2  一致率 95.7%
   台本: 1.2センチだったものが、2.5センチになっている。
   送信: いってんにセンチだったものが、2.5センチになっている。   ← EL_YOMI で書き換えた文
   聞取: 一点二センチだったものが二点五センチになっている

c204-2  一致率 95.7%
   台本: そして、足元に、それまで無かったものを見つけている。
   聞取: そして足元にそれまでなかったものを見つけている。

c509-1  一致率 95.7%
   台本: ただし、重ねるたびに、床の上に載る重さは増えていく。
   送信: ただし、重ねるたびに、ゆかの上に載る重さは増えていく。   ← EL_YOMI で書き換えた文
   聞取: ただし、重ねるたびに床の上に乗る重さは増えていく。

c521-1  一致率 95.7%
   台本: 試験に回された部材は、倉庫の床を埋めつくしていた。
   送信: 試験に回された部材は、倉庫のゆかを埋めつくしていた。   ← EL_YOMI で書き換えた文
   聞取: 試験に回された部材は倉庫の床を埋め尽くしていた。

c624-2  一致率 95.7%
   台本: 壁のあった側はまっすぐに切れ、柱だけだった側は、段になって出入りしている。
   送信: 壁のあった がわはまっすぐに切れ、柱だけだった側は、段になって出入りしている。   ← EL_YOMI で書き換えた文
   聞取: 壁のあった側はまっすぐに切れ、柱だけだったそばは段になって出入りしている。

c104-2  一致率 95.8%
   台本: あの平らな面は、地面の上に載っていたのではなかった。
   送信: あの平らな面は、地面の うえに載っていたのではなかった。   ← EL_YOMI で書き換えた文
   聞取: あの平らな面は地面の上に乗っていたのではなかった。

c210-2  一致率 95.8%
   台本: 聞き取りの図に描き込まれるくらい、水は話に出ていた。
   聞取: 引き取りの図に描き込まれるくらい水は話に出ていた。

c520-2  一致率 96.0%
   台本: どれだけの力で割れたかで、コンクリートの強さが分かる。
   聞取: どれだけの力で割れたかでコンクリートの強さがわかる。

ep13-2  一致率 96.0%
   台本: 開かなくなった門。柱を伝う水。床にできた、10センチの隙間。
   送信: 開かなくなった門。柱を伝う水。ゆかにできた、10センチの隙間。   ← EL_YOMI で書き換えた文
   聞取: 開かなくなった門、柱を伝う水、床にできた十センチの隙間

c101-2  一致率 96.2%
   台本: 寸法が書き込まれている。12階建て、高さは33.8メートル。
   聞取: 寸法が書き込まれている。十二階建て、高さは三十三点八メートル

c411-1  一致率 96.2%
   台本: 鉄筋の上に載っているコンクリートの厚みを、かぶりという。
   聞取: 鉄筋の上に乗っているコンクリートの厚みをかぶりという。

c424-1  一致率 96.2%
   台本: 回収された柱の標本には、床の断面が付いたまま残っていた。
   送信: 回収された柱の標本には、ゆかの断面が付いたまま残っていた。   ← EL_YOMI で書き換えた文
   聞取: 回収された柱の標本には床の断面がついたまま残っていた。

c615-2  一致率 96.2%
   台本: コンクリートに埋まっていた鉄筋が、引き出されたのである。
   聞取: コンクリートに埋まっていた鉄筋が引き出されたのであり

c628-1  一致率 96.2%
   台本: 残った棟の断面は、刃物で切ったように、まっすぐ立っている。
   聞取: 残った塔の断面は刃物で切ったようにまっすぐ立っている。

c102-2  一致率 96.3%
   台本: 竣工したのは1981年で、崩れたのは、その40年後にあたる。
   聞取: 竣工したのは1981年で、崩れたのはその40年後に当たる

c326-1  一致率 96.3%
   台本: 鉄筋も同じである。瓦礫から取り出した鉄筋を実際に引っぱり、
   聞取: 鉄筋も同じである。瓦礫から取り出した鉄筋を実際に引っ張り

c725-2  一致率 96.3%
   台本: 陥没も、場所ごとに沈み方が違うことも、大きくは効いていない。
   送信: かんぼつも、場所ごとに沈み方が違うことも、大きくは効いていない。   ← EL_YOMI で書き換えた文
   聞取: 陥没も場所ごとに沈み方が違うことも大きくは聞いていない。

c202-2  一致率 96.4%
   台本: 2021年6月23日の、朝である。崩落した日の、前の日にあたる。
   聞取: 2021年6月23日の朝である。崩落した日の前の日に当たる。

c406-1  一致率 96.6%
   台本: 印が付いているのは、当時の基準を満たしていなかった場所である。
   聞取: 印がついているのは当時の基準を満たしていなかった場所である。

c202-1  一致率 97.0%
   台本: 次に記録が残っているのは、17時間前。
   聞取: 次に記録が残っているのは十七時間前。

ep12-1  一致率 97.4%
   台本: つまり、40年間、持ちこたえていたのではない。
   聞取: つまり四十年間持ちこたえていたのではない。

c112-2  一致率 97.8%
   台本: センチに直すと、1.2センチほど。それだけのずれで、
   送信: センチに直すと、いってんにセンチほど。それだけのずれで、   ← EL_YOMI で書き換えた文
   聞取: センチに直すと一点二センチほど。それだけのずれで

ep03-1  一致率 97.8%
   台本: より重く、より広いプランター。足された盛土と舗装。
   送信: より重く、より広いプランター。足されたもりどと舗装。   ← EL_YOMI で書き換えた文
   聞取: より重く、より広いプランター。足された盛り土と舗装。

pr02-1  一致率 97.9%
   台本: 海沿いに建つ12階建てのマンションの、およそ半分が、
   聞取: 海沿いに建つ十二階建てのマンションのおよそ半分が

c501-2  一致率 97.9%
   台本: プランター、盛土と舗装、そして、時間による劣化である。
   送信: プランター、もりどと舗装、そして、時間による劣化である。   ← EL_YOMI で書き換えた文
   聞取: プランター、盛り土と舗装、そして時間による劣化である。

pr04-2  一致率 98.0%
   台本: 下に沈んだ量は、1.2センチほど。それが、最初の合図である。
   送信: 下に沈んだ量は、いってんにセンチほど。それが、最初の合図である。   ← EL_YOMI で書き換えた文
   聞取: 下に沈んだ量は一辺二センチほど。それが最初の合図である。

ep13-1  一致率 98.1%
   台本: そして、その40年のうち、最後の3週間だけが、人の目に見えた。
   聞取: そしてその四十年のうち、最後の三週間だけが人の目に見えた。

c102-1  一致率 98.2%
   台本: 平面はL字の形で、辺の長さは45.7メートルと、61メートル。
   聞取: 平面はL字の形で、辺の長さは四十五点七メートルと六十一メートル。

pr01-2  一致率 100.0%
   台本: アメリカ、フロリダ州サーフサイド。マイアミの北にある、
   聞取: アメリカフロリダ州サーフサイド。マイアミの北にある

pr01-3  一致率 100.0%
   台本: 大西洋に面した、小さな町である。
   聞取: 大西洋に面した小さな町である。

pr02-2  一致率 100.0%
   台本: 数秒のうちに崩れ落ちた。98人が亡くなっている。
   聞取: 数秒のうちに崩れ落ちた。九十八人が亡くなっている。

pr03-1  一致率 100.0%
   台本: ただし、この崩落には、はっきりしていることがある。
   聞取: ただし、この崩落にははっきりしていることがある。

pr03-2  一致率 100.0%
   台本: 崩れ始めたのは、この夜ではない。
   聞取: 崩れ始めたのはこの夜ではない。

pr05-1  一致率 100.0%
   台本: 3週間前から数え始めているのは、こちらの都合ではない。
   聞取: 三週間前から数え始めているのはこちらの都合ではない。

pr05-2  一致率 100.0%
   台本: 5年をかけて調べた、アメリカの国の調査団である。
   聞取: 五年をかけて調べたアメリカの国の調査団である。

pr07-1  一致率 100.0%
   台本: 崩れたのは、建物の東側と、中央だった。
   聞取: 崩れたのは建物の東側と中央だった。

pr07-2  一致率 100.0%
   台本: 生きて助け出されたのは4人と報じられ、うち1人は病院で亡くなっている。
   聞取: 生きて助け出されたのは四人と報じられ、うち一人は病院で亡くなっている。

pr07-3  一致率 100.0%
   台本: 崩れずに残った西側は、その年の7月4日に、爆破で解体されている。
   聞取: 崩れずに残った西側はその年の七月四日に爆破で解体されている。

pr08-1  一致率 100.0%
   台本: 調べたのは、アメリカ国立標準技術研究所。NIST という。
   送信: 調べたのは、アメリカ国立標準技術研究所。ニスト という。   ← EL_YOMI で書き換えた文
   聞取: 調べたのはアメリカ国立標準技術研究所NISTという

pr10-1  一致率 100.0%
   台本: 公表されたのは、技術的な知見と呼ばれる、途中の結論だけである。
   聞取: 公表されたのは技術的な知見と呼ばれる途中の結論だけである。

c103-1  一致率 100.0%
   台本: ここで覚えておいてほしいのは、建物そのものではない。
   聞取: ここで覚えておいてほしいのは、建物そのものではない。

c104-1  一致率 100.0%
   台本: プールと、その周りのタイル張りの床。
   送信: プールと、その周りのタイル張りのゆか。   ← EL_YOMI で書き換えた文
   聞取: プールとその周りのタイル張りの床

c105-1  一致率 100.0%
   台本: 下は、地下駐車場である。プールサイドを歩く人の足の下は、
   聞取: 下は地下駐車場である。プールサイドを歩く人の足の下は

c106-2  一致率 100.0%
   台本: 土地の狭い海沿いでは、駐車場の屋根を庭として使うのは、
   聞取: 土地の狭い海沿いでは、駐車場の屋根を庭として使うのは

c107-1  一致率 100.0%
   台本: 平らな床と、その下の駐車場と、住んでいた建物本体。
   送信: 平らなゆかと、その下の駐車場と、住んでいた建物本体。   ← EL_YOMI で書き換えた文
   聞取: 平らな床とその下の駐車場と住んでいた建物本体

c107-2  一致率 100.0%
   台本: この3つがどうつながっていたかが、これから起きることの全部になる。
   聞取: この三つがどうつながっていたかが、これから起きることの全部になる。

c112-1  一致率 100.0%
   台本: 下にずれた量は、2分の1インチに満たないと書かれている。
   聞取: 下にずれた量は二分の一インチに満たないと書かれている

c112-3  一致率 100.0%
   台本: 門が開かなくなった
   聞取: 門が開かなくなった。

c113-1  一致率 100.0%
   台本: 扉というのは、枠との隙間が数ミリで作られている。
   聞取: 扉というのは枠との隙間が数ミリで作られている

c113-2  一致率 100.0%
   台本: 支えている側が1センチ下がれば、それだけで動かなくなる。
   聞取: 支えている側が一センチ下がればそれだけで動かなくなる。

c115-2  一致率 100.0%
   台本: プールデッキに置かれていた、プランターの傷みである。
   聞取: プールデッキに置かれていたプランターの傷みである。

c116-1  一致率 100.0%
   台本: 場所は、Kと13.1という記号で呼ばれる柱のそば。
   聞取: 場所はKと13.1という記号で呼ばれる柱のそば。

c117-1  一致率 100.0%
   台本: 3週間前の時点として、NIST がまとめに挙げているのは、この2つである。
   送信: 3週間前の時点として、ニスト がまとめに挙げているのは、この2つである。   ← EL_YOMI で書き換えた文
   聞取: 三週間前の時点として、NISTがまとめに挙げているのはこの二つである。

c117-2  一致率 100.0%
   台本: ひび割れたプランターと、開かなくなった門である。
   聞取: ひび割れたプランターと開かなくなった門である。

c118-1  一致率 100.0%
   台本: どちらも、建物が壊れかけている印には見えない。
   聞取: どちらも建物が壊れかけている印には見えない。

c118-2  一致率 100.0%
   台本: 業者を呼んで直せば済む話に見える。
   聞取: 業者を呼んで直せば済む話に見える。

c119-1  一致率 100.0%
   台本: 実際、そう受け取られた。門は直された。
   聞取: 実際そう受け取られた。門は直された

c120-2  一致率 100.0%
   台本: 直したはずのその門を、もう一度、見ることになる。
   聞取: 直したはずのその門をもう一度見ることになる。

c121-2  一致率 100.0%
   台本: 門の脇に描かれた矢印が、また下を向いている。
   送信: もんの脇に描かれた矢印が、また下を向いている。   ← EL_YOMI で書き換えた文
   聞取: 門の脇に描かれた矢印がまた下を向いている。

c122-1  一致率 100.0%
   台本: ずれた量は、2分の1インチ足らずから、およそ1インチへ。
   送信: ずれた量は、2分の1 インチ足らずから、およそ1 インチへ。   ← EL_YOMI で書き換えた文
   聞取: ずれた量は二分の一インチ足らずからおよそ一インチへ。

c123-1  一致率 100.0%
   台本: 2週間で、倍である。
   聞取: 2週間で倍である

c124-1  一致率 100.0%
   台本: つまり、門がずれていたのではない。
   聞取: つまり門がずれていたのではない。

c128-1  一致率 100.0%
   台本: 見えていたのは、水だった。
   聞取: 見えていたのは水だった。

c128-2  一致率 100.0%
   台本: といっても、天井から滴り落ちてくる水ではない。
   聞取: といっても天井から滴り落ちてくる水ではない。

c129-1  一致率 100.0%
   台本: 水は、柱に沿って、上から下へ流れていた。
   聞取: 水は柱に沿って上から下へ流れていた。

c129-2  一致率 100.0%
   台本: 柱を伝って落ちてくる、という見え方である。
   聞取: 柱を伝って落ちてくるという見え方である。

c130-1  一致率 100.0%
   台本: 水が柱を伝うということは、天井と柱のつなぎ目に、
   聞取: 水が柱を伝うということは、天井と柱のつなぎ目に

c131-2  一致率 100.0%
   台本: 柱を伝って水が流れ落ちた。
   聞取: 柱を伝って水が流れ落ちた。

c201-2  一致率 100.0%
   台本: それまで週の単位だったものが、時間の単位になる。
   聞取: それまで週の単位だったものが時間の単位になる。

c203-1  一致率 100.0%
   台本: 場所は、プールデッキの床の上。
   送信: 場所は、プールデッキのゆかの上。   ← EL_YOMI で書き換えた文
   聞取: 場所はプールデッキの床の上。

c204-1  一致率 100.0%
   台本: この日の朝、そこを歩いた人がいた。
   聞取: この日の朝、そこを歩いた人がいた。

c207-2  一致率 100.0%
   台本: 3週間前にプランターが割れていた、あの近くである。
   聞取: 三週間前にプランターが割れていたあの近くである。

c208-1  一致率 100.0%
   台本: 3週間前に異変が見えたところと、ほとんど同じ場所だった。
   聞取: 三週間前に異変が見えたところとほとんど同じ場所だった。

c208-2  一致率 100.0%
   台本: 同じ一点が、3週間、動き続けていたことになる。
   聞取: 同じ一点が三週間動き続けていたことになる

c210-1  一致率 100.0%
   台本: 水がどこへ抜けていくか。
   聞取: 水がどこへ抜けていくか

c211-1  一致率 100.0%
   台本: 手書きの文は、日付から始まっている。
   聞取: 手書きの文は日付から始まっている

c211-2  一致率 100.0%
   台本: 6月23日の朝、と書いてある。
   聞取: 六月二十三日の朝と書いてある

c212-1  一致率 100.0%
   台本: 続きは、こうである。
   聞取: 続きはこうである。

c213-1  一致率 100.0%
   台本: 気がついたのは、ひび割れではない。
   聞取: 気がついたのはひび割れではない。

c213-2  一致率 100.0%
   台本: 汚れでも、たわみでも、水たまりでもなかった。
   聞取: 汚れでもたわみでも水たまりでもなかった。

c214-1  一致率 100.0%
   台本: 隙間だった。しかも、その幅まで書き込まれている。
   聞取: 隙間だった。しかもその幅まで書き込まれている。

c214-2  一致率 100.0%
   台本: 床に、4インチの隙間
   送信: ゆかに、4インチの隙間   ← EL_YOMI で書き換えた文
   聞取: 床に四インチの隙間

c215-2  一致率 100.0%
   台本: 手のひらを縦にして、そのまま差し込める幅にあたる。
   聞取: 手のひらを縦にしてそのまま差し込める幅にあたる

c216-1  一致率 100.0%
   台本: 床が割れていた、という話ではない。
   送信: ゆかが割れていた、という話ではない。   ← EL_YOMI で書き換えた文
   聞取: 床が割れていたという話ではない。

c217-1  一致率 100.0%
   台本: この時点で、崩落までは、まだ17時間ある。
   聞取: この時点で崩落まではまだ17時間ある。

c218-1  一致率 100.0%
   台本: 次に記録が残るのは、9時間前である。
   聞取: 次に記録が残るのは九時間前である。

c218-2  一致率 100.0%
   台本: 6月23日の、夕方から夜にかけてのあたり。
   聞取: 6月23日の夕方から夜にかけてのあたり

c219-1  一致率 100.0%
   台本: ここで、場所が変わる。プールデッキの上ではない。
   聞取: ここで場所が変わる。プールデッキの上ではない。

c220-1  一致率 100.0%
   台本: 資料に残っているのは、駐車場の区画を描いた図で、
   聞取: 資料に残っているのは駐車場の区画を描いた図で

c221-1  一致率 100.0%
   台本: その図の上に、付箋のような書き込みがある。
   聞取: その図の上に付箋のような書き込みがある。

c222-1  一致率 100.0%
   台本: 書かれているのは、天井から水が漏れていた、ということ。
   聞取: 書かれているのは天井から水が漏れていたということ。

c223-1  一致率 100.0%
   台本: 地下の駐車場で水が漏れるのは、よくあることである。
   聞取: 地下の駐車場で水が漏れるのはよくあることである。

c223-2  一致率 100.0%
   台本: 上にプールがあり、配管も通っていれば、なおさらである。
   聞取: 上にプールがあり、配管も通っていればなおさらである。

c224-1  一致率 100.0%
   台本: だからその人は、わざわざ否定を書き足している。
   聞取: だからその人はわざわざ否定を書き足している。

c224-2  一致率 100.0%
   台本: 配管ではない、と。
   聞取: 配管ではないと

c225-1  一致率 100.0%
   台本: そして、割れの深さまで書いてある。4分の1インチ。
   聞取: そして割れの深さまで書いてある四分の一インチ

c225-2  一致率 100.0%
   台本: 配管ではない。天井からの漏れ
   聞取: 配管ではない天井からの漏れ

c226-1  一致率 100.0%
   台本: 4分の1インチは、およそ6ミリである。
   聞取: 四分の一インチはおよそ六ミリである。

c226-2  一致率 100.0%
   台本: 天井、つまりプールデッキの裏側に、6ミリの深さの割れがあった。
   聞取: 天井、つまりプールデッキの裏側に六ミリの深さの割れがあった。

c227-1  一致率 100.0%
   台本: 記録は、3時間前にも残っている。
   聞取: 記録は三時間前にも残っている。

c228-2  一致率 100.0%
   台本: 9分前、6分から7分前、5分から6分前、4分から5分前。分の単位になる。
   聞取: 九分前、六分から七分前、五分から六分前、四分から五分前。十分の単位になる。

c230-1  一致率 100.0%
   台本: 6分から7分前になると、図の中身が変わる。
   聞取: 六分から七分前になると図の中身が変わる。

c230-2  一致率 100.0%
   台本: 床のたわみが、深さごとに色で分けられている。
   送信: ゆかのたわみが、深さごとに色で分けられている。   ← EL_YOMI で書き換えた文
   聞取: 床のたわみが深さごとに色で分けられている。

c231-1  一致率 100.0%
   台本: 北へ行くほど、深く沈んでいた。
   聞取: 北へ行くほど深く沈んでいた

c231-2  一致率 100.0%
   台本: 平らだったはずの床が、浅い皿のような形になっている。
   送信: 平らだったはずのゆかが、浅い皿のような形になっている。   ← EL_YOMI で書き換えた文
   聞取: 平らだったはずの床が浅い皿のような形になっている。

c232-2  一致率 100.0%
   台本: ただし、その映像を、ここでは出さない。
   聞取: ただし、その映像をここでは出さない。

c301-2  一致率 100.0%
   台本: パンチング・シア破壊という。
   聞取: パンチングシア破壊という

c302-1  一致率 100.0%
   台本: 日本語では、押し抜きせん断と呼ばれる。
   聞取: 日本語では押し抜き、せん断と呼ばれる

c302-2  一致率 100.0%
   台本: 起きる場所は、柱と、床の板とのつなぎ目である。
   送信: 起きる場所は、柱と、ゆかの板とのつなぎ目である。   ← EL_YOMI で書き換えた文
   聞取: 起きる場所は柱と床の板とのつなぎ目である。

c303-1  一致率 100.0%
   台本: 床の板のことを、スラブという。
   送信: ゆかの板のことを、スラブという。   ← EL_YOMI で書き換えた文
   聞取: 床の板のことをスラブという。

c303-2  一致率 100.0%
   台本: 鉄筋を入れて固めた、コンクリートの平らな板のことである。
   聞取: 鉄筋を入れて固めたコンクリートの平らな板のことである。

c304-1  一致率 100.0%
   台本: スラブは、柱の上に置かれているのではない。
   聞取: スラブは柱の上に置かれているのではない。

c304-2  一致率 100.0%
   台本: 柱と一体に打たれていて、柱につながっている。
   聞取: 柱と一体に打たれていて、柱につながっている

c306-2  一致率 100.0%
   台本: ここまでは、どんな建物の床でも同じである。
   送信: ここまでは、どんな建物のゆかでも同じである。   ← EL_YOMI で書き換えた文
   聞取: ここまではどんな建物の床でも同じである。

c307-1  一致率 100.0%
   台本: 違うのは、受け止めている面積である。
   聞取: 違うのは受け止めている面積である。

c308-1  一致率 100.0%
   台本: だから、広い範囲の重さが、柱の周りだけに集まってくる。
   聞取: だから広い範囲の重さが柱の周りだけに集まってくる。

c308-2  一致率 100.0%
   台本: 集まった力は、コンクリートを、垂直に切ろうとする。
   聞取: 集まった力はコンクリートを垂直に切ろうとする。

c309-1  一致率 100.0%
   台本: 切れ方には、決まった形がある。
   聞取: 切れ方には決まった形がある。

c309-2  一致率 100.0%
   台本: 柱を中心にして、すり鉢を伏せたような面で割れていく。
   聞取: 柱を中心にしてすり鉢を伏せたような面で割れていく

c313-1  一致率 100.0%
   台本: 曲がって壊れる床なら、まず大きくたわむ。
   送信: 曲がって壊れるゆかなら、まず大きくたわむ。   ← EL_YOMI で書き換えた文
   聞取: 曲がって壊れる床ならまず大きくたわむ。

c314-1  一致率 100.0%
   台本: 押し抜きは、たわみが小さいまま、いきなり割れる。
   聞取: 押し抜きはたわみが小さいままいきなり割れる

c314-2  一致率 100.0%
   台本: 割れた時点で、その柱はもう床を支えていない。
   送信: 割れた時点で、その柱はもうゆかを支えていない。   ← EL_YOMI で書き換えた文
   聞取: 割れた時点でその柱はもう床を支えていない

c315-1  一致率 100.0%
   台本: NIST は、この壊れ方を動く図にして公開している。
   送信: ニスト は、この壊れ方を動く図にして公開している。   ← EL_YOMI で書き換えた文
   聞取: NISTはこの壊れ方を動く図にして公開している。

c316-2  一致率 100.0%
   台本: 場所は、プールデッキの下だった。
   聞取: 場所はプールデッキの下だった。

c317-1  一致率 100.0%
   台本: 起きた柱の数は、2本。
   聞取: 起きた柱の数は二本。

c317-2  一致率 100.0%
   台本: 何十本と立っている柱のうちの、たった2本である。
   聞取: 何十本と立っている柱のうちのたった二本である。

c318-2  一致率 100.0%
   台本: 6月初旬に、2本の柱で起きた
   聞取: 六月初旬に二本の柱で起きた

c319-2  一致率 100.0%
   台本: そこから崩落までは、およそ3週間ある。
   聞取: そこから崩落まではおよそ三週間ある。

c320-1  一致率 100.0%
   台本: つまりこの建物は、床と柱のつなぎ目を2か所失ったまま、
   送信: つまりこの建物は、ゆかと柱のつなぎ目を2か所失ったまま、   ← EL_YOMI で書き換えた文
   聞取: つまり、この建物は床と柱のつなぎ目を二か所失ったまま

c320-2  一致率 100.0%
   台本: 3週間、立ち続けていたことになる。
   聞取: 三週間立ち続けていたことになる。

c321-1  一致率 100.0%
   台本: ここからは、なぜそう言えるのかを見ていく。
   聞取: ここからはなぜそう言えるのかを見ていく。

c322-1  一致率 100.0%
   台本: 場所は、ミネソタ大学の試験場である。
   聞取: 場所はミネソタ大学の試験場である。

c322-2  一致率 100.0%
   台本: 崩れた建物の柱と梁と床を、同じ寸法、同じ配筋で作った。
   送信: 崩れた建物の柱と梁とゆかを、同じ寸法、同じ配筋で作った。   ← EL_YOMI で書き換えた文
   聞取: 崩れた建物の柱と梁と床を同じ寸法、同じ配筋で作った

c323-1  一致率 100.0%
   台本: 小さな模型では、この壊れ方は正しく出ない。
   聞取: 小さな模型ではこの壊れ方は正しく出ない。

c323-2  一致率 100.0%
   台本: コンクリートの割れ方は、寸法が変わると変わってしまう。
   聞取: コンクリートの割れ方は寸法が変わると変わってしまう。

c324-1  一致率 100.0%
   台本: 板の上には格子が引かれ、計測器がびっしりと並ぶ。
   聞取: 板の上には格子が引かれ、計測器がびっしりと並ぶ。

c325-2  一致率 100.0%
   台本: 現場から抜いた実物を試験して、強さを合わせてある。
   聞取: 現場から抜いた実物を試験して強さを合わせてある。

c326-2  一致率 100.0%
   台本: どれだけの力で伸び、どこで切れるかを測っている。
   聞取: どれだけの力で伸び、どこで切れるかを測っている。

c327-1  一致率 100.0%
   台本: そして、載せた。
   聞取: そして載せた

c330-1  一致率 100.0%
   台本: 壊れていくのは、いつも板の下側である。
   聞取: 壊れていくのはいつも板の下側である。

c330-2  一致率 100.0%
   台本: プールサイドを歩いている人からは、絶対に見えない。
   聞取: プールサイドを歩いている人からは絶対に見えない。

c331-1  一致率 100.0%
   台本: そして、外れる。
   聞取: そして外れる。

c331-2  一致率 100.0%
   台本: 板と梁が、柱を残したまま、下へ落ちていく。
   聞取: 板と梁が柱を残したまま下へ落ちていく。

c332-1  一致率 100.0%
   台本: 別の試験では、同じ過程を早回しで撮っている。
   聞取: 別の試験では同じ過程を早回しで撮っている。

c333-2  一致率 100.0%
   台本: 板が柱から離れていく。
   聞取: 板が柱から離れていく。

c334-1  一致率 100.0%
   台本: 実際にかかった時間は、これよりずっと短い。
   聞取: 実際にかかった時間はこれよりずっと短い。

c335-1  一致率 100.0%
   台本: 実物と同じ大きさで作り直しても、同じように壊れた。
   聞取: 実物と同じ大きさで作り直しても同じように壊れた。

c335-2  一致率 100.0%
   台本: 筋書きは、計算だけでなく、実験でも確かめられている。
   聞取: 筋書きは計算だけでなく実験でも確かめられている。

c336-2  一致率 100.0%
   台本: 残っているのは、なぜ、その2本だったのか、である。
   聞取: 残っているのはなぜその二本だったのかである。

c401-1  一致率 100.0%
   台本: NIST は、つなぎ目が壊れた理由として、5つを挙げている。
   送信: ニスト は、つなぎ目が壊れた理由として、5つを挙げている。   ← EL_YOMI で書き換えた文
   聞取: NISTはつなぎ目が壊れた理由として五つを挙げている。

c401-2  一致率 100.0%
   台本: ただし、その5つを、同じ重さでは扱っていない。
   聞取: ただし、その五つを同じ重さでは扱っていない。

c402-1  一致率 100.0%
   台本: 図をよく見ると、下に括弧が引いてある。
   聞取: 図をよく見ると下に括弧が引いてある

c402-2  一致率 100.0%
   台本: 括弧に入っているのは、5つのうち、左の2つだけである。
   聞取: 括弧に入っているのは五つのうち左の二つだけである。

c405-1  一致率 100.0%
   台本: その答えの片方が、この図である。
   聞取: その答えの片方がこの図である。

c405-2  一致率 100.0%
   台本: プールデッキと、街路側の駐車場の、床を上から見た地図。
   送信: プールデッキと、街路側の駐車場の、ゆかを上から見た地図。   ← EL_YOMI で書き換えた文
   聞取: プールデッキと街路側の駐車場の床を上から見た地図

c406-2  一致率 100.0%
   台本: 赤が、重い不足。黄が、中くらいの不足。
   聞取: 赤が重い不足、黄が中くらいの不足

c407-2  一致率 100.0%
   台本: 床のほぼ全体に、散らばるように並んでいる。
   送信: ゆかのほぼ全体に、散らばるように並んでいる。   ← EL_YOMI で書き換えた文
   聞取: 床のほぼ全体に散らばるように並んでいる

c408-2  一致率 100.0%
   台本: 建てた時点から、広い範囲で、足りていなかった。
   聞取: 建てた時点から広い範囲で足りていなかった。

c409-1  一致率 100.0%
   台本: ここからは、計算ではなく実物である。
   聞取: ここからは計算ではなく実物である

c410-2  一致率 100.0%
   台本: 鉄筋があるはずの深さ。下の線が、実際に鉄筋のあった深さである。
   聞取: 鉄筋があるはずの深さ。下の線が実際に鉄筋のあった深さである。

c412-1  一致率 100.0%
   台本: このかぶりが、図面に書かれた値と、実物とで違っていた。
   聞取: このかぶりが図面に書かれた値と実物とで違っていた。

c414-1  一致率 100.0%
   台本: かぶりが厚いというのは、一見、悪いことに思えない。
   聞取: かぶりが厚いというのは一見悪いことに思えない。

c414-2  一致率 100.0%
   台本: 鉄筋が守られて、錆びにくくなるからである。
   聞取: 鉄筋が守られて錆びにくくなるからである。

c415-1  一致率 100.0%
   台本: ところが、押し抜きに対しては、逆に働いてしまう。
   聞取: ところが、押し抜きに対しては逆に働いてしまう。

c416-1  一致率 100.0%
   台本: 板そのものの厚みは、変わらない。変わるのは鉄筋の深さで、
   聞取: 板そのものの厚みは変わらない。変わるのは鉄筋の深さで

c417-1  一致率 100.0%
   台本: 押し抜きに耐える力は、この距離の大きさで決まる。
   聞取: 押し抜きに耐える力はこの距離の大きさで決まる。

c417-2  一致率 100.0%
   台本: 専門用語では、有効せい、と呼ぶ。これが縮むほど、板は薄い板として振る舞う。
   聞取: 専門用語では有効せいと呼ぶ。これが縮むほど、板は薄い板として振る舞う。

c418-1  一致率 100.0%
   台本: つまりこの床は、厚さは同じままで、
   送信: つまりこのゆかは、厚さは同じままで、   ← EL_YOMI で書き換えた文
   聞取: つまりこの床は厚さは同じままで

c418-2  一致率 100.0%
   台本: 構造としては、薄い床になっていた。
   送信: 構造としては、薄いゆかになっていた。   ← EL_YOMI で書き換えた文
   聞取: 構造としては薄い床になっていた

c419-1  一致率 100.0%
   台本: この違いは、机の上で出した数字ではない。
   聞取: この違いは机の上で出した数字ではない。

c419-2  一致率 100.0%
   台本: 回収した部材を、実際に測って出てきた数字である。
   聞取: 回収した部材を実際に測って出てきた数字である。

c421-1  一致率 100.0%
   台本: 柱の帯にあたる部分の鉄筋の、少なくとも25パーセントを、
   聞取: 柱の帯にあたる部分の鉄筋の少なくとも二十五パーセントを

c421-2  一致率 100.0%
   台本: 柱の真上に集めること。そう書かれている。
   聞取: 柱の真上に集めること、そう書かれている。

c422-1  一致率 100.0%
   台本: 押し抜きに効くのは、柱の真上を通っている鉄筋である。
   聞取: 押し抜きに効くのは柱の真上を通っている鉄筋である。

c422-2  一致率 100.0%
   台本: だからそこに集めろ、と、設計者はわざわざ書いていた。
   聞取: だからそこに集めろと設計者はわざわざ書いていた。

c423-1  一致率 100.0%
   台本: 図面には、そう書いてあった。
   聞取: 図面にはそう書いてあった。

c423-2  一致率 100.0%
   台本: では、実際に建てられたものは、どうだったか。
   聞取: では、実際に建てられたものはどうだったか。

c424-2  一致率 100.0%
   台本: そこに残っている上端の鉄筋を、NIST は数えている。
   送信: そこに残っている上端の鉄筋を、ニスト は数えている。   ← EL_YOMI で書き換えた文
   聞取: そこに残っている上端の鉄筋をNISTは数えている

c425-1  一致率 100.0%
   台本: 片方向について、あるべき本数は4本だった。
   聞取: 片方向についてあるべき本数は四本だった

c425-2  一致率 100.0%
   台本: 数えて出てきたのは、2本である。
   聞取: 数えて出てきたのは二本である。

c426-1  一致率 100.0%
   台本: しかも、縦横のどちらの向きでも、同じだった。
   聞取: しかも縦横のどちらの向きでも同じだった。

c426-2  一致率 100.0%
   台本: 4本のはずが、2本だった
   聞取: 四本のはずが二本だった。

c427-1  一致率 100.0%
   台本: 柱の真上を通る鉄筋が、半分しかない。
   聞取: 柱の真上を通る鉄筋が半分しかない。

c428-1  一致率 100.0%
   台本: ただし、NIST の書き方は慎重である。
   送信: ただし、ニスト の書き方は慎重である。   ← EL_YOMI で書き換えた文
   聞取: ただし、NISTの書き方は慎重である。

c429-2  一致率 100.0%
   台本: 書いてあるのは、プールデッキの床では、指定より少ないのが通例だった、
   送信: 書いてあるのは、プールデッキのゆかでは、指定より少ないのが通例だった、   ← EL_YOMI で書き換えた文
   聞取: 書いてあるのはプールデッキの床では指定より少ないのが通例だった。

c429-3  一致率 100.0%
   台本: ということである。
   聞取: ということである。

c430-2  一致率 100.0%
   台本: 崩れた部材を、捨てずに、証拠として取っておいたからである。
   聞取: 崩れた部材を捨てずに証拠として取っておいたからである。

c432-1  一致率 100.0%
   台本: 設計そのものが足りず、施工がそこからさらに外れていた。
   聞取: 設計そのものが足りず、施工がそこからさらに外れていた。

c433-1  一致率 100.0%
   台本: では、残る3つは何か。括弧の外にあるのは、
   聞取: では、残る三つは何か。括弧の外にあるのは

c434-2  一致率 100.0%
   台本: では何が、最後の3週間を作ったのか。
   聞取: では、何が最後の三週間を作ったのか。

c501-1  一致率 100.0%
   台本: 括弧の外にある3つを、順に見ていく。
   聞取: 括弧の外にある三つを順に見ていく。

c502-2  一致率 100.0%
   台本: 植木を植えるために作られた、コンクリートの箱である。
   聞取: 植木を植えるために作られたコンクリートの箱である。

c503-2  一致率 100.0%
   台本: 場所は、プールデッキの北側の近く、としている。
   聞取: 場所はプールデッキの北側の近くとしている。

c504-1  一致率 100.0%
   台本: 北側というのは、建物本体に接している側である。
   聞取: 北側というのは建物本体に接している側である。

c504-2  一致率 100.0%
   台本: 3週間前にプランターが割れていた、あの場所もそこにある。
   聞取: 三週間前にプランターが割れていたあの場所もそこにある。

c505-1  一致率 100.0%
   台本: プランターには土が入り、水が入り、植木が育つ。
   聞取: プランターには土が入り、水が入り、植木が育つ。

c506-2  一致率 100.0%
   台本: 同じ体積でも、二割から三割は違ってくる。
   聞取: 同じ体積でも二割から三割は違ってくる

c507-2  一致率 100.0%
   台本: こちらには、ばらつきがある、という言葉が添えられている。
   聞取: こちらにはばらつきがあるという言葉が添えられている。

c508-2  一致率 100.0%
   台本: 剥がしてから貼り直すより、安く、早く終わるからである。
   聞取: 剥がしてから貼り直すより安く早く終わるからである。

c512-1  一致率 100.0%
   台本: 見出しは、鉄筋の腐食。
   聞取: 見出しは「鉄筋の腐食」。

c513-1  一致率 100.0%
   台本: 鉄筋は、錆びると体積が増える。
   聞取: 鉄筋は錆びると体積が増える。

c513-2  一致率 100.0%
   台本: 膨らんだ鉄筋は、周りのコンクリートを、内側から押し広げる。
   聞取: 膨らんだ鉄筋は周りのコンクリートを内側から押し広げる。

c514-1  一致率 100.0%
   台本: 押されたコンクリートは、やがて割れて剥がれ落ちる。
   聞取: 押されたコンクリートはやがて割れて剥がれ落ちる。

c515-1  一致率 100.0%
   台本: この繰り返しが、どれだけの間、続いていたのか。
   聞取: この繰り返しがどれだけの間続いていたのか。

c515-2  一致率 100.0%
   台本: 25年以上、進み続けていた
   聞取: 25年以上進み続けていた

c517-2  一致率 100.0%
   台本: 後ろの25年は、鉄筋が錆び続けていた期間だったことになる。
   聞取: 後ろの25年は鉄筋が錆び続けていた期間だったことになる。

c518-1  一致率 100.0%
   台本: どうして25年以上と言えるのか。
   聞取: どうして二十五年以上と言えるのか。

c518-2  一致率 100.0%
   台本: NIST は、鉄筋の標本を、数百本の単位で評価している。
   送信: ニスト は、鉄筋の標本を、数百本の単位で評価している。   ← EL_YOMI で書き換えた文
   聞取: NISTは鉄筋の標本を数百本の単位で評価している。

c519-1  一致率 100.0%
   台本: 現場からは、コンクリートを円柱の形に抜き取っている。
   聞取: 現場からはコンクリートを円柱の形に抜き取っている

c519-2  一致率 100.0%
   台本: コア抜き、と呼ばれるやり方である。
   聞取: コア抜きと呼ばれるやり方である。

c520-1  一致率 100.0%
   台本: 抜き取ったコアは、割れるまで押しつぶされる。
   聞取: 抜き取ったコアは割れるまで押しつぶされる

c521-2  一致率 100.0%
   台本: 崩れた建物が、そのままの形で並んでいる。
   聞取: 崩れた建物がそのままの形で並んでいる。

c523-1  一致率 100.0%
   台本: この建物が建っていたのは、大西洋のすぐそばである。
   聞取: この建物が建っていたのは大西洋のすぐそばである。

c524-2  一致率 100.0%
   台本: そして鉄筋のところまで届くと、錆が始まる。
   聞取: そして鉄筋のところまで届くと錆が始まる。

c525-1  一致率 100.0%
   台本: ここで、第4章のかぶりの話が戻ってくる。
   聞取: ここで第四章のかぶりの話が戻ってくる。

c525-2  一致率 100.0%
   台本: かぶりが厚ければ、塩が鉄筋に届くまでの時間は長くなる。
   聞取: かぶりが厚ければ塩が鉄筋に届くまでの時間は長くなる。

c526-2  一致率 100.0%
   台本: 押し抜きに対しては、不利に働いた。同じ一つの数字である。
   聞取: 押し抜きに対しては不利に働いた同じ一つの数字である。

c527-1  一致率 100.0%
   台本: 重さが足され、塩が入り、時間が進み、
   聞取: 重さが足され、塩が入り、時間が進み

c527-2  一致率 100.0%
   台本: もともと小さかった余裕が、少しずつ削られていった。
   聞取: もともと小さかった余裕が少しずつ削られていった。

c601-2  一致率 100.0%
   台本: 壊れたのは、プールデッキの下にある、柱2本と床とのつなぎ目だった。
   送信: 壊れたのは、プールデッキの下にある、柱2本とゆかとのつなぎ目だった。   ← EL_YOMI で書き換えた文
   聞取: 壊れたのはプールデッキの下にある柱二本と床とのつなぎ目だった。

c602-1  一致率 100.0%
   台本: プールデッキは、建物の本体ではない。
   聞取: プールデッキは建物の本体ではない。

c603-1  一致率 100.0%
   台本: 屋外の平らな床が落ちたことが、
   送信: 屋外の平らなゆかが落ちたことが、   ← EL_YOMI で書き換えた文
   聞取: 屋外の平らな床が落ちたことが

c603-2  一致率 100.0%
   台本: なぜ、人の住んでいる建物を倒すことになるのか。
   聞取: なぜ人の住んでいる建物を倒すことになるのか。

c604-1  一致率 100.0%
   台本: 答えは、つながっていたから、である。
   聞取: 答えはつながっていたからである。

c604-2  一致率 100.0%
   台本: プールデッキは、建物に、そのまま取り付いていた。
   聞取: プールデッキは建物にそのまま取り付いていた

c605-1  一致率 100.0%
   台本: 平らな床の端が、建物の壁と柱に、そのまま続いている。
   送信: 平らなゆかの端が、建物の壁と柱に、そのまま続いている。   ← EL_YOMI で書き換えた文
   聞取: 平らな床の端が建物の壁と柱にそのまま続いている。

c605-2  一致率 100.0%
   台本: 隣り合った別々の建物、という関係ではない。
   聞取: 隣り合った別々の建物という関係ではない。

c607-1  一致率 100.0%
   台本: NIST が実物大で作ったのは、まさにこの部分だった。
   送信: ニスト が実物大で作ったのは、まさにこの部分だった。   ← EL_YOMI で書き換えた文
   聞取: NISTが実物大で作ったのはまさにこの部分だった。

c607-2  一致率 100.0%
   台本: プールデッキと、建物との、境目である。
   聞取: プールデッキと建物との境目である。

c608-1  一致率 100.0%
   台本: 試験の名前も、プールデッキと塔の接続部の試験、となっている。
   聞取: 試験の名前もプールデッキと塔の接続部の試験となっている。

c608-2  一致率 100.0%
   台本: 落ちる側と、残る側を、両方まとめて作ってある。
   聞取: 落ちる側と残る側を両方まとめて作ってある

c609-1  一致率 100.0%
   台本: 起きたことは、線図に描かれている。
   聞取: 起きたことは線図に描かれている。

c609-2  一致率 100.0%
   台本: 柱が4本、D、E、H、I の記号で並んでいる。
   聞取: 柱が四本、D、E、H、Iの記号で並んでいる。

c610-1  一致率 100.0%
   台本: 左側の床は、そのまま水平に残っている。
   送信: 左側のゆかは、そのまま水平に残っている。   ← EL_YOMI で書き換えた文
   聞取: 左側の床はそのまま水平に残っている。

c611-1  一致率 100.0%
   台本: 右側の床は、外れて、斜めに下がっている。
   送信: 右側のゆかは、外れて、斜めに下がっている。   ← EL_YOMI で書き換えた文
   聞取: 右側の床は外れて斜めに下がっている。

c611-2  一致率 100.0%
   台本: 端に行くほど、深く落ちている。
   聞取: 端に行くほど深く落ちている。

c612-1  一致率 100.0%
   台本: 板は、真ん中から折れたのではない。
   聞取: 板は真ん中から折れたのではない。

c612-2  一致率 100.0%
   台本: 柱のあるところで、切れている。
   聞取: 柱のあるところで切れている

c613-2  一致率 100.0%
   台本: 指しているのは、板の下側に入っていた鉄筋である。
   聞取: 指しているのは板の下側に入っていた鉄筋である。

c614-1  一致率 100.0%
   台本: 上の鉄筋が切れた、という書き方ではない。
   聞取: 上の鉄筋が切れたという書き方ではない

c615-1  一致率 100.0%
   台本: 切れたのではなく、抜けた。
   聞取: 切れたのではなく抜けた。

c616-1  一致率 100.0%
   台本: 鉄筋は、コンクリートに埋まっている長さで力を伝えている。
   聞取: 鉄筋はコンクリートに埋まっている長さで力を伝えている。

c617-1  一致率 100.0%
   台本: そして、抜けたところで止まらない。
   聞取: そして抜けたところで止まらない

c617-2  一致率 100.0%
   台本: そこが支えていた重さが、隣のつなぎ目に移っていく。
   聞取: そこが支えていた重さが隣のつなぎ目に移っていく。

c618-2  一致率 100.0%
   台本: 同じように足りなければ、同じように抜ける。
   聞取: 同じように足りなければ、同じように抜ける。

c619-2  一致率 100.0%
   台本: 壊れるたびに、残った柱にかかる重さは増えていく。
   聞取: 壊れるたびに残った柱にかかる重さは増えていく。

c620-1  一致率 100.0%
   台本: どこまで進んだのかは、平面図に描かれている。
   聞取: どこまで進んだのかは平面図に描かれている。

c620-2  一致率 100.0%
   台本: 青く塗られているところが、中央部の、崩れた範囲である。
   聞取: 青く塗られているところが中央部の崩れた範囲である。

c621-1  一致率 100.0%
   台本: その範囲は、さらに2つに分けられている。
   聞取: その範囲はさらに二つに分けられている

c622-1  一致率 100.0%
   台本: Aは、コンクリートの壁があった側。
   送信: Aは、コンクリートの壁があった がわ。   ← EL_YOMI で書き換えた文
   聞取: Aはコンクリートの壁があった。側。

c622-2  一致率 100.0%
   台本: Bは、床と柱だけでできていた側である。
   送信: Bは、ゆかと柱だけでできていた がわである。   ← EL_YOMI で書き換えた文
   聞取: Bは床と柱だけでできていた側である。

c623-1  一致率 100.0%
   台本: 壁は、面で支える。柱は、点で支える。
   聞取: 壁は面で支える。柱は点で支える。

c624-1  一致率 100.0%
   台本: 平面図に引かれた崩落の境目にも、その差が出ている。
   聞取: 平面図に引かれた崩落の境目にもその差が出ている。

c628-2  一致率 100.0%
   台本: 床が切れているのは、柱のあるところ。線図と同じである。
   送信: ゆかが切れているのは、柱のあるところ。線図と同じである。   ← EL_YOMI で書き換えた文
   聞取: 床が切れているのは柱のあるところ。線図と同じである。

c701-2  一致率 100.0%
   台本: 24通りの筋書きを検討した、と書いている。
   送信: ニジュウヨンとおりの筋書きを検討した、と書いている。   ← EL_YOMI で書き換えた文
   聞取: 二十四通りの筋書きを検討したと書いている

c702-1  一致率 100.0%
   台本: 残ったのが、ここまで見てきた筋書きである。
   聞取: 残ったのがここまで見てきた筋書きである。

c703-1  一致率 100.0%
   台本: この事故については、起きた直後から、
   聞取: この事故については起きた直後から

c703-2  一致率 100.0%
   台本: いくつもの説が語られてきた。
   聞取: いくつもの説が語られてきた。

c704-2  一致率 100.0%
   台本: 確かめられてはいない、あくまで噂の段階の話である。
   聞取: 確かめられてはいない、あくまで噂の段階の話である。

c705-2  一致率 100.0%
   台本: 建物のすぐ南側に、別の高層マンションが建てられていた。
   聞取: 建物のすぐ南側に別の高層マンションが建てられていた。

c706-2  一致率 100.0%
   台本: 地面を掘り、鋼の板を打ち込む工事が行われていた。
   聞取: 地面を掘り、鋼の板を打ち込む工事が行われていた。

c707-1  一致率 100.0%
   台本: その打ち込んだ場所と、崩れた建物の壁との距離。
   聞取: その打ち込んだ場所と崩れた建物の壁との距離

c707-2  一致率 100.0%
   台本: NIST が測った最短の距離は、およそ9フィートだった。
   送信: ニスト が測った最短の距離は、およそ9フィートだった。   ← EL_YOMI で書き換えた文
   聞取: NISTが測った最短の距離はおよそ9フィートだった。

c708-2  一致率 100.0%
   台本: 隣、というより、ほとんど接していると言っていい。
   聞取: 隣というよりほとんど接していると言っていい。

c709-2  一致率 100.0%
   台本: 建物が振動していた、という証言が残っている。
   聞取: 建物が振動していたという証言が残っている。

c710-1  一致率 100.0%
   台本: だから、こう言われてきた。
   聞取: だからこう言われてきた。

c710-2  一致率 100.0%
   台本: 隣の工事の振動が、この建物を傷めたのではないか、と。
   聞取: 隣の工事の振動がこの建物を傷めたのではないかと。

c711-1  一致率 100.0%
   台本: NIST は、この説を、名指しで検討している。
   送信: ニスト は、この説を、名指しで検討している。   ← EL_YOMI で書き換えた文
   聞取: NISTはこの説を名指しで検討している

c711-2  一致率 100.0%
   台本: 使ったのは、地面と建物を一緒に解く計算である。
   聞取: 使ったのは地面と建物を一緒に解く計算である。

c712-1  一致率 100.0%
   台本: 建物を、上の骨組み、地下、基礎、そして地盤に分け、
   聞取: 建物を上の骨組み、地下、基礎、そして地盤に分け

c712-2  一致率 100.0%
   台本: 振動がどこをどう伝わっていくかを追いかけた。
   聞取: 振動がどこをどう伝わっていくかを追いかけた

c713-1  一致率 100.0%
   台本: 計算には、この土地の地盤の性質が入っている。
   聞取: 計算にはこの土地の地盤の性質が入っている。

c714-1  一致率 100.0%
   台本: 出てきた答えは、3つある。
   聞取: 出てきた答えは三つある。

c715-1  一致率 100.0%
   台本: 建物の南側にあった地下と、鋼の板でできた壁。
   聞取: 建物の南側にあった地下と鋼の板でできた壁

c715-2  一致率 100.0%
   台本: この2つが、伝わってくる振動を大きく減らしていた。
   聞取: この二つが伝わってくる振動を大きく減らしていた

c716-2  一致率 100.0%
   台本: 問題になったつなぎ目に、どれだけ届いたか、である。
   聞取: 問題になったつなぎ目にどれだけ届いたかである。

c717-2  一致率 100.0%
   台本: 傷んだつなぎ目を壊すにも、小さすぎた
   聞取: 傷んだつなぎ目を壊すにも小さすぎた。

c719-2  一致率 100.0%
   台本: 感じたというのは、本当だった。
   聞取: 感じたというのは本当だった。

c720-1  一致率 100.0%
   台本: 人が感じ取れる振動の大きさは、建物を壊す振動の大きさより、
   聞取: 人が感じ取れる振動の大きさは、建物を壊す振動の大きさより

c721-2  一致率 100.0%
   台本: 感じたことと、それが原因であることが、別だっただけである。
   聞取: 感じたこととそれが原因であることが別だっただけである。

c722-2  一致率 100.0%
   台本: 大きく寄与してはいない
   聞取: 大きく寄与してはいない。

c723-1  一致率 100.0%
   台本: そこに並んでいるのは、5つである。
   聞取: そこに並んでいるのは五つである。

c723-2  一致率 100.0%
   台本: 隣の工事の振動。基礎の破壊、陥没、そして不同沈下。
   聞取: 隣の工事の振動、基礎の破壊、陥没、そして不同沈下。

c724-1  一致率 100.0%
   台本: ハリケーンと高潮。突発的にかかる、衝撃荷重。
   聞取: ハリケーンと高潮、突発的にかかる衝撃荷重

c724-2  一致率 100.0%
   台本: そして、崩落の当時に進んでいた、屋上の改修と、アンカーの工事。
   聞取: そして崩落の当時に進んでいた屋上の改修とアンカーの工事

c725-1  一致率 100.0%
   台本: 地盤が沈んでいたという説も、この一覧に入っている。
   聞取: 地盤が沈んでいたという説もこの一覧に入っている。

c726-1  一致率 100.0%
   台本: 外から加えられたものではなかった。
   聞取: 外から加えられたものではなかった。

ep01-2  一致率 100.0%
   台本: 見出しは、結びの言葉、となっている。
   聞取: 見出しは「結びの言葉」となっている。

ep02-1  一致率 100.0%
   台本: 5つの箱が、左から順に並んでいる。
   聞取: 五つの箱が左から順に並んでいる。

ep03-2  一致率 100.0%
   台本: そして、時間による劣化である。
   聞取: そして時間による劣化である。

ep05-1  一致率 100.0%
   台本: そして、この5つのうち、
   聞取: そしてこの五つのうち

ep06-1  一致率 100.0%
   台本: 括弧の下には、一文が書かれている。
   聞取: 括弧の下には一文が書かれている。

ep06-2  一致率 100.0%
   台本: この2つが何をもたらしたのか、という文である。
   聞取: この二つが何をもたらしたのかという文である。

ep07-1  一致率 100.0%
   台本: 書かれているのは、こうである。
   聞取: 書かれているのはこうである。

ep07-2  一致率 100.0%
   台本: 壊れるまでの余裕が乏しかった原因の大半は、この2つにある。
   聞取: 壊れるまでの余裕が乏しかった原因の大半はこの二つにある。

ep08-1  一致率 100.0%
   台本: 余裕とは、壊れるまでに、どれだけ間があるか、ということである。
   聞取: 余裕とは壊れるまでにどれだけ間があるかということである。

ep09-1  一致率 100.0%
   台本: そしてその一文には、いつからそうだったのか、という
   聞取: そしてその一文には、「いつからそうだったのか」という

ep09-2  一致率 100.0%
   台本: 時期まで書き添えられている。
   聞取: 時期まで書き添えられている

ep10-2  一致率 100.0%
   台本: 建設が終わった、その時点からである。
   聞取: 建設が終わったその時点からである。

ep11-2  一致率 100.0%
   台本: 余裕は決定的に小さかった
   聞取: 余裕は決定的に小さかった。

ep12-2  一致率 100.0%
   台本: 40年間、まだ落ちていなかった、ということである。
   聞取: 40年間まだ落ちていなかったということである。

ep14-1  一致率 100.0%
   台本: どれも、建物が沈んでいる印には見えない。
   聞取: どれも建物が沈んでいる印には見えない。

ep14-2  一致率 100.0%
   台本: だから、直せば済むものに見えた。門は、実際に直されている。
   聞取: だから直せば済むものに見えた。門は実際に直されている。

ep15-2  一致率 100.0%
   台本: 次の諮問委員会が開かれるのは、2026年の9月である。
   聞取: 次の諮問委員会が開かれるのは2026年の9月である。

ep16-1  一致率 100.0%
   台本: 分かったのは、なぜ崩れたのか、である。
   聞取: 分かったのはなぜ崩れたのかである。

ep16-2  一致率 100.0%
   台本: 分かっていないのは、なぜ、誰にも読めなかったのか、である。
   聞取: 分かっていないのは、なぜ誰にも読めなかったのかである。

検査 485行 -> C:\Users\konar\Desktop\zukai-engine\audio\el_qa\surfside_el_yomi.tsv（記録 485行／台本 486行）
Scribe: 音声 1803.7秒を文字起こし／クレジット 33,649 → 34,263（消費 614／上限 131,000） ⚠️ 反映が遅れることがある
⚠️ 文字起こしに失敗した行 1件: [('c324-2', 'URLError')]
🔴 未検査の行があります。『全部OK』とは言えません。
EXIT 1
