
=== c410-2  「押え」→「おさえ」  ⭐良化  95.2% → 97.7% ===
  理由: 🔴2周とも『覆えコンクリート』＝おさえ→おおえ。台本§6-1が予告していた語
  台本  : 防水層の上にかぶせる、押えコンクリートである。
  前の聞取: 防水層の上にかぶせる覆えコンクリートである。
  後の聞取: 防水層の上にかぶせる押さえコンクリートである。

=== c514-1  「止める力」→「とめる力」  ⭐良化  96.2% → 100.0% ===
  理由: 🔴2周とも『溜める力』＝とめる→ためる。意味が逆になる
  台本  : そこより深く沈むほど、床が垂れるのを止める力は弱くなる。
  前の聞取: そこより深く沈むほど、床が垂れるのを溜める力は弱くなる。
  後の聞取: そこより深く沈むほど、床が垂れるのを止める力は弱くなる。

=== c209-2  「な店だったのか」→「な店 だったのか」  ⭐良化  89.4% → 95.7% ===
  理由: 🔴2周とも『大きな店があったのか』。半角空白でアクセント句を切る
  台本  : どれくらい大きな店だったのかは、次の数字で分かる。
  前の聞取: どれくらい大きな店があったのかは次の数字でわかる。
  後の聞取: どれくらい大きな店だったのかは次の数字でわかる。

=== c313-3  「建て主」→「たてぬし」  ＝変わらず  91.9% → 91.9% ===
  理由: 2周とも聞取『建主』。けんしゅ と読んでいる疑い（字では決まらない）
  台本  : 建て主である三豊建設が自分で行っている。
  前の聞取: 建主である三分建設が自分で行っている
  後の聞取: 建主である三分建設が自分で行っている

=== c104-1  「建物の異変」→「たてものの異変」  ⭐良化  94.7% → 100.0% ===
  理由: ⚠️2周目だけ『生物の異変』。行頭。A/Bで3つめの観測を取る
  台本  : 建物の異変は、この日が初めてではなかった。
  前の聞取: 生物の異変はこの日が初めてではなかった。
  後の聞取: 建物の異変はこの日が初めてではなかった。

=== c811-1  「行方不明者の」→「行方不明者 の」  ⭐良化  94.7% → 100.0% ===
  理由: ⚠️2周目だけ『行方不明がの数』。者 が落ちた疑い
  台本  : 行方不明者の数は、なかなか固まらなかった。
  前の聞取: 行方不明がの数はなかなか固まらなかった。
  後の聞取: 行方不明者の数はなかなか固まらなかった。

=== c707-3  「地検の報告は」→「チケンの報告は」  ⭐良化  80.7% → 82.1% ===
  理由: 🔴1巡目の『ちけん』は効かず（事件→試験）。カタカナで試す。⚠️キーを『報告は』まで伸ばした＝『地検の報告』だと c607-1（正しく読めている行）にも当たる
  台本  : 地検の報告は、頁によって17時57分ごろとも、幅でも書いている。
  前の聞取: 事件の報告は四時によって十七時五十七分頃とも幅でも書いている。
  後の聞取: 試験の報告は夜によって十七時五十七分頃とも幅でも書いている。

=== c707-3  「頁によって」→「ページによって」  ▲悪化  80.7% → 79.3% ===
  理由: 🔴2周とも『四時によって』＝頁を よじ と読んでいる
  台本  : 地検の報告は、頁によって17時57分ごろとも、幅でも書いている。
  前の聞取: 事件の報告は四時によって十七時五十七分頃とも幅でも書いている。
  後の聞取: 治験の報告はページによって十七時五十七分頃とも幅でも書いている。

=== c321-1  「白書には、図面」→「はくしょには、図面」  ⭐良化  85.7% → 100.0% ===
  理由: 🔴行ごとのキーへ。『白書』一括だと c405-2 が『博士』に悪化した（A/B 94.7→87.7%）
  台本  : 白書には、図面を描く、実際に建てる、それを見張る、
  前の聞取: 各所には図面を書く、実際に建てる、それを見張る
  後の聞取: 白書には図面を描く、実際に建てる、それを見張る

=== c707-2  「白書は17時」→「はくしょは17時」  ⭐良化  80.0% → 88.9% ===
  理由: 🔴同上。この行だけに当てる
  台本  : 白書は17時55分ごろ、国会の報告書は17時52分。
  前の聞取: 各所は十七時五十五分頃、国会の報告書は十七時五十二分
  後の聞取: 白書は十七時五十五分頃、国会の報告書は十七時五十二分

=== c815-1  「白書によれば」→「はくしょによれば」  ⭐良化  92.0% → 100.0% ===
  理由: 🔴同上。この行だけに当てる
  台本  : 白書によれば、助け出された3人は、いずれも若い人だった。
  前の聞取: 各所によれば、助け出された三人はいずれも若い人だった。
  後の聞取: 白書によれば、助け出された三人はいずれも若い人だった。

11件 -> ep10_yomi_ab.tsv（1件ごとに書き足し）
exit=0
