  pr03-1  86.8%  この事故で五百二社二人が亡くなり、九百三十七人が怪我をしている。
  pr03-2 100.0%  その502人のうち半分以上が21歳から30歳だった。
  pr07-1  89.4%  会員として名前を登録していた人が七万六千五百人余り。
  c203-1  94.7%  敷地は一万五千三百九十七平方メートル。サッカー場二面分より少し広い。
  c203-2  95.8%  建物の床を全部足すと七万三千八百七十七平方メートルになる。
  c209-1  92.6%  会員として名前を登録していた人は七万六千五百人を超えていた。
  c213-2  92.6%  1994年、根には地下一階を六百七十二平方メートル増やした上
  c213-3  95.1%  スポーツ施設などおよそ一万九千平方メートルを売り場に変えている。
  c306-2  90.6%  当時に使った図面では七万三千二百五平方メートルになっていた。
  c308-1 100.0%  国会の報告書が書いているのは次の一行である。
  c520-2  97.8%  鉄筋の太さの四十倍である。実際に入っていた長さは
  c522-1  83.3%  重い浴場。細い柱。沈んだ鉄筋。
  c807-1  92.9%  七月十九日までに入った消防、警察、軍、市の職員は延べ六万八千八百八人。
  c809-2  93.1%  範囲は百貨店の敷地と周りを合わせた六万七千一百平方メートルである。
  c821-2  92.3%  運び出す三万四千トンのうち、三万八百九十二トンが終わっている。
  c906-1  96.0%  白書が最終の数字としているのは亡くなった人が五百人。
  c907-1  85.7%  各所には亡くなった五百人人の年齢の内訳が載っている。
  c909-2  89.5%  五百人。人のうち二百五十八人が二十一歳から三十歳。
  c914-1  94.7%  1996年6月14日の時点で、五百二十頭のうち四百六十四人について

=== 一致率の低い順 19行（★耳で確かめる候補）===

c522-1  一致率 83.3%
   台本: 重い屋上。細い柱。沈んだ鉄筋。
   送信: おもい屋上。ほそい柱。沈んだ鉄筋。   ← EL_YOMI で書き換えた文
   聞取: 重い浴場。細い柱。沈んだ鉄筋。

c907-1  一致率 85.7%
   台本: 白書には、亡くなった502人の年齢の内訳が載っている。
   送信: 白書には、亡くなったゴヒャクニ 人の年齢の内訳が載っている。   ← EL_YOMI で書き換えた文
   聞取: 各所には亡くなった五百人人の年齢の内訳が載っている。

pr03-1  一致率 86.8%
   台本: この事故で502人が亡くなり、937人がけがをしている。
   送信: この事故でゴヒャクニ 人が亡くなり、937人がけがをしている。   ← EL_YOMI で書き換えた文
   聞取: この事故で五百二社二人が亡くなり、九百三十七人が怪我をしている。

pr07-1  一致率 89.4%
   台本: 会員として名前を登録していた人が76,500人あまり。
   送信: 会員として名前を登録していた人がナナマンロクセンゴヒャクニンあまり。   ← EL_YOMI で書き換えた文
   聞取: 会員として名前を登録していた人が七万六千五百人余り。

c909-2  一致率 89.5%
   台本: 502人のうち258人が21歳から30歳
   送信: ゴヒャクニ 人のうち258人が21歳から30歳   ← EL_YOMI で書き換えた文
   聞取: 五百人。人のうち二百五十八人が二十一歳から三十歳。

c306-2  一致率 90.6%
   台本: 工事に使った図面では73,205平方メートルになっていた。
   送信: 工事に使った図面ではナナマンサンゼンニヒャクゴ平方メートルになっていた。   ← EL_YOMI で書き換えた文
   聞取: 当時に使った図面では七万三千二百五平方メートルになっていた。

c821-2  一致率 92.3%
   台本: 運び出す34,000トンのうち、30,892トンが終わっている。
   送信: 運び出すサンマンヨンセントンのうち、サンマンハッピャクキュウジュウニトンが終わっている。   ← EL_YOMI で書き換えた文
   聞取: 運び出す三万四千トンのうち、三万八百九十二トンが終わっている。

c209-1  一致率 92.6%
   台本: 会員として名前を登録していた人は、76,500人をこえていた。
   送信: 会員として名前を登録していた人は、ナナマンロクセンゴヒャクニンをこえていた。   ← EL_YOMI で書き換えた文
   聞取: 会員として名前を登録していた人は七万六千五百人を超えていた。

c213-2  一致率 92.6%
   台本: 1994年には地下1階を672平方メートル増やしたうえ、
   送信: センキュウヒャクキュウジュウヨネンには地下1階を672平方メートル増やしたうえ、   ← EL_YOMI で書き換えた文
   聞取: 1994年、根には地下一階を六百七十二平方メートル増やした上

c807-1  一致率 92.9%
   台本: 7月19日までに入った消防・警察・軍・市の職員は、のべ68,808人。
   送信: 7月19日までに入った消防・警察・軍・市の職員は、のべロクマンハッセンハッピャクハチニン。   ← EL_YOMI で書き換えた文
   聞取: 七月十九日までに入った消防、警察、軍、市の職員は延べ六万八千八百八人。

c809-2  一致率 93.1%
   台本: 範囲は、百貨店の敷地と周りをあわせた67,100平方メートルである。
   送信: 範囲は、百貨店の敷地と周りをあわせたロクマンナナセンヒャク平方メートルである。   ← EL_YOMI で書き換えた文
   聞取: 範囲は百貨店の敷地と周りを合わせた六万七千一百平方メートルである。

c203-1  一致率 94.7%
   台本: 敷地は15,397平方メートル。サッカー場2面ぶんより少し広い。
   送信: 敷地はイチマンゴセンサンビャクキュウジュウナナ平方メートル。サッカー場2面ぶんより少し広い。   ← EL_YOMI で書き換えた文
   聞取: 敷地は一万五千三百九十七平方メートル。サッカー場二面分より少し広い。

c914-1  一致率 94.7%
   台本: 1996年6月14日の時点で、502人のうち464人について、
   送信: 1996年6月14日の時点で、ゴヒャクニ 人のうち464人について、   ← EL_YOMI で書き換えた文
   聞取: 1996年6月14日の時点で、五百二十頭のうち四百六十四人について

c213-3  一致率 95.1%
   台本: スポーツ施設などおよそ19,000平方メートルを売り場に変えている。
   送信: スポーツ施設などおよそイチマンキュウセン平方メートルを売り場に変えている。   ← EL_YOMI で書き換えた文
   聞取: スポーツ施設などおよそ一万九千平方メートルを売り場に変えている。

c203-2  一致率 95.8%
   台本: 建物の床を全部たすと、73,877平方メートルになる。
   送信: 建物のゆかを全部たすと、ナナマンサンゼンハッピャクナナジュウナナ平方メートルになる。   ← EL_YOMI で書き換えた文
   聞取: 建物の床を全部足すと七万三千八百七十七平方メートルになる。

c906-1  一致率 96.0%
   台本: 白書が最終の数字としているのは、亡くなった人が502人。
   送信: はくしょが最終の数字としているのは、亡くなった人がゴヒャクニ 人。   ← EL_YOMI で書き換えた文
   聞取: 白書が最終の数字としているのは亡くなった人が五百人。

c520-2  一致率 97.8%
   台本: 鉄筋の太さの、40倍である。実際に入っていた長さは、
   送信: てっきんの太さの、40倍である。実際に入っていた長さは、   ← EL_YOMI で書き換えた文
   聞取: 鉄筋の太さの四十倍である。実際に入っていた長さは

pr03-2  一致率 100.0%
   台本: その502人のうち、半分以上が21歳から30歳だった。
   送信: そのゴヒャクニ 人のうち、半分以上が21歳から30歳だった。   ← EL_YOMI で書き換えた文
   聞取: その502人のうち半分以上が21歳から30歳だった。

c308-1  一致率 100.0%
   台本: 国会の報告書が書いているのは、次の一行である。
   送信: こっかいの報告書が書いているのは、次の いちぎょうである。   ← EL_YOMI で書き換えた文
   聞取: 国会の報告書が書いているのは次の一行である。

検査 19行 -> C:\Users\konar\Desktop\zukai-engine\audio\el_qa\ep10_el_yomi.tsv（記録 460行／台本 460行）
Scribe: 音声 111.0秒を文字起こし／クレジット 124,167 → 124,401（消費 234／上限 131,000） ⚠️ 反映が遅れることがある
