  pr03-1  88.5%  この事故で500人が亡くなり、937人が怪我をしている。
  pr03-2  93.6%  その五百人のうち半分以上が二十一歳から三十歳だった。
  pr07-1  89.4%  会員として名前を登録していた人が七十六千五百人余り。
  pr10-3 100.0%  報道は使わない。
  c110-2  90.5%  食堂のほとんどで、壁と床の両方にヒビが入った。
  c115-2 100.0%  その30分前には対策の会議が開かれ、社長が役員に説明している。
  c201-2  92.3%  三分百貨店を持っていたのは三分建設産業という会社である。
  c203-1  92.9%  敷地は十五千三百九十七平方メートル。サッカー場二面分より少し広い。
  c203-2  93.9%  建物の床を全部足すと七十三点八百七十七平方メートルになる。
  c203-3  93.3%  これは 1994年に地下を広げた後の数字である。
  c209-1  92.6%  会員として名前を登録していた人は七十六千五百人を超えていた。
  c213-1 100.0%  竣工の検査が終わったのは開店の翌年、 1990年7月27日
  c213-2  92.6%  1994年、根には地下一階を六百七十二平方メートル増やした上
  c213-3  93.3%  スポーツ施設などおよそ十九千平方メートルを売り場に変えている。
  c304-2  96.2%  中身は地下四階、地上五階、延べ七万千百三十六平方メートルである。
  c305-2  97.1%  三分建設が下請けに出し、 1987年11月から1988年11月まで続いた。
  c306-1  89.8%  ところが、許可の時は七万千百三十六平方メートルだった床が
  c306-2  96.3%  工事に使った図面では七十三年二百五平方メートルになっていた。
  c306-3  91.7%  二千六十九平方メートル。テニスコート八面分増えている。
  c308-1  90.5%  北海の報告書が書いているのは次の一行である。
  c313-3  91.9%  建主である三分建設が自分で行っている。
  c316-1  94.7%  三分建設の上限は十八億ウォン。この百貨店の工事は二百二十八億ウォン。
  c520-2  88.9%  付近の太さの四十倍である。実際に入っていた長さは
  c522-1  91.7%  暗い屋上、細い柱、沈んだ鉄筋。
  c807-1  91.2%  七月十九日までに入った消防、警察、軍、市の職員は延べ六十八点八百八人
  c809-2  93.1%  範囲は百貨店の敷地と周りを合わせた六十七千一百平方メートルである。
  c819-1 100.0%  七月二十七日の時点では亡くなった人が四百五十八人。
  c821-2  83.0%  見込み出す三十四千トンのうち三万八百九十二トンが終わっている。
  c822-2  97.4%  次はその五百二という数字の中身を見ていく。
  c906-1  90.2%  各所が最終の数字としているのは亡くなった人が五百二 人。
  c907-1  95.8%  白書には亡くなった五百人の年齢の内訳が載っている。
  c908-1  94.3%  三十一歳から四十歳までが八十人、四十一歳から五十歳までが五十二人
  c909-2  94.7%  五百二人のうち二百五十八人が二十一歳から三十歳。
  c910-1  95.5%  男女の別で見ると、男性が百六人で女性が三百九十六人。
  c914-1  94.7%  1996年6月14日の時点で、五百人具のうち四百六十四人について
  ep04-2 100.0%  二審は翌年の春、大法院の判決は八月に出ている。
  ep06-2 100.0%  大法院は1996年8月23日、双方の上告をすべて退けている。
  ep08-1  92.6%  民事の方は、千九百九十九年に大法院が区の職員の職務上の違反と

=== 一致率の低い順 38行（★耳で確かめる候補）===

c821-2  一致率 83.0%
   台本: 運び出す34,000トンのうち、30,892トンが終わっている。
   送信: 運び出す34,000トンのうち、サンマンハッピャクキュウジュウニトンが終わっている。   ← EL_YOMI で書き換えた文
   聞取: 見込み出す三十四千トンのうち三万八百九十二トンが終わっている。

pr03-1  一致率 88.5%
   台本: この事故で502人が亡くなり、937人がけがをしている。
   送信: この事故でゴヒャクニニンが亡くなり、937人がけがをしている。   ← EL_YOMI で書き換えた文
   聞取: この事故で500人が亡くなり、937人が怪我をしている。

c520-2  一致率 88.9%
   台本: 鉄筋の太さの、40倍である。実際に入っていた長さは、
   聞取: 付近の太さの四十倍である。実際に入っていた長さは

pr07-1  一致率 89.4%
   台本: 会員として名前を登録していた人が76,500人あまり。
   聞取: 会員として名前を登録していた人が七十六千五百人余り。

c306-1  一致率 89.8%
   台本: ところが、許可のときは71,136平方メートルだった床が、
   送信: ところが、許可のときはナナマンセンヒャクサンジュウロク平方メートルだったゆかが、   ← EL_YOMI で書き換えた文
   聞取: ところが、許可の時は七万千百三十六平方メートルだった床が

c906-1  一致率 90.2%
   台本: 白書が最終の数字としているのは、亡くなった人が502人。
   送信: 白書が最終の数字としているのは、亡くなった人がゴヒャクニニン。   ← EL_YOMI で書き換えた文
   聞取: 各所が最終の数字としているのは亡くなった人が五百二 人。

c110-2  一致率 90.5%
   台本: 食堂のほとんどで、壁と床の両方にひびが入った。
   送信: 食堂のほとんどで、壁とゆかの両方にひびが入った。   ← EL_YOMI で書き換えた文
   聞取: 食堂のほとんどで、壁と床の両方にヒビが入った。

c308-1  一致率 90.5%
   台本: 国会の報告書が書いているのは、次の一行である。
   送信: 国会の報告書が書いているのは、次の いちぎょうである。   ← EL_YOMI で書き換えた文
   聞取: 北海の報告書が書いているのは次の一行である。

c807-1  一致率 91.2%
   台本: 7月19日までに入った消防・警察・軍・市の職員は、のべ68,808人。
   聞取: 七月十九日までに入った消防、警察、軍、市の職員は延べ六十八点八百八人

c306-3  一致率 91.7%
   台本: 2,069平方メートル、テニスコート8面ぶん増えている。
   送信: ニセンロクジュウキュウ平方メートル、テニスコート8面ぶん増えている。   ← EL_YOMI で書き換えた文
   聞取: 二千六十九平方メートル。テニスコート八面分増えている。

c522-1  一致率 91.7%
   台本: 重い屋上。細い柱。沈んだ鉄筋。
   送信: 重い屋上。ほそい柱。沈んだ鉄筋。   ← EL_YOMI で書き換えた文
   聞取: 暗い屋上、細い柱、沈んだ鉄筋。

c313-3  一致率 91.9%
   台本: 建て主である三豊建設が自分で行っている。
   送信: 建て主であるサンプンけんせつが自分で行っている。   ← EL_YOMI で書き換えた文
   聞取: 建主である三分建設が自分で行っている。

c201-2  一致率 92.3%
   台本: 三豊百貨店を持っていたのは、三豊建設産業という会社である。
   送信: サンプン百貨店を持っていたのは、サンプン建設産業という会社である。   ← EL_YOMI で書き換えた文
   聞取: 三分百貨店を持っていたのは三分建設産業という会社である。

c209-1  一致率 92.6%
   台本: 会員として名前を登録していた人は、76,500人をこえていた。
   聞取: 会員として名前を登録していた人は七十六千五百人を超えていた。

c213-2  一致率 92.6%
   台本: 1994年には地下1階を672平方メートル増やしたうえ、
   送信: センキュウヒャクキュウジュウヨネンには地下1階を672平方メートル増やしたうえ、   ← EL_YOMI で書き換えた文
   聞取: 1994年、根には地下一階を六百七十二平方メートル増やした上

ep08-1  一致率 92.6%
   台本: 民事のほうは、1999年に大法院が、区の職員の職務上の違反と、
   送信: 民事のほうは、1999年にだいほういんが、区の職員の職務上の違反と、   ← EL_YOMI で書き換えた文
   聞取: 民事の方は、千九百九十九年に大法院が区の職員の職務上の違反と

c203-1  一致率 92.9%
   台本: 敷地は15,397平方メートル。サッカー場2面ぶんより少し広い。
   聞取: 敷地は十五千三百九十七平方メートル。サッカー場二面分より少し広い。

c809-2  一致率 93.1%
   台本: 範囲は、百貨店の敷地と周りをあわせた67,100平方メートルである。
   聞取: 範囲は百貨店の敷地と周りを合わせた六十七千一百平方メートルである。

c203-3  一致率 93.3%
   台本: これは、1994年に地下を広げたあとの数字である。
   送信: これは、センキュウヒャクキュウジュウヨネンに地下を広げたあとの数字である。   ← EL_YOMI で書き換えた文
   聞取: これは 1994年に地下を広げた後の数字である。

c213-3  一致率 93.3%
   台本: スポーツ施設などおよそ19,000平方メートルを売り場に変えている。
   聞取: スポーツ施設などおよそ十九千平方メートルを売り場に変えている。

pr03-2  一致率 93.6%
   台本: その502人のうち、半分以上が21歳から30歳だった。
   送信: そのゴヒャクニニンのうち、半分以上が21歳から30歳だった。   ← EL_YOMI で書き換えた文
   聞取: その五百人のうち半分以上が二十一歳から三十歳だった。

c203-2  一致率 93.9%
   台本: 建物の床を全部たすと、73,877平方メートルになる。
   送信: 建物のゆかを全部たすと、73,877平方メートルになる。   ← EL_YOMI で書き換えた文
   聞取: 建物の床を全部足すと七十三点八百七十七平方メートルになる。

c908-1  一致率 94.3%
   台本: 31歳から40歳までが80人、41歳から50歳までが52人。
   送信: サンジュウイッサイから40歳までが80人、41歳から50歳までが52人。   ← EL_YOMI で書き換えた文
   聞取: 三十一歳から四十歳までが八十人、四十一歳から五十歳までが五十二人

c316-1  一致率 94.7%
   台本: 三豊建設の上限は18億ウォン。この百貨店の工事は228億ウォン。
   送信: サンプンけんせつの上限は18億ウォン。この百貨店の工事は228億ウォン。   ← EL_YOMI で書き換えた文
   聞取: 三分建設の上限は十八億ウォン。この百貨店の工事は二百二十八億ウォン。

c909-2  一致率 94.7%
   台本: 502人のうち258人が21歳から30歳
   送信: ゴヒャクニニンのうち258人が21歳から30歳   ← EL_YOMI で書き換えた文
   聞取: 五百二人のうち二百五十八人が二十一歳から三十歳。

c914-1  一致率 94.7%
   台本: 1996年6月14日の時点で、502人のうち464人について、
   送信: 1996年6月14日の時点で、ゴヒャクニニンのうち464人について、   ← EL_YOMI で書き換えた文
   聞取: 1996年6月14日の時点で、五百人具のうち四百六十四人について

c910-1  一致率 95.5%
   台本: 男女の別で見ると、男性が106人で、女性が396人。
   送信: だんじょの別で見ると、男性が106人で、女性がサンビャクキュウジュウロクニン。   ← EL_YOMI で書き換えた文
   聞取: 男女の別で見ると、男性が百六人で女性が三百九十六人。

c907-1  一致率 95.8%
   台本: 白書には、亡くなった502人の年齢の内訳が載っている。
   送信: 白書には、亡くなったゴヒャクニニンの年齢の内訳が載っている。   ← EL_YOMI で書き換えた文
   聞取: 白書には亡くなった五百人の年齢の内訳が載っている。

c304-2  一致率 96.2%
   台本: 中身は地下4階、地上5階、延べ71,136平方メートルである。
   送信: 中身は地下4階、地上5階、延べナナマンセンヒャクサンジュウロク平方メートルである。   ← EL_YOMI で書き換えた文
   聞取: 中身は地下四階、地上五階、延べ七万千百三十六平方メートルである。

c306-2  一致率 96.3%
   台本: 工事に使った図面では73,205平方メートルになっていた。
   聞取: 工事に使った図面では七十三年二百五平方メートルになっていた。

c305-2  一致率 97.1%
   台本: 三豊建設が下請けに出し、1987年11月から1988年11月まで続いた。
   送信: サンプンけんせつが下請けに出し、1987年11月から1988年11月まで続いた。   ← EL_YOMI で書き換えた文
   聞取: 三分建設が下請けに出し、 1987年11月から1988年11月まで続いた。

c822-2  一致率 97.4%
   台本: 次は、その502という数字の中身を見ていく。
   送信: 次は、その ゴヒャクニ という数字の中身を見ていく。   ← EL_YOMI で書き換えた文
   聞取: 次はその五百二という数字の中身を見ていく。

pr10-3  一致率 100.0%
   台本: 報道は使わない。
   聞取: 報道は使わない。

c115-2  一致率 100.0%
   台本: その30分前には対策の会議が開かれ、社長が役員に説明している。
   送信: その サンジュップンまえには対策の会議が開かれ、社長が役員に説明している。   ← EL_YOMI で書き換えた文
   聞取: その30分前には対策の会議が開かれ、社長が役員に説明している。

c213-1  一致率 100.0%
   台本: 竣工の検査が終わったのは、開店の翌年、1990年7月27日。
   送信: しゅんこうの検査が終わったのは、開店の翌年、1990年シチガツニジュウシチニチ。   ← EL_YOMI で書き換えた文
   聞取: 竣工の検査が終わったのは開店の翌年、 1990年7月27日

c819-1  一致率 100.0%
   台本: 7月27日の時点では、亡くなった人が458人、
   送信: シチガツニジュウシチニチの時点では、亡くなった人が458人、   ← EL_YOMI で書き換えた文
   聞取: 七月二十七日の時点では亡くなった人が四百五十八人。

ep04-2  一致率 100.0%
   台本: 2審は翌年の春、大法院の判決は8月に出ている。
   送信: 2審は翌年の春、だいほういんの判決は8月に出ている。   ← EL_YOMI で書き換えた文
   聞取: 二審は翌年の春、大法院の判決は八月に出ている。

ep06-2  一致率 100.0%
   台本: 大法院は1996年8月23日、双方の上告をすべて退けている。
   送信: だいほういんは1996年8月23日、双方の上告をすべて退けている。   ← EL_YOMI で書き換えた文
   聞取: 大法院は1996年8月23日、双方の上告をすべて退けている。

検査 38行 -> C:\Users\konar\Desktop\zukai-engine\audio\el_qa\ep10_el_yomi.tsv（記録 460行／台本 460行）
Scribe: 音声 213.8秒を文字起こし／クレジット 123,655 → 123,872（消費 217／上限 131,000） ⚠️ 反映が遅れることがある
