  pr01-1  94.7%  1995年6月29日、木曜日の夕方5時55分頃のことである。
  pr01-2  85.1%  韓国の首都ソウル、ソチョクにあった百貨店が崩れ落ちた。
  pr02-1  89.8%  崩れ始めたのは五階にあった食堂街の北東の壁である。
  pr02-2  93.3%  地上五階、地下四階の建物が一続きに落ちていった。
  pr03-1  90.2%  この事故で五百二人が亡くなり、九百三十七人が怪我をしている。
  pr03-2  95.8%  その五百二人のうち半分以上が二十一歳から三十歳だった。
  pr04-1 100.0%  なぜこれだけの人が建物の中に残っていたのか。
  pr04-2  93.3%  崩れたその日、建物は朝から合図を出し続けていた。
  pr04-3 100.0%  朝のうちに五階の食堂の床が盛り上がった。
  pr05-1  95.8%  三分百貨店が店を開いたのは1989年の12月である。
  pr05-2  96.0%  崩れたのはそこから五年半しか建っていない建物だった。
  pr06-1  87.5%  地上五階、地下四階。一番高いところで27.6メートル。
  pr06-2 100.0%  同じ大きさの棟が二つ、真ん中の通路でつながっていた。
  pr07-1  89.4%  会員として名前を登録していた人が七万六千五百人余り。
  pr07-2 100.0%  売り上げは全国の百貨店で七番目という大きな店だった。
  pr08-1  88.5%  五階の食堂の床が盛り上がったのが朝八時から十時の間。
  pr08-2  70.4%  チルを過ぎた頃には、柱の周りの床が15cm下がっていた。
  pr09-1 100.0%  それでも店は閉められず、客も従業員も中に残された。
  pr09-2  91.3%  生きて助け出された人は十七日目まで出続けている。
  pr09-3 100.0%  7月19日までに932人が瓦礫から助け出された。
  pr10-1 100.0%  この動画が使うのは公の記録だけである。ソウル市がまとめた白書
  pr10-2 100.0%  国会と検察の調査報告、そして裁判所の判決文。
  pr10-3  62.5%  「ほうどう」は使わない。
  pr11-1 100.0%  追いかける問いは二つある。なぜこの建物は
  pr11-2 100.0%  崩れるような形になっていったのか。そしてなぜ
  pr11-3 100.0%  中にいた人たちは外に出されなかったのか。
  c101-1  96.3%  1995年6月29日木曜日。三分百貨店はこの日も店を開けた。
  c101-2  85.7%  その朝一番に動いたのは施設の責任者だった。
  c102-1 100.0%  まず建物の形を押さえておく。棟は二つに分かれていて
  c102-2 100.0%  北の棟が百貨店の売り場、南の棟がスポーツ施設と売り場。
  c102-3  82.4%  この後崩れるのは北の棟の方である。
  c103-1  92.3%  下の宗は一階から四階までが売り場で、五階が食堂街だった。
  c103-2 100.0%  地下一階は食品売り場、地下二階と三階が駐車場である。
  c103-3  88.4%  地下四階は機械室で人が普段入る場所ではない。
  c104-1 100.0%  建物の異変はこの日が初めてではなかった。
  c104-2  92.0%  二ヶ月前の四月中旬、五階の天井と壁から水が漏れている。
  c104-3  96.0%  六月二十一日には四階と五階で水漏れを止める工事をした。
  c105-1 100.0%  六月の初めには四階の照明売り場で建物が揺れ
  c105-2 100.0%  天井の照明が落ちている。報告を受けて
  c105-3 100.0%  屋上にある冷却塔の水の量が調節された。
  c106-1  88.0%  そして六月二十九日、朝の八時から十時の間のことである。
  c106-2  93.6%  五階にある食堂の床が盛り上がり、天井が沈み始めた。
  c106-3 100.0%  施設の責任者が現場を確かめ、その食堂を休業にしている。
  c107-1  83.7%  同じ頃、屋上の床は魚の鱗のように浮き上がり
  c107-2 100.0%  一部は下に向かってたわんでいた。報告書が書いている言葉だ。
  c108-1  93.0%  十時から十二時にかけて。四階の貴金属売り場では
  c108-2 100.0%  揺れとともに天井が五センチ沈んだ。五階の別の食堂でも
  c108-3 100.0%  床が盛り上がり、天井が沈んでいる。
  c109-1  89.7%  社長らが五階と屋上を見て回り
  c109-2 100.0%  五階の一部の食堂はこの時間に出入りを止めている。
  c110-1  87.8%  昼の十二時から午後二時の間、五階の北側では
  c110-2 100.0%  食堂のほとんどで、壁と床の両方にひびが入った。
  c110-3  77.8%  四階でも柱と床の間にヒビが出ている。
  c111-1 100.0%  この時間に屋上の冷却塔は止められ、ガスも切られた。
  c111-2 100.0%  五階の食堂の大部分と四階の貴金属売り場は営業をやめている。
  c111-3 100.0%  それでも店そのものは開いたままだった。
  c112-1  94.7%  同じ時間にもう一つのことがわかっていた。
  c112-2  77.8%  五階の柱の周りの床が15cm沈んだ。
  c113-1  97.7%  十五センチは文庫本の縦の長さとほぼ同じである。
  c113-2  88.2%  美由香がそれだけ下がったということは
  c113-3  93.9%  ゆかを支えていたものがもう効いていないということだ。
  c114-1  86.3%  この日の出来事はその日のうちに会社の上まで伝わった。
  c114-2  82.6%  幹部に届いたのが朝九時頃、社長には十時頃である。
  c115-1  91.4%  会長に報告が入ったのは午後二時半頃。
  c115-2 100.0%  その30分前には対策の会議が開かれ、社長が役員に説明している。
  c116-1 100.0%  ではなぜ床が動くような建物になっていたのか。
  c116-2 100.0%  それを知るには、事故の八年前まで戻る必要がある。
  c201-1 100.0%  ここからはこの建物がどう建てられたのかを見ていく。
  c201-2  92.3%  三分百貨店を持っていたのは三分建設産業という会社である。
  c202-1 100.0%  掘る工事が始まったのは 1987年の3月。着工の届けはその年の8月25日
  c202-2 100.0%  骨組みの工事は1988年11月まで続いたが
  c202-3 100.0%  仕上がらないまま打ち切られている。
  c203-1  94.7%  敷地は一万五千三百九十七平方メートル。サッカー場二面分より少し広い。
  c203-2  95.8%  建物の床を全部足すと七万三千八百七十七平方メートルになる。
  c203-3  93.3%  これは1994年に地下を広げた後の数字である。
  c204-1  90.0%  立っていたのは同じ大きさの胸が二つである。
  c204-2 100.0%  北がA棟で百貨店の売り場、南がB棟で市の断面図では
  c204-3 100.0%  一階から三階が売り場、四階と五階がスポーツ施設だった。
  c205-1  93.9%  二つの棟は真ん中のガラス張りの通路で繋がっていた。
  c205-2 100.0%  正面から見ると門のような形に見える建物である。
  c205-3 100.0%  なお、この先に出てくる看板は崩れずに残った南の棟のものだ。
  c206-1  96.6%  地下の二つの階はまるごと駐車場だった。止められる車は五百二十四台
  c206-2 100.0%  客が入るのはその上の地下一階から地上五階までである。
  c207-1 100.0%  その六つの階のうち五階だけが売り場ではなく食堂街だった。
  c207-2  81.0%  最上階であり、この動画で一番大事な回になる。
  c208-1  93.6%  売り場には催し事の垂れ幕がいくつも下がっていた。
  c208-2  95.8%  五階にも特設の売り場があったことが写真からわかる。
  c209-1  92.6%  会員として名前を登録していた人は七万六千五百人を超えていた。
  c209-2  95.7%  どれくらい大きな店だったのかは次の数字でわかる。
  c210-1  93.8%  売上は全国の百貨店で七番目だった。
  c210-2  94.1%  一つの売り場としての大きさで言えば。
  c210-3  97.7%  ソウルのロッテ本店に次いで全国で番目である。
  c211-1  84.2%  つまり三分百貨店は開いてから五年の間に
  c211-2 100.0%  韓国でも指折りの店になっていたことになる。
  c212-1  96.2%  建物としても新しかった。開店から五年半しか経っていない。
  c212-2 100.0%  地震があったわけでも火事が起きたわけでもなかった。
  c213-1  96.3%  竣工の検査が終わったのは開店の翌年、 1990年7月22日
  c213-2  90.6%  1995年には地下一階を672平方メートル増やした上
  c213-3  95.1%  スポーツ施設などおよそ一万九千平方メートルを売り場に変えている。
  c214-1  88.9%  崩れた 1995年6月も店は普通に営業していた。
  c214-2 100.0%  催しの広告が出され、客が入り、従業員が働いている。
  c215-1 100.0%  その五階の食堂街には店がいくつも並んでいた。
  c215-2 100.0%  どの店の厨房にも大きな冷蔵庫と調理台が置かれ
  c215-3 100.0%  客席には石でできた重い椅子が使われていた。
  c216-1 100.0%  ここで一つ記録に残っている食い違いがある。
  c216-2 100.0%  五階はもともと食堂街として許可された階ではなかった。
  c217-1 100.0%  役所に出した許可の図面と工事に使った図面
  c217-2 100.0%  この二つがいくつもの場所で合っていなかったのである。
  c218-1 100.0%  そもそもこの建物は始まりからして違っていた。
  c218-2  89.7%  初めの計画は百貨店ではなかった。
  c301-1 100.0%  判決文はこう書いている。「当初は百貨店ではなく
  c301-2 100.0%  ショッピングセンターの用途の建物として計画を立て
  c301-3 100.0%  設計を頼んでおきながら、実際には百貨店にしたと。
  c302-1  87.0%  建物の使い道が変われば
  c302-2 100.0%  建築の計画も構造の計算もやり直さなければならない。
  c303-1  90.5%  結論文が書いているのは、百貨店として使うために
  c303-2 100.0%  建築面積を勝手に増やしたというところまでである。
  c304-1 100.0%  1987年7月21日、役所が事業計画を承認した。
  c304-2  96.3%  中身は地下四階、地上五階、延べ七万一点千三十六平方メートルである。
  c304-3 100.0%  ただし、この中身がそのまま建てられたわけではなかった。
  c305-1 100.0%  骨組みの工事を受け持ったのは別の建設会社である。
  c305-2  97.1%  三分建設が下請けに出し、 1987年11月から1988年11月まで続いた。
  c306-1  89.8%  ところが、許可の時は七万千百三十六平方メートルだった床が
  c306-2  98.1%  工事に使った図面では七万三千二百五平方メートルになっていた。
  c306-3  91.7%  二千六十九平方メートル。テニスコート八面分増えている。
  c307-1  84.4%  増えていたのは面積だけではない。誤解の使い道も
  c307-2 100.0%  許可の図面と工事の図面で書いてあることが違っていた。
  c308-1 100.0%  国会の報告書が書いているのは次の一行である。
  c308-2 100.0%  五階は許可の図面ではスケート場。
  c309-1 100.0%  ローラースケート場は床の上にほとんど物を置かない。
  c309-2  90.9%  木道街は厨房も冷蔵庫も客席も全部が重さになる。
  c309-3 100.0%  同じ床でも支えるべき重さがまるで違ってくる。
  c310-1 100.0%  図面の食い違いはもう一組ある。
  c310-2 100.0%  構造の計算書と構造の設計図面である。
  c311-1 100.0%  計算した結果が図面に写されていなかった場所が
  c311-2  97.0%  報告書が数えただけで十一か所あった。
  c311-3 100.0%  柱の太さや鉄筋の数の食い違いもそこに入っている。
  c312-1 100.0%  建物を建てるとき、役目は三つに分かれる。
  c312-2 100.0%  図面を描く設計。実際に建てる施工。
  c312-3  88.9%  そして図面通りに建っているかを見る管理である。
  c313-1  96.0%  この建物では設計と管理を同じ設計事務所が受け持った。
  c313-2 100.0%  仕上げと設備の工事は骨組みと並んで 1987年10月から。
  c313-3  91.9%  建主である三分建設が自分で行っている。
  c314-1 100.0%  しかもその骨組みは仕上がらないまま打ち切られた。
  c314-2  95.8%  その報告書はこれを工事の一貫性を失ったと書いている。
  c315-1 100.0%  当時の韓国には請負限度制という決まりがあった。
  c315-2  96.3%  毎社の規模に応じて引き受けられる工事の額に上限をつける。
  c316-1  94.7%  三分。建設の上限は十八億ウォン。この百貨店の工事は二百二十八億ウォン。
  c316-2  82.4%  十二倍を超えている。
  c317-1 100.0%  ただし、この上限はよその会社から請け負う工事のための決まりで
  c317-2 100.0%  自分の会社の事業には当てはまらなかった。
  c317-3  85.7%  条件十八億ウォン。工事は二百二十八億ウォン。
  c318-1 100.0%  店は1989年11月、工事の途中の段階で
  c318-2   0.0%  [outro jingle]
  c318-3  79.1%  春高の検査が終わったのはその八ヶ月後である。
  c319-1  94.1%  事故の後の捜査では、役所への贈賄も起訴の中身に入った。
  c319-2 100.0%  会長と社長はこの罪でも裁かれている。
  c320-1 100.0%  ただし、民事の裁判では、区の職員の職務上の違反が
  c320-2 100.0%  建物が崩れたことの原因だったとまでは言えないとされた。
  c321-1 100.0%  白書には図面を描く。実際に建てる。それを見張る。
  c321-2  86.5%  立った後、手入れをするという段階ごとに
  c321-3 100.0%  何がどう足りなかったのかを並べた表が載っている。
  c322-1 100.0%  計画と図面の話はここまでである。
  c322-2 100.0%  次はこの建物の屋上に何が載せられたのかを見ていく。
  c401-1 100.0%  建物の屋上には冷却塔という装置が置かれていた。
  c401-2 100.0%  冷房に使う水を外の空気で冷やすための装置である。
  c402-1 100.0%  この建物の屋上には冷却塔が三基あった。
  c402-2 100.0%  一基あたりの重さは28.7トン。中に水を入れると45.5トンになる。
  c403-1  88.9%  四十五点五トンは乗用車およそ三十台分の重さである。
  c403-2  80.8%  それが三機、合わせて百三十六点五トン。乗用車九十台分の重さが
  c403-3  92.3%  屋上に乗っていたことになる。
  c404-1 100.0%  判決文によれば、屋上の床は一平方メートルあたり
  c404-2  85.1%  240kgの荷物を載せる前提で設計されていた。
  c405-1  93.1%  冷却塔が床にかける重さは一平方メートル当たり四百キログラム。
  c405-2  94.7%  前提の一点六倍を超えている。なお、白書はこの冷却塔を四台と数え
  c405-3  78.4%  しごいている時の重さを合わせて約138tとしている。
  c406-1 100.0%  問題になったのは重さだけではなかった。
  c406-2  93.9%  この冷却塔は後から屋上の別の場所へ動かされている。
  c407-1 100.0%  動かしたのは1989年の7月から12月にかけて。
  c407-2 100.0%  ちょうど店が開くのと同じ時期にあたる。
  c407-3 100.0%  開店の準備が進むのと並んで、屋上でも作業が行われていた。
  c408-1 100.0%  判決文は冷却塔を移すなら小分けにして
  c408-2  95.2%  床に設計通り以上の重さがかからないようにすべきだったとしている。
  c409-1 100.0%  国会の報告書は完全に解体せず、一つ八トンの部品に分けて
  c409-2 100.0%  引きずって動かしたと書いている。
  c409-3 100.0%  民事の判決は解体せずに丸ごと引きずったと書いている。
  c410-1 100.0%  屋上にはもう一つ重さを増やしていたものがある。
  c410-2  97.7%  防水層の上にかぶせる押さえコンクリートである。
  c411-1  75.0%  ちょうど良い厚さは三cmから六cmとされている。
  c411-2  78.9%  実際に被せてあったのは15cmだった。
  c411-3  93.3%  その差の分だけ屋上は重くなっていたことになる。
  c412-1 100.0%  そして判決文は崩れる何年も前のこととしてこう書いている。
  c412-2  82.4%  冷却塔を引きずった後にヒビが育った。
  c413-1  90.9%  五階の食堂の厨房にある柱の周りと
  c413-2  85.0%  霊略党が通っていった経路。この二つを中心に
  c413-3  80.0%  由香の日々が長い間育っていたというのが判決の認定である。
  c414-1  95.8%  寒かったのは屋上だけではない。その下の五階もである。
  c414-2 100.0%  食堂の大きな冷蔵庫、調理台、そして石でできた客席の椅子。
  c415-1  88.0%  完結分は五階の柱と床に予定より一平方メートルあたり
  c415-2  81.5%  腹160kg以上の重さが余計にかかっていたとしている。
  c416-1 100.0%  屋上に冷却塔、その下の五階に食堂街
  c416-2  87.5%  この建物の重さは一番上の二つの階に集まっていた。
  c417-1 100.0%  上が重くなって真っ先に苦しくなるのは
  c417-2  96.0%  その重さを直に受ける五階の柱と柱と床の継ぎ目である。
  c418-1  81.8%  この時点で屋上には石鹸にない重さが乗っていた。
  c418-2  93.0%  では、それを受け止める柱の方はどうだったのか？
  c501-1  84.0%  普通の鉄筋コンクリートの建物は柱と柱を梁でつなげる。
  c501-2  80.9%  挙とは、柱の間に渡す横向きの太い棒のことである。
  c502-1  95.8%  この建物にはその梁がなかった。柱の上に厚い板を置き
  c502-2  71.4%  その上に由佳を直に乗せている。
  c502-3 100.0%  こういう作りをフラットスラブという。
  c503-1  83.0%  ひょうがないと天井が平らになり、階の高さを低く抑えられる。
  c503-2  96.2%  売り場も広く見える。百貨店には都合の良い作りだと言われる。
  c504-1  89.4%  その代わり、床の重さは全部柱の周りの一点に集まる。
  c504-2  86.7%  ひよが受け持つはずの力を、由佳と柱の継ぎ目だけで受けることになる。
  c505-1  87.8%  この建物は柱と柱の間隔が10.8mあった。
  c505-2  90.6%  判決文は普通の建物では見かけないほど長いと書いている。
  c506-1  96.2%  柱の間隔が長いほど床は垂れやすく、継ぎ目には力がかかる。
  c506-2  83.3%  ヒョがなくて、しかも間隔が長い。条件は厳しい方だった。
  c507-1 100.0%  だから柱の上には厚い板を置いて補うことになっている。
  c507-2  94.1%  床が柱の周りから抜け落ちるのを止めるための板である。
   ⚠️ 聞取の通信に失敗（URLError: <urlopen error EOF occurred in violation of protocol (_ssl.c:2427)>）→ 5秒後に再試行 1/3
  c508-1  92.0%  ところが、その太さが二つの書類の間で食い違っていた。
  c508-2  60.0%  柱は計算書八十cm、図面六十cm。
  c509-1  88.4%  場所はA棟のエスカレーターの周りの橋である。
  c509-2  98.2%  太さだけではない。中に入れる鉄筋も十六本が八本になっていた。
  c510-1  94.1%  頭が細くなれば支えられる重さは減る。
  c510-2 100.0%  鉄筋が半分になれば粘り強さも落ちる。
  c510-3  90.5%  この柱は先ほどの十一か所のうちの一つである。
  c511-1  90.5%  完結文は五階と屋根の床の強さを計算するとき
  c511-2  91.9%  特定の二本の柱とその周りの床の強さを
  c511-3 100.0%  足りない値で計算していたとしている。
  c512-1 100.0%  鉄筋については位置にも粗さがあった。
  c512-2  93.6%  床の上の方には床が垂れるのを止める鉄筋を入れる。
  c513-1 100.0%  この鉄筋は床の表面に近いところにあるほどよく効く。
  c513-2 100.0%  決められた位置は表面から二センチか三センチの深さである。
  c514-1 100.0%  そこより深く沈むほど床が垂れるのを止める力は弱くなる。
  c514-2 100.0%  国会の報告書は六センチから八センチ。判決文は別の数字を書いていて
  c514-3 100.0%  資料で食い違う。どちらも決まりより深い。
  c515-1  92.7%  崩れた後の現場では切れた鉄筋を出したまま
  c515-2 100.0%  大きなコンクリートの板が何枚も重なっていた。
  c516-1 100.0%  では、その鉄筋は実際にどこへ入っていたのか。判決文は
  c516-2 100.0%  四センチから六センチ深かったと書いている。
  c516-3 100.0%  鉄筋はあるべき位置より下に沈んでいた。
  c517-1  76.0%  一番低いところでは十三センチから十八センチ沈んでいた。
  c517-2 100.0%  柱に入れる鉄筋は表面から五センチの位置と決まっていた。
  c517-3 100.0%  実際は深いところで、そこからさらに六センチ奥に入っていた。
  c518-1  90.9%  柱の周りの床は板と合わせて四十五センチの厚さにするはずが
  c518-2 100.0%  多くの場所で五センチほど薄かった。
  c518-3  84.6%  厚さ十五センチのその板が一箇所丸ごとついていなかった。
  c519-1 100.0%  さらに建物の重さを受け持っている壁を
  c519-2  93.2%  五階の厨房から煙を出す管を通すために、四十センチかける九十八センチ切り取っている。
  c519-3  90.3%  切った後、補強は何もされていない。
  c520-1 100.0%  五階の床の鉄筋は壁の中へ六十四センチ入れる決まりだった。
  c520-2  90.9%  金の太さの四十倍である。実際に入っていた長さは
  c520-3  90.3%  簡潔文で十五から十八センチ、白書で二十五センチ、どちらも四割に満たない。
  c521-1  96.0%  しかも先を曲げて引っ掛ける留め方もされていなかった。
  c521-2 100.0%  国会の報告書はそのせいで壁はそのまま立ち、床だけが落ちたと書いている。
  c521-3  93.1%  外側の柱とのつなぎも深さ百センチのうち三十センチだけだった。
  c522-1 100.0%  重い屋上、細い柱、沈んだ鉄筋。
  c522-2  94.7%  そして1995年6月29日の朝、五階の床が盛り上がり始める。
  c601-1  87.0%  話を崩れた日の午後に戻す。朝から由佳が盛り上がり
  c601-2  76.9%  昼には柱の周りの床が15cm下がっていた。誤解である。
  c602-1 100.0%  午後二時から四時にかけて。五階の床のコンクリートには
  c602-2  76.9%  十センチのヒビが入っていた。
  c603-1  93.3%  屋上の床も四箇所で五ミリから十五ミリ沈んでいる。
  c603-2  82.6%  四階と五階の日比と珍香はこの時間にさらに進んだ。
  c604-1  92.3%  午後二時、会社の中で対策の会議が開かれた。
  c604-2  86.8%  社長が会長を含む役員に五階の日々の様子を説明している。
  c605-1  95.2%  午後三時十分、一人の構造技術者が現場に着いた。
  c605-2 100.0%  この建物の構造を計算して設計したのはこの人である。
  c605-3 100.0%  過去に二度安全の診断もしていた。
  c606-1  90.0%  技術者は現場を確認し、安全の診断を行った。
  c606-2 100.0%  診断そのものは午後四時より前に終わっている。
  c607-1  90.9%  午後四時、対策の会議が再開された。治験の報告書は
  c607-2  88.0%  この時の技術者の判断を一続きの文で書き残している。
  c608-1 100.0%  その文の前半は建物の状態についてだった。
  c608-2  88.0%  今すぐに崩れる危険はない。
  c609-1  93.6%  そして後半がやるべきことだった。営業が終わった後
  c609-2  98.2%  鉄の梁を入れて補強する。この報告が出たのが午後四時四十分ごろ。
  c609-3 100.0%  技術者は人を避難させることを提案しなかった。
  c610-1  85.7%  この時点でその日の出来事は会社の上まで届いていた。
  c610-2  93.3%  朝九時頃から幹部、社長、会長へと順に伝わっている。
  c610-3 100.0%  知らされていないのは買い物をしている客だけだった。
  c611-1  71.4%  幹部が朝九時頃、社長が十時頃。
  c611-2  93.3%  そして会長には午後二時半頃に報告が入っていた。
  c612-1  97.3%  午後五時三十分、施設の部門の担当者たちが
  c612-2  84.2%  夜に行う補強工事の準備に取り掛かった。
  c613-1  95.8%  五階の食堂街は昼過ぎにはほとんどが店を閉めていた。
  c613-2  95.5%  エアコンも止まり、催しの売り場は引き揚げている。
  c613-3 100.0%  それでも下の階の売り場では買い物が続いていた。
  c614-1  89.5%  後に数えられた被害者は千四百三十九人である。
  c614-2 100.0%  その多くがこの時間に建物の中にいたことになる。
  c615-1 100.0%  会社は危ない場所を少しずつ閉めていった。
  c615-2 100.0%  だが、客と従業員を建物の外に出すという判断だけは
  c615-3 100.0%  最後までしなかった。
  c616-1 100.0%  報告書はなぜそちらが選ばれたのかも書いている。
  c616-2 100.0%  崩壊を甘く見たことと、百貨店の経営の事情である。
  c617-1 100.0%  そして報告書は会社が決めたことをこう書いている。
  c617-2 100.0%  避難させず閉店後に直すと決めた
  c618-1 100.0%  報告書は続けて、この決定が大きな事故につながったと
  c618-2 100.0%  はっきり書いている。
  c619-1  91.3%  技術者が現場に着いてから建物が崩れるまでの間
  c619-2 100.0%  そこにあった時間は二時間四十五分だった。
  c620-1  93.0%  ここから先はその二時間四十五分の後の話である。
  c620-2 100.0%  建物がどんな順番で落ちていったのか。
  c701-1  91.9%  1995年6月29日、夕方5時55分頃。
  c701-2  68.2%  北野宗の誤解。食堂街の北東のそばから崩れ始めた。
  c702-1 100.0%  判決文はその場所をもっと細かく書いている。
  c702-2  94.9%  設計図の上で五列E行、五列F行と呼ばれる二本の柱の周りである。
  c703-1  77.8%  その日本は誤解の強さを計算するときに
  c703-2 100.0%  足りない値で計算されていたあの柱だった。
  c704-1  94.3%  柱の周りで起きたのは、せん断破壊と呼ばれる壊れ方である。
  c704-2  93.0%  床が柱の周りの線に沿って抜け落ちる壊れ方だ。
  c705-1  93.0%  ユカが柱から外れると、その柱が支えていた重さは
  c705-2  75.7%  浮き場を失って隣の柱の方へ回される。
  c706-1  89.5%  隣の柱もその重さには耐えられなかった。
  c706-2 100.0%  同じ壊れ方が次々に起き、柱は折れ曲がっていった。
  c707-1  92.3%  崩れ始めた時刻は記録によって違っている。
  c707-2  88.9%  白書は十七時五十五分頃。国会の報告書は十七時五十二分。
  c707-3  86.2%  地検の報告はページによって十七時五十七分頃とも幅でも書いている。
  c708-1  91.7%  この動画では、ソウル市の白書の十七時五十五分頃を使う。
  c708-2  70.8%  一番新しく一番多くの記録が取っている値である。
  c709-1 100.0%  国会の報告書は崩れた順番をこう判断している。
  c709-2 100.0%  まず屋上と五階の床が落ち、その下の階が続いた。と
  c710-1 100.0%  この順番が被害の大きさを決めることになった。
  c710-2 100.0%  先に落ちたのは屋上と五階の床だった。
  c711-1  80.9%  筋がない造りでは、床が落ちる時に柱も一緒に倒れる。
  c711-2 100.0%  落ちた床は下の階の床に直接ぶつかっていった。
  c711-3  95.8%  受け止めるものがないまま、下へ下へと続いたのである。
  c712-1 100.0%  では、どれだけの時間で崩れ終わったのか。
  c712-2 100.0%  公的な記録はその秒数を一つも書いていない。
  c712-3 100.0%  あるのは一瞬で一度にという言葉だけである。
  c713-1 100.0%  崩れたのは北の棟と真ん中の連結通路である。
  c713-2  85.0%  向真己の胸は通路が切れた形でその場に残った。
  c714-1  94.7%  現場には北側と南側の壁だけが建っていた。
  c714-2  94.3%  瓦礫は地下四階から地下三階の辺りまで積み上がっている。
  c715-1  91.4%  崩れた時、対策の会議はまだ続いていた。
  c715-2 100.0%  会議に出ていた会長らはエスカレーターと階段を通って外へ出た。
  c716-1  93.6%  建物は落ちた。だが、この時、瓦礫の下に何人いるのかを
  c716-2 100.0%  知っている人はまだ誰もいなかった。
  c801-1  94.9%  崩れたのは夕方の五時五十五分頃。消防と警察がすぐに現場へ向かい
  c801-2 100.0%  道路の交通が止められた。
  c802-1  91.8%  その日のうちに入った救急車は十四台。最後までに延べ千百七十六台が入る。
  c802-2 100.0%  道路の一面が救急車で埋まっている写真が残っている。
  c803-1  94.3%  瓦礫は地下四階から地下三階の辺りまで積み上がっていた。
  c803-2 100.0%  その上を歩いて人がいる場所を探すところから始まる。
  c804-1 100.0%  ソウル市が事故対策本部を開いたのが午後六時。
  c804-2  97.4%  現場の指揮本部ができたのが午後六時二十分。
  c804-3  93.3%  市長が現場に着いたのは午後6時50分頃である。
  c805-1  92.6%  生きている人の気配をつかんだら、銃器をその場で全部止めて
  c805-2 100.0%  手作業に切り替える。そう決めて進められた。
  c805-3 100.0%  遺体を傷つけないためにも、初めは小さな道具が使われている。
  c806-1 100.0%  現場に入ったのは消防と警察と軍だけではない。
  c806-2 100.0%  手伝いに来た人たちも支援の側で働いている。
  c807-1  92.9%  七月十九日までに入った消防、警察、軍、市の職員は延べ六万八千八百八人。
  c807-2  96.9%  一日の平均で三千二百七十六人になる。手伝いの人は別に延べ八千二百五十八人だった。
  c808-1  95.1%  事故のあった日のうちに、電力会社が白熱灯を百二十個と発電機を入れた。
  c808-2 100.0%  瓦礫の下は無人カメラや穴に差し込むカメラで探している。
  c809-1 100.0%  政府はこの一帯を特別災害地域に指定した。
  c809-2  91.2%  範囲は百貨店の敷地と周りを合わせた六万七千百平方メートルである。
  c810-1 100.0%  家族は人を探す貼り紙に名前と顔写真を書いて貼っていった。
  c810-2 100.0%  七月一日からは近くの大学の体育館が家族の案内所になっている。
  c811-1  80.0%  若武者数はなかなか固まらなかった。
  c811-2  96.8%  届け出の窓口が二箇所に分かれていたのを一つにまとめる途中である。
  c811-3  86.8%  一日の間に二百七人から四百十人へ訂正して発表されている。
  c812-1  87.3%  七月九日の朝八時二十分頃、崩れてから二百三十時間が経っていた。
  c812-2 100.0%  瓦礫の下から生きたまま一人が助け出されている。
  c813-1  98.0%  その二日後、埋まってから十三日目にも一人が助け出された。
  c813-2  94.5%  どちらももう生存者はいないと思われていた後のことである。
  c814-1  95.2%  そして事故から十七日目、七月十五日のことである。
  c814-2 100.0%  377時間ぶりに生きて助け出された。
  c815-1 100.0%  白書によれば、助け出された三人はいずれも若い人だった。
  c815-2 100.0%  この動画では名前ではなく人数と時間で伝えることにする。
  c816-1 100.0%  生きた人が見つかったのはここまでである。
  c816-2  94.1%  この後の作業は亡くなった人を見つけ出すことになった。
  c817-1  97.4%  七月十九日の時点で救助された人は九百三十二人。
  c817-2 100.0%  見つかった遺体は四百五十九人だった。
  c818-1 100.0%  事故の二日後の七月一日、選挙で選ばれた新しい市長が就任した。
  c818-2 100.0%  新しい市長はその日のうちに現場へ来ている。
  c819-1 100.0%  七月二十七日の時点では亡くなった人が四百五十八人。
  c819-2  88.5%  怪我をした人が九百三十三人、行方不明はおよそ百五人とされた。
  c819-3  92.7%  カズはこの時点でもまだ動いていたことになる。
  c820-1 100.0%  数が動いたのは同じ人を家族と職場が別々に届け出ていたからである。
  c820-2  97.1%  多い人では届け出が七十に重なっていた。
  c820-3 100.0%  それを一件ずつ電話で確かめる作業が続いた。
  c821-1  97.7%  瓦礫を運び出す作業も進んだ。七月十九日の時点で
  c821-2  94.1%  運び出す三万四千トンのうち、三万八千九百二トンが終わっている。
  c821-3  91.5%  ほこりをいつ片付けるかは救助が終わってから決めることになった。
  c822-1  95.5%  最後の数字が決まるのは事故から五ヶ月後である。
  c822-2 100.0%  次はその五〇二という数字の中身を見ていく。
  c901-1  75.0%  阿蘇町の区民会館に合同の昇降所が作られた。
  c901-2 100.0%  亡くなった人の数はこの時点でもまだ動いていた。
  c902-1 100.0%  1995年10月、ソウル市が国会の国政監査に出した報告では
  c902-2  97.0%  亡くなった人は五百一人とされている。
  c902-3  98.3%  遺体が見つかった人が四百七十一人、死亡と認められた人が三十人である。
  c903-1  95.2%  遺体が見つからないまま行方がわからない人は
  c903-2 100.0%  そのままでは亡くなったと数えることができない。
  c904-1  90.6%  そこで十六人の委員会が作られ、届け出のあった七十人のうち
  c904-2  80.0%  路地住四人を一旦亡くなったものとして扱うことにした。
  c904-3  93.9%  このうち三十四人はその後、鑑定で身元が確認されている。
  c905-1  98.1%  残った人たちの手続きが終わったのはその年の十一月二十九日
  c905-2  98.1%  戸籍の整理によって三十人が亡くなったこととして確定した。
  c906-1  88.0%  各所が最終の数字としているのは亡くなった人が五百人。
  c906-2  84.4%  怪我をした人が九百三十七人、合わせて千四百三十九人である。
  c906-3  88.9%  十月の五百一人との一人の差は資料の上では埋まっていない。
  c907-1  89.8%  各所には亡くなった五百二人の年齢の内訳が載っている。
  c907-2  87.8%  十歳までが十四人、十一歳から二十歳までが七十一人。
  c908-1  96.4%  31歳から40歳までが80人、41歳から50歳までが50人
  c908-2  96.0%  五十一歳から六十歳までが二十一人、六十歳より上が六人である。
  c909-1  95.5%  残った一つの年代だけで全体の半分を超えている。
  c909-2  89.5%  二百二人のうち二百五十八人が二十一歳から三十歳。
  c910-1  95.5%  男女の別で見ると、男性が百六人で女性が三百九十六人。
  c910-2 100.0%  亡くなった人のおよそ四人に三人が女性だったことになる。
  c911-1 100.0%  亡くなった人がこれほど多くなった理由を白書は二つ挙げている。
  c911-2 100.0%  一つは、百貨店が誰でも出入りできる場所だったこと。
  c912-1 100.0%  もう一つが崩れたのが夕方五時五十五分だったことである。
  c912-2 100.0%  夕食の支度のために人が集まる時間だったと白書は書いている。
  c913-1  98.3%  遺族との補償の話し合いがまとまったのは翌年の三月二十日である。
  c913-2  95.8%  亡くなった人一人当たりの特別慰労金が一億七千万ウォン。
  c913-3 100.0%  これに損害賠償金が加わる。
  c914-1 100.0%  1996年6月14日の時点で、502人のうち464人について
  c914-2  90.9%  支払いが終わっている。怪我をした九百三十七人では七百九人である。
  c915-1  97.9%  金額の合計は亡くなった人について千七百五十八億ウォン。
  c915-2  94.4%  一人当たりの平均で三億八千万ウォンになる。
  c915-3  81.6%  怪我をした人については合わせて千三億ウォンだった。
  c916-1 100.0%  残っているのは責任の話である。
  c916-2  90.3%  誰がどの段階で何を問われたのか。
  ep01-1  94.5%  事故の二日後の七月一日、会長を含む四人が身柄を拘束された。
  ep01-2 100.0%  起訴されたのは同じ七月の二十六日である。
  ep02-1 100.0%  捜査の対象は百貨店の側の人間だけではなかった。
  ep02-2 100.0%  設計をした事務所の代表、骨組みの工事をした会社の
  ep02-3  96.2%  現場責任者たちなど合わせて11人が捜査の対象になった。
  ep03-1 100.0%  建物を建てる仕事は計画を立て、図面を描き
  ep03-2  94.1%  実際に建て、建った後手入れをするという段階に分かれる。
  ep04-1  97.9%  一審の判決が出たのは事故のあった年の十二月二十七日。
  ep04-2 100.0%  二審は翌年の春。大法院の判決は八月に出ている。
  ep05-1  85.1%  二審は被告人の一人に懲役七年六ヶ月を言い渡した。
  ep05-2  75.7%  他に禁錮一年、懲役一年六ヶ月、懲役十ヶ月
  ep05-3  96.0%  禁錮一年六ヶ月とされた二人には執行猶予がついている。
  ep06-1  77.8%  この他の十二人は酵素が退けられ、維新の刑がそのまま残った。
  ep06-2  88.1%  サイファー院は1996年8月23日、双方の上告をすべて退けている。
  ep07-1 100.0%  判決が使った言葉は業務上過失致死傷の共同正犯である。
  ep07-2 100.0%  それぞれの段階の人たちを一つの事故の責任者として並べた。
  ep08-1  82.1%  イメージの方は千九百九十九年に大法院が区の職員の職務上の違反と
  ep08-2  72.2%  公開との間に因果関係はないと判断し
  ep08-3 100.0%  裁判を高裁へ差し戻している。
  ep09-1 100.0%  どこか一つの段階が悪かったという判決ではなかった。
  ep09-2  93.0%  計画を立て、図面を描き、建て、その後手入れをする。
  ep09-3  74.1%  火室はこの四つ全てにあった。
  ep10-1  96.7%  事故から十九日後の一九九五年七月十八日、韓国で新しい法律ができた。
  ep10-2  92.0%  災難管理法という交付されたその日から動き始めている。
  ep11-1 100.0%  火災、爆発、崩壊といった自然災害ではない事故を災難と決め
  ep11-2 100.0%  国と自治体が備えと後始末をする仕組みを作る法律だった。
  ep12-1  96.8%  その年の十二月三十日には、建築法など五つの法律が同じ日に改められた。
  ep12-2 100.0%  わざと手を抜いた工事で人を死なせた者は、無期または三年以上の懲役になった。
  ep13-1 100.0%  白書はこの事故をこう書いている。韓国が建国されてから当時まで
  ep13-2  86.4%  一番多くの人が亡くなった事故になるだろうと。
  ep13-3  87.0%  事前災害を除けば、それまでの最多は三比宇二十六人が亡くなった船の沈没である。
  ep14-1 100.0%  建物は朝から合図を出していた。気づいた人もいた。
  ep14-2 100.0%  会社の上まで伝わってもいた。それでも店は開いたままだった。

=== 一致率の低い順 460行（★耳で確かめる候補）===

c318-2  一致率 0.0%
   台本: できた部分だけ先に使ってよいという許可をもらい、翌月に開店した。
   聞取: [outro jingle]

c508-2  一致率 60.0%
   台本: 柱は計算書80センチ、図面60センチ
   聞取: 柱は計算書八十cm、図面六十cm。

pr10-3  一致率 62.5%
   台本: 報道は使わない。
   送信: ほうどうは使わない。   ← EL_YOMI で書き換えた文
   聞取: 「ほうどう」は使わない。

c701-2  一致率 68.2%
   台本: 北の棟の5階、食堂街の北東の側から崩れはじめた。
   送信: きたのむねの5階、食堂街の北東の側から崩れはじめた。   ← EL_YOMI で書き換えた文
   聞取: 北野宗の誤解。食堂街の北東のそばから崩れ始めた。

pr08-2  一致率 70.4%
   台本: 昼をすぎたころには、柱のまわりの床が15センチ下がっていた。
   送信: 昼をすぎたころには、柱のまわりのゆかが15センチ下がっていた。   ← EL_YOMI で書き換えた文
   聞取: チルを過ぎた頃には、柱の周りの床が15cm下がっていた。

c708-2  一致率 70.8%
   台本: いちばん新しく、いちばん多くの記録が採っている値である。
   聞取: 一番新しく一番多くの記録が取っている値である。

c502-2  一致率 71.4%
   台本: その上に床をじかに載せている。
   送信: その上にゆかをじかに載せている。   ← EL_YOMI で書き換えた文
   聞取: その上に由佳を直に乗せている。

c611-1  一致率 71.4%
   台本: 幹部が朝9時ごろ。社長が10時ごろ。
   聞取: 幹部が朝九時頃、社長が十時頃。

ep08-2  一致率 72.2%
   台本: 崩壊とのあいだに因果関係は無いと判断し、
   聞取: 公開との間に因果関係はないと判断し

ep09-3  一致率 74.1%
   台本: 過失は、この四つすべてにあった
   聞取: 火室はこの四つ全てにあった。

c411-1  一致率 75.0%
   台本: ちょうどよい厚さは3センチから6センチとされている。
   聞取: ちょうど良い厚さは三cmから六cmとされている。

c901-1  一致率 75.0%
   台本: 瑞草区の区民会館に、合同の焼香所が作られた。
   送信: ソチョくの区民会館に、合同の焼香所が作られた。   ← EL_YOMI で書き換えた文
   聞取: 阿蘇町の区民会館に合同の昇降所が作られた。

c705-2  一致率 75.7%
   台本: 行き場を失って、となりの柱のほうへ回される。
   聞取: 浮き場を失って隣の柱の方へ回される。

ep05-2  一致率 75.7%
   台本: ほかに禁錮1年、懲役1年6か月、懲役10か月。
   聞取: 他に禁錮一年、懲役一年六ヶ月、懲役十ヶ月

c517-1  一致率 76.0%
   台本: いちばん低い所では、13センチから18センチ沈んでいた。
   聞取: 一番低いところでは十三センチから十八センチ沈んでいた。

c601-2  一致率 76.9%
   台本: 昼には柱のまわりの床が15センチ下がっていた5階である。
   送信: 昼には柱のまわりのゆかが15センチ下がっていた5階である。   ← EL_YOMI で書き換えた文
   聞取: 昼には柱の周りの床が15cm下がっていた。誤解である。

c602-2  一致率 76.9%
   台本: 10センチのひびが入っていた。
   聞取: 十センチのヒビが入っていた。

c110-3  一致率 77.8%
   台本: 4階でも、柱と床のあいだにひびが出ている。
   送信: 4階でも、柱とゆかのあいだにひびが出ている。   ← EL_YOMI で書き換えた文
   聞取: 四階でも柱と床の間にヒビが出ている。

c112-2  一致率 77.8%
   台本: 5階の柱のまわりの床が15センチ沈んだ
   送信: 5階の柱のまわりのゆかが15センチ沈んだ   ← EL_YOMI で書き換えた文
   聞取: 五階の柱の周りの床が15cm沈んだ。

c703-1  一致率 77.8%
   台本: この2本は、5階の強さを計算するときに、
   聞取: その日本は誤解の強さを計算するときに

ep06-1  一致率 77.8%
   台本: このほかの12人は控訴が退けられ、1審の刑がそのまま残った。
   聞取: この他の十二人は酵素が退けられ、維新の刑がそのまま残った。

c405-3  一致率 78.4%
   台本: 動いているときの重さを、あわせて約138トンとしている。
   聞取: しごいている時の重さを合わせて約138tとしている。

c411-2  一致率 78.9%
   台本: 実際にかぶせてあったのは、15センチだった。
   聞取: 実際に被せてあったのは15cmだった。

c318-3  一致率 79.1%
   台本: 竣工の検査が終わったのは、その8か月あとである。
   送信: しゅんこうの検査が終わったのは、その8か月あとである。   ← EL_YOMI で書き換えた文
   聞取: 春高の検査が終わったのはその八ヶ月後である。

c413-3  一致率 80.0%
   台本: 床のひびが長いあいだ育っていた、というのが判決の認定である。
   送信: ゆかのひびが長いあいだ育っていた、というのが判決の認定である。   ← EL_YOMI で書き換えた文
   聞取: 由香の日々が長い間育っていたというのが判決の認定である。

c811-1  一致率 80.0%
   台本: 行方不明者の数は、なかなか固まらなかった。
   送信: 行方不明者 の数は、なかなか固まらなかった。   ← EL_YOMI で書き換えた文
   聞取: 若武者数はなかなか固まらなかった。

c904-2  一致率 80.0%
   台本: 64人をいったん亡くなったものとして扱うことにした。
   聞取: 路地住四人を一旦亡くなったものとして扱うことにした。

c403-2  一致率 80.8%
   台本: それが3基。あわせて136.5トン、乗用車90台ぶんの重さが、
   聞取: それが三機、合わせて百三十六点五トン。乗用車九十台分の重さが

c501-2  一致率 80.9%
   台本: 梁とは、柱のあいだにわたす横向きの太い棒のことである。
   聞取: 挙とは、柱の間に渡す横向きの太い棒のことである。

c711-1  一致率 80.9%
   台本: 梁が無い作りでは、床が落ちるときに柱も一緒に倒れる。
   送信: 梁が無い作りでは、ゆかが落ちるときに柱も一緒に倒れる。   ← EL_YOMI で書き換えた文
   聞取: 筋がない造りでは、床が落ちる時に柱も一緒に倒れる。

c207-2  一致率 81.0%
   台本: 最上階であり、この動画でいちばん大事な階になる。
   聞取: 最上階であり、この動画で一番大事な回になる。

c415-2  一致率 81.5%
   台本: 360キログラム以上の重さが余計にかかっていた、としている。
   聞取: 腹160kg以上の重さが余計にかかっていたとしている。

c915-3  一致率 81.6%
   台本: けがをした人については、あわせて1,003億ウォンだった。
   聞取: 怪我をした人については合わせて千三億ウォンだった。

c418-1  一致率 81.8%
   台本: この時点で、屋上には設計に無い重さが載っていた。
   聞取: この時点で屋上には石鹸にない重さが乗っていた。

ep08-1  一致率 82.1%
   台本: 民事のほうは、1999年に大法院が、区の職員の職務上の違反と、
   聞取: イメージの方は千九百九十九年に大法院が区の職員の職務上の違反と

c102-3  一致率 82.4%
   台本: このあと崩れるのは、北の棟のほうである。
   送信: このあと崩れるのは、きたのむねのほうである。   ← EL_YOMI で書き換えた文
   聞取: この後崩れるのは北の棟の方である。

c316-2  一致率 82.4%
   台本: 12倍をこえている。
   聞取: 十二倍を超えている。

c412-2  一致率 82.4%
   台本: 冷却塔を引きずった跡に、ひびが育った
   送信: 冷却塔を引きずった跡に、ひびがそだった   ← EL_YOMI で書き換えた文
   聞取: 冷却塔を引きずった後にヒビが育った。

c114-2  一致率 82.6%
   台本: 幹部に届いたのが朝9時ごろ、社長には10時ごろである。
   聞取: 幹部に届いたのが朝九時頃、社長には十時頃である。

c603-2  一致率 82.6%
   台本: 4階と5階のひびと沈下は、この時間にさらに進んだ。
   聞取: 四階と五階の日比と珍香はこの時間にさらに進んだ。

c503-1  一致率 83.0%
   台本: 梁が無いと天井が平らになり、階の高さを低くおさえられる。
   聞取: ひょうがないと天井が平らになり、階の高さを低く抑えられる。

c506-2  一致率 83.3%
   台本: 梁が無くて、しかも間隔が長い。条件は厳しいほうだった。
   聞取: ヒョがなくて、しかも間隔が長い。条件は厳しい方だった。

c107-1  一致率 83.7%
   台本: 同じころ、屋上の床は魚のうろこのように浮き上がり、
   送信: 同じころ、屋上のゆかは魚のうろこのように浮き上がり、   ← EL_YOMI で書き換えた文
   聞取: 同じ頃、屋上の床は魚の鱗のように浮き上がり

c501-1  一致率 84.0%
   台本: ふつうの鉄筋コンクリートの建物は、柱と柱を梁でつなぐ。
   聞取: 普通の鉄筋コンクリートの建物は柱と柱を梁でつなげる。

c211-1  一致率 84.2%
   台本: つまり三豊百貨店は、開いてから5年のあいだに、
   送信: つまりサンプン百貨店は、開いてから5年のあいだに、   ← EL_YOMI で書き換えた文
   聞取: つまり三分百貨店は開いてから五年の間に

c612-2  一致率 84.2%
   台本: 夜におこなう補強工事の準備に取りかかった。
   聞取: 夜に行う補強工事の準備に取り掛かった。

c307-1  一致率 84.4%
   台本: 増えていたのは面積だけではない。5階の使いみちも、
   聞取: 増えていたのは面積だけではない。誤解の使い道も

c906-2  一致率 84.4%
   台本: けがをした人が937人。あわせて1,439人である。
   聞取: 怪我をした人が九百三十七人、合わせて千四百三十九人である。

c518-3  一致率 84.6%
   台本: 厚さ15センチのその板が、1か所まるごと付いていなかった。
   聞取: 厚さ十五センチのその板が一箇所丸ごとついていなかった。

c413-2  一致率 85.0%
   台本: 冷却塔が通っていった経路。この2つを中心に、
   聞取: 霊略党が通っていった経路。この二つを中心に

c713-2  一致率 85.0%
   台本: 南の棟は、通路が切れた形でその場に残った。
   送信: 南のむねは、通路が切れた形でその場に残った。   ← EL_YOMI で書き換えた文
   聞取: 向真己の胸は通路が切れた形でその場に残った。

pr01-2  一致率 85.1%
   台本: 韓国の首都ソウル、瑞草区にあった百貨店が崩れ落ちた。
   送信: 韓国の首都ソウル、ソチョくにあった百貨店が崩れ落ちた。   ← EL_YOMI で書き換えた文
   聞取: 韓国の首都ソウル、ソチョクにあった百貨店が崩れ落ちた。

c404-2  一致率 85.1%
   台本: 240キログラムの荷物を載せる前提で設計されていた。
   送信: ニヒャクヨンジュッキログラムの荷物を載せる前提で設計されていた。   ← EL_YOMI で書き換えた文
   聞取: 240kgの荷物を載せる前提で設計されていた。

ep05-1  一致率 85.1%
   台本: 2審は、被告人のひとりに懲役7年6か月を言い渡した。
   聞取: 二審は被告人の一人に懲役七年六ヶ月を言い渡した。

c101-2  一致率 85.7%
   台本: その朝いちばんに動いたのは、施設の責任者だった。
   聞取: その朝一番に動いたのは施設の責任者だった。

c317-3  一致率 85.7%
   台本: 上限18億ウォン、工事は228億ウォン
   聞取: 条件十八億ウォン。工事は二百二十八億ウォン。

c610-1  一致率 85.7%
   台本: この時点で、その日のできごとは会社の上まで届いていた。
   聞取: この時点でその日の出来事は会社の上まで届いていた。

c707-3  一致率 86.2%
   台本: 地検の報告は、頁によって17時57分ごろとも、幅でも書いている。
   送信: 地検の報告は、ページによって17時57分ごろとも、幅でも書いている。   ← EL_YOMI で書き換えた文
   聞取: 地検の報告はページによって十七時五十七分頃とも幅でも書いている。

c114-1  一致率 86.3%
   台本: この日のできごとは、その日のうちに会社の上まで伝わった。
   聞取: この日の出来事はその日のうちに会社の上まで伝わった。

ep13-2  一致率 86.4%
   台本: いちばん多くの人が亡くなった事故になるだろう、と。
   聞取: 一番多くの人が亡くなった事故になるだろうと。

c321-2  一致率 86.5%
   台本: 建ったあと手入れをする、という段階ごとに、
   送信: たったあと手入れをする、という段階ごとに、   ← EL_YOMI で書き換えた文
   聞取: 立った後、手入れをするという段階ごとに

c504-2  一致率 86.7%
   台本: 梁が受け持つはずの力を、床と柱の接ぎ目だけで受けることになる。
   送信: 梁が受け持つはずの力を、ゆかと柱の接ぎ目だけで受けることになる。   ← EL_YOMI で書き換えた文
   聞取: ひよが受け持つはずの力を、由佳と柱の継ぎ目だけで受けることになる。

c604-2  一致率 86.8%
   台本: 社長が、会長をふくむ役員に5階のひびの様子を説明している。
   聞取: 社長が会長を含む役員に五階の日々の様子を説明している。

c811-3  一致率 86.8%
   台本: 1日のあいだに、207人から410人へ訂正して発表されている。
   聞取: 一日の間に二百七人から四百十人へ訂正して発表されている。

c302-1  一致率 87.0%
   台本: 建物の使いみちが変われば、
   聞取: 建物の使い道が変われば

c601-1  一致率 87.0%
   台本: 話を、崩れた日の午後にもどす。朝から床が盛り上がり、
   送信: 話を、崩れた日の午後にもどす。朝からゆかが盛り上がり、   ← EL_YOMI で書き換えた文
   聞取: 話を崩れた日の午後に戻す。朝から由佳が盛り上がり

ep13-3  一致率 87.0%
   台本: 自然災害をのぞけば、それまでの最多は326人が亡くなった船の沈没である。
   聞取: 事前災害を除けば、それまでの最多は三比宇二十六人が亡くなった船の沈没である。

c812-1  一致率 87.3%
   台本: 7月9日の朝8時20分ごろ。崩れてから230時間がたっていた。
   聞取: 七月九日の朝八時二十分頃、崩れてから二百三十時間が経っていた。

pr06-1  一致率 87.5%
   台本: 地上5階、地下4階。いちばん高いところで27.6メートル。
   聞取: 地上五階、地下四階。一番高いところで27.6メートル。

c416-2  一致率 87.5%
   台本: この建物の重さは、いちばん上の2つの階に集まっていた。
   聞取: この建物の重さは一番上の二つの階に集まっていた。

c110-1  一致率 87.8%
   台本: 昼の12時から午後2時のあいだ。5階の北側では、
   聞取: 昼の十二時から午後二時の間、五階の北側では

c505-1  一致率 87.8%
   台本: この建物は、柱と柱の間隔が10.8メートルあった。
   聞取: この建物は柱と柱の間隔が10.8mあった。

c907-2  一致率 87.8%
   台本: 10歳までが14人。11歳から20歳までが71人。
   聞取: 十歳までが十四人、十一歳から二十歳までが七十一人。

c106-1  一致率 88.0%
   台本: そして6月29日、朝の8時から10時のあいだのことである。
   聞取: そして六月二十九日、朝の八時から十時の間のことである。

c415-1  一致率 88.0%
   台本: 判決文は、5階の柱と床に、予定より1平方メートルあたり、
   送信: 判決文は、5階の柱とゆかに、予定より1平方メートルあたり、   ← EL_YOMI で書き換えた文
   聞取: 完結分は五階の柱と床に予定より一平方メートルあたり

c607-2  一致率 88.0%
   台本: このときの技術者の判断を、一つづきの文で書き残している。
   聞取: この時の技術者の判断を一続きの文で書き残している。

c608-2  一致率 88.0%
   台本: いま、すぐに崩れる危険はない
   聞取: 今すぐに崩れる危険はない。

c906-1  一致率 88.0%
   台本: 白書が最終の数字としているのは、亡くなった人が502人。
   聞取: 各所が最終の数字としているのは亡くなった人が五百人。

ep06-2  一致率 88.1%
   台本: 大法院は1996年8月23日、双方の上告をすべて退けている。
   聞取: サイファー院は1996年8月23日、双方の上告をすべて退けている。

c113-2  一致率 88.2%
   台本: 床がそれだけ下がったということは、
   送信: ゆかがそれだけ下がったということは、   ← EL_YOMI で書き換えた文
   聞取: 美由香がそれだけ下がったということは

c103-3  一致率 88.4%
   台本: 地下4階は機械室で、人がふだん入る場所ではない。
   聞取: 地下四階は機械室で人が普段入る場所ではない。

c509-1  一致率 88.4%
   台本: 場所は、A棟のエスカレーターのまわりの柱である。
   聞取: 場所はA棟のエスカレーターの周りの橋である。

pr08-1  一致率 88.5%
   台本: 5階の食堂の床が盛り上がったのが、朝8時から10時のあいだ。
   送信: 5階の食堂のゆかが盛り上がったのが、朝8時から10時のあいだ。   ← EL_YOMI で書き換えた文
   聞取: 五階の食堂の床が盛り上がったのが朝八時から十時の間。

c819-2  一致率 88.5%
   台本: けがをした人が933人、行方不明はおよそ105人とされた。
   聞取: 怪我をした人が九百三十三人、行方不明はおよそ百五人とされた。

c214-1  一致率 88.9%
   台本: 崩れた1995年6月も、店はふつうに営業していた。
   聞取: 崩れた 1995年6月も店は普通に営業していた。

c312-3  一致率 88.9%
   台本: そして図面どおりに建っているかを見る監理である。
   聞取: そして図面通りに建っているかを見る管理である。

c403-1  一致率 88.9%
   台本: 45.5トンは、乗用車およそ30台ぶんの重さである。
   聞取: 四十五点五トンは乗用車およそ三十台分の重さである。

c707-2  一致率 88.9%
   台本: 白書は17時55分ごろ、国会の報告書は17時52分。
   送信: はくしょは17時55分ごろ、国会の報告書は17時52分。   ← EL_YOMI で書き換えた文
   聞取: 白書は十七時五十五分頃。国会の報告書は十七時五十二分。

c906-3  一致率 88.9%
   台本: 10月の501人との1人の差は、資料のうえでは埋まっていない。
   聞取: 十月の五百一人との一人の差は資料の上では埋まっていない。

pr07-1  一致率 89.4%
   台本: 会員として名前を登録していた人が7万6,500人あまり。
   聞取: 会員として名前を登録していた人が七万六千五百人余り。

c504-1  一致率 89.4%
   台本: そのかわり、床の重さは全部、柱のまわりの一点に集まる。
   送信: そのかわり、ゆかの重さは全部、柱のまわりの一点に集まる。   ← EL_YOMI で書き換えた文
   聞取: その代わり、床の重さは全部柱の周りの一点に集まる。

c614-1  一致率 89.5%
   台本: のちに数えられた被害者は1,439人である。
   送信: のちに数えられた被害者はセンヨンヒャクサンジュウキュウニンである。   ← EL_YOMI で書き換えた文
   聞取: 後に数えられた被害者は千四百三十九人である。

c706-1  一致率 89.5%
   台本: となりの柱も、その重さには耐えられなかった。
   聞取: 隣の柱もその重さには耐えられなかった。

c909-2  一致率 89.5%
   台本: 502人のうち258人が21歳から30歳
   聞取: 二百二人のうち二百五十八人が二十一歳から三十歳。

c109-1  一致率 89.7%
   台本: 社長らが5階と屋上を見てまわり、
   聞取: 社長らが五階と屋上を見て回り

c218-2  一致率 89.7%
   台本: はじめの計画は、百貨店ではなかった
   聞取: 初めの計画は百貨店ではなかった。

pr02-1  一致率 89.8%
   台本: 崩れはじめたのは、5階にあった食堂街の北東の側である。
   聞取: 崩れ始めたのは五階にあった食堂街の北東の壁である。

c306-1  一致率 89.8%
   台本: ところが、許可のときは7万1,136平方メートルだった床が、
   送信: ところが、許可のときはナナマンセンヒャクサンジュウロク平方メートルだったゆかが、   ← EL_YOMI で書き換えた文
   聞取: ところが、許可の時は七万千百三十六平方メートルだった床が

c907-1  一致率 89.8%
   台本: 白書には、亡くなった502人の年齢の内訳が載っている。
   聞取: 各所には亡くなった五百二人の年齢の内訳が載っている。

c204-1  一致率 90.0%
   台本: 建っていたのは、同じ大きさの棟が2つである。
   送信: 建っていたのは、同じ大きさのむねが2つである。   ← EL_YOMI で書き換えた文
   聞取: 立っていたのは同じ大きさの胸が二つである。

c606-1  一致率 90.0%
   台本: 技術者は現場を確認し、安全の診断をおこなった。
   聞取: 技術者は現場を確認し、安全の診断を行った。

pr03-1  一致率 90.2%
   台本: この事故で502人が亡くなり、937人がけがをしている。
   聞取: この事故で五百二人が亡くなり、九百三十七人が怪我をしている。

c519-3  一致率 90.3%
   台本: 切ったあと、補強は何もされていない。
   聞取: 切った後、補強は何もされていない。

c520-3  一致率 90.3%
   台本: 判決文で15から18センチ、白書で25センチ。どちらも4割に満たない。
   聞取: 簡潔文で十五から十八センチ、白書で二十五センチ、どちらも四割に満たない。

c916-2  一致率 90.3%
   台本: だれが、どの段階で、何を問われたのか。
   聞取: 誰がどの段階で何を問われたのか。

c303-1  一致率 90.5%
   台本: 判決文が書いているのは、百貨店として使うために、
   聞取: 結論文が書いているのは、百貨店として使うために

c510-3  一致率 90.5%
   台本: この柱は、さきほどの11か所のうちの一つである。
   聞取: この柱は先ほどの十一か所のうちの一つである。

c511-1  一致率 90.5%
   台本: 判決文は、5階と屋根の床の強さを計算するとき、
   送信: 判決文は、5階と屋根のゆかの強さを計算するとき、   ← EL_YOMI で書き換えた文
   聞取: 完結文は五階と屋根の床の強さを計算するとき

c213-2  一致率 90.6%
   台本: 1994年には地下1階を672平方メートル増やしたうえ、
   聞取: 1995年には地下一階を672平方メートル増やした上

c505-2  一致率 90.6%
   台本: 判決文は、ふつうの建物では見かけないほど長い、と書いている。
   聞取: 判決文は普通の建物では見かけないほど長いと書いている。

c904-1  一致率 90.6%
   台本: そこで16人の委員会がつくられ、届け出のあった70人のうち、
   聞取: そこで十六人の委員会が作られ、届け出のあった七十人のうち

c309-2  一致率 90.9%
   台本: 食堂街は、厨房も冷蔵庫も客席も、全部が重さになる。
   聞取: 木道街は厨房も冷蔵庫も客席も全部が重さになる。

c413-1  一致率 90.9%
   台本: 5階の食堂の厨房にある柱のまわりと、
   聞取: 五階の食堂の厨房にある柱の周りと

c518-1  一致率 90.9%
   台本: 柱のまわりの床は、板とあわせて45センチの厚さにするはずが、
   送信: はしらのまわりのゆかは、板とあわせて45センチの厚さにするはずが、   ← EL_YOMI で書き換えた文
   聞取: 柱の周りの床は板と合わせて四十五センチの厚さにするはずが

c520-2  一致率 90.9%
   台本: 鉄筋の太さの、40倍である。実際に入っていた長さは、
   聞取: 金の太さの四十倍である。実際に入っていた長さは

c607-1  一致率 90.9%
   台本: 午後4時、対策の会議が再開された。地検の報告書は、
   聞取: 午後四時、対策の会議が再開された。治験の報告書は

c914-2  一致率 90.9%
   台本: 支払いが終わっている。けがをした937人では709人である。
   聞取: 支払いが終わっている。怪我をした九百三十七人では七百九人である。

c809-2  一致率 91.2%
   台本: 範囲は、百貨店の敷地と周りをあわせた6万7,100平方メートルである。
   聞取: 範囲は百貨店の敷地と周りを合わせた六万七千百平方メートルである。

pr09-2  一致率 91.3%
   台本: 生きて助け出された人は、17日目まで出つづけている。
   聞取: 生きて助け出された人は十七日目まで出続けている。

c619-1  一致率 91.3%
   台本: 技術者が現場に着いてから、建物が崩れるまでのあいだ。
   聞取: 技術者が現場に着いてから建物が崩れるまでの間

c115-1  一致率 91.4%
   台本: 会長に報告が入ったのは、午後2時半ごろ。
   聞取: 会長に報告が入ったのは午後二時半頃。

c715-1  一致率 91.4%
   台本: 崩れたとき、対策の会議はまだ続いていた。
   聞取: 崩れた時、対策の会議はまだ続いていた。

c821-3  一致率 91.5%
   台本: 残りをいつ片づけるかは、救助が終わってから決めることになった。
   聞取: ほこりをいつ片付けるかは救助が終わってから決めることになった。

c306-3  一致率 91.7%
   台本: 2,069平方メートル、テニスコート8面ぶん増えている。
   聞取: 二千六十九平方メートル。テニスコート八面分増えている。

c708-1  一致率 91.7%
   台本: この動画では、ソウル市の白書の17時55分ごろを使う。
   聞取: この動画では、ソウル市の白書の十七時五十五分頃を使う。

c802-1  一致率 91.8%
   台本: その日のうちに入った救急車は14台。最後までにのべ1,176台が入る。
   聞取: その日のうちに入った救急車は十四台。最後までに延べ千百七十六台が入る。

c313-3  一致率 91.9%
   台本: 建て主である三豊建設が自分で行っている。
   送信: 建て主であるサンプン建設が自分で行っている。   ← EL_YOMI で書き換えた文
   聞取: 建主である三分建設が自分で行っている。

c511-2  一致率 91.9%
   台本: 特定の2本の柱と、そのまわりの床の強さを、
   送信: 特定の2本の柱と、そのまわりのゆかの強さを、   ← EL_YOMI で書き換えた文
   聞取: 特定の二本の柱とその周りの床の強さを

c701-1  一致率 91.9%
   台本: 1995年6月29日、夕方5時55分ごろ。
   聞取: 1995年6月29日、夕方5時55分頃。

c104-2  一致率 92.0%
   台本: 2か月前の4月中旬、5階の天井と壁から水がもれている。
   聞取: 二ヶ月前の四月中旬、五階の天井と壁から水が漏れている。

c508-1  一致率 92.0%
   台本: ところがその太さが、2つの書類のあいだで食い違っていた。
   聞取: ところが、その太さが二つの書類の間で食い違っていた。

ep10-2  一致率 92.0%
   台本: 災難管理法という。公布されたその日から動き始めている。
   聞取: 災難管理法という交付されたその日から動き始めている。

c103-1  一致率 92.3%
   台本: 北の棟は、1階から4階までが売り場で、5階が食堂街だった。
   送信: きたのむねは、1階から4階までが売り場で、5階が食堂街だった。   ← EL_YOMI で書き換えた文
   聞取: 下の宗は一階から四階までが売り場で、五階が食堂街だった。

c201-2  一致率 92.3%
   台本: 三豊百貨店を持っていたのは、三豊建設産業という会社である。
   送信: サンプン百貨店を持っていたのは、サンプン建設産業という会社である。   ← EL_YOMI で書き換えた文
   聞取: 三分百貨店を持っていたのは三分建設産業という会社である。

c403-3  一致率 92.3%
   台本: 屋上に載っていたことになる。
   聞取: 屋上に乗っていたことになる。

c604-1  一致率 92.3%
   台本: 午後2時、会社のなかで対策の会議が開かれた。
   聞取: 午後二時、会社の中で対策の会議が開かれた。

c707-1  一致率 92.3%
   台本: 崩れはじめた時刻は、記録によって違っている。
   聞取: 崩れ始めた時刻は記録によって違っている。

c209-1  一致率 92.6%
   台本: 会員として名前を登録していた人は、7万6,500人をこえていた。
   聞取: 会員として名前を登録していた人は七万六千五百人を超えていた。

c805-1  一致率 92.6%
   台本: 生きている人の気配をつかんだら、重機をその場で全部止めて、
   聞取: 生きている人の気配をつかんだら、銃器をその場で全部止めて

c515-1  一致率 92.7%
   台本: 崩れたあとの現場では、切れた鉄筋を出したまま、
   聞取: 崩れた後の現場では切れた鉄筋を出したまま

c819-3  一致率 92.7%
   台本: 数は、この時点でもまだ動いていたことになる。
   送信: かずは、この時点でもまだ動いていたことになる。   ← EL_YOMI で書き換えた文
   聞取: カズはこの時点でもまだ動いていたことになる。

c807-1  一致率 92.9%
   台本: 7月19日までに入った消防・警察・軍・市の職員は、のべ6万8,808人。
   聞取: 七月十九日までに入った消防、警察、軍、市の職員は延べ六万八千八百八人。

c108-1  一致率 93.0%
   台本: 10時から12時にかけて。4階の貴金属売り場では、
   聞取: 十時から十二時にかけて。四階の貴金属売り場では

c418-2  一致率 93.0%
   台本: では、それを受け止める柱のほうは、どうだったのか。
   聞取: では、それを受け止める柱の方はどうだったのか？

c620-1  一致率 93.0%
   台本: ここから先は、その2時間45分のあとの話である。
   聞取: ここから先はその二時間四十五分の後の話である。

c704-2  一致率 93.0%
   台本: 床が、柱のまわりの線に沿って抜け落ちる壊れ方だ。
   送信: ゆかが、柱のまわりの線に沿って抜け落ちる壊れ方だ。   ← EL_YOMI で書き換えた文
   聞取: 床が柱の周りの線に沿って抜け落ちる壊れ方だ。

c705-1  一致率 93.0%
   台本: 床が柱から外れると、その柱が支えていた重さは、
   送信: ゆかが柱から外れると、その柱が支えていた重さは、   ← EL_YOMI で書き換えた文
   聞取: ユカが柱から外れると、その柱が支えていた重さは

ep09-2  一致率 93.0%
   台本: 計画を立て、図面を描き、建て、そのあと手入れをする。
   聞取: 計画を立て、図面を描き、建て、その後手入れをする。

c405-1  一致率 93.1%
   台本: 冷却塔が床にかける重さは、1平方メートルあたり400キログラム。
   送信: 冷却塔がゆかにかける重さは、1平方メートルあたり400キログラム。   ← EL_YOMI で書き換えた文
   聞取: 冷却塔が床にかける重さは一平方メートル当たり四百キログラム。

c521-3  一致率 93.1%
   台本: 外側の柱とのつなぎも、深さ100センチのうち30センチだけだった。
   聞取: 外側の柱とのつなぎも深さ百センチのうち三十センチだけだった。

c519-2  一致率 93.2%
   台本: 5階の厨房から煙を出す管を通すために、40センチ×98センチ切り取っている。
   聞取: 五階の厨房から煙を出す管を通すために、四十センチかける九十八センチ切り取っている。

pr02-2  一致率 93.3%
   台本: 地上5階、地下4階の建物が、ひと続きに落ちていった。
   聞取: 地上五階、地下四階の建物が一続きに落ちていった。

pr04-2  一致率 93.3%
   台本: 崩れたその日、建物は朝から合図を出しつづけていた。
   聞取: 崩れたその日、建物は朝から合図を出し続けていた。

c203-3  一致率 93.3%
   台本: これは、1994年に地下を広げたあとの数字である。
   聞取: これは1994年に地下を広げた後の数字である。

c411-3  一致率 93.3%
   台本: その差のぶんだけ、屋上は重くなっていたことになる。
   聞取: その差の分だけ屋上は重くなっていたことになる。

c603-1  一致率 93.3%
   台本: 屋上の床も、4か所で5ミリから15ミリ沈んでいる。
   送信: 屋上のゆかも、4か所で5ミリから15ミリ沈んでいる。   ← EL_YOMI で書き換えた文
   聞取: 屋上の床も四箇所で五ミリから十五ミリ沈んでいる。

c610-2  一致率 93.3%
   台本: 朝9時ごろから、幹部・社長・会長へと順に伝わっている。
   聞取: 朝九時頃から幹部、社長、会長へと順に伝わっている。

c611-2  一致率 93.3%
   台本: そして会長には、午後2時半ごろに報告が入っていた。
   聞取: そして会長には午後二時半頃に報告が入っていた。

c804-3  一致率 93.3%
   台本: 市長が現場に着いたのは、午後6時50分ごろである。
   聞取: 市長が現場に着いたのは午後6時50分頃である。

c106-2  一致率 93.6%
   台本: 5階にある食堂の床が盛り上がり、天井が沈みはじめた。
   送信: 5階にある食堂のゆかが盛り上がり、天井が沈みはじめた。   ← EL_YOMI で書き換えた文
   聞取: 五階にある食堂の床が盛り上がり、天井が沈み始めた。

c208-1  一致率 93.6%
   台本: 売り場には、催しごとの垂れ幕がいくつも下がっていた。
   聞取: 売り場には催し事の垂れ幕がいくつも下がっていた。

c512-2  一致率 93.6%
   台本: 床の上のほうには、床が垂れるのを止める鉄筋を入れる。
   送信: ゆかの上のほうには、ゆかが垂れるのを止める鉄筋を入れる。   ← EL_YOMI で書き換えた文
   聞取: 床の上の方には床が垂れるのを止める鉄筋を入れる。

c609-1  一致率 93.6%
   台本: そして後半が、やるべきことだった。営業が終わったあと、
   聞取: そして後半がやるべきことだった。営業が終わった後

c716-1  一致率 93.6%
   台本: 建物は落ちた。だがこのとき、瓦礫の下に何人いるのかを、
   送信: 建物は落ちた。だがこのとき、がれきの下に何人いるのかを、   ← EL_YOMI で書き換えた文
   聞取: 建物は落ちた。だが、この時、瓦礫の下に何人いるのかを

c210-1  一致率 93.8%
   台本: 売り上げは、全国の百貨店で7番目だった。
   聞取: 売上は全国の百貨店で七番目だった。

c113-3  一致率 93.9%
   台本: 床を支えていたものが、もう効いていないということだ。
   送信: ゆかを支えていたものが、もう効いていないということだ。   ← EL_YOMI で書き換えた文
   聞取: ゆかを支えていたものがもう効いていないということだ。

c205-1  一致率 93.9%
   台本: 2つの棟は、真ん中のガラス張りの通路でつながっていた。
   送信: 2つのむねは、真ん中のガラス張りの通路でつながっていた。   ← EL_YOMI で書き換えた文
   聞取: 二つの棟は真ん中のガラス張りの通路で繋がっていた。

c406-2  一致率 93.9%
   台本: この冷却塔は、あとから屋上の別の場所へ動かされている。
   聞取: この冷却塔は後から屋上の別の場所へ動かされている。

c904-3  一致率 93.9%
   台本: このうち34人は、そのあと鑑定で身元が確認されている。
   聞取: このうち三十四人はその後、鑑定で身元が確認されている。

c210-2  一致率 94.1%
   台本: 一つの売り場としての大きさでいえば、
   聞取: 一つの売り場としての大きさで言えば。

c319-1  一致率 94.1%
   台本: 事故のあとの捜査では、役所への贈賄も起訴の中身に入った。
   聞取: 事故の後の捜査では、役所への贈賄も起訴の中身に入った。

c507-2  一致率 94.1%
   台本: 床が柱のまわりから抜け落ちるのを、止めるための板である。
   送信: ゆかが柱のまわりから抜け落ちるのを、止めるための板である。   ← EL_YOMI で書き換えた文
   聞取: 床が柱の周りから抜け落ちるのを止めるための板である。

c510-1  一致率 94.1%
   台本: 柱が細くなれば、支えられる重さは減る。
   聞取: 頭が細くなれば支えられる重さは減る。

c816-2  一致率 94.1%
   台本: このあとの作業は、亡くなった人を見つけ出すことになった。
   聞取: この後の作業は亡くなった人を見つけ出すことになった。

c821-2  一致率 94.1%
   台本: 運び出す3万4,000トンのうち、3万892トンが終わっている。
   聞取: 運び出す三万四千トンのうち、三万八千九百二トンが終わっている。

ep03-2  一致率 94.1%
   台本: 実際に建て、建ったあと手入れをする、という段階に分かれる。
   送信: 実際に建て、たったあと手入れをする、という段階に分かれる。   ← EL_YOMI で書き換えた文
   聞取: 実際に建て、建った後手入れをするという段階に分かれる。

c704-1  一致率 94.3%
   台本: 柱のまわりで起きたのは、せん断破壊と呼ばれる壊れ方である。
   聞取: 柱の周りで起きたのは、せん断破壊と呼ばれる壊れ方である。

c714-2  一致率 94.3%
   台本: 瓦礫は、地下4階から地下3階のあたりまで積み上がっている。
   送信: がれきは、地下4階から地下3階のあたりまで積み上がっている。   ← EL_YOMI で書き換えた文
   聞取: 瓦礫は地下四階から地下三階の辺りまで積み上がっている。

c803-1  一致率 94.3%
   台本: 瓦礫は、地下4階から地下3階のあたりまで積み上がっていた。
   送信: がれきは、地下4階から地下3階のあたりまで積み上がっていた。   ← EL_YOMI で書き換えた文
   聞取: 瓦礫は地下四階から地下三階の辺りまで積み上がっていた。

c915-2  一致率 94.4%
   台本: 1人あたりの平均で、3億8千万ウォンになる。
   聞取: 一人当たりの平均で三億八千万ウォンになる。

c813-2  一致率 94.5%
   台本: どちらも、もう生存者はいないと思われていたあとのことである。
   聞取: どちらももう生存者はいないと思われていた後のことである。

ep01-1  一致率 94.5%
   台本: 事故の2日後の7月1日、会長をふくむ4人が身柄を拘束された。
   聞取: 事故の二日後の七月一日、会長を含む四人が身柄を拘束された。

pr01-1  一致率 94.7%
   台本: 1995年6月29日、木曜日の夕方5時55分ごろのことである。
   聞取: 1995年6月29日、木曜日の夕方5時55分頃のことである。

c112-1  一致率 94.7%
   台本: 同じ時間に、もう一つのことが分かっていた。
   聞取: 同じ時間にもう一つのことがわかっていた。

c203-1  一致率 94.7%
   台本: 敷地は1万5,397平方メートル。サッカー場2面ぶんより少し広い。
   聞取: 敷地は一万五千三百九十七平方メートル。サッカー場二面分より少し広い。

c316-1  一致率 94.7%
   台本: 三豊建設の上限は18億ウォン。この百貨店の工事は228億ウォン。
   送信: サンプン建設の上限は18億ウォン。この百貨店の工事は228億ウォン。   ← EL_YOMI で書き換えた文
   聞取: 三分。建設の上限は十八億ウォン。この百貨店の工事は二百二十八億ウォン。

c405-2  一致率 94.7%
   台本: 前提の1.6倍をこえている。なお白書はこの冷却塔を4台と数え、
   聞取: 前提の一点六倍を超えている。なお、白書はこの冷却塔を四台と数え

c522-2  一致率 94.7%
   台本: そして1995年6月29日の朝、5階の床が盛り上がりはじめる。
   送信: そして1995年6月29日の朝、5階のゆかが盛り上がりはじめる。   ← EL_YOMI で書き換えた文
   聞取: そして1995年6月29日の朝、五階の床が盛り上がり始める。

c714-1  一致率 94.7%
   台本: 現場には、北側と南側の壁だけが立っていた。
   聞取: 現場には北側と南側の壁だけが建っていた。

c702-2  一致率 94.9%
   台本: 設計図の上で5列E行、5列F行と呼ばれる2本の柱のまわりである。
   聞取: 設計図の上で五列E行、五列F行と呼ばれる二本の柱の周りである。

c801-1  一致率 94.9%
   台本: 崩れたのは夕方の5時55分ごろ。消防と警察がすぐに現場へ向かい、
   聞取: 崩れたのは夕方の五時五十五分頃。消防と警察がすぐに現場へ向かい

c213-3  一致率 95.1%
   台本: スポーツ施設などおよそ1万9,000平方メートルを売り場に変えている。
   聞取: スポーツ施設などおよそ一万九千平方メートルを売り場に変えている。

c808-1  一致率 95.1%
   台本: 事故のあった日のうちに、電力会社が白熱灯120個と発電機を入れた。
   聞取: 事故のあった日のうちに、電力会社が白熱灯を百二十個と発電機を入れた。

c408-2  一致率 95.2%
   台本: 床に設計どおり以上の重さがかからないようにすべきだった、としている。
   送信: ゆかに設計どおり以上の重さがかからないようにすべきだった、としている。   ← EL_YOMI で書き換えた文
   聞取: 床に設計通り以上の重さがかからないようにすべきだったとしている。

c605-1  一致率 95.2%
   台本: 午後3時10分、一人の構造技術者が現場に着いた。
   聞取: 午後三時十分、一人の構造技術者が現場に着いた。

c814-1  一致率 95.2%
   台本: そして事故から17日目、7月15日のことである。
   聞取: そして事故から十七日目、七月十五日のことである。

c903-1  一致率 95.2%
   台本: 遺体が見つからないまま行方が分からない人は、
   聞取: 遺体が見つからないまま行方がわからない人は

c613-2  一致率 95.5%
   台本: エアコンも止まり、催しの売り場は引き上げている。
   聞取: エアコンも止まり、催しの売り場は引き揚げている。

c822-1  一致率 95.5%
   台本: 最後の数字が決まるのは、事故から5か月後である。
   聞取: 最後の数字が決まるのは事故から五ヶ月後である。

c909-1  一致率 95.5%
   台本: 残った一つの年代だけで、全体の半分をこえている。
   送信: のこった一つの年代だけで、全体の半分をこえている。   ← EL_YOMI で書き換えた文
   聞取: 残った一つの年代だけで全体の半分を超えている。

c910-1  一致率 95.5%
   台本: 男女の別で見ると、男性が106人で、女性が396人。
   送信: 男女の別で見ると、男性が106人で、女性がサンビャクキュウジュウロクニン。   ← EL_YOMI で書き換えた文
   聞取: 男女の別で見ると、男性が百六人で女性が三百九十六人。

c209-2  一致率 95.7%
   台本: どれくらい大きな店だったのかは、次の数字で分かる。
   送信: どれくらい大きな店 だったのかは、次の数字で分かる。   ← EL_YOMI で書き換えた文
   聞取: どれくらい大きな店だったのかは次の数字でわかる。

pr03-2  一致率 95.8%
   台本: その502人のうち、半分以上が21歳から30歳だった。
   聞取: その五百二人のうち半分以上が二十一歳から三十歳だった。

pr05-1  一致率 95.8%
   台本: 三豊百貨店が店を開いたのは、1989年の12月である。
   送信: サンプン百貨店が店を開いたのは、1989年の12月である。   ← EL_YOMI で書き換えた文
   聞取: 三分百貨店が店を開いたのは1989年の12月である。

c203-2  一致率 95.8%
   台本: 建物の床を全部たすと、7万3,877平方メートルになる。
   送信: 建物のゆかを全部たすと、7万3,877平方メートルになる。   ← EL_YOMI で書き換えた文
   聞取: 建物の床を全部足すと七万三千八百七十七平方メートルになる。

c208-2  一致率 95.8%
   台本: 5階にも特設の売り場があったことが、写真から分かる。
   聞取: 五階にも特設の売り場があったことが写真からわかる。

c314-2  一致率 95.8%
   台本: 報告書はこれを、工事の一貫性を失った、と書いている。
   聞取: その報告書はこれを工事の一貫性を失ったと書いている。

c414-1  一致率 95.8%
   台本: 重かったのは屋上だけではない。その下の5階もである。
   聞取: 寒かったのは屋上だけではない。その下の五階もである。

c502-1  一致率 95.8%
   台本: この建物には、その梁が無かった。柱の上に厚い板を置き、
   聞取: この建物にはその梁がなかった。柱の上に厚い板を置き

c613-1  一致率 95.8%
   台本: 5階の食堂街は、昼すぎにはほとんどが店を閉めていた。
   聞取: 五階の食堂街は昼過ぎにはほとんどが店を閉めていた。

c711-3  一致率 95.8%
   台本: 受け止めるものが無いまま、下へ下へと続いたのである。
   聞取: 受け止めるものがないまま、下へ下へと続いたのである。

c913-2  一致率 95.8%
   台本: 亡くなった人1人あたりの特別慰労金が1億7千万ウォン。
   聞取: 亡くなった人一人当たりの特別慰労金が一億七千万ウォン。

pr05-2  一致率 96.0%
   台本: 崩れたのは、そこから5年半しかたっていない建物だった。
   聞取: 崩れたのはそこから五年半しか建っていない建物だった。

c104-3  一致率 96.0%
   台本: 6月21日には、4階と5階で水もれを止める工事をした。
   聞取: 六月二十一日には四階と五階で水漏れを止める工事をした。

c313-1  一致率 96.0%
   台本: この建物では、設計と監理を同じ設計事務所が受け持った。
   聞取: この建物では設計と管理を同じ設計事務所が受け持った。

c417-2  一致率 96.0%
   台本: その重さを直に受ける5階の柱と、柱と床の接ぎ目である。
   送信: その重さを直に受ける5階の柱と、柱とゆかの接ぎ目である。   ← EL_YOMI で書き換えた文
   聞取: その重さを直に受ける五階の柱と柱と床の継ぎ目である。

c521-1  一致率 96.0%
   台本: しかも先を曲げて引っかける留め方も、されていなかった。
   聞取: しかも先を曲げて引っ掛ける留め方もされていなかった。

c908-2  一致率 96.0%
   台本: 51歳から60歳までが21人、60歳より上が6人である。
   聞取: 五十一歳から六十歳までが二十一人、六十歳より上が六人である。

ep05-3  一致率 96.0%
   台本: 禁錮1年6か月とされた2人には、執行猶予がついている。
   聞取: 禁錮一年六ヶ月とされた二人には執行猶予がついている。

c212-1  一致率 96.2%
   台本: 建物としても新しかった。開店から5年半しかたっていない。
   聞取: 建物としても新しかった。開店から五年半しか経っていない。

c503-2  一致率 96.2%
   台本: 売り場も広く見える。百貨店には都合のよい作りだと言われる。
   聞取: 売り場も広く見える。百貨店には都合の良い作りだと言われる。

c506-1  一致率 96.2%
   台本: 柱の間隔が長いほど、床は垂れやすく、接ぎ目には力がかかる。
   送信: 柱の間隔が長いほど、ゆかは垂れやすく、接ぎ目には力がかかる。   ← EL_YOMI で書き換えた文
   聞取: 柱の間隔が長いほど床は垂れやすく、継ぎ目には力がかかる。

ep02-3  一致率 96.2%
   台本: 現場責任者たちなど、あわせて11人が捜査の対象になった。
   聞取: 現場責任者たちなど合わせて11人が捜査の対象になった。

c101-1  一致率 96.3%
   台本: 1995年6月29日、木曜日。三豊百貨店はこの日も店を開けた。
   送信: 1995年6月29日、木曜日。サンプン百貨店はこの日も店を開けた。   ← EL_YOMI で書き換えた文
   聞取: 1995年6月29日木曜日。三分百貨店はこの日も店を開けた。

c213-1  一致率 96.3%
   台本: 竣工の検査が終わったのは、開店の翌年、1990年7月27日。
   送信: しゅんこうの検査が終わったのは、開店の翌年、1990年7月27日。   ← EL_YOMI で書き換えた文
   聞取: 竣工の検査が終わったのは開店の翌年、 1990年7月22日

c304-2  一致率 96.3%
   台本: 中身は地下4階、地上5階、延べ7万1,136平方メートルである。
   聞取: 中身は地下四階、地上五階、延べ七万一点千三十六平方メートルである。

c315-2  一致率 96.3%
   台本: 会社の規模に応じて、引き受けられる工事の額に上限をつける。
   聞取: 毎社の規模に応じて引き受けられる工事の額に上限をつける。

c908-1  一致率 96.4%
   台本: 31歳から40歳までが80人、41歳から50歳までが52人。
   聞取: 31歳から40歳までが80人、41歳から50歳までが50人

c206-1  一致率 96.6%
   台本: 地下の2つの階は、まるごと駐車場だった。とめられる車は524台。
   聞取: 地下の二つの階はまるごと駐車場だった。止められる車は五百二十四台

ep10-1  一致率 96.7%
   台本: 事故から19日後の1995年7月18日、韓国で新しい法律ができた。
   聞取: 事故から十九日後の一九九五年七月十八日、韓国で新しい法律ができた。

c811-2  一致率 96.8%
   台本: 届け出の窓口が2か所に分かれていたのを、1つにまとめる途中である。
   聞取: 届け出の窓口が二箇所に分かれていたのを一つにまとめる途中である。

ep12-1  一致率 96.8%
   台本: その年の12月30日には、建築法など5つの法律が同じ日に改められた。
   聞取: その年の十二月三十日には、建築法など五つの法律が同じ日に改められた。

c807-2  一致率 96.9%
   台本: 1日の平均で3,276人になる。手伝いの人は、別にのべ8,258人だった。
   聞取: 一日の平均で三千二百七十六人になる。手伝いの人は別に延べ八千二百五十八人だった。

c311-2  一致率 97.0%
   台本: 報告書が数えただけで11か所あった。
   聞取: 報告書が数えただけで十一か所あった。

c902-2  一致率 97.0%
   台本: 亡くなった人は501人とされている。
   聞取: 亡くなった人は五百一人とされている。

c305-2  一致率 97.1%
   台本: 三豊建設が下請けに出し、1987年11月から1988年11月まで続いた。
   送信: サンプン建設が下請けに出し、1987年11月から1988年11月まで続いた。   ← EL_YOMI で書き換えた文
   聞取: 三分建設が下請けに出し、 1987年11月から1988年11月まで続いた。

c820-2  一致率 97.1%
   台本: 多い人では、届け出が7重に重なっていた。
   聞取: 多い人では届け出が七十に重なっていた。

c612-1  一致率 97.3%
   台本: 午後5時30分。施設の部門の担当者たちが、
   聞取: 午後五時三十分、施設の部門の担当者たちが

c804-2  一致率 97.4%
   台本: 現場の指揮本部ができたのが午後6時20分。
   聞取: 現場の指揮本部ができたのが午後六時二十分。

c817-1  一致率 97.4%
   台本: 7月19日の時点で、救助された人は932人。
   聞取: 七月十九日の時点で救助された人は九百三十二人。

c113-1  一致率 97.7%
   台本: 15センチは、文庫本の縦の長さとほぼ同じである。
   聞取: 十五センチは文庫本の縦の長さとほぼ同じである。

c210-3  一致率 97.7%
   台本: ソウルのロッテ本店に次いで、全国で2番目である。
   送信: ソウルのロッテ本店に次いで、全国でニバンメである。   ← EL_YOMI で書き換えた文
   聞取: ソウルのロッテ本店に次いで全国で番目である。

c410-2  一致率 97.7%
   台本: 防水層の上にかぶせる、押えコンクリートである。
   送信: 防水層の上にかぶせる、おさえコンクリートである。   ← EL_YOMI で書き換えた文
   聞取: 防水層の上にかぶせる押さえコンクリートである。

c821-1  一致率 97.7%
   台本: 瓦礫を運び出す作業も進んだ。7月19日の時点で、
   送信: がれきを運び出す作業も進んだ。7月19日の時点で、   ← EL_YOMI で書き換えた文
   聞取: 瓦礫を運び出す作業も進んだ。七月十九日の時点で

c915-1  一致率 97.9%
   台本: 金額の合計は、亡くなった人について1,758億ウォン。
   聞取: 金額の合計は亡くなった人について千七百五十八億ウォン。

ep04-1  一致率 97.9%
   台本: 1審の判決が出たのは、事故のあった年の12月27日。
   聞取: 一審の判決が出たのは事故のあった年の十二月二十七日。

c813-1  一致率 98.0%
   台本: その2日後、埋まってから13日目にも、1人が助け出された。
   聞取: その二日後、埋まってから十三日目にも一人が助け出された。

c306-2  一致率 98.1%
   台本: 工事に使った図面では7万3,205平方メートルになっていた。
   聞取: 工事に使った図面では七万三千二百五平方メートルになっていた。

c905-1  一致率 98.1%
   台本: 残った人たちの手続きが終わったのは、その年の11月29日。
   聞取: 残った人たちの手続きが終わったのはその年の十一月二十九日

c905-2  一致率 98.1%
   台本: 戸籍の整理によって、30人が亡くなったこととして確定した。
   聞取: 戸籍の整理によって三十人が亡くなったこととして確定した。

c509-2  一致率 98.2%
   台本: 太さだけではない。中に入れる鉄筋も、16本が8本になっていた。
   聞取: 太さだけではない。中に入れる鉄筋も十六本が八本になっていた。

c609-2  一致率 98.2%
   台本: 鉄の梁を入れて補強する。この報告が出たのが、午後4時40分ごろ。
   聞取: 鉄の梁を入れて補強する。この報告が出たのが午後四時四十分ごろ。

c902-3  一致率 98.3%
   台本: 遺体が見つかった人が471人、死亡と認められた人が30人である。
   聞取: 遺体が見つかった人が四百七十一人、死亡と認められた人が三十人である。

c913-1  一致率 98.3%
   台本: 遺族との補償の話し合いがまとまったのは、翌年の3月20日である。
   聞取: 遺族との補償の話し合いがまとまったのは翌年の三月二十日である。

pr04-1  一致率 100.0%
   台本: なぜ、これだけの人が建物の中に残っていたのか。
   聞取: なぜこれだけの人が建物の中に残っていたのか。

pr04-3  一致率 100.0%
   台本: 朝のうちに、5階の食堂の床が盛り上がった
   送信: 朝のうちに、5階の食堂のゆかが盛り上がった   ← EL_YOMI で書き換えた文
   聞取: 朝のうちに五階の食堂の床が盛り上がった。

pr06-2  一致率 100.0%
   台本: 同じ大きさの棟が2つ、真ん中の通路でつながっていた。
   送信: 同じ大きさのむねが2つ、真ん中の通路でつながっていた。   ← EL_YOMI で書き換えた文
   聞取: 同じ大きさの棟が二つ、真ん中の通路でつながっていた。

pr07-2  一致率 100.0%
   台本: 売り上げは全国の百貨店で7番目という、大きな店だった。
   聞取: 売り上げは全国の百貨店で七番目という大きな店だった。

pr09-1  一致率 100.0%
   台本: それでも店は閉められず、客も従業員も中に残された。
   聞取: それでも店は閉められず、客も従業員も中に残された。

pr09-3  一致率 100.0%
   台本: 7月19日までに、932人が瓦礫から助け出された。
   送信: 7月19日までに、932人ががれきから助け出された。   ← EL_YOMI で書き換えた文
   聞取: 7月19日までに932人が瓦礫から助け出された。

pr10-1  一致率 100.0%
   台本: この動画が使うのは、公の記録だけである。ソウル市がまとめた白書、
   聞取: この動画が使うのは公の記録だけである。ソウル市がまとめた白書

pr10-2  一致率 100.0%
   台本: 国会と検察の調査報告、そして裁判所の判決文。
   聞取: 国会と検察の調査報告、そして裁判所の判決文。

pr11-1  一致率 100.0%
   台本: 追いかける問いは二つある。なぜこの建物は、
   聞取: 追いかける問いは二つある。なぜこの建物は

pr11-2  一致率 100.0%
   台本: 崩れるような形になっていったのか。そしてなぜ、
   聞取: 崩れるような形になっていったのか。そしてなぜ

pr11-3  一致率 100.0%
   台本: 中にいた人たちは外に出されなかったのか。
   聞取: 中にいた人たちは外に出されなかったのか。

c102-1  一致率 100.0%
   台本: まず、建物の形を押さえておく。棟は2つに分かれていて、
   送信: まず、建物の形を押さえておく。むねは2つに分かれていて、   ← EL_YOMI で書き換えた文
   聞取: まず建物の形を押さえておく。棟は二つに分かれていて

c102-2  一致率 100.0%
   台本: 北の棟が百貨店の売り場、南の棟がスポーツ施設と売り場。
   送信: きたのむねが百貨店の売り場、南のむねがスポーツ施設と売り場。   ← EL_YOMI で書き換えた文
   聞取: 北の棟が百貨店の売り場、南の棟がスポーツ施設と売り場。

c103-2  一致率 100.0%
   台本: 地下1階は食品売り場、地下2階と3階が駐車場である。
   聞取: 地下一階は食品売り場、地下二階と三階が駐車場である。

c104-1  一致率 100.0%
   台本: 建物の異変は、この日が初めてではなかった。
   送信: たてものの異変は、この日が初めてではなかった。   ← EL_YOMI で書き換えた文
   聞取: 建物の異変はこの日が初めてではなかった。

c105-1  一致率 100.0%
   台本: 6月の初めには、4階の照明売り場で建物が揺れ、
   聞取: 六月の初めには四階の照明売り場で建物が揺れ

c105-2  一致率 100.0%
   台本: 天井の照明が落ちている。報告を受けて、
   聞取: 天井の照明が落ちている。報告を受けて

c105-3  一致率 100.0%
   台本: 屋上にある冷却塔の水の量が調節された。
   聞取: 屋上にある冷却塔の水の量が調節された。

c106-3  一致率 100.0%
   台本: 施設の責任者が現場を確かめ、その食堂を休業にしている。
   聞取: 施設の責任者が現場を確かめ、その食堂を休業にしている。

c107-2  一致率 100.0%
   台本: 一部は下に向かってたわんでいた。報告書が書いている言葉だ。
   聞取: 一部は下に向かってたわんでいた。報告書が書いている言葉だ。

c108-2  一致率 100.0%
   台本: 揺れとともに天井が5センチ沈んだ。5階の別の食堂でも、
   聞取: 揺れとともに天井が五センチ沈んだ。五階の別の食堂でも

c108-3  一致率 100.0%
   台本: 床が盛り上がり、天井が沈んでいる。
   送信: ゆかが盛り上がり、天井が沈んでいる。   ← EL_YOMI で書き換えた文
   聞取: 床が盛り上がり、天井が沈んでいる。

c109-2  一致率 100.0%
   台本: 5階の一部の食堂は、この時間に出入りを止めている。
   聞取: 五階の一部の食堂はこの時間に出入りを止めている。

c110-2  一致率 100.0%
   台本: 食堂のほとんどで、壁と床の両方にひびが入った。
   送信: 食堂のほとんどで、壁とゆかの両方にひびが入った。   ← EL_YOMI で書き換えた文
   聞取: 食堂のほとんどで、壁と床の両方にひびが入った。

c111-1  一致率 100.0%
   台本: この時間に、屋上の冷却塔は止められ、ガスも切られた。
   聞取: この時間に屋上の冷却塔は止められ、ガスも切られた。

c111-2  一致率 100.0%
   台本: 5階の食堂の大部分と、4階の貴金属売り場は営業をやめている。
   聞取: 五階の食堂の大部分と四階の貴金属売り場は営業をやめている。

c111-3  一致率 100.0%
   台本: それでも、店そのものは開いたままだった。
   聞取: それでも店そのものは開いたままだった。

c115-2  一致率 100.0%
   台本: その30分前には対策の会議が開かれ、社長が役員に説明している。
   送信: その サンジュップン前には対策の会議が開かれ、社長が役員に説明している。   ← EL_YOMI で書き換えた文
   聞取: その30分前には対策の会議が開かれ、社長が役員に説明している。

c116-1  一致率 100.0%
   台本: では、なぜ床が動くような建物になっていたのか。
   送信: では、なぜゆかが動くような建物になっていたのか。   ← EL_YOMI で書き換えた文
   聞取: ではなぜ床が動くような建物になっていたのか。

c116-2  一致率 100.0%
   台本: それを知るには、事故の8年前まで戻る必要がある。
   聞取: それを知るには、事故の八年前まで戻る必要がある。

c201-1  一致率 100.0%
   台本: ここからは、この建物がどう建てられたのかを見ていく。
   聞取: ここからはこの建物がどう建てられたのかを見ていく。

c202-1  一致率 100.0%
   台本: 掘る工事が始まったのは1987年の3月。着工の届けはその年の8月25日。
   聞取: 掘る工事が始まったのは 1987年の3月。着工の届けはその年の8月25日

c202-2  一致率 100.0%
   台本: 骨組みの工事は1988年11月まで続いたが、
   聞取: 骨組みの工事は1988年11月まで続いたが

c202-3  一致率 100.0%
   台本: 仕上がらないまま打ち切られている。
   聞取: 仕上がらないまま打ち切られている。

c204-2  一致率 100.0%
   台本: 北がA棟で、百貨店の売り場。南がB棟で、市の断面図では、
   送信: きたがA棟で、百貨店の売り場。南がB棟で、市の断面図では、   ← EL_YOMI で書き換えた文
   聞取: 北がA棟で百貨店の売り場、南がB棟で市の断面図では

c204-3  一致率 100.0%
   台本: 1階から3階が売り場、4階と5階がスポーツ施設だった。
   聞取: 一階から三階が売り場、四階と五階がスポーツ施設だった。

c205-2  一致率 100.0%
   台本: 正面から見ると、門のような形に見える建物である。
   聞取: 正面から見ると門のような形に見える建物である。

c205-3  一致率 100.0%
   台本: なお、この先に出てくる看板は、崩れずに残った南の棟のものだ。
   送信: なお、この先に出てくる看板は、崩れずに残った南のむねのものだ。   ← EL_YOMI で書き換えた文
   聞取: なお、この先に出てくる看板は崩れずに残った南の棟のものだ。

c206-2  一致率 100.0%
   台本: 客が入るのは、その上の、地下1階から地上5階までである。
   聞取: 客が入るのはその上の地下一階から地上五階までである。

c207-1  一致率 100.0%
   台本: その6つの階のうち、5階だけが売り場ではなく食堂街だった。
   聞取: その六つの階のうち五階だけが売り場ではなく食堂街だった。

c211-2  一致率 100.0%
   台本: 韓国でも指折りの店になっていたことになる。
   聞取: 韓国でも指折りの店になっていたことになる。

c212-2  一致率 100.0%
   台本: 地震があったわけでも、火事が起きたわけでもなかった。
   聞取: 地震があったわけでも火事が起きたわけでもなかった。

c214-2  一致率 100.0%
   台本: 催しの広告が出され、客が入り、従業員が働いている。
   聞取: 催しの広告が出され、客が入り、従業員が働いている。

c215-1  一致率 100.0%
   台本: その5階の食堂街には、店がいくつも並んでいた。
   聞取: その五階の食堂街には店がいくつも並んでいた。

c215-2  一致率 100.0%
   台本: どの店の厨房にも大きな冷蔵庫と調理台が置かれ、
   聞取: どの店の厨房にも大きな冷蔵庫と調理台が置かれ

c215-3  一致率 100.0%
   台本: 客席には、石でできた重い椅子が使われていた。
   聞取: 客席には石でできた重い椅子が使われていた。

c216-1  一致率 100.0%
   台本: ここで一つ、記録に残っている食い違いがある。
   聞取: ここで一つ記録に残っている食い違いがある。

c216-2  一致率 100.0%
   台本: 5階は、もともと食堂街として許可された階ではなかった。
   聞取: 五階はもともと食堂街として許可された階ではなかった。

c217-1  一致率 100.0%
   台本: 役所に出した許可の図面と、工事に使った図面。
   聞取: 役所に出した許可の図面と工事に使った図面

c217-2  一致率 100.0%
   台本: この2つが、いくつもの場所で合っていなかったのである。
   聞取: この二つがいくつもの場所で合っていなかったのである。

c218-1  一致率 100.0%
   台本: そもそも、この建物は始まりからして違っていた。
   聞取: そもそもこの建物は始まりからして違っていた。

c301-1  一致率 100.0%
   台本: 判決文はこう書いている。当初は百貨店ではなく、
   聞取: 判決文はこう書いている。「当初は百貨店ではなく

c301-2  一致率 100.0%
   台本: ショッピングセンターの用途の建物として計画を立て、
   聞取: ショッピングセンターの用途の建物として計画を立て

c301-3  一致率 100.0%
   台本: 設計を頼んでおきながら、実際には百貨店にした、と。
   聞取: 設計を頼んでおきながら、実際には百貨店にしたと。

c302-2  一致率 100.0%
   台本: 建築の計画も、構造の計算もやり直さなければならない。
   聞取: 建築の計画も構造の計算もやり直さなければならない。

c303-2  一致率 100.0%
   台本: 建築面積を勝手に増やした、というところまでである。
   聞取: 建築面積を勝手に増やしたというところまでである。

c304-1  一致率 100.0%
   台本: 1987年7月21日、役所が事業計画を承認した。
   聞取: 1987年7月21日、役所が事業計画を承認した。

c304-3  一致率 100.0%
   台本: ただし、この中身がそのまま建てられたわけではなかった。
   聞取: ただし、この中身がそのまま建てられたわけではなかった。

c305-1  一致率 100.0%
   台本: 骨組みの工事を受け持ったのは、別の建設会社である。
   聞取: 骨組みの工事を受け持ったのは別の建設会社である。

c307-2  一致率 100.0%
   台本: 許可の図面と工事の図面で、書いてあることが違っていた。
   聞取: 許可の図面と工事の図面で書いてあることが違っていた。

c308-1  一致率 100.0%
   台本: 国会の報告書が書いているのは、次の一行である。
   聞取: 国会の報告書が書いているのは次の一行である。

c308-2  一致率 100.0%
   台本: 5階は、許可の図面ではスケート場
   聞取: 五階は許可の図面ではスケート場。

c309-1  一致率 100.0%
   台本: ローラースケート場は、床の上にほとんど物を置かない。
   送信: ローラースケート場は、ゆかの上にほとんど物を置かない。   ← EL_YOMI で書き換えた文
   聞取: ローラースケート場は床の上にほとんど物を置かない。

c309-3  一致率 100.0%
   台本: 同じ床でも、支えるべき重さがまるで違ってくる。
   送信: 同じゆかでも、支えるべき重さがまるで違ってくる。   ← EL_YOMI で書き換えた文
   聞取: 同じ床でも支えるべき重さがまるで違ってくる。

c310-1  一致率 100.0%
   台本: 図面の食い違いは、もう一組ある。
   聞取: 図面の食い違いはもう一組ある。

c310-2  一致率 100.0%
   台本: 構造の計算書と、構造の設計図面である。
   聞取: 構造の計算書と構造の設計図面である。

c311-1  一致率 100.0%
   台本: 計算した結果が図面に写されていなかった場所が、
   聞取: 計算した結果が図面に写されていなかった場所が

c311-3  一致率 100.0%
   台本: 柱の太さや鉄筋の数の食い違いも、そこに入っている。
   聞取: 柱の太さや鉄筋の数の食い違いもそこに入っている。

c312-1  一致率 100.0%
   台本: 建物を建てるとき、役目は3つに分かれる。
   聞取: 建物を建てるとき、役目は三つに分かれる。

c312-2  一致率 100.0%
   台本: 図面を描く設計。実際に建てる施工。
   聞取: 図面を描く設計。実際に建てる施工。

c313-2  一致率 100.0%
   台本: 仕上げと設備の工事は、骨組みと並んで1987年10月から、
   聞取: 仕上げと設備の工事は骨組みと並んで 1987年10月から。

c314-1  一致率 100.0%
   台本: しかもその骨組みは、仕上がらないまま打ち切られた。
   聞取: しかもその骨組みは仕上がらないまま打ち切られた。

c315-1  一致率 100.0%
   台本: 当時の韓国には、請負限度制という決まりがあった。
   聞取: 当時の韓国には請負限度制という決まりがあった。

c317-1  一致率 100.0%
   台本: ただしこの上限は、よその会社から請け負う工事のための決まりで、
   聞取: ただし、この上限はよその会社から請け負う工事のための決まりで

c317-2  一致率 100.0%
   台本: 自分の会社の事業には当てはまらなかった。
   聞取: 自分の会社の事業には当てはまらなかった。

c318-1  一致率 100.0%
   台本: 店は1989年11月、工事の途中の段階で、
   聞取: 店は1989年11月、工事の途中の段階で

c319-2  一致率 100.0%
   台本: 会長と社長は、この罪でも裁かれている。
   聞取: 会長と社長はこの罪でも裁かれている。

c320-1  一致率 100.0%
   台本: ただし民事の裁判では、区の職員の職務上の違反が、
   聞取: ただし、民事の裁判では、区の職員の職務上の違反が

c320-2  一致率 100.0%
   台本: 建物が崩れたことの原因だったとまでは言えない、とされた。
   聞取: 建物が崩れたことの原因だったとまでは言えないとされた。

c321-1  一致率 100.0%
   台本: 白書には、図面を描く、実際に建てる、それを見張る、
   送信: はくしょには、図面を描く、実際に建てる、それを見張る、   ← EL_YOMI で書き換えた文
   聞取: 白書には図面を描く。実際に建てる。それを見張る。

c321-3  一致率 100.0%
   台本: 何がどう足りなかったのかを並べた表が載っている。
   聞取: 何がどう足りなかったのかを並べた表が載っている。

c322-1  一致率 100.0%
   台本: 計画と図面の話は、ここまでである。
   聞取: 計画と図面の話はここまでである。

c322-2  一致率 100.0%
   台本: 次は、この建物の屋上に何が載せられたのかを見ていく。
   聞取: 次はこの建物の屋上に何が載せられたのかを見ていく。

c401-1  一致率 100.0%
   台本: 建物の屋上には、冷却塔という装置が置かれていた。
   聞取: 建物の屋上には冷却塔という装置が置かれていた。

c401-2  一致率 100.0%
   台本: 冷房に使う水を、外の空気で冷やすための装置である。
   聞取: 冷房に使う水を外の空気で冷やすための装置である。

c402-1  一致率 100.0%
   台本: この建物の屋上には、冷却塔が3基あった。
   聞取: この建物の屋上には冷却塔が三基あった。

c402-2  一致率 100.0%
   台本: 1基あたりの重さは28.7トン。中に水を入れると45.5トンになる。
   聞取: 一基あたりの重さは28.7トン。中に水を入れると45.5トンになる。

c404-1  一致率 100.0%
   台本: 判決文によれば、屋上の床は1平方メートルあたり、
   送信: 判決文によれば、屋上のゆかは1平方メートルあたり、   ← EL_YOMI で書き換えた文
   聞取: 判決文によれば、屋上の床は一平方メートルあたり

c406-1  一致率 100.0%
   台本: 問題になったのは、重さだけではなかった。
   聞取: 問題になったのは重さだけではなかった。

c407-1  一致率 100.0%
   台本: 動かしたのは1989年の7月から12月にかけて。
   聞取: 動かしたのは1989年の7月から12月にかけて。

c407-2  一致率 100.0%
   台本: ちょうど、店が開くのと同じ時期にあたる。
   聞取: ちょうど店が開くのと同じ時期にあたる。

c407-3  一致率 100.0%
   台本: 開店の準備が進むのと並んで、屋上でも作業が行われていた。
   聞取: 開店の準備が進むのと並んで、屋上でも作業が行われていた。

c408-1  一致率 100.0%
   台本: 判決文は、冷却塔を移すなら小分けにして、
   聞取: 判決文は冷却塔を移すなら小分けにして

c409-1  一致率 100.0%
   台本: 国会の報告書は、完全に解体せず、1つ8トンの部品に分けて、
   送信: こっかいの報告書は、完全に解体せず、1つ8トンの部品に分けて、   ← EL_YOMI で書き換えた文
   聞取: 国会の報告書は完全に解体せず、一つ八トンの部品に分けて

c409-2  一致率 100.0%
   台本: 引きずって動かした、と書いている。
   聞取: 引きずって動かしたと書いている。

c409-3  一致率 100.0%
   台本: 民事の判決は、解体せずに丸ごと引きずった、と書いている。
   聞取: 民事の判決は解体せずに丸ごと引きずったと書いている。

c410-1  一致率 100.0%
   台本: 屋上にはもう一つ、重さを増やしていたものがある。
   聞取: 屋上にはもう一つ重さを増やしていたものがある。

c412-1  一致率 100.0%
   台本: そして判決文は、崩れる何年も前のこととして、こう書いている。
   聞取: そして判決文は崩れる何年も前のこととしてこう書いている。

c414-2  一致率 100.0%
   台本: 食堂の大きな冷蔵庫、調理台、そして石でできた客席の椅子。
   聞取: 食堂の大きな冷蔵庫、調理台、そして石でできた客席の椅子。

c416-1  一致率 100.0%
   台本: 屋上に冷却塔。その下の5階に食堂街。
   聞取: 屋上に冷却塔、その下の五階に食堂街

c417-1  一致率 100.0%
   台本: 上が重くなって真っ先に苦しくなるのは、
   聞取: 上が重くなって真っ先に苦しくなるのは

c502-3  一致率 100.0%
   台本: こういう作りを、フラットスラブという。
   聞取: こういう作りをフラットスラブという。

c507-1  一致率 100.0%
   台本: だから、柱の上には厚い板を置いて補うことになっている。
   聞取: だから柱の上には厚い板を置いて補うことになっている。

c510-2  一致率 100.0%
   台本: 鉄筋が半分になれば、粘り強さも落ちる。
   聞取: 鉄筋が半分になれば粘り強さも落ちる。

c511-3  一致率 100.0%
   台本: 足りない値で計算していた、としている。
   聞取: 足りない値で計算していたとしている。

c512-1  一致率 100.0%
   台本: 鉄筋については、位置にも粗さがあった。
   聞取: 鉄筋については位置にも粗さがあった。

c513-1  一致率 100.0%
   台本: この鉄筋は、床の表面に近いところにあるほどよく効く。
   送信: この鉄筋は、ゆかの表面に近いところにあるほどよく効く。   ← EL_YOMI で書き換えた文
   聞取: この鉄筋は床の表面に近いところにあるほどよく効く。

c513-2  一致率 100.0%
   台本: 決められた位置は、表面から2センチか3センチの深さである。
   聞取: 決められた位置は表面から二センチか三センチの深さである。

c514-1  一致率 100.0%
   台本: そこより深く沈むほど、床が垂れるのを止める力は弱くなる。
   送信: そこより深く沈むほど、ゆかが垂れるのをとめる力は弱くなる。   ← EL_YOMI で書き換えた文
   聞取: そこより深く沈むほど床が垂れるのを止める力は弱くなる。

c514-2  一致率 100.0%
   台本: 国会の報告書は6センチから8センチ、判決文は別の数字を書いていて、
   聞取: 国会の報告書は六センチから八センチ。判決文は別の数字を書いていて

c514-3  一致率 100.0%
   台本: 資料で食い違う。どちらも、決まりより深い。
   聞取: 資料で食い違う。どちらも決まりより深い。

c515-2  一致率 100.0%
   台本: 大きなコンクリートの板が何枚も重なっていた。
   聞取: 大きなコンクリートの板が何枚も重なっていた。

c516-1  一致率 100.0%
   台本: では、その鉄筋は実際にどこへ入っていたのか。判決文は、
   聞取: では、その鉄筋は実際にどこへ入っていたのか。判決文は

c516-2  一致率 100.0%
   台本: 4センチから6センチ深かった、と書いている。
   聞取: 四センチから六センチ深かったと書いている。

c516-3  一致率 100.0%
   台本: 鉄筋はあるべき位置より下に沈んでいた
   聞取: 鉄筋はあるべき位置より下に沈んでいた。

c517-2  一致率 100.0%
   台本: 柱に入れる鉄筋は、表面から5センチの位置と決まっていた。
   聞取: 柱に入れる鉄筋は表面から五センチの位置と決まっていた。

c517-3  一致率 100.0%
   台本: 実際は深いところで、そこからさらに6センチ奥に入っていた。
   聞取: 実際は深いところで、そこからさらに六センチ奥に入っていた。

c518-2  一致率 100.0%
   台本: 多くの場所で5センチほど薄かった。
   聞取: 多くの場所で五センチほど薄かった。

c519-1  一致率 100.0%
   台本: さらに、建物の重さを受け持っている壁を、
   聞取: さらに建物の重さを受け持っている壁を

c520-1  一致率 100.0%
   台本: 5階の床の鉄筋は、壁の中へ64センチ入れる決まりだった。
   送信: 5階のゆかの鉄筋は、壁の中へ64センチ入れる決まりだった。   ← EL_YOMI で書き換えた文
   聞取: 五階の床の鉄筋は壁の中へ六十四センチ入れる決まりだった。

c521-2  一致率 100.0%
   台本: 国会の報告書は、そのせいで壁はそのまま立ち、床だけが落ちた、と書いている。
   送信: 国会の報告書は、そのせいで壁はそのまま立ち、ゆかだけが落ちた、と書いている。   ← EL_YOMI で書き換えた文
   聞取: 国会の報告書はそのせいで壁はそのまま立ち、床だけが落ちたと書いている。

c522-1  一致率 100.0%
   台本: 重い屋上。細い柱。沈んだ鉄筋。
   聞取: 重い屋上、細い柱、沈んだ鉄筋。

c602-1  一致率 100.0%
   台本: 午後2時から4時にかけて。5階の床のコンクリートには、
   送信: 午後2時から4時にかけて。5階のゆかのコンクリートには、   ← EL_YOMI で書き換えた文
   聞取: 午後二時から四時にかけて。五階の床のコンクリートには

c605-2  一致率 100.0%
   台本: この建物の構造を計算して設計したのは、この人である。
   聞取: この建物の構造を計算して設計したのはこの人である。

c605-3  一致率 100.0%
   台本: 過去に2度、安全の診断もしていた。
   聞取: 過去に二度安全の診断もしていた。

c606-2  一致率 100.0%
   台本: 診断そのものは、午後4時より前に終わっている。
   聞取: 診断そのものは午後四時より前に終わっている。

c608-1  一致率 100.0%
   台本: その文の前半は、建物の状態についてだった。
   聞取: その文の前半は建物の状態についてだった。

c609-3  一致率 100.0%
   台本: 技術者は、人を避難させることを提案しなかった。
   聞取: 技術者は人を避難させることを提案しなかった。

c610-3  一致率 100.0%
   台本: 知らされていないのは、買い物をしている客だけだった。
   聞取: 知らされていないのは買い物をしている客だけだった。

c613-3  一致率 100.0%
   台本: それでも、下の階の売り場では買い物が続いていた。
   聞取: それでも下の階の売り場では買い物が続いていた。

c614-2  一致率 100.0%
   台本: その多くが、この時間に建物の中にいたことになる。
   聞取: その多くがこの時間に建物の中にいたことになる。

c615-1  一致率 100.0%
   台本: 会社は、危ない場所を少しずつ閉めていった。
   聞取: 会社は危ない場所を少しずつ閉めていった。

c615-2  一致率 100.0%
   台本: だが、客と従業員を建物の外に出すという判断だけは、
   聞取: だが、客と従業員を建物の外に出すという判断だけは

c615-3  一致率 100.0%
   台本: 最後までしなかった。
   聞取: 最後までしなかった。

c616-1  一致率 100.0%
   台本: 報告書は、なぜそちらが選ばれたのかも書いている。
   聞取: 報告書はなぜそちらが選ばれたのかも書いている。

c616-2  一致率 100.0%
   台本: 崩壊を甘く見たことと、百貨店の経営の事情である。
   聞取: 崩壊を甘く見たことと、百貨店の経営の事情である。

c617-1  一致率 100.0%
   台本: そして報告書は、会社が決めたことをこう書いている。
   聞取: そして報告書は会社が決めたことをこう書いている。

c617-2  一致率 100.0%
   台本: 避難させず、閉店後に直すと決めた
   聞取: 避難させず閉店後に直すと決めた

c618-1  一致率 100.0%
   台本: 報告書は続けて、この決定が大きな事故につながったと、
   聞取: 報告書は続けて、この決定が大きな事故につながったと

c618-2  一致率 100.0%
   台本: はっきり書いている。
   聞取: はっきり書いている。

c619-2  一致率 100.0%
   台本: そこにあった時間は、2時間45分だった。
   聞取: そこにあった時間は二時間四十五分だった。

c620-2  一致率 100.0%
   台本: 建物が、どんな順番で落ちていったのか。
   聞取: 建物がどんな順番で落ちていったのか。

c702-1  一致率 100.0%
   台本: 判決文は、その場所をもっと細かく書いている。
   聞取: 判決文はその場所をもっと細かく書いている。

c703-2  一致率 100.0%
   台本: 足りない値で計算されていた、あの柱だった。
   聞取: 足りない値で計算されていたあの柱だった。

c706-2  一致率 100.0%
   台本: 同じ壊れ方が次々に起き、柱は折れ曲がっていった。
   聞取: 同じ壊れ方が次々に起き、柱は折れ曲がっていった。

c709-1  一致率 100.0%
   台本: 国会の報告書は、崩れた順番をこう判断している。
   聞取: 国会の報告書は崩れた順番をこう判断している。

c709-2  一致率 100.0%
   台本: まず屋上と5階の床が落ち、その下の階が続いた、と。
   送信: まず屋上と5階のゆかが落ち、その下の階が続いた、と。   ← EL_YOMI で書き換えた文
   聞取: まず屋上と五階の床が落ち、その下の階が続いた。と

c710-1  一致率 100.0%
   台本: この順番が、被害の大きさを決めることになった。
   聞取: この順番が被害の大きさを決めることになった。

c710-2  一致率 100.0%
   台本: 先に落ちたのは、屋上と5階の床だった
   送信: 先に落ちたのは、屋上と5階のゆかだった   ← EL_YOMI で書き換えた文
   聞取: 先に落ちたのは屋上と五階の床だった。

c711-2  一致率 100.0%
   台本: 落ちた床は、下の階の床に直接ぶつかっていった。
   送信: 落ちたゆかは、下の階のゆかに直接ぶつかっていった。   ← EL_YOMI で書き換えた文
   聞取: 落ちた床は下の階の床に直接ぶつかっていった。

c712-1  一致率 100.0%
   台本: では、どれだけの時間で崩れ終わったのか。
   聞取: では、どれだけの時間で崩れ終わったのか。

c712-2  一致率 100.0%
   台本: 公的な記録は、その秒数を一つも書いていない。
   聞取: 公的な記録はその秒数を一つも書いていない。

c712-3  一致率 100.0%
   台本: あるのは、一瞬で、一度に、という言葉だけである。
   聞取: あるのは一瞬で一度にという言葉だけである。

c713-1  一致率 100.0%
   台本: 崩れたのは、北の棟と、真ん中の連結通路である。
   送信: 崩れたのは、きたのむねと、真ん中の連結通路である。   ← EL_YOMI で書き換えた文
   聞取: 崩れたのは北の棟と真ん中の連結通路である。

c715-2  一致率 100.0%
   台本: 会議に出ていた会長らは、エスカレーターと階段を通って外へ出た。
   聞取: 会議に出ていた会長らはエスカレーターと階段を通って外へ出た。

c716-2  一致率 100.0%
   台本: 知っている人はまだ誰もいなかった。
   聞取: 知っている人はまだ誰もいなかった。

c801-2  一致率 100.0%
   台本: 道路の交通が止められた。
   聞取: 道路の交通が止められた。

c802-2  一致率 100.0%
   台本: 道路の一面が救急車で埋まっている写真が残っている。
   聞取: 道路の一面が救急車で埋まっている写真が残っている。

c803-2  一致率 100.0%
   台本: その上を歩いて、人がいる場所を探すところから始まる。
   聞取: その上を歩いて人がいる場所を探すところから始まる。

c804-1  一致率 100.0%
   台本: ソウル市が事故対策本部を開いたのが午後6時。
   聞取: ソウル市が事故対策本部を開いたのが午後六時。

c805-2  一致率 100.0%
   台本: 手作業に切り替える。そう決めて進められた。
   送信: てさぎょうに切り替える。そう決めて進められた。   ← EL_YOMI で書き換えた文
   聞取: 手作業に切り替える。そう決めて進められた。

c805-3  一致率 100.0%
   台本: 遺体を傷つけないためにも、初めは小さな道具が使われている。
   聞取: 遺体を傷つけないためにも、初めは小さな道具が使われている。

c806-1  一致率 100.0%
   台本: 現場に入ったのは、消防と警察と軍だけではない。
   聞取: 現場に入ったのは消防と警察と軍だけではない。

c806-2  一致率 100.0%
   台本: 手伝いに来た人たちも、支援の側で働いている。
   聞取: 手伝いに来た人たちも支援の側で働いている。

c808-2  一致率 100.0%
   台本: 瓦礫の下は、無人カメラや、穴に差し込むカメラで探している。
   送信: がれきの下は、無人カメラや、穴に差し込むカメラで探している。   ← EL_YOMI で書き換えた文
   聞取: 瓦礫の下は無人カメラや穴に差し込むカメラで探している。

c809-1  一致率 100.0%
   台本: 政府はこの一帯を、特別災害地域に指定した。
   聞取: 政府はこの一帯を特別災害地域に指定した。

c810-1  一致率 100.0%
   台本: 家族は、人を探す貼り紙に名前と顔写真を書いて貼っていった。
   聞取: 家族は人を探す貼り紙に名前と顔写真を書いて貼っていった。

c810-2  一致率 100.0%
   台本: 7月1日からは、近くの大学の体育館が家族の案内所になっている。
   聞取: 七月一日からは近くの大学の体育館が家族の案内所になっている。

c812-2  一致率 100.0%
   台本: 瓦礫の下から、生きたまま1人が助け出されている。
   送信: がれきの下から、生きたまま1人が助け出されている。   ← EL_YOMI で書き換えた文
   聞取: 瓦礫の下から生きたまま一人が助け出されている。

c814-2  一致率 100.0%
   台本: 377時間ぶりに、生きて助け出された
   送信: サンビャクナナジュウナナ時間ぶりに、生きて助け出された   ← EL_YOMI で書き換えた文
   聞取: 377時間ぶりに生きて助け出された。

c815-1  一致率 100.0%
   台本: 白書によれば、助け出された3人は、いずれも若い人だった。
   送信: はくしょによれば、助け出された3人は、いずれも若い人だった。   ← EL_YOMI で書き換えた文
   聞取: 白書によれば、助け出された三人はいずれも若い人だった。

c815-2  一致率 100.0%
   台本: この動画では、名前ではなく人数と時間で伝えることにする。
   聞取: この動画では名前ではなく人数と時間で伝えることにする。

c816-1  一致率 100.0%
   台本: 生きた人が見つかったのは、ここまでである。
   聞取: 生きた人が見つかったのはここまでである。

c817-2  一致率 100.0%
   台本: 見つかった遺体は459人だった。
   聞取: 見つかった遺体は四百五十九人だった。

c818-1  一致率 100.0%
   台本: 事故の2日後の7月1日、選挙で選ばれた新しい市長が就任した。
   聞取: 事故の二日後の七月一日、選挙で選ばれた新しい市長が就任した。

c818-2  一致率 100.0%
   台本: 新しい市長は、その日のうちに現場へ来ている。
   聞取: 新しい市長はその日のうちに現場へ来ている。

c819-1  一致率 100.0%
   台本: 7月27日の時点では、亡くなった人が458人、
   聞取: 七月二十七日の時点では亡くなった人が四百五十八人。

c820-1  一致率 100.0%
   台本: 数が動いたのは、同じ人を家族と職場が別々に届け出ていたからである。
   送信: かずが動いたのは、同じ人を家族と職場が別々に届け出ていたからである。   ← EL_YOMI で書き換えた文
   聞取: 数が動いたのは同じ人を家族と職場が別々に届け出ていたからである。

c820-3  一致率 100.0%
   台本: それを1件ずつ電話で確かめる作業が続いた。
   聞取: それを一件ずつ電話で確かめる作業が続いた。

c822-2  一致率 100.0%
   台本: 次は、その502という数字の中身を見ていく。
   聞取: 次はその五〇二という数字の中身を見ていく。

c901-2  一致率 100.0%
   台本: 亡くなった人の数は、この時点でもまだ動いていた。
   送信: 亡くなった人のかずは、この時点でもまだ動いていた。   ← EL_YOMI で書き換えた文
   聞取: 亡くなった人の数はこの時点でもまだ動いていた。

c902-1  一致率 100.0%
   台本: 1995年10月、ソウル市が国会の国政監査に出した報告では、
   聞取: 1995年10月、ソウル市が国会の国政監査に出した報告では

c903-2  一致率 100.0%
   台本: そのままでは、亡くなったと数えることができない。
   聞取: そのままでは亡くなったと数えることができない。

c910-2  一致率 100.0%
   台本: 亡くなった人のおよそ4人に3人が、女性だったことになる。
   聞取: 亡くなった人のおよそ四人に三人が女性だったことになる。

c911-1  一致率 100.0%
   台本: 亡くなった人がこれほど多くなった理由を、白書は2つ挙げている。
   聞取: 亡くなった人がこれほど多くなった理由を白書は二つ挙げている。

c911-2  一致率 100.0%
   台本: 1つは、百貨店が誰でも出入りできる場所だったこと。
   聞取: 一つは、百貨店が誰でも出入りできる場所だったこと。

c912-1  一致率 100.0%
   台本: もう1つが、崩れたのが夕方5時55分だったことである。
   聞取: もう一つが崩れたのが夕方五時五十五分だったことである。

c912-2  一致率 100.0%
   台本: 夕食の支度のために人が集まる時間だった、と白書は書いている。
   聞取: 夕食の支度のために人が集まる時間だったと白書は書いている。

c913-3  一致率 100.0%
   台本: これに、損害賠償金が加わる。
   聞取: これに損害賠償金が加わる。

c914-1  一致率 100.0%
   台本: 1996年6月14日の時点で、502人のうち464人について、
   聞取: 1996年6月14日の時点で、502人のうち464人について

c916-1  一致率 100.0%
   台本: 残っているのは、責任の話である。
   聞取: 残っているのは責任の話である。

ep01-2  一致率 100.0%
   台本: 起訴されたのは、同じ7月の26日である。
   聞取: 起訴されたのは同じ七月の二十六日である。

ep02-1  一致率 100.0%
   台本: 捜査の対象は、百貨店の側の人間だけではなかった。
   聞取: 捜査の対象は百貨店の側の人間だけではなかった。

ep02-2  一致率 100.0%
   台本: 設計をした事務所の代表、骨組みの工事をした会社の、
   聞取: 設計をした事務所の代表、骨組みの工事をした会社の

ep03-1  一致率 100.0%
   台本: 建物を建てる仕事は、計画を立て、図面を描き、
   聞取: 建物を建てる仕事は計画を立て、図面を描き

ep04-2  一致率 100.0%
   台本: 2審は翌年の春、大法院の判決は8月に出ている。
   聞取: 二審は翌年の春。大法院の判決は八月に出ている。

ep07-1  一致率 100.0%
   台本: 判決が使った言葉は、業務上過失致死傷の共同正犯である。
   聞取: 判決が使った言葉は業務上過失致死傷の共同正犯である。

ep07-2  一致率 100.0%
   台本: それぞれの段階の人たちを、一つの事故の責任者として並べた。
   聞取: それぞれの段階の人たちを一つの事故の責任者として並べた。

ep08-3  一致率 100.0%
   台本: 裁判を高裁へ差し戻している。
   送信: さいばんを高裁へ差し戻している。   ← EL_YOMI で書き換えた文
   聞取: 裁判を高裁へ差し戻している。

ep09-1  一致率 100.0%
   台本: どこか一つの段階が悪かった、という判決ではなかった。
   聞取: どこか一つの段階が悪かったという判決ではなかった。

ep11-1  一致率 100.0%
   台本: 火災・爆発・崩壊といった、自然災害ではない事故を災難と決め、
   聞取: 火災、爆発、崩壊といった自然災害ではない事故を災難と決め

ep11-2  一致率 100.0%
   台本: 国と自治体が備えと後始末をする仕組みを作る法律だった。
   聞取: 国と自治体が備えと後始末をする仕組みを作る法律だった。

ep12-2  一致率 100.0%
   台本: わざと手を抜いた工事で人を死なせた者は、無期または3年以上の懲役になった。
   聞取: わざと手を抜いた工事で人を死なせた者は、無期または三年以上の懲役になった。

ep13-1  一致率 100.0%
   台本: 白書は、この事故をこう書いている。韓国が建国されてから当時まで、
   聞取: 白書はこの事故をこう書いている。韓国が建国されてから当時まで

ep14-1  一致率 100.0%
   台本: 建物は、朝から合図を出していた。気づいた人もいた。
   聞取: 建物は朝から合図を出していた。気づいた人もいた。

ep14-2  一致率 100.0%
   台本: 会社の上まで伝わってもいた。それでも、店は開いたままだった。
   聞取: 会社の上まで伝わってもいた。それでも店は開いたままだった。

検査 460行 -> C:\Users\konar\Desktop\zukai-engine\audio\el_qa\ep10_el_yomi.tsv（記録 460行／台本 460行）
Scribe: 音声 2134.9秒を文字起こし／クレジット 121,708 → 122,391（消費 683／上限 131,000） ⚠️ 反映が遅れることがある
