  c415-2  98.2%  三百六十キログラム以上の重さが余計にかかっていたとしている。
  c418-1  90.9%  この時点で屋上には設計にない重さが乗っていた。
  c501-2  85.1%  梁とは柱の間に渡す横向きの太い棒のことである。
  c503-1  90.2%  梁がないと天井が平らになり、階の高さを低く抑えられる。
  c504-2  96.6%  梁が受け持つはずの力を、床と柱の継ぎ目だけで受けることになる。
  c506-2  85.1%  仮がなくて、しかも間隔が長い。条件は厳しい方だった。
  c705-2  81.1%  行き場を失って隣の柱の方へ回される。
  c711-1  85.1%  梁がない造りでは、床が落ちる時に柱も一緒に倒れる。
  c811-1 100.0%  行方不明者の数はなかなか固まらなかった。
  c901-1  85.0%  阿蘇町の区民会館に合同の焼香所が作られた。
  c904-2  87.5%  六十四人を一旦亡くなったものとして扱うことにした。
  ep13-3  89.6%  事前災害を除けば、それまでの最多は三百二十六人が亡くなった船の沈没である。

=== 一致率の低い順 12行（★耳で確かめる候補）===

c705-2  一致率 81.1%
   台本: 行き場を失って、となりの柱のほうへ回される。
   送信: いきばを失って、となりの柱のほうへ回される。   ← EL_YOMI で書き換えた文
   聞取: 行き場を失って隣の柱の方へ回される。

c901-1  一致率 85.0%
   台本: 瑞草区の区民会館に、合同の焼香所が作られた。
   送信: ソチョくの区民会館に、合同の焼香所が作られた。   ← EL_YOMI で書き換えた文
   聞取: 阿蘇町の区民会館に合同の焼香所が作られた。

c501-2  一致率 85.1%
   台本: 梁とは、柱のあいだにわたす横向きの太い棒のことである。
   送信: はりとは、柱のあいだにわたす横向きの太い棒のことである。   ← EL_YOMI で書き換えた文
   聞取: 梁とは柱の間に渡す横向きの太い棒のことである。

c506-2  一致率 85.1%
   台本: 梁が無くて、しかも間隔が長い。条件は厳しいほうだった。
   送信: はりが無くて、しかも間隔が長い。条件は厳しいほうだった。   ← EL_YOMI で書き換えた文
   聞取: 仮がなくて、しかも間隔が長い。条件は厳しい方だった。

c711-1  一致率 85.1%
   台本: 梁が無い作りでは、床が落ちるときに柱も一緒に倒れる。
   送信: はりが無い作りでは、ゆかが落ちるときに柱も一緒に倒れる。   ← EL_YOMI で書き換えた文
   聞取: 梁がない造りでは、床が落ちる時に柱も一緒に倒れる。

c904-2  一致率 87.5%
   台本: 64人をいったん亡くなったものとして扱うことにした。
   送信: ロクジュウヨニンをいったん亡くなったものとして扱うことにした。   ← EL_YOMI で書き換えた文
   聞取: 六十四人を一旦亡くなったものとして扱うことにした。

ep13-3  一致率 89.6%
   台本: 自然災害をのぞけば、それまでの最多は326人が亡くなった船の沈没である。
   送信: 自然災害をのぞけば、それまでの最多はサンビャクニジュウロクニンが亡くなった船の沈没である。   ← EL_YOMI で書き換えた文
   聞取: 事前災害を除けば、それまでの最多は三百二十六人が亡くなった船の沈没である。

c503-1  一致率 90.2%
   台本: 梁が無いと天井が平らになり、階の高さを低くおさえられる。
   送信: はりが無いと天井が平らになり、階の高さを低くおさえられる。   ← EL_YOMI で書き換えた文
   聞取: 梁がないと天井が平らになり、階の高さを低く抑えられる。

c418-1  一致率 90.9%
   台本: この時点で、屋上には設計に無い重さが載っていた。
   送信: この時点で、屋上にはせっけいに無い重さが載っていた。   ← EL_YOMI で書き換えた文
   聞取: この時点で屋上には設計にない重さが乗っていた。

c504-2  一致率 96.6%
   台本: 梁が受け持つはずの力を、床と柱の接ぎ目だけで受けることになる。
   送信: はりが受け持つはずの力を、ゆかと柱の接ぎ目だけで受けることになる。   ← EL_YOMI で書き換えた文
   聞取: 梁が受け持つはずの力を、床と柱の継ぎ目だけで受けることになる。

c415-2  一致率 98.2%
   台本: 360キログラム以上の重さが余計にかかっていた、としている。
   送信: サンビャクロクジュッキログラム以上の重さが余計にかかっていた、としている。   ← EL_YOMI で書き換えた文
   聞取: 三百六十キログラム以上の重さが余計にかかっていたとしている。

c811-1  一致率 100.0%
   台本: 行方不明者の数は、なかなか固まらなかった。
   送信: ゆくえふめいしゃ の数は、なかなか固まらなかった。   ← EL_YOMI で書き換えた文
   聞取: 行方不明者の数はなかなか固まらなかった。

検査 12行 -> C:\Users\konar\Desktop\zukai-engine\audio\el_qa\ep10_el_yomi.tsv（記録 460行／台本 460行）
Scribe: 音声 54.9秒を文字起こし／クレジット 122,832 → 122,832（消費 0／上限 131,000） ⚠️ 反映が遅れることがある
