ElevenLabs: 声=Sho - Japanese Male（wiBTiCATMiTaXSfv8hdN） モデル=eleven_v3 settings={'stability': 1.0, 'similarity_boost': 0.75, 'style': 0.0, 'speed': 1.0, 'use_speaker_boost': True} ／クレジット 103,990 / 131,000／GAP 0.4s
pr01:  11.68s  (2行)
pr02:   9.20s  (2行)
pr03:  10.72s  (2行)
pr04:  12.32s  (3行)
pr05:   9.60s  (2行)
pr06:  10.56s  (2行)
pr07:   9.60s  (2行)
pr08:   9.52s  (2行)
pr09:  14.13s  (3行)
pr10:  13.36s  (3行)
pr11:  10.54s  (3行)
c101:  10.88s  (2行)
c102:  13.27s  (3行)
c103:  13.60s  (3行)
c104:  14.08s  (3行)
c105:  12.24s  (3行)
c106:  15.03s  (3行)
c107:   8.24s  (2行)
c108:  12.87s  (3行)
c109:   6.96s  (2行)
c110:  12.47s  (3行)
c111:  12.56s  (3行)
c112:   6.71s  (2行)
c113:  10.53s  (3行)
c114:   8.71s  (2行)
c115:   8.32s  (2行)
c116:   7.36s  (2行)
c201:   8.48s  (2行)
c202:  16.22s  (3行)
c203:  17.99s  (3行)
c204:  13.58s  (3行)
c205:  12.56s  (3行)
c206:  11.76s  (2行)
c207:   8.72s  (2行)
c208:   7.12s  (2行)
c209:   8.80s  (2行)
c210:  10.00s  (3行)
c211:   7.28s  (2行)
c212:   8.00s  (2行)
c213:  19.60s  (3行)
c214:   9.52s  (2行)
c215:  11.92s  (3行)
c216:   7.20s  (2行)
c217:   7.75s  (2行)
c218:   6.80s  (2行)
c301:  12.47s  (3行)
c302:   6.39s  (2行)
c303:   8.64s  (2行)
c304:  17.92s  (3行)
c305:  13.84s  (2行)
c306:  16.80s  (3行)
c307:   8.40s  (2行)
c308:   6.56s  (2行)
c309:  13.12s  (3行)
c310:   6.72s  (2行)
c311:  11.84s  (3行)
c312:   9.68s  (3行)
c313:  15.03s  (3行)
c314:   8.88s  (2行)
c315:   8.72s  (2行)
c316:   8.96s  (2行)
c317:  13.01s  (3行)
c318:  13.12s  (3行)
c319:   7.76s  (2行)
c320:  11.20s  (2行)
c321:  11.68s  (3行)
c322:   6.72s  (2行)
c401:   8.00s  (2行)
c402:  10.24s  (2行)
c403:  16.08s  (3行)
c404:   9.92s  (2行)
c405:  16.16s  (3行)
c406:   7.20s  (2行)
c407:  13.60s  (3行)
c408:   8.79s  (2行)
c409:  12.20s  (3行)
c410:   7.28s  (2行)
c411:  10.56s  (3行)
c412:   8.80s  (2行)
c413:  13.12s  (3行)
c414:   9.36s  (2行)
c415:  10.31s  (2行)
c416:   8.64s  (2行)
c417:   8.24s  (2行)
c418:   6.96s  (2行)
c501:   9.28s  (2行)
c502:  11.60s  (3行)
c503:   9.18s  (2行)
c504:   9.20s  (2行)
c505:   9.59s  (2行)
c506:  10.24s  (2行)
c507:   8.53s  (2行)
c508:   7.76s  (2行)
c509:   8.71s  (2行)
c510:  11.16s  (3行)
c511:  12.80s  (3行)
c512:   7.12s  (2行)
c513:   8.96s  (2行)
c514:  14.56s  (3行)
c515:   7.12s  (2行)
c516:  11.58s  (3行)
c517:  13.52s  (3行)
c518:  11.92s  (3行)
c519:  12.24s  (3行)
c520:  16.64s  (3行)
c521:  15.20s  (3行)
c522:  10.40s  (2行)
c601:  10.56s  (2行)
c602:   8.08s  (2行)
c603:   8.24s  (2行)
c604:   9.28s  (2行)
c605:  12.40s  (3行)
c606:   7.92s  (2行)
c607:   9.60s  (2行)
c608:   5.83s  (2行)
c609:  14.64s  (3行)
c610:  12.80s  (3行)
c611:   8.24s  (2行)
c612:   7.52s  (2行)
c613:  10.72s  (3行)
c614:   7.92s  (2行)
c615:   9.84s  (3行)
c616:   7.44s  (2行)
c617:   6.80s  (2行)
c618:   5.28s  (2行)
    ⚠️ 異音 c619-2 take1: 末尾に余計な音: 100ms の無音 → 140ms の音（2.98秒地点・振幅9411＝本文の1.2倍）
c619:   7.76s  (2行)
c620:   6.80s  (2行)
c701:  10.48s  (2行)
c702:  10.64s  (2行)
c703:   8.08s  (2行)
c704:   8.16s  (2行)
c705:   8.08s  (2行)
c706:   8.16s  (2行)
c707:  14.56s  (3行)
c708:   8.64s  (2行)
c709:   8.88s  (2行)
c710:   7.28s  (2行)
c711:  11.92s  (3行)
c712:  11.10s  (3行)
c713:   8.16s  (2行)
c714:   8.00s  (2行)
c715:   8.08s  (2行)
c716:   8.08s  (2行)
c801:   8.24s  (2行)
c802:  10.48s  (2行)
c803:   8.62s  (2行)
c804:  11.68s  (3行)
c805:  12.24s  (3行)
c806:   7.44s  (2行)
c807:  18.48s  (2行)
c808:  10.72s  (2行)
c809:  10.00s  (2行)
c810:  10.01s  (2行)
c811:  13.98s  (3行)
c812:   9.92s  (2行)
c813:   7.84s  (2行)
c814:   8.24s  (2行)
c815:  10.00s  (2行)
c816:   6.24s  (2行)
c817:   7.99s  (2行)
c818:   8.64s  (2行)
c819:  14.64s  (3行)
c820:  11.92s  (3行)
c821:  15.08s  (3行)
c822:   8.08s  (2行)
c901:   8.16s  (2行)
c902:  16.48s  (3行)
c903:   6.48s  (2行)
c904:  14.80s  (3行)
c905:   9.76s  (2行)
c906:  15.44s  (3行)
c907:  10.00s  (2行)
c908:  12.96s  (2行)
c909:   9.90s  (2行)
c910:   9.84s  (2行)
c911:   9.10s  (2行)
c912:   8.96s  (2行)
c913:  13.99s  (3行)
c914:  12.64s  (2行)
c915:  14.00s  (3行)
c916:   5.52s  (2行)
ep01:   9.04s  (2行)
ep02:  14.08s  (3行)
ep03:   8.80s  (2行)
ep04:   9.76s  (2行)
ep05:  14.63s  (3行)
ep06:  12.16s  (2行)
ep07:   9.68s  (2行)
ep08:  13.20s  (3行)
ep09:  11.20s  (3行)
ep10:  15.20s  (2行)
ep11:  12.72s  (2行)
ep12:  12.72s  (2行)
ep13:  16.08s  (3行)
ep14:   9.20s  (2行)
（記録に無いカットの wav を 30 本削除）

合成 195 カット／持ち越し 0 カット／未作成 0／記録 195／台本 195
作ったぶん: 195カット 11537字 → 発話＋行間 2051.5秒（5.62字/秒・行間込み。AivisSpeech は 5.52）
本編の見込み 37.4分（全 11537字をこの速さで＋LEAD/TAIL 0.85×195＋quote 2.0×14。許容 27〜40分）
最長の1行 = 9.60秒「三豊建設が下請けに出し、1987年11月から1988年11月まで続いた。」
API 458行（11,477字）／キャッシュ 3行／振り直し 1回／本物と判定 0／要耳 0（記録＝audio/el_qa/ep10_el_retakes.tsv）
クレジット 103,990 → 110,003（消費 6,013）⚠️ 反映が遅れることがある
exit=0
