ElevenLabs: 声=Sho - Japanese Male（wiBTiCATMiTaXSfv8hdN） モデル=eleven_v3 settings={'stability': 1.0, 'similarity_boost': 0.75, 'style': 0.0, 'speed': 1.0, 'use_speaker_boost': True} ／クレジット 113,444 / 131,000／GAP 0.4s
pr01:  11.36s  (2行)
pr02:   9.20s  (2行)
pr03:  10.72s  (2行)
pr04:  12.40s  (3行)
pr05:   9.60s  (2行)
pr06:  10.24s  (2行)
pr07:   9.60s  (2行)
pr08:   9.76s  (2行)
pr09:  14.16s  (3行)
pr10:  13.23s  (3行)
pr11:  10.54s  (3行)
c101:  10.88s  (2行)
c102:  13.44s  (3行)
c103:  13.60s  (3行)
c104:  14.48s  (3行)
c105:  12.24s  (3行)
c106:  15.26s  (3行)
c107:   8.72s  (2行)
c108:  12.93s  (3行)
c109:   6.96s  (2行)
c110:  12.16s  (3行)
c111:  12.56s  (3行)
c112:   6.71s  (2行)
c113:  10.13s  (3行)
c114:   8.71s  (2行)
c115:   8.56s  (2行)
c116:   7.44s  (2行)
c201:   8.48s  (2行)
c202:  16.22s  (3行)
c203:  17.27s  (3行)
c204:  13.92s  (3行)
c205:  12.70s  (3行)
c206:  11.76s  (2行)
c207:   8.72s  (2行)
c208:   7.12s  (2行)
c209:   8.64s  (2行)
c210:  10.00s  (3行)
c211:   7.28s  (2行)
c212:   8.00s  (2行)
c213:  19.76s  (3行)
c214:   9.52s  (2行)
c215:  11.92s  (3行)
c216:   7.20s  (2行)
c217:   7.75s  (2行)
c218:   6.80s  (2行)
c301:  12.47s  (3行)
c302:   6.39s  (2行)
c303:   8.64s  (2行)
c304:  17.92s  (3行)
c305:  13.84s  (2行)
c306:  16.47s  (3行)
c307:   8.40s  (2行)
c308:   6.56s  (2行)
c309:  13.04s  (3行)
c310:   6.72s  (2行)
c311:  11.84s  (3行)
c312:   9.68s  (3行)
c313:  15.03s  (3行)
c314:   8.88s  (2行)
c315:   8.72s  (2行)
c316:   8.96s  (2行)
c317:  13.01s  (3行)
c318:  13.92s  (3行)
c319:   7.76s  (2行)
c320:  11.20s  (2行)
c321:  11.75s  (3行)
c322:   6.72s  (2行)
c401:   8.00s  (2行)
c402:  10.24s  (2行)
c403:  16.08s  (3行)
c404:  10.00s  (2行)
c405:  17.20s  (3行)
c406:   7.20s  (2行)
c407:  13.60s  (3行)
c408:   9.11s  (2行)
c409:  12.71s  (3行)
c410:   7.44s  (2行)
c411:  10.56s  (3行)
c412:   8.69s  (2行)
c413:  12.96s  (3行)
c414:   9.36s  (2行)
c415:  10.71s  (2行)
c416:   8.64s  (2行)
c417:   8.48s  (2行)
c418:   6.96s  (2行)
c501:   9.28s  (2行)
c502:  11.44s  (3行)
c503:   9.18s  (2行)
c504:   9.04s  (2行)
c505:   9.59s  (2行)
c506:  10.07s  (2行)
c507:   8.21s  (2行)
c508:   7.76s  (2行)
c509:   8.71s  (2行)
c510:  11.16s  (3行)
c511:  13.04s  (3行)
c512:   7.04s  (2行)
c513:   8.64s  (2行)
c514:  14.72s  (3行)
c515:   7.12s  (2行)
c516:  11.58s  (3行)
c517:  13.52s  (3行)
c518:  12.32s  (3行)
c519:  12.24s  (3行)
c520:  17.20s  (3行)
c521:  15.12s  (3行)
c522:  10.48s  (2行)
c601:  10.40s  (2行)
c602:   7.36s  (2行)
c603:   8.40s  (2行)
c604:   9.28s  (2行)
c605:  12.40s  (3行)
c606:   7.92s  (2行)
c607:   9.60s  (2行)
c608:   5.83s  (2行)
c609:  14.64s  (3行)
c610:  12.80s  (3行)
c611:   8.24s  (2行)
c612:   7.52s  (2行)
c613:  10.72s  (3行)
c614:   8.40s  (2行)
c615:   9.84s  (3行)
c616:   7.44s  (2行)
c617:   6.80s  (2行)
c618:   5.28s  (2行)
c619:   7.76s  (2行)
c620:   6.80s  (2行)
c701:  10.44s  (2行)
c702:  10.64s  (2行)
c703:   8.08s  (2行)
c704:   8.80s  (2行)
c705:   8.08s  (2行)
c706:   8.16s  (2行)
c707:  15.28s  (3行)
c708:   8.64s  (2行)
c709:   9.33s  (2行)
c710:   7.28s  (2行)
c711:  12.24s  (3行)
c712:  11.10s  (3行)
c713:   7.82s  (2行)
c714:   8.00s  (2行)
c715:   8.08s  (2行)
c716:   7.28s  (2行)
c801:   8.24s  (2行)
c802:  10.48s  (2行)
c803:   8.24s  (2行)
c804:  11.68s  (3行)
c805:  12.32s  (3行)
c806:   7.44s  (2行)
c807:  18.48s  (2行)
c808:  10.68s  (2行)
c809:  10.00s  (2行)
c810:  10.01s  (2行)
c811:  13.82s  (3行)
c812:   9.92s  (2行)
c813:   7.84s  (2行)
c814:   7.92s  (2行)
c815:   9.75s  (2行)
c816:   6.24s  (2行)
c817:   7.99s  (2行)
c818:   8.64s  (2行)
c819:  14.64s  (3行)
c820:  12.08s  (3行)
c821:  14.96s  (3行)
c822:   8.08s  (2行)
c901:   7.52s  (2行)
c902:  16.48s  (3行)
c903:   6.48s  (2行)
c904:  14.80s  (3行)
c905:   9.76s  (2行)
c906:  15.44s  (3行)
c907:  10.00s  (2行)
c908:  12.96s  (2行)
c909:  10.70s  (2行)
c910:  11.28s  (2行)
c911:   9.10s  (2行)
c912:   8.96s  (2行)
c913:  13.99s  (3行)
c914:  12.64s  (2行)
c915:  14.00s  (3行)
c916:   5.52s  (2行)
ep01:   9.04s  (2行)
ep02:  14.08s  (3行)
ep03:  10.40s  (2行)
ep04:   9.76s  (2行)
ep05:  14.63s  (3行)
ep06:  12.16s  (2行)
ep07:   9.68s  (2行)
ep08:  13.60s  (3行)
ep09:  11.20s  (3行)
ep10:  15.20s  (2行)
ep11:  12.72s  (2行)
ep12:  12.72s  (2行)
ep13:  16.08s  (3行)
ep14:   9.20s  (2行)

合成 195 カット／持ち越し 0 カット／未作成 0／記録 195／台本 195
作ったぶん: 195カット 11537字 → 発話＋行間 2058.2秒（5.61字/秒・行間込み。AivisSpeech は 5.52）
本編の見込み 37.5分（全 11537字をこの速さで＋LEAD/TAIL 0.85×195＋quote 2.0×14。許容 27〜40分）
最長の1行 = 9.60秒「三豊建設が下請けに出し、1987年11月から1988年11月まで続いた。」
API 0行（0字）／キャッシュ 460行／振り直し 0回／本物と判定 0／要耳 0（記録＝audio/el_qa/ep10_el_retakes.tsv）
クレジット 113,444 → 113,444（消費 0）⚠️ 反映が遅れることがある
build exit=0
  pr01-2  85.1%  韓国の首都ソウル、ソチョクにあった百貨店が崩れ落ちた。
  pr04-3 100.0%  朝のうちに五階の食堂の床が盛り上がった。
  pr05-1  95.8%  三分百貨店が店を開いたのは 1989年の12月である。
  pr06-2 100.0%  同じ大きさの棟が二つ、真ん中の通路でつながっていた。
  pr08-1  88.5%  五階の食堂の床が盛り上がったのが朝八時から十時の間。
  pr08-2  83.0%  昼を過ぎた頃には、柱の周りの床が十五センチ下がっていた。
  pr09-3  97.8%  七月十九日までに九百三十二人が瓦礫から助け出された。
  pr10-3 100.0%  報道は使わない。
  c101-1  96.3%  1995年6月29日木曜日。三分百貨店はこの日も店を開けた。
  c102-1 100.0%  まず建物の形を押さえておく。棟は二つに分かれていて
  c102-2 100.0%  北の棟が百貨店の売り場、南の棟がスポーツ施設と売り場
  c102-3  76.5%  この後崩れるのは北の宗の方である。
  c103-1 100.0%  北の棟は一階から四階までが売り場で、五階が食堂街だった。
  c104-1 100.0%  建物の異変はこの日が初めてではなかった。
  c106-2  93.6%  五階にある食堂の床が盛り上がり、天井が沈み始めた。
  c107-1  83.7%  同じ頃、屋上の床は魚の鱗のように浮き上がり
  c108-3 100.0%  床が盛り上がり、天井が沈んでいる。
  c110-2  90.5%  食堂のほとんどで、壁と床の両方にヒビが入った。
  c110-3  77.8%  四階でも柱と床の間にヒビが出ている。
  c112-2  88.9%  五階の柱の周りの床が十五センチ沈んだ。
  c113-2 100.0%  床がそれだけ下がったということは
  c113-3  93.9%  由佳を支えていたものがもう効いていないということだ。
  c115-2  98.2%  その三十分前には対策の会議が開かれ、社長が役員に説明している。
  c116-1 100.0%  では、なぜ床が動くような建物になっていたのか。
  c201-2  92.3%  三分百貨店を持っていたのは三分建設産業という会社である。
  c203-2  95.8%  建物の床を全部足すと七万三千八百七十七平方メートルになる。
  c204-1  90.0%  立っていたのは同じ大きさの胸が二つである。
  c204-2 100.0%  北がA棟で百貨店の売り場、南がB棟で市の断面図では
  c205-1 100.0%  二つの棟は真ん中のガラス張りの通路でつながっていた
  c205-3 100.0%  なお、この先に出てくる看板は崩れずに残った南の棟のものだ。
  c209-2  95.7%  どれくらい大きな店だったのかは次の数字でわかる。
  c210-3 100.0%  ソウルのロッテ本店に次いで全国で二番目である。
  c211-1  84.2%  つまり三分百貨店は開いてから五年の間に
  c213-1  92.6%  春高の検査が終わったのは開店の翌年1990年7月27日
  c305-2  97.1%  三分建設が下請けに出し、 1987年11月から 1988年11月まで続いた。
  c306-1  89.8%  ところが、許可の時は七万千百三十六平方メートルだった床が
  c309-1 100.0%  ローラースケート場は床の上にほとんど物を置かない。
  c309-3 100.0%  同じ床でも支えるべき重さがまるで違ってくる。
  c313-3  91.9%  建主である三分建設が自分で行っている
  c316-1  94.7%  三分建設の上限は十八億ウォン。この百貨店の工事は二百二十八億ウォン。
  c318-3  79.1%  春高の検査が終わったのはその八ヶ月後である。
  c321-1 100.0%  白書には図面を描く、実際に建てる、それを見張る
  c321-2  94.7%  たったあと手入れをするという段階ごとに
  c404-1 100.0%  判決文によれば、屋上の床は一平方メートルあたり
  c404-2  98.0%  二百四十キログラムの荷物を載せる前提で設計されていた
  c405-1  96.6%  冷却塔が床にかける重さは一平方メートルあたり四百キログラム。
  c408-2  95.2%  床に設計通り以上の重さがかからないようにすべきだったとしている。
  c409-1 100.0%  国会の報告書は完全に解体せず、一つ八トンの部品に分けて
  c410-2  97.7%  防水層の上にかぶせる押さえコンクリートである。
  c412-2  82.4%  冷却塔を引きずった後にヒビが育った。
  c413-3  80.0%  由香の日々が長い間育っていたというのが判決の認定である。
  c415-1 100.0%  判決文は五階の柱と床に予定より一平方メートルあたり
  c417-2  96.0%  その重さを直に受ける五階の柱と柱と床の継ぎ目である
  c502-2  81.5%  その上に床を直に乗せている
  c504-1  89.4%  その代わり、床の重さは全部柱の周りの一点に集まる。
  c504-2  96.6%  梁が受け持つはずの力を床と柱の継ぎ目だけで受けることになる
  c506-1  96.2%  柱の間隔が長いほど床は垂れやすく、継ぎ目には力がかかる。
  c507-2  94.1%  床が柱の周りから抜け落ちるのを止めるための板である。
  c511-1 100.0%  判決文は五階と屋根の床の強さを計算するとき
  c511-2  91.9%  特定の二本の柱とその周りの床の強さを
  c512-2  93.6%  床の上の方には床が垂れるのを止める鉄筋を入れる。
  c513-1 100.0%  この鉄筋は床の表面に近いところにあるほどよく効く。
  c514-1 100.0%  そこより深く沈むほど床が垂れるのを止める力は弱くなる
  c518-1  90.9%  柱の周りの床は板と合わせて四十五センチの厚さにするはずが
  c520-1 100.0%  五階の床の鉄筋は壁の中へ六十四センチ入れる決まりだった
  c521-2 100.0%  国会の報告書はそのせいで壁はそのまま立ち、床だけが落ちたと書いている。
  c522-2  94.7%  そして一九九五年六月二十九日の朝、五階の床が盛り上がり始める。
  c601-1  87.0%  話を崩れた日の午後に戻す。朝から由佳が盛り上がり
  c601-2  92.3%  昼には柱の周りの床が十五センチ下がっていた五階である。
  c602-1 100.0%  午後二時から四時にかけて。五階の床のコンクリートには
  c603-1  93.3%  屋上の床も四箇所で五ミリから十五ミリ沈んでいる。
  c614-1  89.5%  後に数えられた被害者は千四百三十九人である。
  c701-2  93.0%  北の棟の五階、食堂街の北東の側から崩れ始めた。
  c704-2  93.0%  床が柱の周りの線に沿って抜け落ちる壊れ方だ。
  c705-1  93.0%  ゆかが柱から外れると、その柱が支えていた重さは
  c707-2  88.9%  白書は十七時五十五分頃、国会の報告書は十七時五十二分
  c707-3  79.3%  治験の報告はページによって十七時五十七分頃とも幅でも書いている。
  c709-2  97.7%  まず屋上と五階の床が落ち、その下の階が続いた。
  c710-2 100.0%  先に落ちたのは屋上と五階の床だった
  c711-1  85.1%  梁がない造りでは、床が落ちる時に柱も一緒に倒れる。
  c711-2 100.0%  落ちた床は下の階の床に直接ぶつかっていった。
  c713-1 100.0%  崩れたのは北の棟と真ん中の連結通路である。
  c713-2 100.0%  南の棟は通路が切れた形でその場に残った。
  c714-2  94.3%  瓦礫は地下四階から地下三階の辺りまで積み上がっている。
  c716-1  93.6%  建物は落ちた。だが、この時、瓦礫の下に何人いるのかを
  c803-1  94.3%  瓦礫は地下四階から地下三階の辺りまで積み上がっていた。
  c805-2 100.0%  手作業に切り替える。そう決めて進められた。
  c808-2 100.0%  瓦礫の下は無人カメラや穴に差し込むカメラで探している。
  c811-1 100.0%  行方不明者の数はなかなか固まらなかった。
  c812-2 100.0%  瓦礫の下から生きたまま一人が助け出されている
  c814-2 100.0%  三百七十七時間ぶりに生きて助け出された
  c815-1 100.0%  白書によれば、助け出された三人はいずれも若い人だった。
  c819-3  92.7%  カズはこの時点でもまだ動いていたことになる。
  c820-1 100.0%  数が動いたのは、同じ人を家族と職場が別々に届け出ていたからである。
  c821-1  97.7%  瓦礫を運び出す作業も進んだ。七月十九日の時点で
  c901-1  82.9%  ソチョクの区民会館に合同の焼香所が作られた
  c901-2 100.0%  亡くなった人の数はこの時点でもまだ動いていた。
  c909-1  95.5%  残った一つの年代だけで全体の半分を超えている。
  c910-1  95.5%  男女の別で見ると、男性が百六人で女性が三百九十六人。
  ep03-2  94.1%  実際に建て、建った後、手入れをするという段階に分かれる。
  ep08-3 100.0%  裁判を高裁へ差し戻している

=== 一致率の低い順 101行（★耳で確かめる候補）===

c102-3  一致率 76.5%
   台本: このあと崩れるのは、北の棟のほうである。
   送信: このあと崩れるのは、きたのむねのほうである。   ← EL_YOMI で書き換えた文
   聞取: この後崩れるのは北の宗の方である。

c110-3  一致率 77.8%
   台本: 4階でも、柱と床のあいだにひびが出ている。
   送信: 4階でも、柱とゆかのあいだにひびが出ている。   ← EL_YOMI で書き換えた文
   聞取: 四階でも柱と床の間にヒビが出ている。

c318-3  一致率 79.1%
   台本: 竣工の検査が終わったのは、その8か月あとである。
   送信: しゅんこうの検査が終わったのは、その8か月あとである。   ← EL_YOMI で書き換えた文
   聞取: 春高の検査が終わったのはその八ヶ月後である。

c707-3  一致率 79.3%
   台本: 地検の報告は、頁によって17時57分ごろとも、幅でも書いている。
   送信: 地検の報告は、ページによって17時57分ごろとも、幅でも書いている。   ← EL_YOMI で書き換えた文
   聞取: 治験の報告はページによって十七時五十七分頃とも幅でも書いている。

c413-3  一致率 80.0%
   台本: 床のひびが長いあいだ育っていた、というのが判決の認定である。
   送信: ゆかのひびが長いあいだ育っていた、というのが判決の認定である。   ← EL_YOMI で書き換えた文
   聞取: 由香の日々が長い間育っていたというのが判決の認定である。

c502-2  一致率 81.5%
   台本: その上に床をじかに載せている。
   送信: その上にゆかをじかに載せている。   ← EL_YOMI で書き換えた文
   聞取: その上に床を直に乗せている

c412-2  一致率 82.4%
   台本: 冷却塔を引きずった跡に、ひびが育った
   送信: 冷却塔を引きずった跡に、ひびがそだった   ← EL_YOMI で書き換えた文
   聞取: 冷却塔を引きずった後にヒビが育った。

c901-1  一致率 82.9%
   台本: 瑞草区の区民会館に、合同の焼香所が作られた。
   送信: ソチョくの区民会館に、合同の焼香所が作られた。   ← EL_YOMI で書き換えた文
   聞取: ソチョクの区民会館に合同の焼香所が作られた

pr08-2  一致率 83.0%
   台本: 昼をすぎたころには、柱のまわりの床が15センチ下がっていた。
   送信: 昼をすぎたころには、柱のまわりのゆかが15センチ下がっていた。   ← EL_YOMI で書き換えた文
   聞取: 昼を過ぎた頃には、柱の周りの床が十五センチ下がっていた。

c107-1  一致率 83.7%
   台本: 同じころ、屋上の床は魚のうろこのように浮き上がり、
   送信: 同じころ、屋上のゆかは魚のうろこのように浮き上がり、   ← EL_YOMI で書き換えた文
   聞取: 同じ頃、屋上の床は魚の鱗のように浮き上がり

c211-1  一致率 84.2%
   台本: つまり三豊百貨店は、開いてから5年のあいだに、
   送信: つまりサンプン百貨店は、開いてから5年のあいだに、   ← EL_YOMI で書き換えた文
   聞取: つまり三分百貨店は開いてから五年の間に

pr01-2  一致率 85.1%
   台本: 韓国の首都ソウル、瑞草区にあった百貨店が崩れ落ちた。
   送信: 韓国の首都ソウル、ソチョくにあった百貨店が崩れ落ちた。   ← EL_YOMI で書き換えた文
   聞取: 韓国の首都ソウル、ソチョクにあった百貨店が崩れ落ちた。

c711-1  一致率 85.1%
   台本: 梁が無い作りでは、床が落ちるときに柱も一緒に倒れる。
   送信: 梁が無い作りでは、ゆかが落ちるときに柱も一緒に倒れる。   ← EL_YOMI で書き換えた文
   聞取: 梁がない造りでは、床が落ちる時に柱も一緒に倒れる。

c601-1  一致率 87.0%
   台本: 話を、崩れた日の午後にもどす。朝から床が盛り上がり、
   送信: 話を、崩れた日の午後にもどす。朝からゆかが盛り上がり、   ← EL_YOMI で書き換えた文
   聞取: 話を崩れた日の午後に戻す。朝から由佳が盛り上がり

pr08-1  一致率 88.5%
   台本: 5階の食堂の床が盛り上がったのが、朝8時から10時のあいだ。
   送信: 5階の食堂のゆかが盛り上がったのが、朝8時から10時のあいだ。   ← EL_YOMI で書き換えた文
   聞取: 五階の食堂の床が盛り上がったのが朝八時から十時の間。

c112-2  一致率 88.9%
   台本: 5階の柱のまわりの床が15センチ沈んだ
   送信: 5階の柱のまわりのゆかが15センチ沈んだ   ← EL_YOMI で書き換えた文
   聞取: 五階の柱の周りの床が十五センチ沈んだ。

c707-2  一致率 88.9%
   台本: 白書は17時55分ごろ、国会の報告書は17時52分。
   送信: はくしょは17時55分ごろ、国会の報告書は17時52分。   ← EL_YOMI で書き換えた文
   聞取: 白書は十七時五十五分頃、国会の報告書は十七時五十二分

c504-1  一致率 89.4%
   台本: そのかわり、床の重さは全部、柱のまわりの一点に集まる。
   送信: そのかわり、ゆかの重さは全部、柱のまわりの一点に集まる。   ← EL_YOMI で書き換えた文
   聞取: その代わり、床の重さは全部柱の周りの一点に集まる。

c614-1  一致率 89.5%
   台本: のちに数えられた被害者は1,439人である。
   送信: のちに数えられた被害者はセンヨンヒャクサンジュウキュウニンである。   ← EL_YOMI で書き換えた文
   聞取: 後に数えられた被害者は千四百三十九人である。

c306-1  一致率 89.8%
   台本: ところが、許可のときは7万1,136平方メートルだった床が、
   送信: ところが、許可のときはナナマンセンヒャクサンジュウロク平方メートルだったゆかが、   ← EL_YOMI で書き換えた文
   聞取: ところが、許可の時は七万千百三十六平方メートルだった床が

c204-1  一致率 90.0%
   台本: 建っていたのは、同じ大きさの棟が2つである。
   送信: 建っていたのは、同じ大きさのむねが2つである。   ← EL_YOMI で書き換えた文
   聞取: 立っていたのは同じ大きさの胸が二つである。

c110-2  一致率 90.5%
   台本: 食堂のほとんどで、壁と床の両方にひびが入った。
   送信: 食堂のほとんどで、壁とゆかの両方にひびが入った。   ← EL_YOMI で書き換えた文
   聞取: 食堂のほとんどで、壁と床の両方にヒビが入った。

c518-1  一致率 90.9%
   台本: 柱のまわりの床は、板とあわせて45センチの厚さにするはずが、
   送信: はしらのまわりのゆかは、板とあわせて45センチの厚さにするはずが、   ← EL_YOMI で書き換えた文
   聞取: 柱の周りの床は板と合わせて四十五センチの厚さにするはずが

c313-3  一致率 91.9%
   台本: 建て主である三豊建設が自分で行っている。
   送信: 建て主であるサンプン建設が自分で行っている。   ← EL_YOMI で書き換えた文
   聞取: 建主である三分建設が自分で行っている

c511-2  一致率 91.9%
   台本: 特定の2本の柱と、そのまわりの床の強さを、
   送信: 特定の2本の柱と、そのまわりのゆかの強さを、   ← EL_YOMI で書き換えた文
   聞取: 特定の二本の柱とその周りの床の強さを

c201-2  一致率 92.3%
   台本: 三豊百貨店を持っていたのは、三豊建設産業という会社である。
   送信: サンプン百貨店を持っていたのは、サンプン建設産業という会社である。   ← EL_YOMI で書き換えた文
   聞取: 三分百貨店を持っていたのは三分建設産業という会社である。

c601-2  一致率 92.3%
   台本: 昼には柱のまわりの床が15センチ下がっていた5階である。
   送信: 昼には柱のまわりのゆかが15センチ下がっていた5階である。   ← EL_YOMI で書き換えた文
   聞取: 昼には柱の周りの床が十五センチ下がっていた五階である。

c213-1  一致率 92.6%
   台本: 竣工の検査が終わったのは、開店の翌年、1990年7月27日。
   送信: しゅんこうの検査が終わったのは、開店の翌年、1990年7月27日。   ← EL_YOMI で書き換えた文
   聞取: 春高の検査が終わったのは開店の翌年1990年7月27日

c819-3  一致率 92.7%
   台本: 数は、この時点でもまだ動いていたことになる。
   送信: かずは、この時点でもまだ動いていたことになる。   ← EL_YOMI で書き換えた文
   聞取: カズはこの時点でもまだ動いていたことになる。

c701-2  一致率 93.0%
   台本: 北の棟の5階、食堂街の北東の側から崩れはじめた。
   送信: きたのむねの5階、食堂街の北東の側から崩れはじめた。   ← EL_YOMI で書き換えた文
   聞取: 北の棟の五階、食堂街の北東の側から崩れ始めた。

c704-2  一致率 93.0%
   台本: 床が、柱のまわりの線に沿って抜け落ちる壊れ方だ。
   送信: ゆかが、柱のまわりの線に沿って抜け落ちる壊れ方だ。   ← EL_YOMI で書き換えた文
   聞取: 床が柱の周りの線に沿って抜け落ちる壊れ方だ。

c705-1  一致率 93.0%
   台本: 床が柱から外れると、その柱が支えていた重さは、
   送信: ゆかが柱から外れると、その柱が支えていた重さは、   ← EL_YOMI で書き換えた文
   聞取: ゆかが柱から外れると、その柱が支えていた重さは

c603-1  一致率 93.3%
   台本: 屋上の床も、4か所で5ミリから15ミリ沈んでいる。
   送信: 屋上のゆかも、4か所で5ミリから15ミリ沈んでいる。   ← EL_YOMI で書き換えた文
   聞取: 屋上の床も四箇所で五ミリから十五ミリ沈んでいる。

c106-2  一致率 93.6%
   台本: 5階にある食堂の床が盛り上がり、天井が沈みはじめた。
   送信: 5階にある食堂のゆかが盛り上がり、天井が沈みはじめた。   ← EL_YOMI で書き換えた文
   聞取: 五階にある食堂の床が盛り上がり、天井が沈み始めた。

c512-2  一致率 93.6%
   台本: 床の上のほうには、床が垂れるのを止める鉄筋を入れる。
   送信: ゆかの上のほうには、ゆかが垂れるのを止める鉄筋を入れる。   ← EL_YOMI で書き換えた文
   聞取: 床の上の方には床が垂れるのを止める鉄筋を入れる。

c716-1  一致率 93.6%
   台本: 建物は落ちた。だがこのとき、瓦礫の下に何人いるのかを、
   送信: 建物は落ちた。だがこのとき、がれきの下に何人いるのかを、   ← EL_YOMI で書き換えた文
   聞取: 建物は落ちた。だが、この時、瓦礫の下に何人いるのかを

c113-3  一致率 93.9%
   台本: 床を支えていたものが、もう効いていないということだ。
   送信: ゆかを支えていたものが、もう効いていないということだ。   ← EL_YOMI で書き換えた文
   聞取: 由佳を支えていたものがもう効いていないということだ。

c507-2  一致率 94.1%
   台本: 床が柱のまわりから抜け落ちるのを、止めるための板である。
   送信: ゆかが柱のまわりから抜け落ちるのを、止めるための板である。   ← EL_YOMI で書き換えた文
   聞取: 床が柱の周りから抜け落ちるのを止めるための板である。

ep03-2  一致率 94.1%
   台本: 実際に建て、建ったあと手入れをする、という段階に分かれる。
   送信: 実際に建て、たったあと手入れをする、という段階に分かれる。   ← EL_YOMI で書き換えた文
   聞取: 実際に建て、建った後、手入れをするという段階に分かれる。

c714-2  一致率 94.3%
   台本: 瓦礫は、地下4階から地下3階のあたりまで積み上がっている。
   送信: がれきは、地下4階から地下3階のあたりまで積み上がっている。   ← EL_YOMI で書き換えた文
   聞取: 瓦礫は地下四階から地下三階の辺りまで積み上がっている。

c803-1  一致率 94.3%
   台本: 瓦礫は、地下4階から地下3階のあたりまで積み上がっていた。
   送信: がれきは、地下4階から地下3階のあたりまで積み上がっていた。   ← EL_YOMI で書き換えた文
   聞取: 瓦礫は地下四階から地下三階の辺りまで積み上がっていた。

c316-1  一致率 94.7%
   台本: 三豊建設の上限は18億ウォン。この百貨店の工事は228億ウォン。
   送信: サンプン建設の上限は18億ウォン。この百貨店の工事は228億ウォン。   ← EL_YOMI で書き換えた文
   聞取: 三分建設の上限は十八億ウォン。この百貨店の工事は二百二十八億ウォン。

c321-2  一致率 94.7%
   台本: 建ったあと手入れをする、という段階ごとに、
   送信: たったあと手入れをする、という段階ごとに、   ← EL_YOMI で書き換えた文
   聞取: たったあと手入れをするという段階ごとに

c522-2  一致率 94.7%
   台本: そして1995年6月29日の朝、5階の床が盛り上がりはじめる。
   送信: そして1995年6月29日の朝、5階のゆかが盛り上がりはじめる。   ← EL_YOMI で書き換えた文
   聞取: そして一九九五年六月二十九日の朝、五階の床が盛り上がり始める。

c408-2  一致率 95.2%
   台本: 床に設計どおり以上の重さがかからないようにすべきだった、としている。
   送信: ゆかに設計どおり以上の重さがかからないようにすべきだった、としている。   ← EL_YOMI で書き換えた文
   聞取: 床に設計通り以上の重さがかからないようにすべきだったとしている。

c909-1  一致率 95.5%
   台本: 残った一つの年代だけで、全体の半分をこえている。
   送信: のこった一つの年代だけで、全体の半分をこえている。   ← EL_YOMI で書き換えた文
   聞取: 残った一つの年代だけで全体の半分を超えている。

c910-1  一致率 95.5%
   台本: 男女の別で見ると、男性が106人で、女性が396人。
   送信: 男女の別で見ると、男性が106人で、女性がサンビャクキュウジュウロクニン。   ← EL_YOMI で書き換えた文
   聞取: 男女の別で見ると、男性が百六人で女性が三百九十六人。

c209-2  一致率 95.7%
   台本: どれくらい大きな店だったのかは、次の数字で分かる。
   送信: どれくらい大きな店 だったのかは、次の数字で分かる。   ← EL_YOMI で書き換えた文
   聞取: どれくらい大きな店だったのかは次の数字でわかる。

pr05-1  一致率 95.8%
   台本: 三豊百貨店が店を開いたのは、1989年の12月である。
   送信: サンプン百貨店が店を開いたのは、1989年の12月である。   ← EL_YOMI で書き換えた文
   聞取: 三分百貨店が店を開いたのは 1989年の12月である。

c203-2  一致率 95.8%
   台本: 建物の床を全部たすと、7万3,877平方メートルになる。
   送信: 建物のゆかを全部たすと、7万3,877平方メートルになる。   ← EL_YOMI で書き換えた文
   聞取: 建物の床を全部足すと七万三千八百七十七平方メートルになる。

c417-2  一致率 96.0%
   台本: その重さを直に受ける5階の柱と、柱と床の接ぎ目である。
   送信: その重さを直に受ける5階の柱と、柱とゆかの接ぎ目である。   ← EL_YOMI で書き換えた文
   聞取: その重さを直に受ける五階の柱と柱と床の継ぎ目である

c506-1  一致率 96.2%
   台本: 柱の間隔が長いほど、床は垂れやすく、接ぎ目には力がかかる。
   送信: 柱の間隔が長いほど、ゆかは垂れやすく、接ぎ目には力がかかる。   ← EL_YOMI で書き換えた文
   聞取: 柱の間隔が長いほど床は垂れやすく、継ぎ目には力がかかる。

c101-1  一致率 96.3%
   台本: 1995年6月29日、木曜日。三豊百貨店はこの日も店を開けた。
   送信: 1995年6月29日、木曜日。サンプン百貨店はこの日も店を開けた。   ← EL_YOMI で書き換えた文
   聞取: 1995年6月29日木曜日。三分百貨店はこの日も店を開けた。

c405-1  一致率 96.6%
   台本: 冷却塔が床にかける重さは、1平方メートルあたり400キログラム。
   送信: 冷却塔がゆかにかける重さは、1平方メートルあたり400キログラム。   ← EL_YOMI で書き換えた文
   聞取: 冷却塔が床にかける重さは一平方メートルあたり四百キログラム。

c504-2  一致率 96.6%
   台本: 梁が受け持つはずの力を、床と柱の接ぎ目だけで受けることになる。
   送信: 梁が受け持つはずの力を、ゆかと柱の接ぎ目だけで受けることになる。   ← EL_YOMI で書き換えた文
   聞取: 梁が受け持つはずの力を床と柱の継ぎ目だけで受けることになる

c305-2  一致率 97.1%
   台本: 三豊建設が下請けに出し、1987年11月から1988年11月まで続いた。
   送信: サンプン建設が下請けに出し、1987年11月から1988年11月まで続いた。   ← EL_YOMI で書き換えた文
   聞取: 三分建設が下請けに出し、 1987年11月から 1988年11月まで続いた。

c410-2  一致率 97.7%
   台本: 防水層の上にかぶせる、押えコンクリートである。
   送信: 防水層の上にかぶせる、おさえコンクリートである。   ← EL_YOMI で書き換えた文
   聞取: 防水層の上にかぶせる押さえコンクリートである。

c709-2  一致率 97.7%
   台本: まず屋上と5階の床が落ち、その下の階が続いた、と。
   送信: まず屋上と5階のゆかが落ち、その下の階が続いた、と。   ← EL_YOMI で書き換えた文
   聞取: まず屋上と五階の床が落ち、その下の階が続いた。

c821-1  一致率 97.7%
   台本: 瓦礫を運び出す作業も進んだ。7月19日の時点で、
   送信: がれきを運び出す作業も進んだ。7月19日の時点で、   ← EL_YOMI で書き換えた文
   聞取: 瓦礫を運び出す作業も進んだ。七月十九日の時点で

pr09-3  一致率 97.8%
   台本: 7月19日までに、932人が瓦礫から助け出された。
   送信: 7月19日までに、932人ががれきから助け出された。   ← EL_YOMI で書き換えた文
   聞取: 七月十九日までに九百三十二人が瓦礫から助け出された。

c404-2  一致率 98.0%
   台本: 240キログラムの荷物を載せる前提で設計されていた。
   送信: ニヒャクヨンジュッキログラムの荷物を載せる前提で設計されていた。   ← EL_YOMI で書き換えた文
   聞取: 二百四十キログラムの荷物を載せる前提で設計されていた

c115-2  一致率 98.2%
   台本: その30分前には対策の会議が開かれ、社長が役員に説明している。
   送信: その サンジュップン前には対策の会議が開かれ、社長が役員に説明している。   ← EL_YOMI で書き換えた文
   聞取: その三十分前には対策の会議が開かれ、社長が役員に説明している。

pr04-3  一致率 100.0%
   台本: 朝のうちに、5階の食堂の床が盛り上がった
   送信: 朝のうちに、5階の食堂のゆかが盛り上がった   ← EL_YOMI で書き換えた文
   聞取: 朝のうちに五階の食堂の床が盛り上がった。

pr06-2  一致率 100.0%
   台本: 同じ大きさの棟が2つ、真ん中の通路でつながっていた。
   送信: 同じ大きさのむねが2つ、真ん中の通路でつながっていた。   ← EL_YOMI で書き換えた文
   聞取: 同じ大きさの棟が二つ、真ん中の通路でつながっていた。

pr10-3  一致率 100.0%
   台本: 報道は使わない。
   送信: ほうどうは使わない。   ← EL_YOMI で書き換えた文
   聞取: 報道は使わない。

c102-1  一致率 100.0%
   台本: まず、建物の形を押さえておく。棟は2つに分かれていて、
   送信: まず、建物の形を押さえておく。むねは2つに分かれていて、   ← EL_YOMI で書き換えた文
   聞取: まず建物の形を押さえておく。棟は二つに分かれていて

c102-2  一致率 100.0%
   台本: 北の棟が百貨店の売り場、南の棟がスポーツ施設と売り場。
   送信: きたのむねが百貨店の売り場、南のむねがスポーツ施設と売り場。   ← EL_YOMI で書き換えた文
   聞取: 北の棟が百貨店の売り場、南の棟がスポーツ施設と売り場

c103-1  一致率 100.0%
   台本: 北の棟は、1階から4階までが売り場で、5階が食堂街だった。
   送信: きたのむねは、1階から4階までが売り場で、5階が食堂街だった。   ← EL_YOMI で書き換えた文
   聞取: 北の棟は一階から四階までが売り場で、五階が食堂街だった。

c104-1  一致率 100.0%
   台本: 建物の異変は、この日が初めてではなかった。
   送信: たてものの異変は、この日が初めてではなかった。   ← EL_YOMI で書き換えた文
   聞取: 建物の異変はこの日が初めてではなかった。

c108-3  一致率 100.0%
   台本: 床が盛り上がり、天井が沈んでいる。
   送信: ゆかが盛り上がり、天井が沈んでいる。   ← EL_YOMI で書き換えた文
   聞取: 床が盛り上がり、天井が沈んでいる。

c113-2  一致率 100.0%
   台本: 床がそれだけ下がったということは、
   送信: ゆかがそれだけ下がったということは、   ← EL_YOMI で書き換えた文
   聞取: 床がそれだけ下がったということは

c116-1  一致率 100.0%
   台本: では、なぜ床が動くような建物になっていたのか。
   送信: では、なぜゆかが動くような建物になっていたのか。   ← EL_YOMI で書き換えた文
   聞取: では、なぜ床が動くような建物になっていたのか。

c204-2  一致率 100.0%
   台本: 北がA棟で、百貨店の売り場。南がB棟で、市の断面図では、
   送信: きたがA棟で、百貨店の売り場。南がB棟で、市の断面図では、   ← EL_YOMI で書き換えた文
   聞取: 北がA棟で百貨店の売り場、南がB棟で市の断面図では

c205-1  一致率 100.0%
   台本: 2つの棟は、真ん中のガラス張りの通路でつながっていた。
   送信: 2つのむねは、真ん中のガラス張りの通路でつながっていた。   ← EL_YOMI で書き換えた文
   聞取: 二つの棟は真ん中のガラス張りの通路でつながっていた

c205-3  一致率 100.0%
   台本: なお、この先に出てくる看板は、崩れずに残った南の棟のものだ。
   送信: なお、この先に出てくる看板は、崩れずに残った南のむねのものだ。   ← EL_YOMI で書き換えた文
   聞取: なお、この先に出てくる看板は崩れずに残った南の棟のものだ。

c210-3  一致率 100.0%
   台本: ソウルのロッテ本店に次いで、全国で2番目である。
   送信: ソウルのロッテ本店に次いで、全国でニバンメである。   ← EL_YOMI で書き換えた文
   聞取: ソウルのロッテ本店に次いで全国で二番目である。

c309-1  一致率 100.0%
   台本: ローラースケート場は、床の上にほとんど物を置かない。
   送信: ローラースケート場は、ゆかの上にほとんど物を置かない。   ← EL_YOMI で書き換えた文
   聞取: ローラースケート場は床の上にほとんど物を置かない。

c309-3  一致率 100.0%
   台本: 同じ床でも、支えるべき重さがまるで違ってくる。
   送信: 同じゆかでも、支えるべき重さがまるで違ってくる。   ← EL_YOMI で書き換えた文
   聞取: 同じ床でも支えるべき重さがまるで違ってくる。

c321-1  一致率 100.0%
   台本: 白書には、図面を描く、実際に建てる、それを見張る、
   送信: はくしょには、図面を描く、実際に建てる、それを見張る、   ← EL_YOMI で書き換えた文
   聞取: 白書には図面を描く、実際に建てる、それを見張る

c404-1  一致率 100.0%
   台本: 判決文によれば、屋上の床は1平方メートルあたり、
   送信: 判決文によれば、屋上のゆかは1平方メートルあたり、   ← EL_YOMI で書き換えた文
   聞取: 判決文によれば、屋上の床は一平方メートルあたり

c409-1  一致率 100.0%
   台本: 国会の報告書は、完全に解体せず、1つ8トンの部品に分けて、
   送信: こっかいの報告書は、完全に解体せず、1つ8トンの部品に分けて、   ← EL_YOMI で書き換えた文
   聞取: 国会の報告書は完全に解体せず、一つ八トンの部品に分けて

c415-1  一致率 100.0%
   台本: 判決文は、5階の柱と床に、予定より1平方メートルあたり、
   送信: 判決文は、5階の柱とゆかに、予定より1平方メートルあたり、   ← EL_YOMI で書き換えた文
   聞取: 判決文は五階の柱と床に予定より一平方メートルあたり

c511-1  一致率 100.0%
   台本: 判決文は、5階と屋根の床の強さを計算するとき、
   送信: 判決文は、5階と屋根のゆかの強さを計算するとき、   ← EL_YOMI で書き換えた文
   聞取: 判決文は五階と屋根の床の強さを計算するとき

c513-1  一致率 100.0%
   台本: この鉄筋は、床の表面に近いところにあるほどよく効く。
   送信: この鉄筋は、ゆかの表面に近いところにあるほどよく効く。   ← EL_YOMI で書き換えた文
   聞取: この鉄筋は床の表面に近いところにあるほどよく効く。

c514-1  一致率 100.0%
   台本: そこより深く沈むほど、床が垂れるのを止める力は弱くなる。
   送信: そこより深く沈むほど、ゆかが垂れるのをとめる力は弱くなる。   ← EL_YOMI で書き換えた文
   聞取: そこより深く沈むほど床が垂れるのを止める力は弱くなる

c520-1  一致率 100.0%
   台本: 5階の床の鉄筋は、壁の中へ64センチ入れる決まりだった。
   送信: 5階のゆかの鉄筋は、壁の中へ64センチ入れる決まりだった。   ← EL_YOMI で書き換えた文
   聞取: 五階の床の鉄筋は壁の中へ六十四センチ入れる決まりだった

c521-2  一致率 100.0%
   台本: 国会の報告書は、そのせいで壁はそのまま立ち、床だけが落ちた、と書いている。
   送信: 国会の報告書は、そのせいで壁はそのまま立ち、ゆかだけが落ちた、と書いている。   ← EL_YOMI で書き換えた文
   聞取: 国会の報告書はそのせいで壁はそのまま立ち、床だけが落ちたと書いている。

c602-1  一致率 100.0%
   台本: 午後2時から4時にかけて。5階の床のコンクリートには、
   送信: 午後2時から4時にかけて。5階のゆかのコンクリートには、   ← EL_YOMI で書き換えた文
   聞取: 午後二時から四時にかけて。五階の床のコンクリートには

c710-2  一致率 100.0%
   台本: 先に落ちたのは、屋上と5階の床だった
   送信: 先に落ちたのは、屋上と5階のゆかだった   ← EL_YOMI で書き換えた文
   聞取: 先に落ちたのは屋上と五階の床だった

c711-2  一致率 100.0%
   台本: 落ちた床は、下の階の床に直接ぶつかっていった。
   送信: 落ちたゆかは、下の階のゆかに直接ぶつかっていった。   ← EL_YOMI で書き換えた文
   聞取: 落ちた床は下の階の床に直接ぶつかっていった。

c713-1  一致率 100.0%
   台本: 崩れたのは、北の棟と、真ん中の連結通路である。
   送信: 崩れたのは、きたのむねと、真ん中の連結通路である。   ← EL_YOMI で書き換えた文
   聞取: 崩れたのは北の棟と真ん中の連結通路である。

c713-2  一致率 100.0%
   台本: 南の棟は、通路が切れた形でその場に残った。
   送信: 南のむねは、通路が切れた形でその場に残った。   ← EL_YOMI で書き換えた文
   聞取: 南の棟は通路が切れた形でその場に残った。

c805-2  一致率 100.0%
   台本: 手作業に切り替える。そう決めて進められた。
   送信: てさぎょうに切り替える。そう決めて進められた。   ← EL_YOMI で書き換えた文
   聞取: 手作業に切り替える。そう決めて進められた。

c808-2  一致率 100.0%
   台本: 瓦礫の下は、無人カメラや、穴に差し込むカメラで探している。
   送信: がれきの下は、無人カメラや、穴に差し込むカメラで探している。   ← EL_YOMI で書き換えた文
   聞取: 瓦礫の下は無人カメラや穴に差し込むカメラで探している。

c811-1  一致率 100.0%
   台本: 行方不明者の数は、なかなか固まらなかった。
   送信: 行方不明者 の数は、なかなか固まらなかった。   ← EL_YOMI で書き換えた文
   聞取: 行方不明者の数はなかなか固まらなかった。

c812-2  一致率 100.0%
   台本: 瓦礫の下から、生きたまま1人が助け出されている。
   送信: がれきの下から、生きたまま1人が助け出されている。   ← EL_YOMI で書き換えた文
   聞取: 瓦礫の下から生きたまま一人が助け出されている

c814-2  一致率 100.0%
   台本: 377時間ぶりに、生きて助け出された
   送信: サンビャクナナジュウナナ時間ぶりに、生きて助け出された   ← EL_YOMI で書き換えた文
   聞取: 三百七十七時間ぶりに生きて助け出された

c815-1  一致率 100.0%
   台本: 白書によれば、助け出された3人は、いずれも若い人だった。
   送信: はくしょによれば、助け出された3人は、いずれも若い人だった。   ← EL_YOMI で書き換えた文
   聞取: 白書によれば、助け出された三人はいずれも若い人だった。

c820-1  一致率 100.0%
   台本: 数が動いたのは、同じ人を家族と職場が別々に届け出ていたからである。
   送信: かずが動いたのは、同じ人を家族と職場が別々に届け出ていたからである。   ← EL_YOMI で書き換えた文
   聞取: 数が動いたのは、同じ人を家族と職場が別々に届け出ていたからである。

c901-2  一致率 100.0%
   台本: 亡くなった人の数は、この時点でもまだ動いていた。
   送信: 亡くなった人のかずは、この時点でもまだ動いていた。   ← EL_YOMI で書き換えた文
   聞取: 亡くなった人の数はこの時点でもまだ動いていた。

ep08-3  一致率 100.0%
   台本: 裁判を高裁へ差し戻している。
   送信: さいばんを高裁へ差し戻している。   ← EL_YOMI で書き換えた文
   聞取: 裁判を高裁へ差し戻している

検査 101行 -> C:\Users\konar\Desktop\zukai-engine\audio\el_qa\ep10_el_yomi.tsv（記録 460行／台本 460行）
Scribe: 音声 441.5秒を文字起こし／クレジット 113,444 → 113,576（消費 132／上限 131,000） ⚠️ 反映が遅れることがある
yomi exit=0
