  pr03-1  90.2%  この事故で五百二人が亡くなり、九百三十七人が怪我をしている。
  pr03-2  95.8%  その五百二人のうち、半分以上が二十一歳から三十歳だった。
  c110-2  90.5%  食堂のほとんどで、壁と床の両方にヒビが入った。
  c203-3  93.3%  これは 1994年に地下を広げた後の数字である。
  c213-2  94.3%  1994年には地下一階を672平方メートル増やした上
  c520-2  97.8%  鉄筋の太さの四十倍である。実際に入っていた長さは
  c522-1 100.0%  重い屋上。細い柱。沈んだ鉄筋。
  c906-1  98.0%  白書が最終の数字としているのは亡くなった人が五百二 人。
  c907-1  98.0%  白書には亡くなった五百二人の年齢の内訳が載っている。
  c909-2  94.7%  五百二人のうち二百五十八人が二十一歳から三十歳。
   ⚠️ 聞取の通信に失敗（URLError: <urlopen error EOF occurred in violation of protocol (_ssl.c:2427)>）→ 5秒後に再試行 1/3
  c914-1  98.3%  1996年6月14日の時点で、502人りのうち464人について

=== 一致率の低い順 11行（★耳で確かめる候補）===

pr03-1  一致率 90.2%
   台本: この事故で502人が亡くなり、937人がけがをしている。
   送信: この事故で五百二人が亡くなり、937人がけがをしている。   ← EL_YOMI で書き換えた文
   聞取: この事故で五百二人が亡くなり、九百三十七人が怪我をしている。

c110-2  一致率 90.5%
   台本: 食堂のほとんどで、壁と床の両方にひびが入った。
   送信: 食堂のほとんどで、壁とゆかの両方にひびが入った。   ← EL_YOMI で書き換えた文
   聞取: 食堂のほとんどで、壁と床の両方にヒビが入った。

c203-3  一致率 93.3%
   台本: これは、1994年に地下を広げたあとの数字である。
   送信: これは、千九百九十四年に地下を広げたあとの数字である。   ← EL_YOMI で書き換えた文
   聞取: これは 1994年に地下を広げた後の数字である。

c213-2  一致率 94.3%
   台本: 1994年には地下1階を672平方メートル増やしたうえ、
   送信: 千九百九十四年には地下1階を672平方メートル増やしたうえ、   ← EL_YOMI で書き換えた文
   聞取: 1994年には地下一階を672平方メートル増やした上

c909-2  一致率 94.7%
   台本: 502人のうち258人が21歳から30歳
   送信: 五百二人のうち258人が21歳から30歳   ← EL_YOMI で書き換えた文
   聞取: 五百二人のうち二百五十八人が二十一歳から三十歳。

pr03-2  一致率 95.8%
   台本: その502人のうち、半分以上が21歳から30歳だった。
   送信: その五百二人のうち、半分以上が21歳から30歳だった。   ← EL_YOMI で書き換えた文
   聞取: その五百二人のうち、半分以上が二十一歳から三十歳だった。

c520-2  一致率 97.8%
   台本: 鉄筋の太さの、40倍である。実際に入っていた長さは、
   送信: てっきんの太さの、40倍である。実際に入っていた長さは、   ← EL_YOMI で書き換えた文
   聞取: 鉄筋の太さの四十倍である。実際に入っていた長さは

c907-1  一致率 98.0%
   台本: 白書には、亡くなった502人の年齢の内訳が載っている。
   送信: はくしょには、亡くなった五百二人の年齢の内訳が載っている。   ← EL_YOMI で書き換えた文
   聞取: 白書には亡くなった五百二人の年齢の内訳が載っている。

c906-1  一致率 98.0%
   台本: 白書が最終の数字としているのは、亡くなった人が502人。
   送信: はくしょが最終の数字としているのは、亡くなった人が五百二人。   ← EL_YOMI で書き換えた文
   聞取: 白書が最終の数字としているのは亡くなった人が五百二 人。

c914-1  一致率 98.3%
   台本: 1996年6月14日の時点で、502人のうち464人について、
   送信: 1996年6月14日の時点で、五百二人のうち464人について、   ← EL_YOMI で書き換えた文
   聞取: 1996年6月14日の時点で、502人りのうち464人について

c522-1  一致率 100.0%
   台本: 重い屋上。細い柱。沈んだ鉄筋。
   送信: おもい おくじょう。ほそい柱。沈んだ鉄筋。   ← EL_YOMI で書き換えた文
   聞取: 重い屋上。細い柱。沈んだ鉄筋。

検査 11行 -> C:\Users\konar\Desktop\zukai-engine\audio\el_qa\ep10_el_yomi.tsv（記録 460行／台本 460行）
Scribe: 音声 56.7秒を文字起こし／クレジット 124,809 → 124,809（消費 0／上限 131,000） ⚠️ 反映が遅れることがある
