
=== pr04-3  「床」→「ゆか」  ⭐良化  94.7% → 100.0% ===
  理由: 決め所。聞取『戸』。46行に出る語で6行が崩れた（トカ/トゥカ/渡河/戸/束）
  台本  : 朝のうちに、5階の食堂の床が盛り上がった
  前の聞取: 朝のうちに五階の食堂の戸が盛り上がった。
  後の聞取: 朝のうちに五階の食堂の床が盛り上がった

=== c107-1  「床」→「ゆか」  ⭐良化  77.3% → 83.7% ===
  理由: 聞取『トカ』。4本目の『床→とこ』と同型
  台本  : 同じころ、屋上の床は魚のうろこのように浮き上がり、
  前の聞取: 同じ頃、屋上のトカは魚の鱗のように浮き上がり
  後の聞取: 同じ頃、屋上の床は魚の鱗のように浮き上がり

=== c602-1  「床」→「ゆか」  ⭐良化  92.3% → 100.0% ===
  理由: 聞取『トゥカ』
  台本  : 午後2時から4時にかけて。5階の床のコンクリートには、
  前の聞取: 午後二時から四時にかけて、五階のトゥカのコンクリートには
  後の聞取: 午後二時から四時にかけて。五階の床のコンクリートには

=== c504-2  「床」→「ゆか」  ⭐良化  93.1% → 96.6% ===
  理由: 聞取『束』
  台本  : 梁が受け持つはずの力を、床と柱の接ぎ目だけで受けることになる。
  前の聞取: 梁が受け持つはずの力を、束と柱の継ぎ目だけで受けることになる。
  後の聞取: 梁が受け持つはずの力を床と柱の継ぎ目だけで受けることになる

=== c110-3  「床」→「ゆか」  ＝変わらず  77.8% → 77.8% ===
  理由: ⚠️巻き添えの確認。この行の『床』は聞取でも『床』＝崩れていない
  台本  : 4階でも、柱と床のあいだにひびが出ている。
  前の聞取: 四階でも柱と床の間にヒビが出ている。
  後の聞取: 四階でも柱と床の間にヒビが出ている

=== c103-1  「北の棟」→「きたのむね」  ⭐良化  90.6% → 100.0% ===
  理由: 聞取『下の戸江』。北（行頭）と棟の両方が崩れた
  台本  : 北の棟は、1階から4階までが売り場で、5階が食堂街だった。
  前の聞取: 下の戸江は一階から四階までが売り場で、五階が食堂街だった。
  後の聞取: 北の棟は一階から四階までが売り場で、五階が食堂街だった。

=== pr06-2  「の棟」→「のむね」  ⭐良化  87.5% → 93.6% ===
  理由: 聞取『戸音』。棟は13行中9行が崩れた
  台本  : 同じ大きさの棟が2つ、真ん中の通路でつながっていた。
  前の聞取: 同じ大きさの戸音が二つ真ん中の通路で繋がっていた。
  後の聞取: 同じ大きさの棟が二つ、真ん中の通路で繋がっていた。

=== c204-1  「の棟」→「のむね」  ⭐良化  87.8% → 90.0% ===
  理由: 聞取『戸枝』
  台本  : 建っていたのは、同じ大きさの棟が2つである。
  前の聞取: 立っていたのは同じ大きさの戸枝が二つである。
  後の聞取: 立っていたのは同じ大きさの胸が二つである。

=== c701-2  「北の棟」→「きたのむね」  ⭐良化  77.3% → 93.0% ===
  理由: 聞取『北の戸へ』
  台本  : 北の棟の5階、食堂街の北東の側から崩れはじめた。
  前の聞取: 北の戸への誤解食堂街の北東の側から崩れ始めた。
  後の聞取: 北の棟の五階、食堂街の北東の側から崩れ始めた。

=== c713-2  「の棟」→「のむね」  ⭐良化  94.7% → 100.0% ===
  理由: 聞取『南の塔』＝とう と読んでいる
  台本  : 南の棟は、通路が切れた形でその場に残った。
  前の聞取: 南の塔は通路が切れた形でその場に残った。
  後の聞取: 南の棟は通路が切れた形でその場に残った。

=== c102-1  「棟は2つ」→「むねは2つ」  ⭐良化  95.8% → 100.0% ===
  理由: 聞取『塔は二つ』。⚠️A棟/B棟は とう なので一律には直せない
  台本  : まず、建物の形を押さえておく。棟は2つに分かれていて、
  前の聞取: まず建物の形を押さえておく。塔は二つに分かれていて
  後の聞取: まず建物の形を押さえておく。棟は二つに分かれていて

=== c204-2  「北がA棟」→「きたがA棟」  ⭐良化  95.7% → 100.0% ===
  理由: 聞取『下がA棟』。行頭の北が崩れた（A棟は正しい）
  台本  : 北がA棟で、百貨店の売り場。南がB棟で、市の断面図では、
  前の聞取: 下がA棟で百貨店の売り場、南がB棟で市の断面図では
  後の聞取: 北がA棟で百貨店の売り場、南がB棟で市の断面図では

=== c213-1  「竣工」→「しゅんこう」  ＝変わらず  92.6% → 92.6% ===
  理由: 聞取『新港』。2行とも崩れた
  台本  : 竣工の検査が終わったのは、開店の翌年、1990年7月27日。
  前の聞取: 新港の検査が終わったのは開店の翌年1990年7月27日
  後の聞取: 春高の検査が終わったのは開店の翌年、 1990年7月27日

=== c318-3  「竣工」→「しゅんこう」  ＝変わらず  79.1% → 79.1% ===
  理由: 聞取『進行』
  台本  : 竣工の検査が終わったのは、その8か月あとである。
  前の聞取: 健康の検査が終わったのはその八ヶ月後である。
  後の聞取: 春高の検査が終わったのはその八ヶ月後である。

=== c321-1  「白書」→「はくしょ」  ⭐良化  85.7% → 100.0% ===
  理由: 聞取『各所』。12行中3行（全部が行頭）
  台本  : 白書には、図面を描く、実際に建てる、それを見張る、
  前の聞取: 各所には図面を書く、実際に建てる、それを見張る
  後の聞取: 白書には図面を描く、実際に建てる、それを見張る

=== c707-2  「白書」→「はくしょ」  ⭐良化  80.0% → 88.9% ===
  理由: 聞取『各所』
  台本  : 白書は17時55分ごろ、国会の報告書は17時52分。
  前の聞取: 各所は十七時五十五分頃、国会の報告書は十七時五十二分
  後の聞取: 白書は十七時五十五分頃、国会の報告書は十七時五十二分。

=== c815-1  「白書」→「はくしょ」  ⭐良化  92.0% → 100.0% ===
  理由: 聞取『各所』
  台本  : 白書によれば、助け出された3人は、いずれも若い人だった。
  前の聞取: 各所によれば、助け出された三人はいずれも若い人だった。
  後の聞取: 白書によれば、助け出された三人はいずれも若い人だった。

=== c405-2  「白書」→「はくしょ」  ▲悪化  94.7% → 87.7% ===
  理由: ⚠️巻き添えの確認。行の途中の『白書』は崩れていない
  台本  : 前提の1.6倍をこえている。なお白書はこの冷却塔を4台と数え、
  前の聞取: 前提の一点六倍を超えている。なお、白書はこの冷却塔を四台と数え
  後の聞取: 前提の一点六倍を超えている。なお、博士はこの冷却塔を四台と数え

=== c714-2  「瓦礫」→「がれき」  ⭐良化  85.2% → 94.3% ===
  理由: 聞取『カラキ』。7行中5行。4本目の『瓦礫→わらき』と同型
  台本  : 瓦礫は、地下4階から地下3階のあたりまで積み上がっている。
  前の聞取: カラキは地下四階から地下三階の辺りまで積み上がっている。
  後の聞取: 瓦礫は地下四階から地下三階の辺りまで積み上がっている。

=== c821-1  「瓦礫」→「がれき」  ⭐良化  86.4% → 97.7% ===
  理由: 聞取『空き』
  台本  : 瓦礫を運び出す作業も進んだ。7月19日の時点で、
  前の聞取: カラキを運び出す作業も進んだ。七月十九日の時点で
  後の聞取: 瓦礫を運び出す作業も進んだ。七月十九日の時点で

=== c812-2  「瓦礫」→「がれき」  ⭐良化  88.9% → 100.0% ===
  理由: 聞取『カラキ』
  台本  : 瓦礫の下から、生きたまま1人が助け出されている。
  前の聞取: カラキの下から生きたまま一人が助け出されている。
  後の聞取: 瓦礫の下から生きたまま一人が助け出されている

=== pr10-3  「報道」→「ほうどう」  ⭐良化  71.4% → 100.0% ===
  理由: 聞取『行動』。行頭
  台本  : 報道は使わない。
  前の聞取: 行動は使わない
  後の聞取: 報道は使わない。

=== ep08-3  「裁判を」→「さいばんを」  ⭐良化  69.2% → 100.0% ===
  理由: 聞取『毎晩を』。行頭。ほかの2行（裁判所・裁判では）は崩れていない
  台本  : 裁判を高裁へ差し戻している。
  前の聞取: 毎晩を交際へ差し戻している
  後の聞取: 裁判を高裁へ差し戻している

=== c901-1  「瑞草区」→「ソチョく」  ⭐良化  80.0% → 82.9% ===
  理由: 聞取『飯塚区』。§6-1 の危険語。2行とも崩れた
  台本  : 瑞草区の区民会館に、合同の焼香所が作られた。
  前の聞取: 飯塚区の区民会館に合同の昇降所が作られた
  後の聞取: ソチョクの区民会館に合同の焼香所が作られた

=== pr01-2  「瑞草区」→「ソチョく」  ▲悪化  95.7% → 85.1% ===
  理由: 聞取『水草区』
  台本  : 韓国の首都ソウル、瑞草区にあった百貨店が崩れ落ちた。
  前の聞取: 韓国の首都ソウル水草区にあった百貨店が崩れ落ちた。
  後の聞取: 韓国の首都ソウル、ソチョクにあった百貨店が崩れ落ちた。

=== c707-3  「地検」→「ちけん」  ＝変わらず  80.7% → 80.7% ===
  理由: 聞取『事件』。行頭。c607-1（行の途中）は正しい
  台本  : 地検の報告は、頁によって17時57分ごろとも、幅でも書いている。
  前の聞取: 事件の報告は四時によって十七時五十七分頃とも幅でも書いている。
  後の聞取: 試験の報告は四時によって十七時五十七分頃とも幅でも書いている。

=== c409-1  「国会」→「こっかい」  ⭐良化  92.3% → 100.0% ===
  理由: 聞取『今回』。行頭。8行中1行
  台本  : 国会の報告書は、完全に解体せず、1つ8トンの部品に分けて、
  前の聞取: 今回の報告書は完全に解体せず、一つ八トンの部品に分けて
  後の聞取: 国会の報告書は完全に解体せず、一つ八トンの部品に分けて

=== c805-2  「手作業」→「てさぎょう」  ⭐良化  97.3% → 100.0% ===
  理由: 聞取『作業』＝頭の『手』が落ちた。行頭
  台本  : 手作業に切り替える。そう決めて進められた。
  前の聞取: 作業に切り替える。そう決めて進められた。
  後の聞取: 手作業に切り替える。そう決めて進められた。

=== c412-2  「育った」→「そだった」  ⭐良化  74.3% → 82.4% ===
  理由: 決め所。聞取『そがった』
  台本  : 冷却塔を引きずった跡に、ひびが育った
  前の聞取: 冷却塔を引きずった後にヒビがそがった
  後の聞取: 冷却塔を引きずった後にヒビが育った。

=== c909-1  「残った」→「のこった」  ⭐良化  90.9% → 95.5% ===
  理由: 決め所。聞取『凝った』。行頭。9行中1行
  台本  : 残った一つの年代だけで、全体の半分をこえている。
  前の聞取: 凝った一つの年代だけで全体の半分を超えている。
  後の聞取: 残った一つの年代だけで全体の半分を超えている。

=== c819-3  「数は」→「かずは」  ＝変わらず  92.7% → 92.7% ===
  理由: 聞取『まず』。行頭。17行中2行
  台本  : 数は、この時点でもまだ動いていたことになる。
  前の聞取: まずはこの時点でもまだ動いていたことになる。
  後の聞取: カズはこの時点でもまだ動いていたことになる。

=== c820-1  「数が」→「かずが」  ⭐良化  95.2% → 100.0% ===
  理由: 聞取『まず』。行頭
  台本  : 数が動いたのは、同じ人を家族と職場が別々に届け出ていたからである。
  前の聞取: まずが動いたのは、同じ人を家族と職場が別々に届け出ていたからである。
  後の聞取: 数が動いたのは同じ人を家族と職場が別々に届け出ていたからである。

=== c321-2  「建ったあと」→「たったあと」  ⭐良化  86.5% → 94.7% ===
  理由: 聞取『買った後』。行頭
  台本  : 建ったあと手入れをする、という段階ごとに、
  前の聞取: 立った後手入れをするという段階ごとに
  後の聞取: たったあと手入れをするという段階ごとに

=== c404-2  「240キログラム」→「ニヒャクヨンジュッキログラム」  ⭐良化  95.8% → 98.0% ===
  理由: 🔴数。聞取『百四十キログラム』＝240→140
  台本  : 240キログラムの荷物を載せる前提で設計されていた。
  前の聞取: 百四十キログラムの荷物を載せる前提で設計されていた
  後の聞取: 二百四十キログラムの荷物を載せる前提で設計されていた

=== c814-2  「377時間」→「サンビャクナナジュウナナ時間」  ⭐良化  94.1% → 100.0% ===
  理由: 🔴決め所の数。聞取『877時間』
  台本  : 377時間ぶりに、生きて助け出された
  前の聞取: 877時間ぶりに生きて助け出された
  後の聞取: 三百七十七時間ぶりに生きて助け出された

=== c210-3  「2番目」→「ニバンメ」  ⭐良化  95.5% → 100.0% ===
  理由: 🔴数が落ちた。聞取『全国で番目』
  台本  : ソウルのロッテ本店に次いで、全国で2番目である。
  前の聞取: ソウルのロッテ本店に次いで全国で番目であると
  後の聞取: ソウルのロッテ本店に次いで全国で二番目である。

=== c614-1  「1,439人」→「センヨンヒャクサンジュウキュウニン」  ⭐良化  87.2% → 89.5% ===
  理由: 🔴数。聞取『千四社三十九人』
  台本  : のちに数えられた被害者は1,439人である。
  前の聞取: 後に数えられた被害者は千四社三十九人である。
  後の聞取: 後に数えられた被害者は千四百三十九人である。

=== c306-1  「7万1,136」→「ナナマンセンヒャクサンジュウロク」  ＝変わらず  90.2% → 89.8% ===
  理由: 🔴数。聞取『七万一千三三十六』。c304-2（同じ数）は正しい
  台本  : ところが、許可のときは7万1,136平方メートルだった床が、
  前の聞取: ところが、許可の時は七万一千三百三十六平方メートルだった床が
  後の聞取: ところが、許可の時は七万千百三十六平方メートルだった床が

38件 -> ep10_yomi_ab.tsv（1件ごとに書き足し）
exit=0
