✓ sign_sampoong_01         1798x1199      281 KB
✓ sign_sampoong_02         1453x1009      269 KB
✓ sign_sampoong_03         1000x687      157 KB
✓ sign_sampoong_04         1000x678      150 KB
✓ sign_sampoong_05         1000x682      194 KB
✓ sign_sampoong_06         689x1000      138 KB
✓ sign_sampoong_07         1000x688      170 KB
✓ wreck_aerial_01          3000x4072     1523 KB
✓ wreck_aerial_02          1181x803      363 KB
✓ wreck_aerial_03          1453x1009      296 KB
✓ wreck_aerial_04          1455x1009      248 KB
✓ wreck_aerial_05          2031x1429      827 KB
✓ wreck_aerial_06          1001x1457      453 KB
✓ wreck_aerial_07          1003x1451      412 KB
✓ wreck_aerial_08          1479x2048      745 KB
✓ wreck_aerial_09          691x1000      149 KB
✓ wreck_aerial_10          1000x688      149 KB
✓ wreck_aerial_11          1000x687      165 KB
✓ wreck_ground_01          1453x1001      403 KB
✓ wreck_ground_02          1451x1005      475 KB
✓ wreck_ground_03          1449x1005      432 KB
✓ wreck_ground_05          1000x697      133 KB
✓ wreck_ground_06          1000x697      185 KB
✓ wreck_ground_07          695x1000      142 KB
✓ wreck_ground_08          704x1000      221 KB
✓ wreck_ground_09          1000x682      139 KB
✓ wreck_ground_10          1000x682      158 KB
✓ wreck_ground_11          1000x690      186 KB
✓ wreck_ground_12          1000x677      173 KB
✓ wreck_ground_13          1000x690      206 KB
✓ column_broken_01         1447x1011      304 KB
✓ column_broken_02         1435x1007      444 KB
✓ column_broken_03         1000x691      221 KB
✓ column_broken_04         1000x694      193 KB
✓ column_broken_05         1000x688      119 KB
✓ column_broken_06         1000x693      188 KB
✓ column_broken_07         1000x689      122 KB
✓ rescue_work_01           2048x1457      480 KB
✓ rescue_work_02           1431x1017      441 KB
✓ rescue_work_03           1459x1005      346 KB
✓ rescue_work_04           1457x1001      272 KB
✓ rescue_work_05           1451x999      376 KB
✓ rescue_work_06           1451x1001      380 KB
✓ rescue_work_07           1453x999      309 KB
✓ rescue_work_08           1451x999      399 KB
✓ rescue_work_09           1799x1199      469 KB
✓ rescue_work_10           1451x1007      367 KB
✓ rescue_work_11           1445x1007      377 KB
✓ rescue_work_12           1451x1007      460 KB
✓ rescue_work_13           1435x1005      458 KB
✓ rescue_work_14           1447x1005      355 KB
✓ rescue_work_15           1455x1007      220 KB
✓ rescue_work_16           1449x1003      281 KB
✓ rescue_work_17           1445x1003      241 KB
✓ rescue_work_18           1447x1003      271 KB
✓ rescue_work_20           1000x685      210 KB
✓ rescue_work_21           1000x693      217 KB
✓ rescue_work_22           1000x684      149 KB
✓ rescue_work_23           1000x679      197 KB
✓ ambulance_line_01        1455x1003      335 KB
✓ ambulance_line_02        1449x1005      258 KB
✓ ambulance_line_03        1455x1003      445 KB
✓ ambulance_line_04        1453x1003      271 KB
✓ ambulance_line_05        1457x1003      429 KB
✓ ambulance_line_06        1000x685      191 KB
✓ street_cordon_01         1455x1007      292 KB
✓ street_cordon_02         1000x688      173 KB
✓ street_cordon_03         1000x684      164 KB
✓ street_cordon_04         1000x689      155 KB
✓ street_cordon_05         1000x684      222 KB
✓ volunteers_01            1449x1009      285 KB
✓ volunteers_02            1000x691      211 KB
✓ site_cleanup_02          1445x1005      426 KB
✓ site_cleanup_03          1000x690      250 KB
✓ site_cleanup_04          1000x681      205 KB
✓ site_cleanup_05          1000x683      203 KB
✓ site_cleanup_06          1000x685      209 KB
✓ banner_daily_01          695x1000      167 KB
✓ banner_daily_02          682x1000      167 KB
✓ crack_wall_01            1000x689      106 KB
✓ night_work_01            691x1000      198 KB
✓ night_work_02            1000x683      154 KB
✓ sampoong_before_01       1600x1070      427 KB
✓ sampoong_before_02       1600x1070      481 KB
✓ wreck_ground_04          534x809      241 KB
✓ rescue_work_19           809x534      240 KB
✓ inside_store_01          809x534      159 KB
✓ site_cleanup_01          809x534      236 KB
✓ mourning_01              809x534      194 KB
✓ missing_board_01         809x534      188 KB
✓ officials_visit_01       809x534      166 KB
✓ officials_visit_02       1000x657      170 KB

落とした 92 ／ すでに在る 0 ／ 失敗 0
