
=== c710-2  「床」→「ゆか」  ＝変わらず  100.0% → 100.0% ===
  理由: ⚠️対照。決め所。崩れていない行に『床→ゆか』を当てて悪化しないか見る
  台本  : 先に落ちたのは、屋上と5階の床だった
  前の聞取: 先に落ちたのは屋上と五階の床だった。
  後の聞取: 先に落ちたのは屋上と五階の床だった

=== c112-2  「床」→「ゆか」  ＝変わらず  88.9% → 88.9% ===
  理由: ⚠️対照。決め所。同上
  台本  : 5階の柱のまわりの床が15センチ沈んだ
  前の聞取: 五階の柱の周りの床が十五センチ沈んだ
  後の聞取: 五階の柱の周りの床が十五センチ沈んだ

=== c520-1  「床」→「ゆか」  ＝変わらず  100.0% → 100.0% ===
  理由: ⚠️対照。行頭に『5階の床』が来る行。同上
  台本  : 5階の床の鉄筋は、壁の中へ64センチ入れる決まりだった。
  前の聞取: 五階の床の鉄筋は壁の中へ六十四センチ入れる決まりだった。
  後の聞取: 五階の床の鉄筋は壁の中へ六十四センチ入れる決まりだった

=== c417-2  「床」→「ゆか」  ＝変わらず  96.0% → 96.0% ===
  理由: ⚠️対照。『柱と床の接ぎ目』＝床の直後が『の』でない形
  台本  : その重さを直に受ける5階の柱と、柱と床の接ぎ目である。
  前の聞取: その重さを直に受ける五階の柱と、柱と床の継ぎ目である
  後の聞取: その重さを直に受ける五階の柱と柱と床の継ぎ目である

=== c102-2  「北の棟」→「きたのむね」  ＝変わらず  100.0% → 100.0% ===
  理由: ⚠️対照。同じ行に『南の棟』もある。崩れていない
  台本  : 北の棟が百貨店の売り場、南の棟がスポーツ施設と売り場。
  前の聞取: 北の棟が百貨店の売り場、南の棟がスポーツ施設と売り場
  後の聞取: 北の棟が百貨店の売り場、南の棟がスポーツ施設と売り場。

=== c205-3  「の棟」→「のむね」  ＝変わらず  100.0% → 100.0% ===
  理由: ⚠️対照。崩れていない『南の棟』
  台本  : なお、この先に出てくる看板は、崩れずに残った南の棟のものだ。
  前の聞取: なお、この先に出てくる看板は崩れずに残った南の棟のものだ。
  後の聞取: なお、この先に出てくる看板は崩れずに残った南の棟のものだ。

=== pr09-3  「瓦礫」→「がれき」  ＝変わらず  97.8% → 97.8% ===
  理由: ⚠️対照。崩れていない『瓦礫から』
  台本  : 7月19日までに、932人が瓦礫から助け出された。
  前の聞取: 七月十九日までに九百三十二人が瓦礫から助け出された。
  後の聞取: 七月十九日までに九百三十二人が瓦礫から助け出された。

=== c716-1  「瓦礫」→「がれき」  ＝変わらず  93.6% → 93.6% ===
  理由: ⚠️対照。崩れていない『瓦礫の下に』
  台本  : 建物は落ちた。だがこのとき、瓦礫の下に何人いるのかを、
  前の聞取: 建物は落ちた。だが、この時、瓦礫の下に何人いるのかを
  後の聞取: 建物は落ちた。だが、この時、瓦礫の下に何人いるのかを

=== ep03-2  「建ったあと」→「たったあと」  ＝変わらず  94.1% → 94.1% ===
  理由: ⚠️対照。崩れていない（行の途中の『建ったあと』）
  台本  : 実際に建て、建ったあと手入れをする、という段階に分かれる。
  前の聞取: 実際に建て、建った後、手入れをするという段階に分かれる。
  後の聞取: 実際に建て、建った後、手入れをするという段階に分かれる。

=== c901-2  「数は、この」→「かずは、この」  ＝変わらず  100.0% → 100.0% ===
  理由: ⚠️対照。崩れていない（行の途中の『人の数は、この時点』）
  台本  : 亡くなった人の数は、この時点でもまだ動いていた。
  前の聞取: 亡くなった人の数はこの時点でもまだ動いていた。
  後の聞取: 亡くなった人の数はこの時点でもまだ動いていた。

10件 -> ep10_yomi_ab.tsv（1件ごとに書き足し）
exit=0
