■ ショット 58本の真ん中のコマを切り出す → C:\Users\konar\Desktop\zukai-engine\out\ep7_shotscan
  ✓ 1/58 1-AWA-213-Pentagon_more2__s00.png  0〜12秒（真ん中 6）
  ✓ 2/58 1-AWA-213-Pentagon_more2__s01.png  12〜30秒（真ん中 21）
  ✓ 3/58 1-AWA-213-Pentagon_more2__s02.png  30〜42秒（真ん中 36）
  ✓ 4/58 1-AWA-714-Pentagon_more2__s00.png  0〜12秒（真ん中 6）
  ✓ 5/58 1-AWA-714-Pentagon_more2__s01.png  12〜30秒（真ん中 21）
  ✓ 6/58 1-AWA-714-Pentagon_more2__s02.png  30〜42秒（真ん中 36）
  ✓ 7/58 1-AWA-716-Pentagon__s00.png  0〜5秒（真ん中 2）
  ✓ 8/58 1-AWA-716-Pentagon__s01.png  5〜68秒（真ん中 36）
  ✓ 9/58 1-AWA-716-Pentagon__s02.png  68〜73秒（真ん中 70）
  ✓ 10/58 2-AWA-716-Pittsburgh__s00.png  0〜5秒（真ん中 2）
  ✓ 11/58 2-AWA-716-Pittsburgh__s01.png  5〜73秒（真ん中 39）
  ✓ 12/58 2-AWA-716-Pittsburgh__s02.png  73〜78秒（真ん中 76）
  ✓ 13/58 3-AWA-716-WTC-Combined__s00.png  0〜5秒（真ん中 2）
  ✓ 14/58 3-AWA-716-WTC-Combined__s01.png  5〜66秒（真ん中 36）
  ✓ 15/58 3-AWA-716-WTC-Combined__s02.png  66〜71秒（真ん中 68）
  ✓ 16/58 3-AWA-716-WTC1__s00.png  0〜5秒（真ん中 2）
  ✓ 17/58 3-AWA-716-WTC1__s01.png  5〜71秒（真ん中 38）
  ✓ 18/58 3-AWA-716-WTC1__s02.png  71〜75秒（真ん中 73）
  ✓ 19/58 4-AWA-716-WTC-Combined__s00.png  0〜5秒（真ん中 2）
  ✓ 20/58 4-AWA-716-WTC-Combined__s01.png  5〜66秒（真ん中 36）
  ✓ 21/58 4-AWA-716-WTC-Combined__s02.png  66〜71秒（真ん中 68）
  ✓ 22/58 4-AWA-716-WTC2__s00.png  0〜5秒（真ん中 2）
  ✓ 23/58 4-AWA-716-WTC2__s01.png  5〜81秒（真ん中 43）
  ✓ 24/58 4-AWA-716-WTC2__s02.png  81〜86秒（真ん中 84）
  ✓ 25/58 5-AWA-213-new_overview2__s00.png  0〜5秒（真ん中 2）
  ✓ 26/58 5-AWA-213-new_overview2__s01.png  5〜87秒（真ん中 46）
  ✓ 27/58 5-AWA-213-new_overview2__s02.png  87〜92秒（真ん中 90）
  ✓ 28/58 5-AWA-213-ny_best__s00.png  0〜22秒（真ん中 11）
  ✓ 29/58 5-AWA-213-ny_best__s01.png  22〜42秒（真ん中 32）
  ✓ 30/58 5-AWA-213-ny_best__s02.png  42〜46秒（真ん中 44）
  ✓ 34/58 5-AWA-714-new_overview2__s00.png  0〜5秒（真ん中 2）
  ✓ 35/58 5-AWA-714-new_overview2__s01.png  5〜87秒（真ん中 46）
  ✓ 36/58 5-AWA-714-new_overview2__s02.png  87〜92秒（真ん中 90）
  ✓ 37/58 5-AWA-714-ny_best__s00.png  0〜5秒（真ん中 2）
  ✓ 38/58 5-AWA-714-ny_best__s01.png  5〜26秒（真ん中 16）
  ✓ 39/58 5-AWA-714-ny_best__s02.png  26〜46秒（真ん中 36）
  ✓ 40/58 5-AWA-714-ny_best__s03.png  46〜51秒（真ん中 48）
  ✓ 41/58 5-AWA-714-ny_best__s04.png  51〜56秒（真ん中 54）
  ✓ 42/58 5-AWA-716-All-4-AC__s00.png  0〜5秒（真ん中 2）
  ✓ 43/58 5-AWA-716-All-4-AC__s01.png  5〜70秒（真ん中 38）
  ✓ 44/58 5-AWA-716-All-4-AC__s02.png  70〜75秒（真ん中 72）
  ✓ 45/58 5-AWA-716-C130-observer__s00.png  0〜5秒（真ん中 2）
  ✓ 46/58 5-AWA-716-C130-observer__s01.png  5〜58秒（真ん中 32）
  ✓ 47/58 5-AWA-716-C130-observer__s02.png  58〜63秒（真ん中 60）
  ✓ 48/58 5-AWA-852-landing-spacing__s00.png  0〜37秒（真ん中 18）
  ✓ 49/58 5-AWA-852-terrain-and-airspace__s00.png  0〜12秒（真ん中 6）
  ✓ 50/58 5-AWA-852-terrain-and-airspace__s01.png  12〜23秒（真ん中 18）
  ✓ 51/58 5-AWA-852-terrain-and-airspace__s02.png  23〜25秒（真ん中 24）
  ✓ 52/58 5-AWA-852-terrain-and-airspace__s03.png  25〜32秒（真ん中 28）
  ✓ 53/58 5-AWA-852-terrain-and-airspace__s04.png  32〜38秒（真ん中 35）
  ✓ 54/58 5-AWA-852-turning-the-boat-static__s00.png  0〜52秒（真ん中 26）
  ✓ 55/58 5-AWA-852-turning-the-boat__s00.png  0〜62秒（真ん中 31）
  ✓ 56/58 5-ZID-819-USA-System-Shutdown-NS-NF-atlantic-focus-fr20__s00.png  0〜50秒（真ん中 25）
  ✓ 57/58 5-ZID-819-USA-System-Shutdown-fr20-spd-400__s00.png  0〜55秒（真ん中 28）
  ✓ 58/58 5-ZID-819-USA-System-Startup-fr20-spd-1600__s00.png  0〜42秒（真ん中 21）

■ 切り出せなかった 0本
exit=0
