■ 測る 22本（済み 0／全 32）
  ✓ 1/22 1-AWA-213-Pentagon_more2.mp4  42秒／台帳 42秒  ショット 3本  4秒
  ✓ 2/22 1-AWA-714-Pentagon_more2.mp4  42秒／台帳 42秒  ショット 3本  4秒
  ✓ 3/22 1-AWA-716-Pentagon.mp4  73秒／台帳 73秒  ショット 3本  4秒
  ✓ 4/22 2-AWA-716-Pittsburgh.mp4  78秒／台帳 79秒  ショット 3本  4秒
  ✓ 5/22 3-AWA-716-WTC-Combined.mp4  71秒／台帳 72秒  ショット 3本  4秒
  ✓ 6/22 3-AWA-716-WTC1.mp4  75秒／台帳 76秒  ショット 3本  4秒
  ✓ 7/22 4-AWA-716-WTC-Combined.mp4  71秒／台帳 72秒  ショット 3本  3秒
  ✓ 8/22 4-AWA-716-WTC2.mp4  86秒／台帳 87秒  ショット 3本  4秒
  ✓ 9/22 5-AWA-213-new_overview2.mp4  92秒／台帳 92秒  ショット 3本  5秒
  ✓ 10/22 5-AWA-213-ny_best.mp4  46秒／台帳 46秒  ショット 3本  3秒
  ✓ 11/22 5-AWA-213-ny_best.mpg  46秒／台帳 46秒  ショット 3本  5秒
  ✓ 12/22 5-AWA-714-new_overview2.mp4  92秒／台帳 92秒  ショット 3本  5秒
  ✓ 13/22 5-AWA-714-ny_best.mp4  56秒／台帳 56秒  ショット 5本  5秒
  ✓ 14/22 5-AWA-716-All-4-AC.mp4  75秒／台帳 75秒  ショット 3本  5秒
  ✓ 15/22 5-AWA-716-C130-observer.mp4  63秒／台帳 63秒  ショット 3本  4秒
  ✓ 16/22 5-AWA-852-landing-spacing.mp4  37秒／台帳 37秒  ショット 1本  4秒
  ✓ 17/22 5-AWA-852-terrain-and-airspace.mp4  38秒／台帳 38秒  ショット 5本  4秒
  ✓ 18/22 5-AWA-852-turning-the-boat-static.mp4  52秒／台帳 52秒  ショット 1本  4秒
  ✓ 19/22 5-AWA-852-turning-the-boat.mp4  62秒／台帳 62秒  ショット 1本  4秒
  ✓ 20/22 5-ZID-819-USA-System-Shutdown-NS-NF-atlantic-focus-fr20.avi  50秒／台帳 50秒  ショット 1本  3秒
  ✓ 21/22 5-ZID-819-USA-System-Shutdown-fr20-spd-400.avi  55秒／台帳 55秒  ショット 1本  3秒
  ✓ 22/22 5-ZID-819-USA-System-Startup-fr20-spd-1600.avi  42秒／台帳 42秒  ショット 1本  3秒

■ 測れなかった 0本
■ clips.json 32点／10740.9秒（②の実測 32点・10740.9秒）
■ ショットを測れたクリップ 22/32／ショットの合計 58本
  🔴 5-AWA-852-turning-the-boat.mp4: 62秒でショットが 1 本＝読めていない疑い
🔴 粗 1件
exit=2
