■ 31欄を探します（幅>=1920・bitdepth>=8・PD/CC BY・2周目の語）
  wtc_under              候補    0点 → 通った   0点（足した  0／時点が合う  21点）  落ちた内訳 小0 2値0 権利0
  lobby_pre              候補  400点 → 通った  79点（足した 79／時点が合う   1点）  落ちた内訳 小77 2値0 権利244
  security_pre           候補  404点 → 通った 121点（足した 121／時点が合う   1点）  落ちた内訳 小166 2値1 権利116
  gate_pre               候補  181点 → 通った  63点（足した 63／時点が合う   7点）  落ちた内訳 小25 2値0 権利93
  fids_pre               候補   43点 → 通った  12点（足した 12／時点が合う   0点）  落ちた内訳 小7 2値0 権利24
  reagan                 候補  379点 → 通った 100点（足した 100／時点が合う   0点）  落ちた内訳 小115 2値11 権利153
  cabin_pre              候補  417点 → 通った 107点（足した 107／時点が合う   2点）  落ちた内訳 小108 2値2 権利200
  cabin_phone            候補    0点 → 通った   0点（足した  0／時点が合う   0点）  落ちた内訳 小0 2値0 権利0
  artcc_screen_pre       候補    0点 → 通った   0点（足した  0／時点が合う   0点）  落ちた内訳 小0 2値0 権利0
  radar_scope_pre        候補   30点 → 通った  14点（足した 14／時点が合う   0点）  落ちた内訳 小6 2値0 権利10
  artcc_screen2          候補    0点 → 通った   0点（足した  0／時点が合う   0点）  落ちた内訳 小0 2値0 権利0
  artcc_alt              候補  354点 → 通った 119点（足した 119／時点が合う  24点）  落ちた内訳 小164 2値5 権利66
  artcc_seat             候補  384点 → 通った 274点（足した 274／時点が合う  24点）  落ちた内訳 小97 2値1 権利12
  boston_artcc_ext       候補    0点 → 通った   0点（足した  0／時点が合う   0点）  落ちた内訳 小0 2値0 権利0
  indy_artcc             候補    0点 → 通った   0点（足した  0／時点が合う   0点）  落ちた内訳 小0 2値0 権利0
  cleveland_artcc        候補    0点 → 通った   0点（足した  0／時点が合う   0点）  落ちた内訳 小0 2値0 権利0
  atcscc                 候補    0点 → 通った   0点（足した  0／時点が合う   0点）  落ちた内訳 小0 2値0 権利0
  pentagon_ext_pre       候補  395点 → 通った 331点（足した 331／時点が合う   8点）  落ちた内訳 小47 2値6 権利11
  wtc_smoke_day          候補  129点 → 通った  24点（足した 22／時点が合う  24点）  落ちた内訳 小100 2値0 権利5
  apron_day              候補    0点 → 通った   0点（足した  0／時点が合う   0点）  落ちた内訳 小0 2値0 権利0
  apron_lined_day        候補  400点 → 通った  93点（足した 93／時点が合う   4点）  落ちた内訳 小153 2値0 権利154
  stopped_day            候補   53点 → 通った   0点（足した  0／時点が合う   0点）  落ちた内訳 小51 2値0 権利2
  stranded_day           候補   55点 → 通った  19点（足した 19／時点が合う   0点）  落ちた内訳 小7 2値3 権利26
  report_cover           候補  185点 → 通った  43点（足した 43／時点が合う  24点）  落ちた内訳 小75 2値60 権利7
  report_page            候補  396点 → 通った 142点（足した 142／時点が合う  24点）  落ちた内訳 小209 2値8 権利37
  hearing                候補  125点 → 通った  43点（足した 43／時点が合う  24点）  落ちた内訳 小75 2値0 権利7
  library_reports        候補    0点 → 通った   0点（足した  0／時点が合う   0点）  落ちた内訳 小0 2値0 権利0
  nist_report            候補  366点 → 通った 303点（足した 303／時点が合う  24点）  落ちた内訳 小58 2値0 権利5
  atc_tape               候補    0点 → 通った   0点（足した  0／時点が合う   0点）  落ちた内訳 小0 2値0 権利0
  logbook                候補  157点 → 通った  45点（足した 45／時点が合う  24点）  落ちた内訳 小63 2値0 権利49
  artcc_now              候補    0点 → 通った   0点（足した  0／時点が合う   0点）  落ちた内訳 小0 2値0 権利0

台帳 → C:\Users\konar\Desktop\zukai-engine\analytics\materials\ep7\assets_cand.json
exit=0
