■ 73欄を探します（幅>=1920・bitdepth>=8・PD/CC BY）
  manhattan_pre          候補   25点 → 通った   2点（時点が合う   0点）
  commute_pre            候補   85点 → 通った  31点（時点が合う   3点）
  wtc_far                候補   58点 → 通った  10点（時点が合う   1点）
  wtc_twin               候補   35点 → 通った   6点（時点が合う   1点）
  wtc_base               候補   66点 → 通った  12点（時点が合う   4点）
  wtc_south              候補   59点 → 通った   9点（時点が合う   2点）
  wtc_under              候補    1点 → 通った   0点（時点が合う   0点）
  lobby_pre              候補    8点 → 通った   0点（時点が合う   0点）
  security_pre           候補    0点 → 通った   0点（時点が合う   0点）
  gate_pre               候補    0点 → 通った   0点（時点が合う   0点）
  fids_pre               候補    1点 → 通った   0点（時点が合う   0点）
  logan                  候補    1点 → 通った   1点（時点が合う   1点）
  logan_apron            候補    7点 → 通った   4点（時点が合う   2点）
  logan_takeoff          候補   67点 → 通った  64点（時点が合う   1点）
  dulles                 候補   54点 → 通った   5点（時点が合う   0点）
  dulles_rwy             候補   82点 → 通った  15点（時点が合う   0点）
  reagan                 候補   59点 → 通った   0点（時点が合う   0点）
  newark_757             候補   88点 → 通った   5点（時点が合う   0点）
  b767                   候補   84点 → 通った   2点（時点が合う   0点）
  b757                   候補   61点 → 通った   1点（時点が合う   0点）
  b767_cruise            候補   87点 → 通った  17点（時点が合う   7点）
  b767_takeoff           候補   31点 → 通った  15点（時点が合う  15点）
  b757_takeoff           候補   95点 → 通った  35点（時点が合う  35点）
  airliner_cruise        候補   12点 → 通った  10点（時点が合う  10点）
  refuel                 候補   23点 → 通った  12点（時点が合う  12点）
  cabin_pre              候補    5点 → 通った   0点（時点が合う   0点）
  cockpit_door_pre       候補   19点 → 通った   1点（時点が合う   0点）
  cabin_phone            候補    0点 → 通った   0点（時点が合う   0点）
  cockpit_pre            候補   39点 → 通った   2点（時点が合う   0点）
  window_cruise          候補   26点 → 通った  17点（時点が合う  17点）
  window_sky             候補   53点 → 通った   1点（時点が合う   1点）
  artcc_screen_pre       候補    1点 → 通った   0点（時点が合う   0点）
  radar_scope_pre        候補    4点 → 通った   0点（時点が合う   0点）
  controller_pre         候補    5点 → 通った   4点（時点が合う   0点）
  artcc_screen2          候補    1点 → 通った   0点（時点が合う   0点）
  artcc_alt              候補    0点 → 通った   0点（時点が合う   0点）
  artcc_seat             候補    0点 → 通った   0点（時点が合う   0点）
  boston_artcc_ext       候補    0点 → 通った   0点（時点が合う   0点）
  indy_artcc             候補    0点 → 通った   0点（時点が合う   0点）
  cleveland_artcc        候補    0点 → 通った   0点（時点が合う   0点）
  atcscc                 候補    0点 → 通った   0点（時点が合う   0点）
  aoc_pre                候補    2点 → 通った   1点（時点が合う   1点）
  pentagon_ext_pre       候補    0点 → 通った   0点（時点が合う   0点）
  pentagon_aerial_pre    候補    1点 → 通った   1点（時点が合う   1点）
  pentagon_court_pre     候補   38点 → 通った  35点（時点が合う   0点）
  pentagon_west_day      候補   29点 → 通った  29点（時点が合う   0点）
  f15_alert              候補    3点 → 通った   1点（時点が合う   1点）
  f15_takeoff            候補    8点 → 通った   6点（時点が合う   6点）
  f16_alert              候補   44点 → 通った  35点（時点が合う  35点）
  f16_takeoff            候補   60点 → 通った  54点（時点が合う  54点）
  base_rwy               候補   30点 → 通った  23点（時点が合う  23点）
  fighter_dc             候補    7点 → 通った   3点（時点が合う   3点）
  andrews                候補   58点 → 通った  50点（時点が合う  50点）
  wtc_smoke_day          候補    1点 → 通った   0点（時点が合う   0点）
  fire_trucks_day        候補   14点 → 通った  11点（時点が合う   2点）
  shanksville_day        候補   44点 → 通った  12点（時点が合う   0点）
  apron_day              候補    0点 → 通った   0点（時点が合う   0点）
  apron_lined_day        候補    0点 → 通った   0点（時点が合う   0点）
  stopped_day            候補    0点 → 通った   0点（時点が合う   0点）
  stranded_day           候補    0点 → 通った   0点（時点が合う   0点）
  report_cover           候補    1点 → 通った   0点（時点が合う   0点）
  report_page            候補   60点 → 通った   0点（時点が合う   0点）
  hearing                候補    0点 → 通った   0点（時点が合う   0点）
  library_reports        候補    2点 → 通った   0点（時点が合う   0点）
  nist_report            候補    0点 → 通った   0点（時点が合う   0点）
  recorder               候補   10点 → 通った   6点（時点が合う   6点）
  atc_tape               候補   10点 → 通った   0点（時点が合う   0点）
  logbook                候補   13点 → 通った   0点（時点が合う   0点）
  security_now           候補   25点 → 通った  16点（時点が合う  16点）
  cockpit_door_hard      候補    5点 → 通った   4点（時点が合う   0点）
  artcc_now              候補    0点 → 通った   0点（時点が合う   0点）
  lobby_now              候補    9点 → 通った   2点（時点が合う   2点）
  clear_sky              候補  120点 → 通った  13点（時点が合う  13点）

台帳 → C:\Users\konar\Desktop\zukai-engine\analytics\materials\ep7\assets_cand.json
exit=0
