  pr01-1  96.4%  1977年3月27日の夕方5時過ぎ、スペインのカナリア諸島
  c115-1 100.0%  副操縦士はブラッグ。 10800時間のうち747が2796時間。
  c307-1 100.0%  平行誘導路が機体で埋まると出ていく機体は通れなくなる。
  c728-1  95.5%  十七時六分二十五秒。管制官がパンナムへこう言った。

=== 一致率の低い順 4行（★耳で確かめる候補）===

c728-1  一致率 95.5%
   台本: 17時06分25秒。管制官がパンナムへ、こう言った。
   送信: 17時06分25秒。かんせいかんがパンナムへ、こう言った。   ← EL_YOMI で書き換えた文
   聞取: 十七時六分二十五秒。管制官がパンナムへこう言った。

pr01-1  一致率 96.4%
   台本: 1977年3月27日の夕方5時すぎ、スペインのカナリア諸島。
   送信: 千九百七十七年三月ニジュウシチニチの夕方5時すぎ、スペインのカナリア諸島。   ← EL_YOMI で書き換えた文
   聞取: 1977年3月27日の夕方5時過ぎ、スペインのカナリア諸島

c115-1  一致率 100.0%
   台本: 副操縦士はブラッグ。10,800時間のうち、747が2,796時間。
   送信: 副操縦士はブラッグ。いちまんはっぴゃく時間のうち、ナナヨンナナが2,796時間。   ← EL_YOMI で書き換えた文
   聞取: 副操縦士はブラッグ。 10800時間のうち747が2796時間。

c307-1  一致率 100.0%
   台本: 平行誘導路が機体で埋まると、出ていく機体は通れなくなる。
   送信: 並行誘導路が機体で埋まると、出ていく機体は通れなくなる。   ← EL_YOMI で書き換えた文
   聞取: 平行誘導路が機体で埋まると出ていく機体は通れなくなる。

検査 4行 -> C:\Users\konar\Desktop\zukai-engine\audio\el_qa\ep9_el_yomi.tsv（記録 495行／台本 495行）
Scribe: 音声 21.9秒を文字起こし／クレジット 102,773 → 102,773（消費 0／上限 131,000） ⚠️ 反映が遅れることがある
