
=== pr01-1  96.4%
  台本: 1977年3月27日の夕方5時すぎ、スペインのカナリア諸島。
  送る: 千九百七十七年三月ニジュウシチニチの夕方5時すぎ、スペインのカナリア諸島。
  聞取: 1977年3月27日の夕方5時過ぎ、スペインのカナリア諸島

=== pr01-1  96.4%
  台本: 1977年3月27日の夕方5時すぎ、スペインのカナリア諸島。
  送る: 千九百七十七年 三月 にじゅうしちにちの夕方5時すぎ、スペインのカナリア諸島。
  聞取: 1977年3月27日の夕方5時過ぎ、スペインのカナリア諸島

=== c307-1（頭に「　、」）  100.0%
  台本: 平行誘導路が機体で埋まると、出ていく機体は通れなくなる。
  送る: 並行誘導路が機体で埋まると、出ていく機体は通れなくなる。
  聞取: 平行誘導路が機体で埋まると出ていく機体は通れなくなる。

=== c307-1（頭に「　、」）  100.0%
  台本: 平行誘導路が機体で埋まると、出ていく機体は通れなくなる。
  送る: ヘイコウ誘導路が機体で埋まると、出ていく機体は通れなくなる。
  聞取: 平行誘導路が機体で埋まると出ていく機体は通れなくなる。

=== c307-1（頭に「　、」）  100.0%
  台本: 平行誘導路が機体で埋まると、出ていく機体は通れなくなる。
  送る: へいこうゆうどうろが機体で埋まると、出ていく機体は通れなくなる。
  聞取: 平行誘導路が機体で埋まると出ていく機体は通れなくなる。
