  pr01-1  91.2%  1977年3月に17日の夕方5時過ぎ、スペインのカナリア諸島
  pr01-2 100.0%  テネリフェ島にある空港の滑走路は雲の中にあった。
  pr04-3 100.0%  二機とも来るはずのない空港にいた。
  pr05-2 100.0%  もう一機はパンアメリカン航空の1736便である。
  pr08-2 100.0%  滑走路が一本しかない小さな空港である。
  c103-2 100.0%  飛んだ時間は二万五千七百二十五時間で、KLM機より長く働いていた。
  c115-1  90.9%  副操縦士はブラック。 一万八百時間のうち、七四七が二千七百九十六時間。
  c207-2  91.2%  KLM機は十三時三十八分に、パンナム機はその三十七分後の十四時十五分に着いた。
  c302-1  94.5%  空港の標高は六百三十二メートル。山に挟まれた浅い谷の底にある。
  c304-1  89.7%  滑走路の脇に誘導路が1本ある。
  c315-1  87.5%  滑走路は平らではない。真ん中の辺りが膨らんでいる。
  c317-1 100.0%  雲が降りると、管制塔からは滑走路を走る機体が見えなくなる。
  c504-2 100.0%  霧ではない、地面についた雲だった。
  c511-1  85.7%  二十六分の間に三キロが三百メートルになった。十分の一である。
  c516-2 100.0%  滑走路の脇に置いた機械で見通しを測って数字にするものである。
  c518-2  94.9%  滑走路の端が見えている時は、管制官が自分の目で見て伝えていた。
  c619-1  95.2%  十七時三分二十九秒。パンナムが管制塔に確かめた。
  c816-1  98.2%  パンナム機では乗員九人と乗客三百十七人がその場で亡くなった。

=== 一致率の低い順 18行（★耳で確かめる候補）===

c511-1  一致率 85.7%
   台本: 26分のあいだに、3キロが300メートルになった。10分の1である。
   送信: にじゅうろっぷんのあいだに、3キロが300メートルになった。ジュウブンのイチである。   ← EL_YOMI で書き換えた文
   聞取: 二十六分の間に三キロが三百メートルになった。十分の一である。

c315-1  一致率 87.5%
   台本: 滑走路は、平らではない。真ん中のあたりが、ふくらんでいる。
   送信: かっそうろは、平らではない。真ん中のあたりが、ふくらんでいる。   ← EL_YOMI で書き換えた文
   聞取: 滑走路は平らではない。真ん中の辺りが膨らんでいる。

c304-1  一致率 89.7%
   台本: 滑走路のわきに、誘導路が1本ある。
   送信: かっそうろのわきに、誘導路が1本ある。   ← EL_YOMI で書き換えた文
   聞取: 滑走路の脇に誘導路が1本ある。

c115-1  一致率 90.9%
   台本: 副操縦士はブラッグ。10,800時間のうち、747が2,796時間。
   送信: 副操縦士はブラッグ。いちまんはっぴゃく時間のうち、ナナヨンナナが2,796時間。   ← EL_YOMI で書き換えた文
   聞取: 副操縦士はブラック。 一万八百時間のうち、七四七が二千七百九十六時間。

c207-2  一致率 91.2%
   台本: KLM機は13時38分に、パンナム機はその37分あとの14時15分に着いた。
   送信: KLM機は13時さんじゅうはっぷんに、パンナム機はその37分あとの14時15分に着いた。   ← EL_YOMI で書き換えた文
   聞取: KLM機は十三時三十八分に、パンナム機はその三十七分後の十四時十五分に着いた。

pr01-1  一致率 91.2%
   台本: 1977年3月27日の夕方5時すぎ、スペインのカナリア諸島。
   送信: 千九百七十七年三月にじゅうしちにちの夕方5時すぎ、スペインのカナリア諸島。   ← EL_YOMI で書き換えた文
   聞取: 1977年3月に17日の夕方5時過ぎ、スペインのカナリア諸島

c302-1  一致率 94.5%
   台本: 空港の標高は632メートル。山にはさまれた、浅い谷の底にある。
   送信: 空港の標高は632メートル。山に挟まれた、浅い谷の底にある。   ← EL_YOMI で書き換えた文
   聞取: 空港の標高は六百三十二メートル。山に挟まれた浅い谷の底にある。

c518-2  一致率 94.9%
   台本: 滑走路の端が見えているときは、管制官が自分の目で見て伝えていた。
   送信: かっそうろの端が見えているときは、かんせいかんが自分の目で見て伝えていた。   ← EL_YOMI で書き換えた文
   聞取: 滑走路の端が見えている時は、管制官が自分の目で見て伝えていた。

c619-1  一致率 95.2%
   台本: 17時03分29秒。パンナムが、管制塔に確かめた。
   送信: 十七時三分二十九秒。パンナムが、管制塔に確かめた。   ← EL_YOMI で書き換えた文
   聞取: 十七時三分二十九秒。パンナムが管制塔に確かめた。

c816-1  一致率 98.2%
   台本: パンナム機では、乗員9人と乗客317人が、その場で亡くなった。
   送信: パンナム機では、乗員9人と乗客さんびゃくじゅうななにんが、その場で亡くなった。   ← EL_YOMI で書き換えた文
   聞取: パンナム機では乗員九人と乗客三百十七人がその場で亡くなった。

pr01-2  一致率 100.0%
   台本: テネリフェ島にある空港の滑走路は、雲の中にあった。
   送信: テネリフェトウにある空港の滑走路は、雲の中にあった。   ← EL_YOMI で書き換えた文
   聞取: テネリフェ島にある空港の滑走路は雲の中にあった。

pr04-3  一致率 100.0%
   台本: 二機とも、来るはずのない空港にいた
   送信: ニキとも、くるはずのない空港にいた   ← EL_YOMI で書き換えた文
   聞取: 二機とも来るはずのない空港にいた。

pr05-2  一致率 100.0%
   台本: もう一機は、パンアメリカン航空の1736便である。
   送信: もう一機は、パンアメリカン航空のせんななひゃくさんじゅうろく便である。   ← EL_YOMI で書き換えた文
   聞取: もう一機はパンアメリカン航空の1736便である。

pr08-2  一致率 100.0%
   台本: 滑走路が1本しかない、小さな空港である。
   送信: かっそうろが1本しかない、小さな空港である。   ← EL_YOMI で書き換えた文
   聞取: 滑走路が一本しかない小さな空港である。

c103-2  一致率 100.0%
   台本: 飛んだ時間は25,725時間で、KLM機より長く働いていた。
   送信: 飛んだ時間はにまんごせんななひゃくにじゅうご時間で、KLM機より長く働いていた。   ← EL_YOMI で書き換えた文
   聞取: 飛んだ時間は二万五千七百二十五時間で、KLM機より長く働いていた。

c317-1  一致率 100.0%
   台本: 雲が降りると、管制塔からは、滑走路を走る機体が見えなくなる。
   送信: 雲がおりると、かんせいとうからは、滑走路を走る機体が見えなくなる。   ← EL_YOMI で書き換えた文
   聞取: 雲が降りると、管制塔からは滑走路を走る機体が見えなくなる。

c504-2  一致率 100.0%
   台本: 霧ではない。地面についた雲だった
   送信: きりではない。地面についた雲だった   ← EL_YOMI で書き換えた文
   聞取: 霧ではない、地面についた雲だった。

c516-2  一致率 100.0%
   台本: 滑走路の脇に置いた機械で、見通しを測って数字にするものである。
   送信: かっそうろの脇に置いた機械で、見通しを測って数字にするものである。   ← EL_YOMI で書き換えた文
   聞取: 滑走路の脇に置いた機械で見通しを測って数字にするものである。

検査 18行 -> C:\Users\konar\Desktop\zukai-engine\audio\el_qa\ep9_el_yomi.tsv（記録 495行／台本 495行）
Scribe: 音声 82.2秒を文字起こし／クレジット 102,330 → 102,330（消費 0／上限 131,000） ⚠️ 反映が遅れることがある
