ElevenLabs: 声=Koichi-Deep Calm Japanese Narrator（H8ZPDxbrPcks5hEsi2fq） モデル=eleven_v3 settings={'stability': 0.64, 'similarity_boost': 0.89, 'style': 0.0, 'speed': 1.0, 'use_speaker_boost': True} ／クレジット 102,043 / 131,000／GAP 0.4s
pr01:  10.50s  (2行)
pr04:   8.96s  (3行)
pr05:  10.53s  (2行)
pr08:   8.08s  (2行)
c103:  12.14s  (2行)
c115:  11.73s  (2行)
c207:  11.20s  (2行)
c302:   9.20s  (2行)
c304:  13.92s  (3行)
c315:   4.01s  (1行)
c317:   4.32s  (1行)
c504:   7.04s  (2行)
c511:   8.00s  (2行)
c516:   9.66s  (2行)
c518:   8.31s  (2行)
c619:   7.76s  (2行)
    ⚠️ 異音 c816-1 take1: 末尾に余計な音: 90ms の無音 → 170ms の音（5.27秒地点・振幅8895＝本文の1.0倍）
c816:  13.35s  (3行)

合成 17 カット／持ち越し 198 カット／未作成 0／記録 215／台本 215
作ったぶん: 215カット 12515字 → 発話＋行間 1982.7秒（6.31字/秒・行間込み。AivisSpeech は 5.52）
本編の見込み 36.6分（全 12515字をこの速さで＋LEAD/TAIL 0.85×215＋quote 2.0×14。許容 27〜40分）
最長の1行 = 6.80秒「KLM機は13時38分に、パンナム機はその37分あとの14時15分に着いた。」
API 19行（606字）／キャッシュ 17行／振り直し 1回／本物と判定 0／要耳 0（記録＝audio/el_qa/ep9_el_retakes.tsv）
クレジット 102,043 → 102,330（消費 287）⚠️ 反映が遅れることがある
