
pr01-1  7.63秒
   2024年3月26日、午前1時29分。メリーランド州ボルチモア。
   ⚠️ 途中に 990ms の無音（4.88秒地点）

pr02-1  5.86秒
   橋の上には、8人がいた。道路の穴を埋めていた補修班が7人。
   ⚠️ 途中に 850ms の無音（2.16秒地点）

pr03-1  5.47秒
   6人が亡くなった。1人が重傷を負って生き延び、点検員は無事だった。
   ⚠️ 末尾に余計な音: 80ms の無音 → 150ms の音（5.32秒地点・振幅10401＝本文の1.0倍）

pr04-3  2.44秒
   衝突まで、1分16秒あった
   ⚠️ 途中に浮いた音: 130ms（1.00秒地点・振幅22917＝本文の2.6倍／前150ms・後100ms の無音）

pr06-1  4.35秒
   原因は、船の配電盤の中にあった一本の信号線だった。
   ⚠️ 途中に浮いた音: 150ms（2.83秒地点・振幅17009＝本文の1.7倍／前100ms・後110ms の無音）

pr10-2  6.69秒
   橋の設計指針が許容している線のおよそ30倍だった。誰も計算していなかった。
   ⚠️ 途中に 880ms の無音（4.23秒地点）

pr12-1  5.50秒
   これは、その4分9秒と、届かなかった1分16秒の記録である。
   ⚠️ 途中に浮いた音: 250ms（3.36秒地点・振幅19817＝本文の2.2倍／前110ms・後150ms の無音）

c101-1  5.65秒
   フランシス・スコット・キー橋。ボルチモアの港の出口を跨いでいた。
   ⚠️ 途中に 920ms の無音（1.93秒地点）

c102-2  3.74秒
   崩れたのは、その47年と3日あとだった。
   ⚠️ 末尾に余計な音: 130ms の無音 → 240ms の音（3.49秒地点・振幅9993＝本文の1.0倍）

c104-2  5.64秒
   主航路の上の桁下は185フィート、およそ56メートルあった。
   ⚠️ 末尾に余計な音: 120ms の無音 → 150ms の音（5.49秒地点・振幅18189＝本文の1.5倍）

c106-2  2.14秒
   そのうち1割がトラックだった。
   ⚠️ 末尾に余計な音: 120ms の無音 → 130ms の音（2.02秒地点・振幅20765＝本文の2.2倍）

c113-1  5.88秒
   橋脚には備えがあった。橋が開いた1977年から、
   ⚠️ 途中に浮いた音: 230ms（1.76秒地点・振幅10549＝本文の1.2倍／前160ms・後750ms の無音）
   ⚠️ 途中に 750ms の無音（1.99秒地点）

c115-1  4.58秒
   ただし、設計に使われたのは1969年の基準だった。
   ⚠️ 末尾に余計な音: 90ms の無音 → 140ms の音（4.43秒地点・振幅13785＝本文の1.6倍）

c202-1  3.11秒
   閉じていたのは、南行きの右車線1本。
   ⚠️ 末尾に余計な音: 160ms の無音 → 180ms の音（2.94秒地点・振幅12741＝本文の1.2倍）

c213-2  5.73秒
   乾いていくコンクリートを見に行き、第22径間の自分の車まで戻ったところだった。
   ⚠️ 末尾に余計な音: 80ms の無音 → 160ms の音（5.55秒地点・振幅8144＝本文の0.9倍）

c215-1  3.97秒
   積み込みが終わったのは午後11時06分。
   ⚠️ 末尾に余計な音: 80ms の無音 → 220ms の音（3.76秒地点・振幅13292＝本文の1.1倍）

c301-2  4.89秒
   低圧の電気が落ちると、明かりも舵も機関も同時に止まる造りだった。
   ⚠️ 末尾に余計な音: 110ms の無音 → 180ms の音（4.72秒地点・振幅8257＝本文の0.9倍）

c307-1  5.56秒
   0時36分、タグボート2隻に付き添われて岸壁を離れる。
   ⚠️ 途中に浮いた音: 230ms（1.06秒地点・振幅14717＝本文の1.8倍／前120ms・後770ms の無音）
   ⚠️ 途中に 770ms の無音（1.29秒地点）

c309-1  4.33秒
   船の電気は二段になっている。高圧の母線から、
   ⚠️ 途中に 880ms の無音（2.20秒地点）

c312-1  5.03秒
   燃料はタンクに180万ガロン、およそ680万リットル。
   ⚠️ 途中に浮いた音: 140ms（3.45秒地点・振幅21392＝本文の2.1倍／前170ms・後100ms の無音）

c313-3  2.68秒
   端子台は、船に数千個あった
   ⚠️ 末尾に余計な音: 120ms の無音 → 160ms の音（2.52秒地点・振幅13452＝本文の1.7倍）

c315-1  4.66秒
   港では、船が航路の中で安定したらタグを離すのがふつうだった。
   ⚠️ 末尾に余計な音: 90ms の無音 → 190ms の音（4.47秒地点・振幅12393＝本文の1.1倍）

c401-2  6.00秒
   報告書は、ここからの残り時間を括弧に入れて書いている。マイナス4分9秒。
   ⚠️ 途中に 750ms の無音（3.74秒地点）

c402-1  4.19秒
   明かりが消えた。操舵ポンプ3台が全部止まった。
   ⚠️ 末尾に余計な音: 90ms の無音 → 200ms の音（4.00秒地点・振幅7697＝本文の1.3倍）
   ⚠️ 途中に 710ms の無音（1.01秒地点）

c404-3  1.83秒
   舵は、動かせなかった
   ⚠️ 末尾に余計な音: 90ms の無音 → 180ms の音（1.65秒地点・振幅8571＝本文の1.1倍）

c405-1  5.64秒
   3秒後の1時25分03秒。航海データ記録装置が、
   ⚠️ 途中に 700ms の無音（3.40秒地点）

c408-1  7.90秒
   1時25分08秒。主機関が止まった。冷却水ポンプが落ちたためである。
   ⚠️ 途中に 700ms の無音（2.41秒地点）
   ⚠️ 途中に 970ms の無音（4.48秒地点）

c417-1  6.29秒
   1時26分10秒。停電から70秒。非常用の発電機がつながった。
   ⚠️ 末尾に余計な音: 80ms の無音 → 130ms の音（6.16秒地点・振幅17339＝本文の1.7倍）

c418-1  5.11秒
   1時26分18秒。3台のポンプがそろって回った。
   ⚠️ 末尾に余計な音: 100ms の無音 → 170ms の音（4.94秒地点・振幅14523＝本文の1.8倍）

c424-1  8.59秒
   1時27分46秒。橋まで939フィート。船の長さ1隻ぶんを切った。
   ⚠️ 末尾に余計な音: 120ms の無音 → 210ms の音（8.39秒地点・振幅15985＝本文の1.7倍）
   ⚠️ 途中に 790ms の無音（5.39秒地点）

c424-2  1.99秒
   速力7.5ノット。
   ⚠️ 末尾に余計な音: 130ms の無音 → 180ms の音（1.81秒地点・振幅15800＝本文の2.1倍）

c425-2  6.42秒
   二等航海士がつまみを回した。補機が最初の停電で止まっており、動かなかった。
   ⚠️ 末尾に余計な音: 80ms の無音 → 160ms の音（6.26秒地点・振幅10630＝本文の1.3倍）

c426-2  2.13秒
   錨のブレーキが、開かなかった
   ⚠️ 末尾に余計な音: 120ms の無音 → 120ms の音（2.02秒地点・振幅7015＝本文の1.1倍）

c427-3  5.98秒
   1時29分09秒。船首の右舷が、17番橋脚に当たった。
   ⚠️ 末尾に余計な音: 100ms の無音 → 190ms の音（5.80秒地点・振幅13085＝本文の1.3倍）

c501-1  2.94秒
   時計を、1分16秒だけ戻す。
   ⚠️ 途中に浮いた音: 160ms（0.89秒地点・振幅22821＝本文の2.8倍／前250ms・後130ms の無音）

c508-1  1.90秒
   その前に、船が当たった。
   ⚠️ 末尾に余計な音: 150ms の無音 → 200ms の音（1.71秒地点・振幅11403＝本文の1.7倍）

c509-2  6.25秒
   点検員は、両端の警官と番号を交換していた。作業長の番号も持っていた。
   ⚠️ 途中に 740ms の無音（3.41秒地点）

c513-2  3.43秒
   本人たちは知らなかった、と報告書は書いている。
   ⚠️ 途中に浮いた音: 150ms（1.29秒地点・振幅18350＝本文の2.5倍／前110ms・後260ms の無音）

c517-1  6.56秒
   点検員は、音を聞いた。報告書の言葉では、崩れるような雷の音。
   ⚠️ 途中に 770ms の無音（1.93秒地点）

c608-2  4.58秒
   橋の骨組みが、1本壊れれば落ちる造りだったからではないか。
   ⚠️ 途中に浮いた音: 120ms（1.34秒地点・振幅16035＝本文の1.8倍／前120ms・後110ms の無音）

c612-1  1.99秒
   6つ目が、その部材だった。
   ⚠️ 先頭に余計な音: 70ms の音（振幅27577＝本文の2.4倍）のあと 100ms の無音

c702-1  4.36秒
   目的は1つ。なぜ停電したのかを突き止めることだった。
   ⚠️ 末尾に余計な音: 80ms の無音 → 160ms の音（4.21秒地点・振幅6228＝本文の1.0倍）

c704-2  2.96秒
   造船所の遮断器の専門家を呼ぶことになった。
   ⚠️ 末尾に余計な音: 90ms の無音 → 220ms の音（2.73秒地点・振幅14962＝本文の1.4倍）

c710-1  5.72秒
   4月29日、午前6時12分ごろ。また同じ遮断器が落ちた。
   ⚠️ 途中に 910ms の無音（3.00秒地点）

c714-1  5.25秒
   技術者が調べると、途中の接点はどれも正常だった。それなのに、
   ⚠️ 途中に浮いた音: 190ms（3.66秒地点・振幅8232＝本文の0.9倍／前110ms・後640ms の無音）

c715-1  3.13秒
   そこで、信号線を1本ずつ当たっていった。
   ⚠️ 途中に浮いた音: 110ms（1.64秒地点・振幅13079＝本文の1.5倍／前80ms・後120ms の無音）

c715-2  8.24秒
   緩んだつなぎ目が1つ見つかる。ワゴ社の3口の端子台。番号は381。
   ⚠️ 途中に 910ms の無音（2.17秒地点）
   ⚠️ 途中に 760ms の無音（4.99秒地点）

c716-2  4.21秒
   ワイヤーワンを抜いて挿し直すと、装置に電気が戻った。
   ⚠️ 末尾に余計な音: 100ms の無音 → 230ms の音（3.98秒地点・振幅17047＝本文の2.0倍）

c718-2  7.17秒
   遮断器が開き、船は停電した。3月26日と同じ形の、警報の出ない停電である。
   ⚠️ 途中に 780ms の無音（2.31秒地点）

c723-2  5.26秒
   船を造るとき、配電盤の線には1本ずつ、ラベルの帯が巻かれていた。
   ⚠️ 途中に浮いた音: 110ms（2.68秒地点・振幅18258＝本文の1.9倍／前80ms・後100ms の無音）

c725-3  2.97秒
   帯が、線を奥まで入れさせなかった
   ⚠️ 末尾に余計な音: 150ms の無音 → 150ms の音（2.83秒地点・振幅9621＝本文の1.1倍）

c802-2  3.43秒
   橋からおよそ600ヤードのところで操舵を失った。
   ⚠️ 末尾に余計な音: 90ms の無音 → 210ms の音（3.21秒地点・振幅12894＝本文の1.3倍）

c809-2  1.67秒
   35人が亡くなった。
   ⚠️ 末尾に余計な音: 110ms の無音 → 180ms の音（1.48秒地点・振幅13474＝本文の1.4倍）

c814-2  5.19秒
   州の道路行政も、2009年の指針そのものの開発委員だった。
   ⚠️ 末尾に余計な音: 100ms の無音 → 220ms の音（4.97秒地点・振幅9742＝本文の1.2倍）

c901-2  3.40秒
   ボルチモア港に出入りする船が、すべて止まった。
   ⚠️ 末尾に余計な音: 130ms の無音 → 180ms の音（3.21秒地点・振幅12408＝本文の1.4倍）

c904-1  5.26秒
   測量船がソナーで残骸の形を測り、潜水士が水中に入った。
   ⚠️ 末尾に余計な音: 80ms の無音 → 140ms の音（5.11秒地点・振幅14650＝本文の1.3倍）

c905-1  5.69秒
   5月13日。船の上に乗ったままの橋桁を、火薬で切り離した。
   ⚠️ 途中に 790ms の無音（1.34秒地点）

c917-2  5.95秒
   主径間は3300フィート。塔と塔のあいだは1600フィートになる。
   ⚠️ 途中に 760ms の無音（2.38秒地点）

ca11-2  5.04秒
   マイクを別々に録れること。航海データ記録装置への勧告である。
   ⚠️ 途中に 720ms の無音（1.83秒地点）

ca12-1  3.37秒
   推定原因は、一本の信号線の緩みだった。
   ⚠️ 途中に浮いた音: 130ms（1.31秒地点・振幅23285＝本文の2.0倍／前190ms・後110ms の無音）

ep02-1  6.71秒
   1時27分53秒に指示が出て、1時28分21秒に車が止まった。
   ⚠️ 先頭に余計な音: 10ms の音（振幅662＝本文の0.1倍）のあと 80ms の無音

ep03-2  2.60秒
   素早い封鎖が、命を救った
   ⚠️ 末尾に余計な音: 130ms の無音 → 160ms の音（2.44秒地点・振幅11882＝本文の1.4倍）

ep05-1  4.96秒
   報告書はこう結んでいる。緊急のときに橋から退避させるための、
   ⚠️ 途中に 720ms の無音（1.68秒地点）

ep06-1  3.51秒
   一本の信号線と、掛からなかった一本の電話。
   ⚠️ 先頭に余計な音: 130ms の音（振幅20788＝本文の2.4倍）のあと 110ms の無音
   ⚠️ 途中に浮いた音: 190ms（2.44秒地点・振幅24768＝本文の2.8倍／前100ms・後100ms の無音）

疑わしい行 64 件 -> C:\Users\konar\Desktop\zukai-engine\audio\el_qa\keybridge_el_artifacts.tsv
EXIT=0
