
=== c318-1  「針路140度」→「しんろ140度」  ⭐良化  87.3% → 90.6% ===
  理由: 🔴聞取『真西140度』＝意味が変わる（進む向きの数値）
  台本  : このとき船は、針路140度で、航路の中心の少し左を進んでいた。
  前の聞取: この時、船は真西140度で航路の中心の少し左を進んでいた。
  後の聞取: この時、船は針路百四十度で航路の中心の少し左を進んでいた。

=== c403-1  「針路142度」→「しんろ142度」  ＝変わらず  94.7% → 94.7% ===
  理由: 🔴同じ型。聞取『針状142度』
  台本  : 船は8.9ノットで進んでいた。針路142度。
  前の聞取: 船は八点九ノットで進んでいた。針路百四十二度
  後の聞取: 船は八点九ノットで進んでいた。針路百四十二度。

=== c918-2  「通れるように」→「とおれるように」  ⭐良化  95.8% → 97.9% ===
  理由: 🔴文頭。聞取『壊れるように』＝意味が反転する
  台本  : 通れるようになるのは、2030年の後半とされている。
  前の聞取: 壊れるようになるのは2030年の後半とされている。
  後の聞取: 通れるようになるのは 2030年の後半とされてい

=== c821-1  「あいだに当たられて」→「あいだに あたられて」  ＝変わらず  81.4% → 81.4% ===
  理由: 🔴聞取『渡られて』＝意味が変わる
  台本  : そのうち40の橋が、2002年から2023年のあいだに当たられている。
  前の聞取: そのうち四十の橋が二千二年から二千二十三年の間に渡られている。
  後の聞取: そのうち四十の橋が二千二年から二千二十三年の間に渡られている

=== c814-1  「州交通局は、この」→「しゅう交通局は、この」  ＝変わらず  94.5% → 94.3% ===
  理由: 🔴文頭。聞取『民衆交通局』
  台本  : 州交通局は、この指針を引用する別の基準を作る委員会にいた。
  前の聞取: 民衆交通局はこの指針を引用する別の基準を作る委員会にいた。
  後の聞取: 西州交通局はこの指針を引用する別の基準を作る委員会に

=== c423-2  「低圧が戻る」→「ていあつが戻る」  ▲悪化  81.8% → 77.3% ===
  理由: 🔴文頭。聞取『血圧が戻る』
  台本  : 低圧が戻る。それでも主機関は止まったままである。
  前の聞取: 血圧が戻る。それでも手記感は止まったままである。
  後の聞取: 手厚が戻る。それでも指揮官は止まったままである。
    ⚠️ 異音 c424-2 take1: 末尾に余計な音: 160ms の無音 → 220ms の音（1.94秒地点・振幅14965＝本文の1.7倍）
    ⚠️ 異音 c424-2 take2: 末尾に余計な音: 150ms の無音 → 130ms の音（2.07秒地点・振幅15874＝本文の1.9倍）
🔴 試せなかったもの:
   c108-1: 置換後が置換前と同じです（key=両端の橋台）

=== c424-2  「速力7.5」→「そくりょく7.5」  ⭐良化  75.0% → 100.0% ===
  理由: 🔴文頭。聞取『スク力』
  台本  : 速力7.5ノット。
  前の聞取: スク力七点五ノット
  後の聞取: 速力7.5ノット

=== c910-2  「崩落から」→「ほうらくから」  ⭐良化  81.8% → 100.0% ===
  理由: 🔴文頭。聞取『風俗から』（『崩落の前』は登録ずみだがこのキーは当たらない）
  台本  : 崩落から76日である。
  前の聞取: フーズ落から七十六日である。
  後の聞取: 崩落から七十六日である。

=== c805-1  「防衝工は壊れた」→「ぼうしょうこうは壊れた」  ▲悪化  79.1% → 74.4% ===
  理由: 🔴文頭。聞取『防潮溝』＝しょう→ちょう。行中は正しいので文頭だけ
  台本  : 防衝工は壊れたが、元の設計どおりに造り直された。
  前の聞取: 防潮溝は壊れたが、元の設計通りに作り直された。
  後の聞取: 王昭君は壊れたが、元の設計通りに作り直された。

=== c712-1  「引外し装置」→「ひきはずし装置」  ⭐良化  87.3% → 90.9% ===
  理由: 聞取『引きずし装置』
  台本  : この遮断器には、不足電圧引外し装置という部品が付いている。
  前の聞取: この遮断機には不足電圧引きずし装置という部品がついている。
  後の聞取: この遮断機には不足電圧引き外し装置という部品がついている

=== c715-2  「ワゴ社の3口」→「わごしゃの3口」  ⭐良化  91.8% → 93.3% ===
  理由: 聞取『輪ゴム車』。行中の『ワゴ社』は我が社＝音は正しいので、この行だけ
  台本  : 緩んだつなぎ目が1つ見つかる。ワゴ社の3口の端子台。番号は381。
  前の聞取: 緩んだつなぎ目が一つ見つかる。輪ゴム車の三口の端子台、番号は三百八十一。
  後の聞取: 緩んだつなぎ目が一つ見つかる。和語社の三口の端子台、番号は三百八十一。

=== c104-2  「主航路の上」→「しゅこうろの上」  ⭐良化  90.9% → 98.2% ===
  理由: 🔴文頭。聞取『主砲楼』＝ほうろう
  台本  : 主航路の上の桁下は185フィート、およそ56メートルあった。
  前の聞取: 主砲楼の上の桁下は百八十五フィート、およそ五十六メートルあった。
  後の聞取: 主航路の上の桁下は百八十五フィート、およそ五十六メートルあった。

=== c520-1  「警察の艇が」→「警察の ていが」  ▲悪化  95.2% → 87.5% ===
  理由: 聞取『警察の点が』
  台本  : 1時55分。州交通局警察の艇が、20番橋脚の近くでその1人を見つけた。
  前の聞取: 一時五十五分、州交通局警察の点が二十番橋脚の近くでその一人を見つけた。
  後の聞取: 一時五十五分、州交通局警察のテイが二十番漂着の近くでその一人を見つけた。

13件 -> keybridge_yomi_ab.tsv
EXIT=1
