selftest: 7/7 合格（⚠️ 判定は当たり。最後は聞取の全文を読んで決める）

=== 採用（20件）===
  c305-1   「水先人」→「みずさき人」  狙った音 ミズサキジン
      前: 土肥川人はその水域を知っている案内役である。
      後: 水崎人はその水域を知っている案内役である。
  c213-1   「点検員」→「てんけん員」  狙った音 テンケンイン
      前: 弁慶院は橋を歩いて渡っていた。
      後: 点検員は橋を歩いて渡っていた。
  c427-3   「右舷」→「うげん」  狙った音 ウゲン
      前: 一時二十九分九秒、船首の尾栓が十七番橋脚に当たった。
      後: 一時二十九分二十九秒、船首の右舷が十七番橋脚に当たった。
  c421-2   「左舷」→「さげん」  狙った音 サゲン   ⚠️巻き添え ミズサキ→ニシカワ
      前: 上級水仙神が三年の怒りを投げよと命じる。
      後: 上級。西川人が左舷の錨を投げよと命じる。
  c916-2   「斜張橋」→「しゃちょう橋」  狙った音 シャチョオキョオ
      前: 全長二マイル。塔から張ったケーブルで桁を吊る七張橋である。
      後: 全長二マイル。塔から張ったケーブルで十桁を吊る斜張橋である。
  c110-2   「引張部材」→「ひっぱり部材」  狙った音 ヒッパリブザイ   ⚠️巻き添え コオ→ハガネ／—→リ
      前: 非冗長、サガネ引き帳ボルト材。サガネでできていて、引っ張られていて
      後: 非冗長、鋼引っ張り部材。鋼でできていて、引っ張られていて
  ep05-2   「実効的」→「じっこう的」  狙った音 ジッコオテキ
      前: 一方的で即時の連絡は橋で働く人の安全に欠かせない。
      後: 実効的で即時の連絡は橋で働く人の安全に欠かせない。
  c907-2   「積荷」→「積み荷」  狙った音 ツミニ   ⚠️巻き添え ガンペキ→イワカベ
      前: 岸壁に戻して、住処と残骸を下ろしていく。
      後: 岩壁に戻して積み荷と残骸を下ろしていく。
  c607-2   「甲板員」→「かんぱん員」  狙った音 カンパンイン
      前: 選手尾にいたカンパニー一人が逃げる途中で軽い怪我を負っている。
      後: 船首にいた甲板員一人が逃げる途中で軽い怪我を負っている。
  c316-1   「甲板長」→「かんぱん長」  狙った音 カンパンチョオ   ⚠️巻き添え センシュ→タムロモリ
      前: 店主には看板町が一人残った。
      後: 屯守には甲板長が一人残った。
  c108-1   「橋台」→「きょうだい」  狙った音 キョオダイ
      前: 両端の貸し台、土手のそばで橋を受ける台が二基、橋脚が三十六基
      後: 両端の橋台、土手のそばで橋を受ける台が二基、橋脚が三十六基
  c112-1   「崩落の前」→「ほうらくの前」  狙った音 ホオラクノマエ
      前: 風邪薬の前の最後の検査は二千二十三年五月。
      後: 崩落の前の最後の検査は2023年5月
  c613-2   「力の道筋」→「ちからの道筋」  狙った音 チカラノミチスジ
      前: からの道筋から視点そのものが抜けた
      後: 力の道筋から視点そのものが抜けた。
  c725-2   「覆ったぶん」→「おおったぶん」  狙った音 オオッタブン
      前: ここをえった分だけ外回りが太くなる
      後: 覆った分だけ外回りが太くなる。
  c804-2   「柱に残った」→「はしらに残った」  狙った音 ハシラニノコッタ
      前: まひらに残ったのは表面の軽い傷だけである。
      後: 柱に残ったのは表面の軽い傷だけである。
  c426-2   「錨のブレーキ」→「いかりのブレーキ」  狙った音 イカリノブレエキ
      前: ミカのブレーキが開かなかった。
      後: 怒りのブレーキが開かなかった。
  c108-1   「の側」→「の がわ」  狙った音 ノガワ   ⚠️巻き添え リョ→ド／タン→ハチ
      前: 両端の貸し台、土手のそばで橋を受ける台が二基、橋脚が三十六基
      後: 道八の橋台。土手の側で橋を受ける台が二基、橋脚が三十六基
  c809-2   「35人」→「サンジュウゴにん」  狙った音 サンジュウゴニン   ⚠️巻き添え タ→—
      前: 75人が亡くなった。
      後: 35人が亡くなっ
  c308-2   「6600ボルト」→「ろくせんろっぴゃくボルト」  狙った音 ロクセンロッピャクボルト
      前: Tasmak 六百ボルトの高圧の母線、電気を分ける幹の線につながっている
      後: 六千六百ボルトの高圧の母線、電気を分ける幹の線につながっている。
  c106-1   「34121台」→「さんまんよんせんひゃくにじゅういち台」  狙った音 サンマンヨンセンニジュウイチダイ
      前: 車線は四つ。 2023年の通行は一日当たり341 21台。
      後: 車線は四つ。二千二十三年の通行は一日当たり三万四千百二十一台。

=== 効かなかった（12件）===
  c208-1   「補修班」→「ほしゅう班」  狙った音 ホシュウハン
      前: 州交通局と保守班の会社の契約にはこう書いてある。
      後: 州交通局と保守班の会社の契約にはこう書いてある。
  c815-1   「指針」→「ししん」  狙った音 シシン   ⚠️巻き添え —→タメ／シン→—
      前: 二〇〇九年の地震の計算方法には、橋の下を通る船の大きさと速さ
      後: 二〇〇九年の試しの計算方法には、橋の下を通る船の大きさと速さ
  c313-3   「端子台」→「たんし台」  狙った音 タンシダイ   ⚠️巻き添え タン→ハジ
      前: 唐時代は船に数千個あった
      後: 端次第は船に数千個あった
  c312-2   「舶用軽油」→「はくよう軽油」  狙った音 ハクヨオケエユ
      前: この夜燃やしていたのはそのうちの柏葉桂油である。
      後: この夜燃やしていたのはそのうちの柏葉桂油である。
  c615-2   「寄与要因」→「きよ要因」  狙った音 キヨヨオイン   ⚠️巻き添え ヨオ→シヒ
      前: ヒュー要員に上がったのも、船が橋脚に届いた時の備えの碁場だった
      後: 清陽院に上がったのも、船が橋脚に届いた時の備えの側だった。
  c815-2   「年間の隻数」→「ねんかんの隻数」  狙った音 ネンカンノセキスウ   ⚠️巻き添え キ→—
      前: 円環の積数、水路の形などを入れて崩れる見込みを出すものである。
      後: 年間のせ数、水路の形などを入れて崩れる見込みを出すものである。
  c819-2   「外航船」→「がいこう船」  狙った音 ガイコオフネ   ⚠️巻き添え ソト→ガイ
      前: マイコウ線の衝突に対する備えがなかったことを挙げている。
      後: 外交船の衝突に対する備えがなかったことを挙げている。
  c901-1   「航路」→「こうろ」  狙った音 コオロ
      前: 崩れた鋼とコンクリートは川の底と坑道を塞いだ。
      後: 崩れた鋼とコンクリートは川の底と坑道を塞いだ。
  c410-1   「二等航海士」→「にとう航海士」  狙った音 ニトオコオカイシ
      前: 二等航海士と操舵士は聞いていると答えた。
      後: 二等航海士と操舵士は「聞いている」と答えた。
  pr12-2   「259ページ」→「にひゃくごじゅうきゅうページ」  狙った音 ニヒャクゴジュウキュウペエジ
      前: 259ページの報告書だけでたどり
      後: 二百五十九ページの報告書だけでたどる
  pr01-2   「2769メートル」→「にせんななひゃくろくじゅうきゅうメートル」  狙った音 ニセンナナヒャクロクジュウキュウメエトル
      前: 全長二七六九メートルの橋が真ん中から川に落ちた
      後: 全長二千七百六十九メートルの橋が真ん中から川に落ちた。
  c303-1   「4679個」→「よんせんろっぴゃくななじゅうきゅう個」  狙った音 ヨンセンロッピャクナナジュウキュウコ
      前: 積んでいたのは四四曲六七九個のコンテナ。重さにして五万五千六百七十一トン。
      後: 積んでいたのは四千六百七十九個のコンテナ。重さにして五万五千六百七十一トン

=== 読みが取れない（1件）===
  c113-2   「防衝工」→「ぼうしょう工」  狙った音 ボオショオコオ
      前: 十七番と十八番の橋脚を潰れて力を吸うコンクリートと木の防衝構が囲んでいた。
      後: 十七番と十八番の橋脚を潰れて力を吸うコンクリートと木の防衝構が囲んでいた。

=== 見送り（もともと正しい）（5件）===
  c416-2   「主機関」→「しゅ機関」  狙った音 シュキカン   ⚠️巻き添え —→キ
      前: 手記感は人が手でかけ直さないと動かない作りである。
      後: 機種機関は人が手でかけ直さないと動かない作りである。
  c110-2   「非冗長」→「ひじょうちょう」  狙った音 ヒジョオチョオ   ⚠️巻き添え —→ル
      前: 非冗長、サガネ引き帳ボルト材。サガネでできていて、引っ張られていて
      後: 非常庁鋼引っ張る部材。鋼でできていて、引っ張られていて
  c907-2   「岸壁」→「がんぺき」  狙った音 ガンペキ   ⚠️巻き添え ガンペキ→イワカベ
      前: 岸壁に戻して、住処と残骸を下ろしていく。
      後: 岩壁に戻して積み荷と残骸を下ろしていく。
  c108-3   「径間」→「けいかん」  狙った音 ケエカン
      前: 走路の上の三計観だけが鋼のトラスで組まれていた。
      後: 高炉の上の三径間だけが鋼のトラスで組まれていた。
  c310-2   「操舵ポンプ」→「そうだポンプ」  狙った音 ソオダポンプ   ⚠️巻き添え シュ→ジョオ
      前: 主機関の冷却水ポンプ、そしてソーダポンプ三台のうち二台である。
      後: 蒸気管の冷却水ポンプ、そしてそうだ、ポンプ三台のうち二台である。

38件 {'採用': 20, '効かなかった': 12, '読みが取れない': 1, '見送り（もともと正しい）': 5} -> C:\Users\konar\Desktop\zukai-engine\audio\el_qa\keybridge_ab_verdict.tsv
⚠️ 『採用』でも巻き添えの列が空でない候補は、入れる前に本文を読む
