
=== pr03-1 「6人が亡くなった。1人が重傷を負って生き延び、点検員は無事だった。」
  聞取: 六人が亡くなった。一人が重傷を負って生き延び、点検員は無事だった。
  ⚠️ tail 5.64-5.76s 振幅比1.5 → 重なる語: だ(5.50-5.62) っ(5.62-5.68) た(5.68-5.72) 。(5.72-5.72)
  ⚠️ mid 0.99-1.22s 振幅比3.1 → 重なる語: っ(0.86-1.06) た(1.06-1.18) 。(1.18-1.18)

=== pr04-3 「衝突まで、1分16秒あった」
  聞取: 衝突まで1分16秒あった。
  ⚠️ mid 1.00-1.13s 振幅比2.6 → 重なる語: で(0.70-1.06) 1(1.06-1.36)

=== pr06-1 「原因は、船の配電盤の中にあった一本の信号線だった。」
  聞取: 原因は船の配電盤の中にあった一本の信号線だった。
  ⚠️ mid 2.83-2.98s 振幅比1.7 → 重なる語: た(2.62-2.92) 一(2.92-3.18)

=== pr06-2 「その線が、端子台に奥まで入っていなかった。」
  聞取: その線が端子台に奥まで入っていなかった
  ⚠️ tail 3.56-3.66s 振幅比1.0 → 重なる語: か(3.34-3.56) っ(3.56-3.60) た(3.60-3.64)

=== pr10-2 「橋の設計指針が許容している線のおよそ30倍だった。誰も計算していなかった。」
  聞取: 橋の設計指針が許容している線のおよそ三十倍だった。誰も計算していなかった
  （いまのテイクに異音の所見なし）

=== c102-2 「崩れたのは、その47年と3日あとだった。」
  聞取: 崩れたのはその四十七年と三日後だった。
  ⚠️ mid 2.99-3.16s 振幅比1.9 → 重なる語: と(2.68-3.32)
  ⚠️ mid 3.32-3.53s 振幅比2.2 → 重なる語: と(2.68-3.32) 三(3.32-3.46) 日(3.46-3.70)

=== c104-2 「主航路の上の桁下は185フィート、およそ56メートルあった。」
  聞取: 主航路の上の桁下は百八十五フィート、およそ五十六メートルあった。
  （いまのテイクに異音の所見なし）

=== c106-2 「そのうち1割がトラックだった。」
  聞取: そのうち一割がトラックだった。
  ⚠️ tail 2.02-2.15s 振幅比2.2 → 重なる語: だ(1.86-2.00) っ(2.00-2.02) た(2.02-2.10) 。(2.10-2.10)

=== c110-3 「1本が壊れれば、橋は落ちかねない」
  聞取: 一本が壊れれば橋は落ちかねない。
  （いまのテイクに異音の所見なし）

=== c202-1 「閉じていたのは、南行きの右車線1本。」
  聞取: 閉じていたのは南行きの右車線一本。
  ⚠️ tail 2.94-3.12s 振幅比1.2 → 重なる語: 一(2.76-3.04) 本(3.04-3.06) 。(3.06-3.06)

=== c213-2 「乾いていくコンクリートを見に行き、第22径間の自分の車まで戻ったところだった。」
  聞取: 乾いていくコンクリートを見に行き、第二十二刑監の自分の車まで戻ったところだった。
  ⚠️ tail 5.55-5.71s 振幅比0.9 → 重なる語: だ(5.42-5.54) っ(5.54-5.60) た(5.60-5.66) 。(5.66-5.66)

=== c301-2 「低圧の電気が落ちると、明かりも舵も機関も同時に止まる造りだった。」
  聞取: 低圧の電気が落ちると、明かりも家事も機関も同時に止まる作りだった。
  ⚠️ tail 4.72-4.90s 振幅比0.9 → 重なる語: だ(4.58-4.72) っ(4.72-4.76) た(4.76-4.84) 。(4.84-4.84)

=== c307-1 「0時36分、タグボート2隻に付き添われて岸壁を離れる。」
  聞取: 0時36分。タグボート2隻に付き添われて岸壁を離れる。
  ⚠️ mid 1.06-1.29s 振幅比1.8 → 重なる語: 36(0.50-1.22) 分(1.22-1.28) 。(1.28-1.28)

=== c307-2 「喫水、つまり水に沈む深さは12.15メートル。重さは11万2383トンだった。」
  聞取: 喫水、つまり水に沈む深さは十二点一五メートル、重さは十一万二千三百八十三トンだった。
  ⚠️ tail 9.54-9.70s 振幅比1.5 → 重なる語: だ(9.40-9.52) っ(9.52-9.60) た(9.60-9.64) 。(9.64-9.64)

=== c312-1 「燃料はタンクに180万ガロン、およそ680万リットル。」
  聞取: 燃料はタンクに百八十万ガロン、およそ六百八十万リットル
  ⚠️ mid 3.45-3.59s 振幅比2.1 → 重なる語: そ(3.12-3.68) 六(3.68-3.96)

=== c313-3 「端子台は、船に数千個あった」
  聞取: 探師台は船に数千個あった
  ⚠️ tail 2.33-2.57s 振幅比1.9 → 重なる語: あ(2.12-2.32) っ(2.32-2.42) た(2.42-2.50)

=== c315-1 「港では、船が航路の中で安定したらタグを離すのがふつうだった。」
  聞取: 港では船が航路の中で安定したらタグを離すのが普通だった。
  ⚠️ tail 4.47-4.66s 振幅比1.1 → 重なる語: だ(4.34-4.46) っ(4.46-4.48) た(4.48-4.60) 。(4.60-4.60)

=== c316-1 「船首には甲板長が1人残った。」
  聞取: 選手には看判長が一人残った
  ⚠️ tail 2.36-2.52s 振幅比1.5 → 重なる語: っ(2.20-2.44) た(2.44-2.48)

=== c316-2 「橋を抜けるまで船首に1人置け、という水先人の指示だった。」
  聞取: 橋を抜けるまで船首に一人置けという水崎忍の指示だった。
  （いまのテイクに異音の所見なし）

=== c402-1 「明かりが消えた。操舵ポンプ3台が全部止まった。」
  聞取: 明かりが消えた。ソーダポンプ三台が全部止まった。
  ⚠️ tail 4.00-4.20s 振幅比1.3 → 重なる語: ま(3.88-3.90) っ(3.90-4.08) た(4.08-4.12) 。(4.12-4.12)

=== c404-3 「舵は、動かせなかった」
  聞取: 家事は動かせなかった。
  ⚠️ tail 1.65-1.83s 振幅比1.1 → 重なる語: っ(1.48-1.74) た(1.74-1.76) 。(1.76-1.76)

=== c418-1 「1時26分18秒。3台のポンプがそろって回った。」
  聞取: 一時二十六分十八秒。三台のポンプが揃って回った。
  ⚠️ tail 4.94-5.11s 振幅比1.8 → 重なる語: っ(4.80-5.00) た(5.00-5.04) 。(5.04-5.04)

=== c424-1 「1時27分46秒。橋まで939フィート。船の長さ1隻ぶんを切った。」
  聞取: 一時二十七分四十六秒。橋まで九百三十九フィート。船の長さ一隻分を切った。
  ⚠️ tail 8.39-8.60s 振幅比1.7 → 重なる語: っ(8.26-8.44) た(8.44-8.52) 。(8.52-8.52)

=== c424-2 「速力7.5ノット。」
  聞取: 速力七点五ノット
  （いまのテイクに異音の所見なし）

=== c426-2 「錨のブレーキが、開かなかった」
  聞取: 怒りのブレーキが開かなかった。
  （いまのテイクに異音の所見なし）

=== c427-3 「1時29分09秒。船首の右舷が、17番橋脚に当たった。」
  聞取: 一時二十九分零九秒。船首の右舷が十七番橋脚に当たった。
  （いまのテイクに異音の所見なし）

=== c501-1 「時計を、1分16秒だけ戻す。」
  聞取: 時計を1分16秒だけ戻す。
  ⚠️ mid 0.89-1.05s 振幅比2.8 → 重なる語: を(0.54-1.16) 1(1.16-1.30)

=== c504-2 「このあと、橋に入った一般の車は1台も無い。」
  聞取: この後、橋に入った一般の車は一台もない。
  ⚠️ mid 1.55-1.75s 振幅比1.6 → 重なる語: 入(1.34-1.54) っ(1.54-1.64) た(1.64-1.74) 一(1.74-1.98)

=== c508-1 「その前に、船が当たった。」
  聞取: その前に船が当たった。
  ⚠️ tail 1.71-1.91s 振幅比1.7 → 重なる語: た(1.54-1.70) っ(1.70-1.72) た(1.72-1.84) 。(1.84-1.84)

=== c513-2 「本人たちは知らなかった、と報告書は書いている。」
  聞取: 本人たちは知らなかったと報告書は書いている。
  ⚠️ mid 1.29-1.44s 振幅比2.5 → 重なる語: っ(1.16-1.36) た(1.36-1.72)

=== c601-1 「船首の右舷が当たったのは、17番橋脚の北西の柱だった。」
  聞取: 船主の右舷が当たったのは十七番橋脚の北西の柱だった。
  ⚠️ tail 4.88-5.00s 振幅比1.1 → 重なる語: っ(4.76-4.92) た(4.92-4.94) 。(4.94-4.94)

=== c608-2 「橋の骨組みが、1本壊れれば落ちる造りだったからではないか。」
  聞取: 橋の骨組みが一本壊れれば落ちる作りだったからではないか。
  ⚠️ mid 1.34-1.46s 振幅比1.8 → 重なる語: が(1.06-1.40) 一(1.40-1.84)

=== c612-1 「6つ目が、その部材だった。」
  聞取: 六つ目がその部材だった。
  ⚠️ head 0.00-0.07s 振幅比2.4 → 重なる語: 六(0.06-0.32)

=== c702-1 「目的は1つ。なぜ停電したのかを突き止めることだった。」
  聞取: 目的は一つ、なぜ停電したのかを突き止めることだった。
  ⚠️ tail 4.21-4.37s 振幅比1.0 → 重なる語: だ(4.08-4.20) っ(4.20-4.26) た(4.26-4.32) 。(4.32-4.32)

=== c704-2 「造船所の遮断器の専門家を呼ぶことになった。」
  聞取: 造船所の遮断機の専門家を呼ぶことになった。
  ⚠️ tail 2.73-2.95s 振幅比1.4 → 重なる語: な(2.60-2.62) っ(2.62-2.78) た(2.78-2.88) 。(2.88-2.88)

=== c714-1 「技術者が調べると、途中の接点はどれも正常だった。それなのに、」
  聞取: 技術者が調べると、途中の接点はどれも正常だった。それなのに
  ⚠️ mid 3.81-4.04s 振幅比1.6 → 重なる語: だ(3.68-3.70) っ(3.70-3.98) た(3.98-4.00) 。(4.00-4.00)

=== c715-1 「そこで、信号線を1本ずつ当たっていった。」
  聞取: そこで信号線を一本ずつあたっていった。
  ⚠️ mid 1.64-1.75s 振幅比1.5 → 重なる語: を(1.40-1.72) 一(1.72-1.96)

=== c716-2 「ワイヤーワンを抜いて挿し直すと、装置に電気が戻った。」
  聞取: ワイヤー1を抜いて挿し直すと装置に電気が戻った。
  ⚠️ tail 3.98-4.21s 振幅比2.0 → 重なる語: 戻(3.84-3.98) っ(3.98-4.02) た(4.02-4.14) 。(4.14-4.14)
Traceback (most recent call last):
  File "C:\Users\konar\AppData\Local\Programs\Python\Python312\Lib\urllib\request.py", line 1344, in do_open
    h.request(req.get_method(), req.selector, req.data, headers,
  File "C:\Users\konar\AppData\Local\Programs\Python\Python312\Lib\http\client.py", line 1338, in request
    self._send_request(method, url, body, headers, encode_chunked)
  File "C:\Users\konar\AppData\Local\Programs\Python\Python312\Lib\http\client.py", line 1384, in _send_request
    self.endheaders(body, encode_chunked=encode_chunked)
  File "C:\Users\konar\AppData\Local\Programs\Python\Python312\Lib\http\client.py", line 1333, in endheaders
    self._send_output(message_body, encode_chunked=encode_chunked)
  File "C:\Users\konar\AppData\Local\Programs\Python\Python312\Lib\http\client.py", line 1132, in _send_output
    self.send(chunk)
  File "C:\Users\konar\AppData\Local\Programs\Python\Python312\Lib\http\client.py", line 1057, in send
    self.sock.sendall(data)
  File "C:\Users\konar\AppData\Local\Programs\Python\Python312\Lib\ssl.py", line 1210, in sendall
    v = self.send(byte_view[count:])
        ^^^^^^^^^^^^^^^^^^^^^^^^^^^^
  File "C:\Users\konar\AppData\Local\Programs\Python\Python312\Lib\ssl.py", line 1179, in send
    return self._sslobj.write(data)
           ^^^^^^^^^^^^^^^^^^^^^^^^
ssl.SSLEOFError: EOF occurred in violation of protocol (_ssl.c:2427)

During handling of the above exception, another exception occurred:

Traceback (most recent call last):
  File "C:\Users\konar\Desktop\zukai-engine\tools\el_artifact_words.py", line 70, in <module>
    sys.exit(main())
             ^^^^^^
  File "C:\Users\konar\Desktop\zukai-engine\tools\el_artifact_words.py", line 57, in main
    text, ws = stt_words(pcm)
               ^^^^^^^^^^^^^^
  File "C:\Users\konar\Desktop\zukai-engine\tools\el_probe_words.py", line 67, in stt_words
    with urllib.request.urlopen(req, timeout=300) as res:
         ^^^^^^^^^^^^^^^^^^^^^^^^^^^^^^^^^^^^^^^^
  File "C:\Users\konar\AppData\Local\Programs\Python\Python312\Lib\urllib\request.py", line 215, in urlopen
    return opener.open(url, data, timeout)
           ^^^^^^^^^^^^^^^^^^^^^^^^^^^^^^^
  File "C:\Users\konar\AppData\Local\Programs\Python\Python312\Lib\urllib\request.py", line 515, in open
    response = self._open(req, data)
               ^^^^^^^^^^^^^^^^^^^^^
  File "C:\Users\konar\AppData\Local\Programs\Python\Python312\Lib\urllib\request.py", line 532, in _open
    result = self._call_chain(self.handle_open, protocol, protocol +
             ^^^^^^^^^^^^^^^^^^^^^^^^^^^^^^^^^^^^^^^^^^^^^^^^^^^^^^^
  File "C:\Users\konar\AppData\Local\Programs\Python\Python312\Lib\urllib\request.py", line 492, in _call_chain
    result = func(*args)
             ^^^^^^^^^^^
  File "C:\Users\konar\AppData\Local\Programs\Python\Python312\Lib\urllib\request.py", line 1392, in https_open
    return self.do_open(http.client.HTTPSConnection, req,
           ^^^^^^^^^^^^^^^^^^^^^^^^^^^^^^^^^^^^^^^^^^^^^^
  File "C:\Users\konar\AppData\Local\Programs\Python\Python312\Lib\urllib\request.py", line 1347, in do_open
    raise URLError(err)
urllib.error.URLError: <urlopen error EOF occurred in violation of protocol (_ssl.c:2427)>
EXIT=1
