
=== c425-2 「二等航海士がつまみを回した。補機が最初の停電で止まっており、動かなかった。」
  聞取: 二等航海士がつまみを回した。補機が最初の停電で止まっており、動かなかった。
  （いまのテイクに異音の所見なし）

=== c510-2 「警官は、点検員に電話をかけなかった」
  聞取: 警官は点検員に電話をかけなかった。
  ⚠️ tail 2.94-3.07s 振幅比1.0 → 重なる語: っ(2.80-2.98) た(2.98-3.02) 。(3.02-3.02)

=== c517-1 「点検員は、音を聞いた。報告書の言葉では、崩れるような雷の音。」
  聞取: 点検員は音を聞いた。報告書の言葉では崩れるような雷の音。
  （いまのテイクに異音の所見なし）

=== c520-1 「1時55分。州交通局警察の艇が、20番橋脚の近くでその1人を見つけた。」
  聞取: 一時五十五分、州交通局警察の点が二十番橋脚の近くでその一人を見つけた。
  （いまのテイクに異音の所見なし）

=== c614-2 「17番橋脚が崩れたとき、力の道筋の重要な部分が取り除かれた。」
  聞取: 十七番。橋脚が崩れた時、力の道筋の重要な部分が取り除かれた。
  （いまのテイクに異音の所見なし）

=== c708-1 「4月12日。前ぶれも警報も無く、低圧が落ちた。」
  聞取: 四月十二日。前触れも警報もなく低圧が落ちた。
  （いまのテイクに異音の所見なし）

=== c715-2 「緩んだつなぎ目が1つ見つかる。ワゴ社の3口の端子台。番号は381。」
  聞取: 緩んだつなぎ目が一つ見つかる。和語社の三口の端子台、番号は三百八十一
  （いまのテイクに異音の所見なし）

=== c718-2 「遮断器が開き、船は停電した。3月26日と同じ形の、警報の出ない停電である。」
  聞取: 遮断器が開き、船は停電した。三月二十六日と同じ形の警報の出ない停電である。
  （いまのテイクに異音の所見なし）

=== c723-2 「船を造るとき、配電盤の線には1本ずつ、ラベルの帯が巻かれていた。」
  聞取: 船を作る時、配電盤の線には一本ずつラベルの帯が巻かれていた。
  ⚠️ mid 2.68-2.79s 振幅比1.9 → 重なる語: に(2.28-2.66) は(2.66-2.74) 一(2.74-3.00)

=== c725-3 「帯が、線を奥まで入れさせなかった」
  聞取: 帯が栓を奥まで入れさせなかった。
  ⚠️ tail 2.55-2.68s 振幅比1.3 → 重なる語: っ(2.40-2.58) た(2.58-2.62) 。(2.62-2.62)

=== c802-2 「橋からおよそ600ヤードのところで操舵を失った。」
  聞取: 橋からおよそ六百ヤードのところでSODAを失った。
  ⚠️ tail 3.21-3.42s 振幅比1.3 → 重なる語: っ(3.08-3.30) た(3.30-3.36) 。(3.36-3.36)

=== c814-2 「州の道路行政も、2009年の指針そのものの開発委員だった。」
  聞取: 州の道路行政も二千九年の指針そのものの開発委員だった
  ⚠️ tail 4.97-5.19s 振幅比1.2 → 重なる語: だ(4.84-4.96) っ(4.96-5.04) た(5.04-5.12)

=== c901-2 「ボルチモア港に出入りする船が、すべて止まった。」
  聞取: ボルチモア港に出入りする船が全て止まった。
  ⚠️ tail 3.21-3.39s 振幅比1.4 → 重なる語: っ(3.04-3.26) た(3.26-3.32) 。(3.32-3.32)

=== c904-1 「測量船がソナーで残骸の形を測り、潜水士が水中に入った。」
  聞取: 測量船がソナーで残骸の形を測り、潜水士が水中に入った。
  ⚠️ tail 5.11-5.25s 振幅比1.3 → 重なる語: っ(4.96-5.16) た(5.16-5.20) 。(5.20-5.20)

=== c905-1 「5月13日。船の上に乗ったままの橋桁を、火薬で切り離した。」
  聞取: 五月十三日。船の上に乗ったままの橋桁を火薬で切り離した。
  （いまのテイクに異音の所見なし）

=== c908-1 「5月21日、限られた幅の仮の航路が開いた。」
  聞取: 5月21日、限られた幅の仮の航路が開いた。
  （いまのテイクに異音の所見なし）

=== c912-1 「積んでいた4679個のコンテナのうち、56個が危険物だった。」
  聞取: 積んでいた四千六百七十九個のコンテナのうち五十六個が危険物だった。
  ⚠️ tail 5.85-6.03s 振幅比1.6 → 重なる語: だ(5.72-5.74) っ(5.74-5.94) た(5.94-5.98) 。(5.98-5.98)

=== c917-2 「主径間は3300フィート。塔と塔のあいだは1600フィートになる。」
  聞取: 主景観は三千三百フィート、塔と塔の間は千六百フィートになる。
  （いまのテイクに異音の所見なし）

=== ca09-1 「車の側にも勧告が出た。しきい値を超えている橋、」
  聞取: 車の側にも勧告が出た。しきい値を超えている橋
  （いまのテイクに異音の所見なし）

=== ca12-1 「推定原因は、一本の信号線の緩みだった。」
  聞取: 推定原因は一本の信号線の緩みだった。
  ⚠️ mid 1.31-1.44s 振幅比2.0 → 重なる語: 因(0.86-1.30) は(1.30-1.38) 一(1.38-1.64)

=== ep02-1 「1時27分53秒に指示が出て、1時28分21秒に車が止まった。」
  聞取: 一時二十七分五十三秒に指示が出て、一時二十八分二十一秒に車が止まった。
  （いまのテイクに異音の所見なし）

=== ep03-2 「素早い封鎖が、命を救った」
  聞取: 素早い封鎖が命を救った
  ⚠️ tail 2.44-2.60s 振幅比1.4 → 重なる語: っ(2.30-2.48) た(2.48-2.56)

=== ep05-1 「報告書はこう結んでいる。緊急のときに橋から退避させるための、」
  聞取: 王国書はこう結んでいる。緊急の時に橋から退避させるための
  （いまのテイクに異音の所見なし）

=== ep06-1 「一本の信号線と、掛からなかった一本の電話。」
  聞取: 一本の信号線とかからなかった一本の電話
  ⚠️ head 0.01-0.14s 振幅比2.4 → 重なる語: 一(0.06-0.44)
  ⚠️ mid 2.44-2.63s 振幅比2.8 → 重なる語: っ(2.32-2.50) た(2.50-2.58) 一(2.58-2.92)
EXIT=0
