
=== c305-1  「水先人」→「みずさき人」  ⭐良化  87.8% → 95.0% ===
  理由: 聞取『推薦人』×6行（みずさきにん→すいせんにん）
  台本  : 水先人は、その水域を知っている案内役である。
  前の聞取: 土肥川人はその水域を知っている案内役である。
  後の聞取: 水崎人はその水域を知っている案内役である。

=== c213-1  「点検員」→「てんけん員」  ⭐良化  78.6% → 100.0% ===
  理由: 聞取『弁慶院／宣誓員／ベンケイン』×4行
  台本  : 点検員は、橋を歩いて渡っていた。
  前の聞取: 弁慶院は橋を歩いて渡っていた。
  後の聞取: 点検員は橋を歩いて渡っていた。

=== c208-1  「補修班」→「ほしゅう班」  ＝変わらず  91.3% → 91.3% ===
  理由: 聞取『保守班／保守派』×2行（長音が落ちる）
  台本  : 州交通局と補修班の会社の契約には、こう書いてある。
  前の聞取: 州交通局と保守班の会社の契約にはこう書いてある。
  後の聞取: 州交通局と保守班の会社の契約にはこう書いてある。

=== c815-1  「指針」→「ししん」  ＝変わらず  89.7% → 89.7% ===
  理由: 聞取『地震』×2行（c815-1・c822-1）
  台本  : 2009年の指針の計算、方法2は、橋の下を通る船の大きさと速さ、
  前の聞取: 二〇〇九年の地震の計算方法には、橋の下を通る船の大きさと速さ
  後の聞取: 二〇〇九年の試しの計算方法には、橋の下を通る船の大きさと速さ

=== c427-3  「右舷」→「うげん」  ⭐良化  87.0% → 93.6% ===
  理由: 聞取『眉山／未然／舳先』×3行
  台本  : 1時29分09秒。船首の右舷が、17番橋脚に当たった。
  前の聞取: 一時二十九分九秒、船首の尾栓が十七番橋脚に当たった。
  後の聞取: 一時二十九分二十九秒、船首の右舷が十七番橋脚に当たった。

=== c421-2  「左舷」→「さげん」  ⭐良化  70.3% → 88.9% ===
  理由: 聞取『三年』（c421-2）
  台本  : 上級水先人が、左舷の錨を投げよと命じる。
  前の聞取: 上級水仙神が三年の怒りを投げよと命じる。
  後の聞取: 上級。西川人が左舷の錨を投げよと命じる。

=== c313-3  「端子台」→「たんし台」  ⭐良化  72.7% → 81.8% ===
  理由: 聞取『唐時代／探針台／漢字体』×3行
  台本  : 端子台は、船に数千個あった
  前の聞取: 唐時代は船に数千個あった
  後の聞取: 端次第は船に数千個あった

=== c916-2  「斜張橋」→「しゃちょう橋」  ⭐良化  96.3% → 100.0% ===
  理由: 聞取『しゃばけびゃし』（c917-1）
  台本  : 全長2マイル。塔から張ったケーブルで桁を吊る、斜張橋である。
  前の聞取: 全長二マイル。塔から張ったケーブルで桁を吊る七張橋である。
  後の聞取: 全長二マイル。塔から張ったケーブルで十桁を吊る斜張橋である。

=== c113-2  「防衝工」→「ぼうしょう工」  ＝変わらず  94.3% → 94.3% ===
  理由: 聞取『道承公』（c805-1）
  台本  : 17番と18番の橋脚を、潰れて力を吸うコンクリートと木の防衝工が囲んでいた。
  前の聞取: 十七番と十八番の橋脚を潰れて力を吸うコンクリートと木の防衝構が囲んでいた。
  後の聞取: 十七番と十八番の橋脚を潰れて力を吸うコンクリートと木の防衝構が囲んでいた。

=== c312-2  「舶用軽油」→「はくよう軽油」  ＝変わらず  87.0% → 87.0% ===
  理由: 聞取『柏葉桂油』（c312-2）
  台本  : この夜、燃やしていたのは、そのうちの舶用軽油である。
  前の聞取: この夜燃やしていたのはそのうちの柏葉桂油である。
  後の聞取: この夜燃やしていたのはそのうちの柏葉桂油である。

=== c416-2  「主機関」→「しゅ機関」  ⭐良化  79.2% → 85.7% ===
  理由: 聞取『手記感／指揮官』×2行
  台本  : 主機関は、人が手で掛け直さないと動かない造りである。
  前の聞取: 手記感は人が手でかけ直さないと動かない作りである。
  後の聞取: 機種機関は人が手でかけ直さないと動かない作りである。
    ⚠️ 異音 c110-2 take1: 末尾に余計な音: 80ms の無音 → 250ms の音（6.07秒地点・振幅22738＝本文の2.6倍）; 途中に浮いた音: 210ms（5.11秒地点・振幅19833＝本文の2.3倍／前250ms・後90ms の無音）

=== c110-2  「非冗長」→「ひじょうちょう」  ⭐良化  71.7% → 87.5% ===
  理由: 聞取『非常徴』（c110-2）
  台本  : 非冗長鋼引張部材。鋼でできていて、引っ張られていて、
  前の聞取: 非冗長、サガネ引き帳ボルト材。サガネでできていて、引っ張られていて
  後の聞取: 非常庁鋼引っ張る部材。鋼でできていて、引っ張られていて

=== c110-2  「引張部材」→「ひっぱり部材」  ⭐良化  71.7% → 95.8% ===
  理由: 聞取『引き帳ボロ材／ビッパ場部材』×2行
  台本  : 非冗長鋼引張部材。鋼でできていて、引っ張られていて、
  前の聞取: 非冗長、サガネ引き帳ボルト材。サガネでできていて、引っ張られていて
  後の聞取: 非冗長、鋼引っ張り部材。鋼でできていて、引っ張られていて

=== c907-2  「岸壁」→「がんぺき」  ⭐良化  83.3% → 86.5% ===
  理由: 聞取『岩壁』（c907-2）
  台本  : 岸壁に戻して、積荷と残骸を降ろしていく。
  前の聞取: 岸壁に戻して、住処と残骸を下ろしていく。
  後の聞取: 岩壁に戻して積み荷と残骸を下ろしていく。

=== ep05-2  「実効的」→「じっこう的」  ⭐良化  91.7% → 100.0% ===
  理由: 聞取『一方的』（ep05-2）
  台本  : 実効的で即時の連絡は、橋で働く人の安全に欠かせない。
  前の聞取: 一方的で即時の連絡は橋で働く人の安全に欠かせない。
  後の聞取: 実効的で即時の連絡は橋で働く人の安全に欠かせない。
    ⚠️ 異音 c615-2 take1: 末尾に余計な音: 120ms の無音 → 170ms の音（4.95秒地点・振幅9203＝本文の1.2倍）
    ⚠️ 異音 c615-2 take2: 末尾に余計な音: 90ms の無音 → 190ms の音（5.01秒地点・振幅11418＝本文の1.2倍）

=== c615-2  「寄与要因」→「きよ要因」  ⭐良化  74.6% → 78.6% ===
  理由: 聞取『ヒュー要員／いう要因』×2行
  台本  : 寄与要因に挙がったのも、船が橋脚に届いたときの備えの側だった。
  前の聞取: ヒュー要員に上がったのも、船が橋脚に届いた時の備えの碁場だった
  後の聞取: 清陽院に上がったのも、船が橋脚に届いた時の備えの側だった。

=== c815-2  「年間の隻数」→「ねんかんの隻数」  ⭐良化  89.7% → 96.6% ===
  理由: 聞取『円環の積数』（c815-2）
  台本  : 年間の隻数、水路の形などを入れて、崩れる見込みを出すものである。
  前の聞取: 円環の積数、水路の形などを入れて崩れる見込みを出すものである。
  後の聞取: 年間のせ数、水路の形などを入れて崩れる見込みを出すものである。

=== c907-2  「積荷」→「積み荷」  ⭐良化  83.3% → 86.5% ===
  理由: 聞取『住処』（c907-2）。4本目の実測で かな も カナ も駄目・送り仮名だけ通った
  台本  : 岸壁に戻して、積荷と残骸を降ろしていく。
  前の聞取: 岸壁に戻して、住処と残骸を下ろしていく。
  後の聞取: 岩壁に戻して積み荷と残骸を下ろしていく。

=== c819-2  「外航船」→「がいこう船」  ⭐良化  80.8% → 92.0% ===
  理由: 聞取『外光線／外包線／内航船』×4行（c819-2 は外→内の意味反転）
  台本  : 外航船の衝突に対する備えが無かったことを挙げている。
  前の聞取: マイコウ線の衝突に対する備えがなかったことを挙げている。
  後の聞取: 外交船の衝突に対する備えがなかったことを挙げている。

=== c901-1  「航路」→「こうろ」  ＝変わらず  90.9% → 90.9% ===
  理由: 聞取『砲楼／走路／坑道／砲炉』×4行
  台本  : 崩れた鋼とコンクリートは、川の底と航路を塞いだ。
  前の聞取: 崩れた鋼とコンクリートは川の底と坑道を塞いだ。
  後の聞取: 崩れた鋼とコンクリートは川の底と坑道を塞いだ。

=== c607-2  「甲板員」→「かんぱん員」  ⭐良化  70.2% → 92.6% ===
  理由: 聞取『カンパイン』（c607-2）
  台本  : 船首にいた甲板員1人が、逃げる途中で軽いけがを負っている。
  前の聞取: 選手尾にいたカンパニー一人が逃げる途中で軽い怪我を負っている。
  後の聞取: 船首にいた甲板員一人が逃げる途中で軽い怪我を負っている。

=== c316-1  「甲板長」→「かんぱん長」  ⭐良化  69.2% → 84.6% ===
  理由: 聞取『看板町』（c316-1）
  台本  : 船首には甲板長が1人残った。
  前の聞取: 店主には看板町が一人残った。
  後の聞取: 屯守には甲板長が一人残った。

=== c410-1  「二等航海士」→「にとう航海士」  ＝変わらず  89.5% → 89.5% ===
  理由: 聞取『尾藤航海士』（c425-2）
  台本  : 二等航海士と操舵手は、効いていると答えた。
  前の聞取: 二等航海士と操舵士は聞いていると答えた。
  後の聞取: 二等航海士と操舵士は「聞いている」と答えた。

=== c108-1  「橋台」→「きょうだい」  ⭐良化  88.5% → 94.1% ===
  理由: 聞取『貸し台』（c108-1）
  台本  : 両端の橋台、土手の側で橋を受ける台が2基。橋脚が36基。
  前の聞取: 両端の貸し台、土手のそばで橋を受ける台が二基、橋脚が三十六基
  後の聞取: 両端の橋台、土手のそばで橋を受ける台が二基、橋脚が三十六基

=== c112-1  「崩落の前」→「ほうらくの前」  ⭐良化  83.3% → 100.0% ===
  理由: 文頭『崩落』→聞取『フーズ落』（c112-1）
  台本  : 崩落の前の最後の検査は、2023年5月。
  前の聞取: 風邪薬の前の最後の検査は二千二十三年五月。
  後の聞取: 崩落の前の最後の検査は2023年5月

=== c613-2  「力の道筋」→「ちからの道筋」  ⭐良化  84.8% → 93.8% ===
  理由: 文頭『力』→聞取『から』（c613-2）
  台本  : 力の道筋から、支点そのものが抜けた。
  前の聞取: からの道筋から視点そのものが抜けた
  後の聞取: 力の道筋から視点そのものが抜けた。

=== c725-2  「覆ったぶん」→「おおったぶん」  ⭐良化  66.7% → 80.0% ===
  理由: 文頭『覆った』→聞取『ここへった』（c725-2）
  台本  : 覆ったぶんだけ、外まわりが太くなる。
  前の聞取: ここをえった分だけ外回りが太くなる
  後の聞取: 覆った分だけ外回りが太くなる。

=== c804-2  「柱に残った」→「はしらに残った」  ⭐良化  89.5% → 100.0% ===
  理由: 文頭『柱』→聞取『真っ白』（c804-2）
  台本  : 柱に残ったのは、表面の軽い傷だけである。
  前の聞取: まひらに残ったのは表面の軽い傷だけである。
  後の聞取: 柱に残ったのは表面の軽い傷だけである。
    ⚠️ 異音 c426-2 take1: 末尾に余計な音: 130ms の無音 → 140ms の音（2.41秒地点・振幅6650＝本文の0.9倍）
    ⚠️ 異音 c426-2 take2: 末尾に余計な音: 130ms の無音 → 140ms の音（2.31秒地点・振幅9134＝本文の1.3倍）

=== c426-2  「錨のブレーキ」→「いかりのブレーキ」  ＝変わらず  88.9% → 88.9% ===
  理由: 文頭『錨』→聞取『ミカ』（c426-2）
  台本  : 錨のブレーキが、開かなかった
  前の聞取: ミカのブレーキが開かなかった。
  後の聞取: 怒りのブレーキが開かなかった。

=== c108-1  「の側」→「の がわ」  ⭐良化  88.5% → 92.0% ===
  理由: 聞取『そば／ガーガー／護摩』×4行
  台本  : 両端の橋台、土手の側で橋を受ける台が2基。橋脚が36基。
  前の聞取: 両端の貸し台、土手のそばで橋を受ける台が二基、橋脚が三十六基
  後の聞取: 道八の橋台。土手の側で橋を受ける台が二基、橋脚が三十六基

=== pr12-2  「259ページ」→「にひゃくごじゅうきゅうページ」  ⭐良化  93.8% → 100.0% ===
  理由: 聞取『百五十九／九か十週九』×2行
  台本  : 259ページの報告書だけで、たどる。
  前の聞取: 259ページの報告書だけでたどり
  後の聞取: 二百五十九ページの報告書だけでたどる
    ⚠️ 異音 c809-2 take1: 末尾に余計な音: 80ms の無音 → 160ms の音（1.84秒地点・振幅11041＝本文の1.1倍）
    ⚠️ 異音 c809-2 take2: 末尾に余計な音: 130ms の無音 → 190ms の音（1.81秒地点・振幅12503＝本文の1.4倍）
    ⚠️ 異音 c809-2 take3: 末尾に余計な音: 120ms の無音 → 240ms の音（1.44秒地点・振幅9465＝本文の1.2倍）

=== c809-2  「35人」→「サンジュウゴにん」  ⭐良化  88.9% → 94.1% ===
  理由: 聞取『75人』（c809-2・別の事故の死者数）
  台本  : 35人が亡くなった。
  前の聞取: 75人が亡くなった。
  後の聞取: 35人が亡くなっ

=== c308-2  「6600ボルト」→「ろくせんろっぴゃくボルト」  ⭐良化  85.7% → 96.6% ===
  理由: 聞取『たしか六百ボルト』（c308-2）
  台本  : 6600ボルトの高圧の母線、電気を分ける幹の線につながっている。
  前の聞取: Tasmak 六百ボルトの高圧の母線、電気を分ける幹の線につながっている
  後の聞取: 六千六百ボルトの高圧の母線、電気を分ける幹の線につながっている。

=== pr01-2  「2769メートル」→「にせんななひゃくろくじゅうきゅうメートル」  ＝変わらず  100.0% → 100.0% ===
  理由: 聞取『二千二百六十九』（c104-1）
  台本  : 全長2769メートルの橋が、真ん中から川に落ちた。
  前の聞取: 全長二七六九メートルの橋が真ん中から川に落ちた
  後の聞取: 全長二千七百六十九メートルの橋が真ん中から川に落ちた。

=== c106-1  「34121台」→「さんまんよんせんひゃくにじゅういち台」  ▲悪化  96.0% → 91.7% ===
  理由: 聞取『三四八一二一』（c106-1）
  台本  : 車線は4つ。2023年の通行は1日あたり34121台。
  前の聞取: 車線は四つ。 2023年の通行は一日当たり341 21台。
  後の聞取: 車線は四つ。二千二十三年の通行は一日当たり三万四千百二十一台。

=== c303-1  「4679個」→「よんせんろっぴゃくななじゅうきゅう個」  ⭐良化  96.7% → 100.0% ===
  理由: 聞取『四四〇六七九』（c303-1）
  台本  : 積んでいたのは4679個のコンテナ。重さにして5万5671トン。
  前の聞取: 積んでいたのは四四曲六七九個のコンテナ。重さにして五万五千六百七十一トン。
  後の聞取: 積んでいたのは四千六百七十九個のコンテナ。重さにして五万五千六百七十一トン

=== c108-3  「径間」→「けいかん」  ⭐良化  87.0% → 91.3% ===
  理由: 陰性対照。聞取『警官／景観』×23行だが けいかん なら音は正しい
  台本  : 航路の上の3径間だけが、鋼のトラスで組まれていた。
  前の聞取: 走路の上の三計観だけが鋼のトラスで組まれていた。
  後の聞取: 高炉の上の三径間だけが鋼のトラスで組まれていた。
    ⚠️ 異音 c310-2 take1: 途中に浮いた音: 240ms（3.51秒地点・振幅27257＝本文の3.6倍／前350ms・後80ms の無音）

=== c310-2  「操舵ポンプ」→「そうだポンプ」  ▲悪化  91.2% → 80.7% ===
  理由: 陰性対照。聞取『ソーダポンプ』＝そうだ なら音は正しい
  台本  : 主機関の冷却水ポンプ、そして操舵ポンプ3台のうち2台である。
  前の聞取: 主機関の冷却水ポンプ、そしてソーダポンプ三台のうち二台である。
  後の聞取: 蒸気管の冷却水ポンプ、そしてそうだ、ポンプ三台のうち二台である。

38件 -> keybridge_yomi_ab.tsv
EXIT=0
