ElevenLabs: 声=Hiro - Ultra Deep Japanese Voice（qaCSabKToUUT4sTqBZtz） モデル=eleven_v3 settings={'stability': 0.85, 'similarity_boost': 1.0, 'style': 0.0, 'speed': 1.0, 'use_speaker_boost': True} ／クレジット 57,655 / 131,000／GAP 0.4s
pr01:  12.84s  (2行)
pr02:   8.71s  (2行)
    ⚠️ 異音 pr03-1 take1: 末尾に余計な音: 100ms の無音 → 220ms の音（5.22秒地点・振幅8389＝本文の0.9倍）; 途中に浮いた音: 220ms（0.93秒地点・振幅10611＝本文の1.2倍／前120ms・後470ms の無音）
    ⚠️ 異音 pr03-1 take2: 末尾に余計な音: 120ms の無音 → 110ms の音（5.93秒地点・振幅12341＝本文の1.5倍）
    ⚠️ 異音 pr03-1 take3: 末尾に余計な音: 100ms の無音 → 210ms の音（5.47秒地点・振幅11241＝本文の1.3倍）; 途中に浮いた音: 210ms（1.09秒地点・振幅18259＝本文の2.1倍／前130ms・後560ms の無音）
pr03:   9.99s  (2行)
pr04:  12.88s  (3行)
pr05:   9.87s  (2行)
    ⚠️ 異音 pr06-2 take1: 末尾に余計な音: 140ms の無音 → 100ms の音（3.74秒地点・振幅7825＝本文の1.0倍）
    ⚠️ 異音 pr06-2 take2: 末尾に余計な音: 130ms の無音 → 130ms の音（3.15秒地点・振幅8157＝本文の1.0倍）
    ⚠️ 異音 pr06-2 take3: 末尾に余計な音: 130ms の無音 → 130ms の音（3.47秒地点・振幅8886＝本文の1.1倍）
pr06:   8.41s  (2行)
pr07:  10.93s  (2行)
pr08:   8.11s  (2行)
    ⚠️ 異音 pr09-2 take1: 末尾に余計な音: 130ms の無音 → 160ms の音（4.51秒地点・振幅10888＝本文の1.3倍）
    ⚠️ 異音 pr09-2 take2: 末尾に余計な音: 130ms の無音 → 170ms の音（4.87秒地点・振幅9253＝本文の1.0倍）
pr09:   8.11s  (2行)
pr10:  11.21s  (2行)
pr11:   7.26s  (2行)
pr12:   9.16s  (2行)
c101:   9.86s  (2行)
c102:   7.96s  (2行)
c103:   9.48s  (2行)
c104:  12.28s  (2行)
c105:   9.86s  (2行)
c106:   9.71s  (2行)
c107:   8.31s  (2行)
c108:  14.52s  (3行)
c109:   9.99s  (2行)
c110:  12.40s  (3行)
c111:   8.47s  (2行)
c112:   8.65s  (2行)
c113:  13.43s  (2行)
c114:   8.03s  (2行)
c115:   9.97s  (2行)
c201:  10.45s  (2行)
c202:   5.99s  (2行)
c203:   8.10s  (2行)
c204:  13.00s  (3行)
c205:   7.81s  (2行)
c206:   9.19s  (2行)
c207:   7.05s  (2行)
c208:  11.77s  (2行)
c209:   8.25s  (2行)
c210:   3.66s  (1行)
c211:  10.32s  (2行)
c212:   7.73s  (2行)
c213:   8.95s  (2行)
c214:   7.14s  (2行)
c215:   9.79s  (2行)
c301:   9.65s  (2行)
c302:  15.46s  (3行)
c303:  12.96s  (2行)
c304:   5.81s  (1行)
c305:   9.63s  (2行)
c306:   8.08s  (2行)
c307:  15.71s  (2行)
c308:  12.31s  (2行)
c309:   8.39s  (2行)
c310:   8.48s  (2行)
c311:   7.04s  (2行)
c312:   9.41s  (2行)
c313:  12.02s  (3行)
c314:   8.94s  (2行)
c315:  10.46s  (2行)
    ⚠️ 異音 c316-2 take1: 末尾に余計な音: 80ms の無音 → 130ms の音（5.07秒地点・振幅6882＝本文の0.9倍）
    ⚠️ 異音 c316-2 take2: 末尾に余計な音: 100ms の無音 → 180ms の音（4.94秒地点・振幅14894＝本文の1.7倍）
    ⚠️ 異音 c316-2 take3: 末尾に余計な音: 130ms の無音 → 160ms の音（5.60秒地点・振幅6919＝本文の1.0倍）
c316:   8.35s  (2行)
c317:   9.39s  (2行)
c318:   8.35s  (2行)
c401:  10.22s  (2行)
c402:  10.76s  (2行)
c403:  11.24s  (2行)
c404:   9.54s  (3行)
c405:  10.01s  (2行)
c406:   8.62s  (2行)
c407:   8.99s  (2行)
c408:   9.98s  (2行)
c409:   9.56s  (2行)
c410:   8.03s  (2行)
c411:   8.65s  (2行)
c412:  11.30s  (2行)
c413:   9.24s  (2行)
c414:  12.94s  (3行)
c415:   8.64s  (2行)
c416:   7.81s  (2行)
c417:   9.21s  (2行)
c418:  11.15s  (2行)
c419:  11.01s  (2行)
c420:  12.37s  (2行)
c421:   8.62s  (2行)
c422:  12.84s  (2行)
c423:  10.53s  (2行)
c424:  10.98s  (2行)
c425:  10.78s  (2行)
c426:   8.92s  (2行)
c427:  17.33s  (3行)
c501:  10.13s  (2行)
c502:   6.96s  (2行)
c503:  10.63s  (2行)
c504:   7.12s  (2行)
c505:  10.02s  (2行)
c506:   8.03s  (2行)
c507:   7.72s  (2行)
c508:   5.97s  (2行)
c509:   8.60s  (2行)
c510:   8.35s  (2行)
c511:   9.94s  (2行)
c512:   9.48s  (2行)
c513:   8.60s  (2行)
c514:   9.32s  (2行)
c515:   5.42s  (1行)
c516:   9.78s  (2行)
c517:  12.60s  (2行)
c518:   8.50s  (2行)
c519:   8.24s  (2行)
c520:  10.09s  (2行)
c521:   9.58s  (3行)
c522:  10.32s  (2行)
    ⚠️ 異音 c601-1 take1: 末尾に余計な音: 90ms の無音 → 120ms の音（5.08秒地点・振幅13879＝本文の1.6倍）
    ⚠️ 異音 c601-1 take2: 末尾に余計な音: 110ms の無音 → 160ms の音（5.15秒地点・振幅11927＝本文の1.4倍）
    ⚠️ 異音 c601-1 take3: 末尾に余計な音: 100ms の無音 → 170ms の音（5.11秒地点・振幅10063＝本文の1.2倍）
c601:   9.10s  (2行)
c602:   7.41s  (2行)
c603:  10.93s  (2行)
c604:  10.96s  (2行)
c605:   5.80s  (2行)
c606:   7.50s  (2行)
c607:   9.76s  (2行)
c608:   7.42s  (2行)
c609:   8.41s  (2行)
c610:   9.57s  (2行)
c611:  13.82s  (2行)
c612:   4.97s  (2行)
c613:  10.00s  (2行)
c614:  13.40s  (2行)
c615:   8.54s  (2行)
c616:   9.35s  (2行)
c617:   8.91s  (2行)
c618:   8.52s  (2行)
c619:  11.26s  (2行)
c620:   6.04s  (2行)
c701:   5.68s  (2行)
c702:  12.47s  (2行)
c703:   8.07s  (2行)
c704:   5.80s  (2行)
c705:   9.64s  (2行)
c706:   7.51s  (2行)
c707:  10.16s  (2行)
c708:   8.42s  (2行)
c709:   9.18s  (2行)
c710:   8.54s  (2行)
c711:   7.88s  (2行)
c712:   9.72s  (2行)
c713:   6.21s  (2行)
c714:   7.71s  (2行)
c715:  12.45s  (2行)
c716:  10.45s  (2行)
c717:   6.63s  (2行)
c718:  10.45s  (2行)
c719:   5.68s  (2行)
c720:   7.79s  (2行)
c721:   7.19s  (2行)
c722:  10.10s  (3行)
c723:   8.00s  (2行)
c724:   8.71s  (2行)
c725:  11.88s  (3行)
c726:  12.72s  (3行)
c801:   4.24s  (1行)
c802:   9.55s  (2行)
c803:   8.81s  (2行)
c804:   9.17s  (2行)
c805:   9.57s  (2行)
c806:  10.85s  (2行)
c807:   9.56s  (2行)
c808:  12.14s  (2行)
c809:   8.42s  (2行)
c810:   8.72s  (2行)
c811:   8.42s  (2行)
c812:  10.69s  (2行)
c813:  10.69s  (2行)
c814:  10.93s  (2行)
c815:  12.30s  (2行)
c816:   7.11s  (2行)
c817:  11.76s  (3行)
c818:   8.57s  (2行)
c819:   9.15s  (2行)
c820:  10.75s  (2行)
c821:  10.56s  (2行)
c822:  16.91s  (3行)
c823:  11.77s  (2行)
c824:   7.96s  (2行)
c825:  10.33s  (2行)
c901:   8.00s  (2行)
c902:   9.10s  (2行)
c903:   7.93s  (2行)
c904:   9.26s  (2行)
c905:   5.69s  (1行)
c906:   5.11s  (2行)
c907:   7.34s  (2行)
c908:  10.85s  (2行)
c909:   6.18s  (1行)
c910:   6.60s  (2行)
c911:  13.12s  (2行)
    ⚠️ 異音 c912-1 take1: 末尾に余計な音: 120ms の無音 → 170ms の音（6.15秒地点・振幅15029＝本文の1.6倍）
    ⚠️ 異音 c912-1 take2: 末尾に余計な音: 90ms の無音 → 160ms の音（6.40秒地点・振幅10791＝本文の1.1倍）
    ⚠️ 異音 c912-1 take3: 末尾に余計な音: 120ms の無音 → 170ms の音（6.39秒地点・振幅9361＝本文の1.1倍）
c912:  10.98s  (2行)
c913:   4.70s  (1行)
c914:  12.06s  (2行)
c915:  11.08s  (2行)
c916:  14.36s  (3行)
c917:  11.15s  (2行)
c918:   7.97s  (2行)
ca01:  12.06s  (2行)
ca02:   9.93s  (2行)
ca03:  10.75s  (2行)
ca04:   8.81s  (2行)
ca05:   9.61s  (2行)
ca06:   9.54s  (2行)
ca07:   8.78s  (2行)
ca08:  12.13s  (3行)
ca09:  10.06s  (2行)
ca10:   9.12s  (2行)
ca11:  12.00s  (2行)
ca12:  13.77s  (3行)
ep01:   9.72s  (2行)
ep02:   9.48s  (2行)
ep03:   5.80s  (2行)
ep04:   8.68s  (2行)
ep05:   9.87s  (2行)
ep06:   7.39s  (2行)

合成 216 カット／持ち越し 0 カット／未作成 0／記録 216／台本 216
作ったぶん: 216カット 11117字 → 発話＋行間 2053.3秒（5.41字/秒・行間込み。AivisSpeech は 5.52）
本編の見込み 38.0分（全 11117字をこの速さで＋LEAD/TAIL 0.85×216＋quote 2.0×22。許容 27〜40分）
最長の1行 = 9.76秒「喫水、つまり水に沈む深さは12.15メートル。重さは11万2383トンだった。」
API 71行（2,074字）／キャッシュ 384行／振り直し 12回／本物と判定 1／要耳 4（記録＝audio/el_qa/keybridge_el_retakes.tsv）
クレジット 57,655 → 58,704（消費 1,049）⚠️ 反映が遅れることがある
EXIT=0
