selftest: 10/10 合格
頭欠け    pr08-1   船→ク      台本: 船は橋脚に当たった。13秒で橋脚が崩れ、
                         聞取: クネは橋脚に当たった。十三秒で橋脚が崩れ
1字の入れ替え pr08-1   船        台本: 船は橋脚に当たった。13秒で橋脚が崩れ、
                         聞取: クネは橋脚に当たった。十三秒で橋脚が崩れ
字の欠け   pr08-2   船首       台本: 中央の橋桁3つが、船首の上と川へ落ちた。
                         聞取: 中央の橋桁三つが線路の上と川へ落ちた。
1字の入れ替え pr09-2   無        台本: この橋には、外航船が当たったときに崩れないための備えが無かった。
                         聞取: この橋には外航船が当たった時に崩れないための備えがなかった。
1字の入れ替え pr11-2   繋        台本: 最後の一本だけが、繋がっていなかった。
                         聞取: 最後の一本だけがつながっていなかった。
1字の入れ替え c101-1   跨        台本: フランシス・スコット・キー橋。ボルチモアの港の出口を跨いでいた。
                         聞取: フランシス・スコット・キー橋。ボルチモアの港の出口をまたいでいた。
1字の入れ替え c101-2   無        台本: その設計の基準に、船がぶつかるという項目は無かった。
                         聞取: その設計の基準に船がぶつかるという項目はなかった
字の欠け   c104-2   航路       台本: 主航路の上の桁下は185フィート、およそ56メートルあった。
                         聞取: 主砲楼の上の桁下は百八十五フィート、およそ五十六メートルあった。
1字の入れ替え c105-1   橋        台本: 橋の下を通るのは、幅700フィートのフォート・マクヘンリー連邦航路。
                         聞取: 足の下を通るのは幅七百フィートのフォートマックヘンリー連邦航路。
頭欠け    c108-1   None→8   台本: 両端の橋台、土手の側で橋を受ける台が2基。橋脚が36基。
                         聞取: 八葉橋の兄弟。土手の側で橋を受ける台が二基、橋脚が三十六基
字の欠け   c108-1   両端       台本: 両端の橋台、土手の側で橋を受ける台が2基。橋脚が36基。
                         聞取: 八葉橋の兄弟。土手の側で橋を受ける台が二基、橋脚が三十六基
同形異音語  c108-3   間        台本: 航路の上の3径間だけが、鋼のトラスで組まれていた。
                         聞取: 走路の上の三計観だけが鋼のトラスで組まれていた。
字の欠け   c108-3   径航       台本: 航路の上の3径間だけが、鋼のトラスで組まれていた。
                         聞取: 走路の上の三計観だけが鋼のトラスで組まれていた。
1字の入れ替え c110-1   付        台本: この骨組みには、決められた呼び名が付いている。
                         聞取: この骨組みには決められた呼び名がついている。
字の欠け   c111-2   査検       台本: 検査員が手の届く距離まで寄って調べることが義務づけられている。
                         聞取: 店員が手の届く距離まで寄って調べることが義務付けられている。
1字の入れ替え c113-2   衝        台本: 17番と18番の橋脚を、潰れて力を吸うコンクリートと木の防衝工が囲んでいた。
                         聞取: 十七番と十八番の橋脚を潰れて力を吸うコンクリートと木の防潮工が囲んでいた。
1字の入れ替え c205-2   無        台本: 緊急のときにどう伝えるかを決めた手順は、無かった。
                         聞取: 緊急の時にどう伝えるかを決めた手順はなかった
1字の入れ替え c206-1   橋        台本: 橋の両端には、州交通局警察の車が1台ずつ止まっていた。
                         聞取: 道の両端には州交通局警察の車が一台ずつ止まっていた。
字の欠け   c208-1   修補       台本: 州交通局と補修班の会社の契約には、こう書いてある。
                         聞取: 州交通局と保守班の会社の契約にはこう書いてある。
同形異音語  c211-1   事間       台本: 工事の車は7台。第18径間に4台、第20径間に2台、第22径間に1台。
                         聞取: 北条氏の車は七台、第十八警官に四台、第二十警官に二台、第二十二警官に一台
字の欠け   c211-1   工径       台本: 工事の車は7台。第18径間に4台、第20径間に2台、第22径間に1台。
                         聞取: 北条氏の車は七台、第十八警官に四台、第二十警官に二台、第二十二警官に一台
同形異音語  c212-2   間        台本: 第18径間と第20径間に止めた車の中にいた。
                         聞取: 第十八警官と第二十警官に停めた車の中にいた。
字の欠け   c212-2   径止       台本: 第18径間と第20径間に止めた車の中にいた。
                         聞取: 第十八警官と第二十警官に停めた車の中にいた。
同形異音語  c213-2   間        台本: 乾いていくコンクリートを見に行き、第22径間の自分の車まで戻ったところだった。
                         聞取: 乾いていくコンクリートを見に行き、第二十二警官の自分の車まで戻ったところだった。
1字の入れ替え c213-2   径        台本: 乾いていくコンクリートを見に行き、第22径間の自分の車まで戻ったところだった。
                         聞取: 乾いていくコンクリートを見に行き、第二十二警官の自分の車まで戻ったところだった。
字の欠け   c301-2   舵造       台本: 低圧の電気が落ちると、明かりも舵も機関も同時に止まる造りだった。
                         聞取: 低圧の電気が落ちると、明かりも家事も機関も同時に止まる作りだった。
1字の入れ替え c302-1   造        台本: 2015年、韓国の現代重工業で造られた。
                         聞取: 2015年、韓国の現代重工業で作られた
1字の入れ替え c302-3   架        台本: 橋が架かった1977年、いちばん大きなコンテナ船でも700フィートだった。
                         聞取: 橋がかかった1977年、一番大きなコンテナ船でも700フィートだった。
1字の入れ替え c305-2   針        台本: 船の指揮は船長のもとにあり、水先人は針路と速力を指示する。
                         聞取: 船の指揮は船長のもとにあり、水先人は進路と速力を指示する。
字の欠け   c306-1   先水       台本: 午前0時05分、メリーランド水先人組合の上級水先人と、
                         聞取: 午前零時五分、メリーランド推薦人組合の上級推薦人と
字の欠け   c310-2   操舵       台本: 主機関の冷却水ポンプ、そして操舵ポンプ3台のうち2台である。
                         聞取: 主機関の冷却水ポンプ、そしてソーダポンプ三台のうち二台である。
1字の入れ替え c311-1   舵        台本: つまり、低圧が落ちれば、明かりと舵と機関が同時に止まる。
                         聞取: つまり、低圧が落ちれば明かりと家事と機関が同時に止まる。
字の欠け   c312-2   用舶軽      台本: この夜、燃やしていたのは、そのうちの舶用軽油である。
                         聞取: この夜燃やしていたのはそのうちの柏葉桂油である。
字の欠け   c313-3   台子       台本: 端子台は、船に数千個あった
                         聞取: 端次第は船に数千個あった
同形異音語  c315-2   側        台本: 速さが上がると、タグの側が船の後ろの流れで危なくなるからである。
                         聞取: 速さが上がるとタグのガワが船の後ろの流れで危なくなるからである。
字の欠け   c316-1   甲船首      台本: 船首には甲板長が1人残った。
                         聞取: 選手には看板長が一人残った
1字の入れ替え c318-1   針        台本: このとき船は、針路140度で、航路の中心の少し左を進んでいた。
                         聞取: この時船は深度百四十度で、航路も中心の少し左を進んでいた。
字の欠け   c402-1   操舵       台本: 明かりが消えた。操舵ポンプ3台が全部止まった。
                         聞取: 明かりが消えた。ソーダポンプ三台が全部止まった。
1字の入れ替え c402-2   補        台本: 燃料ポンプも、冷却水ポンプも、船首を横に押すスラスターの補機も止まった。
                         聞取: 燃料ポンプも冷却水ポンプも船首を横に押すスラスターの帆機も止まった。
1字の入れ替え c403-1   路        台本: 船は8.9ノットで進んでいた。針路142度。
                         聞取: 船は八点九ノットで進んでいた。針状百四十二度。
1字の入れ替え c403-2   橋        台本: 船首から橋までは3200フィート。船の長さの3.3隻ぶんである。
                         聞取: 船首から端までは三千二百フィート。船の長さの三点三隻分である。
1字の入れ替え c404-1   舵        台本: 舵は、停電した瞬間の中央を向いたまま固まった。
                         聞取: 火事は停電した瞬間の中央を向いたまま固まった。
1字の入れ替え c407-1   無        台本: ただし、この装置には停電に備えた電源が無かった。
                         聞取: ただし、この装置には停電に備えた電源がなかった。
字の欠け   c409-2   先効水舵     台本: 上級水先人が指揮を引き取り、舵は効くかと尋ねる。
                         聞取: 上級推薦人が指揮を引き取り、「火事は聞くか？」と尋ねる。
字の欠け   c410-1   効手       台本: 二等航海士と操舵手は、効いていると答えた。
                         聞取: 二等航海士と操舵士は聞いていると答えた。
1字の入れ替え c411-2   針        台本: 針路が右へ振れています。舵は左いっぱいに当てています。
                         聞取: 進路が右へ振れています。舵は左いっぱいに当てています。
1字の入れ替え c413-1   栓        台本: 電気技師は、変圧器につながる遮断器、電気の元栓を2つ、手で閉じた。
                         聞取: 電気技師は変圧器につながる遮断機、電気の元線を二つ手で閉じた。
字の欠け   c413-2   操舵       台本: 明かりが戻り、操舵ポンプ2台が回りはじめる。
                         聞取: 明かりが戻り、ソーダポンプ 2台が回り始める。
字の欠け   c414-1   先水       台本: ほぼ同じ1時25分59秒。上級水先人が電話をかけた。
                         聞取: ほぼ同じ1時25分59秒、上級推薦人が電話をかけた。
字の欠け   c416-1   推舵進      台本: 電気と舵は戻った。しかし推進は戻らない。
                         聞取: 電気とガスは戻った。しかし、水深は戻らない。
字の欠け   c416-2   主掛機造関    台本: 主機関は、人が手で掛け直さないと動かない造りである。
                         聞取: 手記感は人が手でかけ直さないと動かない作りである。
字の欠け   c417-2   台操舵      台本: 3台目の操舵ポンプにも電気が来る。
                         聞取: 三代目のソーダポンプにも電気が来る
字の欠け   c419-1   先水       台本: 1時26分38秒、上級水先人が無線でタグボートを呼ぶ。
                         聞取: 一時二十六分三十八秒、上級推薦人が無線でタグボートを呼ぶ。
1字の入れ替え c420-1   掛        台本: 組合の手順では、緊急のときはまず沿岸警備隊へ掛けることになっていた。
                         聞取: 組合の手順では、緊急の時はまず沿岸警備隊へかけることになっていた。
1字の入れ替え c420-2   掛        台本: 配車係は一覧に州交通局の番号を見つけ、昔の訓練どおり、先にそこへ掛けた。
                         聞取: 配車係は一覧に州交通局の番号を見つけ、昔の訓練通り先にそこへかけた。
1字の入れ替え c421-1   橋        台本: 1時27分02秒。橋まで1500フィート。
                         聞取: 一時二十七分二秒。端まで千五百フィート。
同形異音語  c421-2   人        台本: 上級水先人が、左舷の錨を投げよと命じる。
                         聞取: 上級聖戦陣が左舷の錨を投げよと命じる。
字の欠け   c421-2   先水       台本: 上級水先人が、左舷の錨を投げよと命じる。
                         聞取: 上級聖戦陣が左舷の錨を投げよと命じる。
1字の入れ替え c423-1   器        台本: 1時27分36秒。電気技師が、もう一組の遮断器を手で閉じた。
                         聞取: 1時27分36秒、電気技師がもう一組の遮断機を手で閉じた。
字の欠け   c423-2   主低機関     台本: 低圧が戻る。それでも主機関は止まったままである。
                         聞取: 制圧が戻る。それでも指揮官は止まったままである。
1字の入れ替え c425-2   補        台本: 二等航海士がつまみを回した。補機が最初の停電で止まっており、動かなかった。
                         聞取: 二等航海士がつまみを回した。帆機が最初の停電で止まっており、動かなかった。
1字の入れ替え c426-2   錨        台本: 錨のブレーキが、開かなかった
                         聞取: 怒りのブレーキが開かなかった。
字の欠け   c427-1   船首       台本: 1時28分10秒、船首が航路の外へ出て、泥に乗り上げはじめる。
                         聞取: 一時二十八分十秒。選手が航路の外へ出て泥に乗り上げ始める。
1字の入れ替え c503-2   端        台本: 南端の警官も、北行きを塞いだ。
                         聞取: 南段の警官も北行きを塞いだ。
1字の入れ替え c504-2   無        台本: このあと、橋に入った一般の車は1台も無い。
                         聞取: この後、橋に入った一般の車は一台もない。
字の欠け   c506-2   官答警      台本: 警官は、こう答えた。
                         聞取: 景観は考古台だ。
1字の入れ替え c511-1   無        台本: 決められた手順が無かった、と報告書は書く。
                         聞取: 決められた手順がなかったと報告書は書く。
1字の入れ替え c511-2   無        台本: 警官と、橋の上の作業員や点検員のあいだに、即時の連絡の取り決めは無かった。
                         聞取: 警官と橋の上の作業員や点検員との間に即時の連絡の取り決めはなかった。
同形異音語  c512-1   間        台本: そのとき、7人は第18径間と第20径間の車の中で休んでいた。
                         聞取: その時七人は第十八警官と第二十警官の車の中で休んでいた。
1字の入れ替え c512-1   径        台本: そのとき、7人は第18径間と第20径間の車の中で休んでいた。
                         聞取: その時七人は第十八警官と第二十警官の車の中で休んでいた。
同形異音語  c512-2   間        台本: 点検員は第22径間を歩いていた。
                         聞取: 点検員は第二十二計館を歩いていた。
1字の入れ替え c512-2   径        台本: 点検員は第22径間を歩いていた。
                         聞取: 点検員は第二十二計館を歩いていた。
同形異音語  c513-1   間        台本: 崩れなかった径間のうち、いちばん近いのは第16径間だった。
                         聞取: 崩れなかった桂馬のうち、一番近いのは第十六景観だった。
1字の入れ替え c513-1   径        台本: 崩れなかった径間のうち、いちばん近いのは第16径間だった。
                         聞取: 崩れなかった桂馬のうち、一番近いのは第十六景観だった。
同形異音語  c514-1   間        台本: 第20径間のいちばん北の車から、およそ892メートル。
                         聞取: 第二十警管の一番北の車からおよそ八百九十二メートル。
1字の入れ替え c514-1   径        台本: 第20径間のいちばん北の車から、およそ892メートル。
                         聞取: 第二十警管の一番北の車からおよそ八百九十二メートル。
同形異音語  c514-2   間        台本: 第18径間の4台からは、およそ516メートルである。
                         聞取: Y18景観の四台からはおよそ五百十六メートルである。
字の欠け   c514-2   径第       台本: 第18径間の4台からは、およそ516メートルである。
                         聞取: Y18景観の四台からはおよそ五百十六メートルである。
同形異音語  c517-2   間        台本: 北へ走った。第23径間まで抜けたところで、歩いていた径間が落ちた。
                         聞取: 北へ走った。第二十三、警官まで抜けたところで歩いていた警官が落ちた。
1字の入れ替え c517-2   径        台本: 北へ走った。第23径間まで抜けたところで、歩いていた径間が落ちた。
                         聞取: 北へ走った。第二十三、警官まで抜けたところで歩いていた警官が落ちた。
同形異音語  c519-1   間        台本: 7人は、径間とともに川へ落ちた。
                         聞取: 七人は警官と共に川へ落ちた。
1字の入れ替え c519-1   径        台本: 7人は、径間とともに川へ落ちた。
                         聞取: 七人は警官と共に川へ落ちた。
字の欠け   c520-1   橋艇       台本: 1時55分。州交通局警察の艇が、20番橋脚の近くでその1人を見つけた。
                         聞取: 一時五十五分。州交通局、警察の手が二十番閉脚の近くでその一人を見つけた。
1字の入れ替え c521-2   警        台本: 警官と同じころに、点検員と作業員にも伝わっていたら。
                         聞取: 上官と同じ頃に点検員と作業員にも伝わっていたら
同形異音語  c521-3   間        台本: 崩れない径間まで、行けたかもしれない
                         聞取: 崩れない経過まで行けたかもしれない。
1字の入れ替え c521-3   径        台本: 崩れない径間まで、行けたかもしれない
                         聞取: 崩れない経過まで行けたかもしれない。
字の欠け   c601-1   船首       台本: 船首の右舷が当たったのは、17番橋脚の北西の柱だった。
                         聞取: 店主の右舷が当たったのは十七番橋脚の北西の柱だった。
1字の入れ替え c602-1   当        台本: 当たったときの力を、橋の設計指針の式で出してみると、
                         聞取: 渡った時の力を橋の設計指針の式で出してみると
字の欠け   c602-2   橋耐       台本: 橋脚の耐力の、4倍を超えた
                         聞取: 狭脚の体力の四倍を超えた
1字の入れ替え c603-1   耐        台本: 耐力の値は5509キップ。1キップは1000ポンドだから、
                         聞取: 体力の値は五千五百九キップ。一キップは千ポンドだから
1字の入れ替え c604-2   耐        台本: 報告書は、そのうち2本が耐力を超えて壊れた、と書いている。
                         聞取: 報告書はそのうち2本が体力を超えて壊れたと書いている。
同形異音語  c606-1   間        台本: 続いて、中央の3径間が落ちた。
                         聞取: 続いて中央の三景館が落ちた。
1字の入れ替え c606-1   径        台本: 続いて、中央の3径間が落ちた。
                         聞取: 続いて中央の三景館が落ちた。
同形異音語  c606-2   間        台本: 北側でも、橋脚3基と径間3つが続けて落ちている。
                         聞取: 北側でも橋脚三基と警官三つが続けて落ちている。
1字の入れ替え c606-2   径        台本: 北側でも、橋脚3基と径間3つが続けて落ちている。
                         聞取: 北側でも橋脚三基と警官三つが続けて落ちている。
1字の入れ替え c608-2   造        台本: 橋の骨組みが、1本壊れれば落ちる造りだったからではないか。
                         聞取: 橋の骨組みが一本壊れれば落ちる作りだったからではないか。
字の欠け   c609-1   冗長       台本: 第1章で置いた、非冗長鋼引張部材である。
                         聞取: 第一章で置いた非常調鋼引張部材である。
同形異音語  c609-2   間        台本: キー橋の川の上の3径間は、たしかにその部材で組まれていた。
                         聞取: ひい橋の川の上の三景館は確かにその部材で組まれていた。
頭欠け    c609-2   キ→ひ      台本: キー橋の川の上の3径間は、たしかにその部材で組まれていた。
                         聞取: ひい橋の川の上の三景館は確かにその部材で組まれていた。
1字の入れ替え c609-2   径        台本: キー橋の川の上の3径間は、たしかにその部材で組まれていた。
                         聞取: ひい橋の川の上の三景館は確かにその部材で組まれていた。
1字の入れ替え c613-2   支        台本: 力の道筋から、支点そのものが抜けた。
                         聞取: 力の道筋から視点そのものが抜けた。
同形異音語  c615-2   側        台本: 寄与要因に挙がったのも、船が橋脚に届いたときの備えの側だった。
                         聞取: 十、要員に上がったのも、船が橋脚に届いた時の備えのガワだった。
頭欠け    c615-2   None→10  台本: 寄与要因に挙がったのも、船が橋脚に届いたときの備えの側だった。
                         聞取: 十、要員に上がったのも、船が橋脚に届いた時の備えのガワだった。
字の欠け   c615-2   与因寄挙     台本: 寄与要因に挙がったのも、船が橋脚に届いたときの備えの側だった。
                         聞取: 十、要員に上がったのも、船が橋脚に届いた時の備えのガワだった。
字の欠け   c618-1   修班補      台本: 人の被害は、亡くなった補修班6人、重傷1人。
                         聞取: 人の被害は亡くなった保守派6人、重傷1人。
1字の入れ替え c618-2   無        台本: 船の乗員が軽傷1人。点検員にけがは無かった。
                         聞取: 船の乗員が軽傷を一人、点検員に怪我はなかった。
1字の入れ替え c703-2   変        台本: 1号の変圧器につながる、高圧の遮断器を閉じる。
                         聞取: 一号の部屋付きにつながる高圧の遮断器を閉じる。
1字の入れ替え c704-1   器        台本: ところが、その遮断器は閉じなかった。
                         聞取: ところが、その遮断機は閉じなかった。
1字の入れ替え c704-2   器        台本: 造船所の遮断器の専門家を呼ぶことになった。
                         聞取: 造船所の遮断機の専門家を呼ぶことになった。
1字の入れ替え c705-1   器        台本: 4月10日。専門家が来て試すと、遮断器は何度も正常に動いた。
                         聞取: 四月十日、専門家が来て試すと、遮断機は何度も正常に動いた。
意味の語   c707-2   ない       台本: 1号の変圧器はつないだままにされた。停電がまた起きるかを見るためである。
                         聞取: 一号の変圧器は繋いだままにされた。停電がまた起きるかを見るためである。
1字の入れ替え c708-1   無        台本: 4月12日。前ぶれも警報も無く、低圧が落ちた。
                         聞取: 四月十二日、前触れも警報もなく低圧が落ちた。
1字の入れ替え c709-1   器        台本: 4月24日、造船所の技術者が電力解析器を2台取り付けた。
                         聞取: 四月二十四日、造船所の技術者が電力解析機を二台取り付けた
1字の入れ替え c710-1   器        台本: 4月29日、午前6時12分ごろ。また同じ遮断器が落ちた。
                         聞取: 四月二十九日午前六時十二分頃、また同じ遮断機が落ちた
1字の入れ替え c710-2   付        台本: 今度は、測る道具が付いていた。
                         聞取: 今度は測る道具がついていた。
字の欠け   c712-1   付器外      台本: この遮断器には、不足電圧引外し装置という部品が付いている。
                         聞取: この遮断機には不足電圧引きずし装置という部品がついている。
1字の入れ替え c713-1   器        台本: 裏を返すと、遮断器が閉じたままでいるためには、
                         聞取: 裏を返すと、遮断機が閉じたままでいるためには
1字の入れ替え c714-1   技        台本: 技術者が調べると、途中の接点はどれも正常だった。それなのに、
                         聞取: 医術者が調べると、途中の接点はどれも正常だった。それなのに
1字の入れ替え c715-1   当        台本: そこで、信号線を1本ずつ当たっていった。
                         聞取: そこで信号線を一本ずつあたっていった。
1字の入れ替え c715-2   社        台本: 緩んだつなぎ目が1つ見つかる。ワゴ社の3口の端子台。番号は381。
                         聞取: 緩んだつなぎ目が一つ見つかる。輪暴車の三口の端子台、番号は三百八十一。
1字の入れ替え c717-1   器        台本: 遮断器は、設計どおりに閉じた。
                         聞取: 遮断機は設計通りに閉じた。
字の欠け   c720-1   台子       台本: 材料研究室に運んで調べると、端子台の口の面と、
                         聞取: 材料研究室に運んで調べると、端次第の口の面と
1字の入れ替え c721-2   器        台本: だから遮断器は、ときどき正常に動いた。
                         聞取: だから遮断機は時々正常に動いた。
1字の入れ替え c723-2   造        台本: 船を造るとき、配電盤の線には1本ずつ、ラベルの帯が巻かれていた。
                         聞取: 船を作る時、配電盤の線には一本ずつラベルの帯が巻かれていた。
1字の入れ替え c725-3   帯        台本: 帯が、線を奥まで入れさせなかった
                         聞取: 語尾が線を奥まで入れさせなかった。
字の欠け   c801-1   当橋       台本: キー橋に船が当たったのは、2024年が初めてではない。
                         聞取: 日吉に船が立ったのは2024年が初めてではない。
字の欠け   c802-2   操舵       台本: 橋からおよそ600ヤードのところで操舵を失った。
                         聞取: 橋からおよそ六百ヤードのところでSODAを失った。
1字の入れ替え c803-2   当        台本: 当たった先は、同じ17番橋脚だった。
                         聞取: 渡った先は同じ十七番橋脚だった。
1字の入れ替え c804-1   衝        台本: このときは、潰れて力を吸うコンクリートと木の防衝工が船を止めた。
                         聞取: この時は潰れて力を吸うコンクリートと木の防潮工が船を止めた。
字の欠け   c805-1   工衝造防     台本: 防衝工は壊れたが、元の設計どおりに造り直された。
                         聞取: 道承公は壊れたが、元の設計通りに作り直された。
1字の入れ替え c806-1   架        台本: 橋が架かってからの47年で、船は大きくなった。
                         聞取: 橋がかかってからの四十七年で船は大きくなっ
字の欠け   c808-2   積船       台本: ばら積み船が当たり、橋桁がおよそ150フィート下の湾へ落ちた。
                         聞取: ばらずみすねが当たり、橋桁がおよそ150フィート下の湾へ落ちた。
1字の入れ替え c810-2   訂        台本: 2009年に改訂されている。
                         聞取: 2009年に改定されている
1字の入れ替え c812-1   無        台本: ただし、1991年より前に建った橋には、義務が無い。
                         聞取: ただし、 1991年より前に建った橋には義務がない。
字の欠け   c812-2   既設       台本: 協会は、既設の橋についても計算するよう勧めた。あくまで推奨である。
                         聞取: 協会は季節の橋についても計算するよう勧めた。あくまで推奨である。
頭欠け    c813-1   キ→ヒ      台本: キー橋は1977年の橋なので、州交通局に義務は無かった。
                         聞取: ヒイ橋は1977年の橋なので、州交通局に義務はなかった。
1字の入れ替え c813-1   無        台本: キー橋は1977年の橋なので、州交通局に義務は無かった。
                         聞取: ヒイ橋は1977年の橋なので、州交通局に義務はなかった。
1字の入れ替え c813-2   勧        台本: それでも、勧められていたことを知っているべきだった、と報告書は書く。
                         聞取: それでも「進められていたことを知っているべきだった」と報告書は書く。
字の欠け   c815-2   数隻       台本: 年間の隻数、水路の形などを入れて、崩れる見込みを出すものである。
                         聞取: 年間の積雪、水路の形などを入れて崩れる見込みを出すものである。
1字の入れ替え c816-1   値        台本: 重要とされる橋のしきい値は、年に1万分の1。
                         聞取: 重要とされる橋の敷地は年に一万分の一
1字の入れ替え c817-3   値        台本: しきい値の、およそ30倍
                         聞取: 地球位置のおよそ三十倍
1字の入れ替え c818-1   分        台本: 計算していれば、この橋が基準を超えていることは分かった。
                         聞取: 計算していれば、この橋が基準を超えていることはわかった。
字の欠け   c819-2   無航       台本: 外航船の衝突に対する備えが無かったことを挙げている。
                         聞取: 外交船の衝突に対する備えがなかったことを挙げている。
頭欠け    c820-2   None→1   台本: 外航船が通る水路をまたぐ橋は、26の州に176ある。
                         聞取: 1回以降船が通る水路をまたぐ橋は二十六の州に百七十六ある。
字の欠け   c820-2   外航       台本: 外航船が通る水路をまたぐ橋は、26の州に176ある。
                         聞取: 1回以降船が通る水路をまたぐ橋は二十六の州に百七十六ある。
1字の入れ替え c821-1   当        台本: そのうち40の橋が、2002年から2023年のあいだに当たられている。
                         聞取: そのうち四十の橋が二千二年から二千二十三年の間に渡られている。
1字の入れ替え c821-2   航        台本: 相手は大型の外航船。全体の23パーセントである。
                         聞取: 相手は大型の外交船全体の二十三パーセントである。
字の欠け   c822-1   建指航針     台本: 1991年の指針より前に建ち、外航船が通る水路をまたぐ橋は68。
                         聞取: 1991年の地震より前に立ち、外交船が通る水路をまたぐ橋は68。
1字の入れ替え c824-2   無        台本: キー橋には、危険なときに車を橋に入れないための装置が無かった。
                         聞取: 西樋橋には危険な時に車を橋に入れないための装置がなかった。
字の欠け   c901-1   航路       台本: 崩れた鋼とコンクリートは、川の底と航路を塞いだ。
                         聞取: 崩れた鋼とコンクリートは川の底と坑道を塞いだ。
字の欠け   c903-2   去撤       台本: 撤去は、海軍のサルベージ・潜水監督官が率いた。
                         聞取: Techは海軍のサルベージ潜水監督官が率いた。
1字の入れ替え c904-2   揚        台本: 引き揚げのための、重量物のクレーンとはしけも入った。
                         聞取: 引き上げのための重量物のクレーンと梯子も入った。
同形異音語  c907-2   壁        台本: 岸壁に戻して、積荷と残骸を降ろしていく。
                         聞取: 完璧に戻して積み荷と残骸を下ろしていく。
字の欠け   c907-2   岸降       台本: 岸壁に戻して、積荷と残骸を降ろしていく。
                         聞取: 完璧に戻して積み荷と残骸を下ろしていく。
字の欠け   c910-2   崩落       台本: 崩落から76日である。
                         聞取: Tuzlakから七十六日である。
1字の入れ替え c916-1   架        台本: 架け替えの設計の考え方は、2025年2月に公表された。
                         聞取: 掛け替えの設計の考え方は2025年2月に公表された
字の欠け   c916-3   航路       台本: 主航路の上の桁下は、230フィートになる。
                         聞取: 主砲炉の上の桁下は二百三十フィートになる
1字の入れ替え c917-2   径        台本: 主径間は3300フィート。塔と塔のあいだは1600フィートになる。
                         聞取: 主計官は三千三百フィート、塔と塔の間は千六百フィートになる。
1字の入れ替え c918-2   通        台本: 通れるようになるのは、2030年の後半とされている。
                         聞取: 売れるようになるのは2030年の後半とされている。
1字の入れ替え ca06-2   無        台本: それでも、使うことを義務づける決まりは、業界のどこにも無い。
                         聞取: それでも使うことを義務付ける決まりは業界のどこにもない
字の欠け   ca08-3   橋無       台本: 橋の上には、その道が無かった
                         聞取: 足の上にはその道がなかった。
1字の入れ替え ca09-1   橋        台本: 車の側にも勧告が出た。しきい値を超えている橋、
                         聞取: 車の側にも勧告が出た。敷居値を超えているらしい。
字の欠け   ca11-2   海航       台本: マイクを別々に録れること。航海データ記録装置への勧告である。
                         聞取: マイクを別々に取れること。後悔データ記録装置への勧告である。
字の欠け   ca12-2   与寄無      台本: 寄与要因は3つ。橋に近すぎたこと。橋の側に備えが無かったこと。
                         聞取: 理由要因は三つ。橋に近すぎたこと、橋の側に備えがなかったこと
1字の入れ替え ca12-3   無        台本: そして、橋の上の作業員に知らせる手段が無かったこと。
                         聞取: そして橋の上の作業員に知らせる手段がなかったこと。
1字の入れ替え ep01-2   無        台本: 橋の上の作業員に退避を知らせる、実効的で即時の連絡手段が無かったこと。
                         聞取: 橋の上の作業員に退避を知らせる、実効的で即時の連絡手段がなかったこと。
1字の入れ替え ep04-1   掛        台本: 同じ1時27分53秒に、橋の上へ向かう電話は掛からなかった。
                         聞取: 同じ1時27分53秒に橋の上へ向かう電話はかからなかった。
1字の入れ替え ep06-1   掛        台本: 一本の信号線と、掛からなかった一本の電話。
                         聞取: 一本の信号線と、かからなかった一本の電話

検査 443行 → 所見 168件 {'頭欠け': 6, '1字の入れ替え': 89, '字の欠け': 53, '同形異音語': 19, '意味の語': 1} -> C:\Users\konar\Desktop\zukai-engine\audio\el_qa\keybridge_heard_flags.tsv
⚠️ 当たり付け。0件でも誤読ゼロの証明ではない
