🔴 pr12-2 一致率90.3%  聞取に見当たらない数: ['259']
     台本: 259ページの報告書だけで、たどる。
     聞取: 百五十九ページの報告書だけでたどり
🔴 c104-1 一致率93.0%  聞取に見当たらない数: ['2769']
     台本: 全長は9086フィート。およそ2769メートル。
     聞取: 全長は九千八十六フィート、およそ二千二百六十九メートル
🔴 c106-1 一致率94.1%  聞取に見当たらない数: ['34121']
     台本: 車線は4つ。2023年の通行は1日あたり34121台。
     聞取: 車線は四つ。二〇二三年の通行は一日当たり三四八一二一台。
🔴 c303-1 一致率96.7%  聞取に見当たらない数: ['4679', '5', '5671']
     台本: 積んでいたのは4679個のコンテナ。重さにして5万5671トン。
     聞取: 積んでいたのは四四〇六七九個のコンテナ。重さにして五万五千六百七十一トン。
🔴 c306-1 一致率77.6%  聞取に見当たらない数: ['05']
     台本: 午前0時05分、メリーランド水先人組合の上級水先人と、
     聞取: 午前零時五分、メリーランド推薦人組合の上級推薦人と
🔴 c307-2 一致率95.5%  聞取に見当たらない数: ['11', '2383']
     台本: 喫水、つまり水に沈む深さは12.15メートル。重さは11万2383トンだった。
     聞取: 喫水、つまり水に沈む深さは十二点一五メートル、重さは十一万二千三百八十三トンだった。
🔴 c308-2 一致率90.0%  聞取に見当たらない数: ['6600']
     台本: 6600ボルトの高圧の母線、電気を分ける幹の線につながっている。
     聞取: たしか六百ボルトの高圧の母線、電気を分ける幹の線につながっている
🔴 c312-1 一致率93.0%  聞取に見当たらない数: ['180', '680']
     台本: 燃料はタンクに180万ガロン、およそ680万リットル。
     聞取: 燃料はタンクに百八十万ガロン、およそ六百八十万リットル
🔴 c314-1 一致率95.0%  聞取に見当たらない数: ['07', '08']
     台本: 1時07分と1時08分、タグボートを順に離す。
     聞取: 一時七分と一時八分タグボートを順に離す。
🔴 c401-1 一致率88.2%  聞取に見当たらない数: ['00']
     台本: 1時25分00秒。低圧の母線が落ちた。
     聞取: 一時二十五分零零秒。低圧の母線が落ちた。
🔴 c405-1 一致率95.5%  聞取に見当たらない数: ['03']
     台本: 3秒後の1時25分03秒。航海データ記録装置が、
     聞取: 三秒後の一時二十五分零三秒。航海データ記録装置が
🔴 c408-1 一致率98.4%  聞取に見当たらない数: ['08']
     台本: 1時25分08秒。主機関が止まった。冷却水ポンプが落ちたためである。
     聞取: 一時二十五分八秒。主機関が止まった。冷却水ポンプが落ちたためである。
🔴 c421-1 一致率82.4%  聞取に見当たらない数: ['02']
     台本: 1時27分02秒。橋まで1500フィート。
     聞取: 一時二十七分二秒。端まで千五百フィート。
🔴 c427-3 一致率87.0%  聞取に見当たらない数: ['09']
     台本: 1時29分09秒。船首の右舷が、17番橋脚に当たった。
     聞取: 一時二十九分九秒、船首の眉山が十七番橋脚に当たった。
🔴 c617-2 一致率92.9%  聞取に見当たらない数: ['1800']
     台本: 損害額は1800万ドルを超えている。積荷の損害は確定していない。
     聞取: 損害額は千八百万ドルを超えている。積み荷の損害は確定していない。
🔴 c809-2 一致率88.9%  聞取に見当たらない数: ['35']
     台本: 35人が亡くなった。
     聞取: 75人が亡くなった。
🔴 c815-1 一致率89.7%  聞取に見当たらない数: ['2']
     台本: 2009年の指針の計算、方法2は、橋の下を通る船の大きさと速さ、
     聞取: 二〇〇九年の地震の計算方法には、橋の下を通る船の大きさと速さ
🔴 c906-2 一致率100.0%  聞取に見当たらない数: ['5']
     台本: 川底から、5万トン
     聞取: 川底から五万トン
🔴 c915-1 一致率85.2%  聞取に見当たらない数: ['3', '4000']
     台本: 橋を渡っていた1日3万4000台あまりが、港のまわりを回ることになった。
     聞取: 橋を渡っていた一日三万四千台余りが港の周りを回ることになった。
🔴 c918-1 一致率100.0%  聞取に見当たらない数: ['43', '52']
     台本: 費用の見込みは43億ドルから52億ドル。
     聞取: 費用の見込みは四十三億ドルから五十二億ドル。
🔴 ep06-2 一致率88.4%  聞取に見当たらない数: ['259']
     台本: 259ページが指しているのは、その2つである。
     聞取: 九か十週九ページが指しているのはその二つである。

検査 443行／台本の数 393個 → 聞取に見当たらない数がある行: 21行
⚠️ 0件でも『誤読なし』ではありません。この検査が見るのは**数だけ**です。
