  pr01-1 take1: ✓  2024年3月26日午前1時29分。メリーランド州ボルティモア。
pr01-1: 1テイク → 採用（文字起こしが台本と合う）
    ⚠️ 異音 pr05-1 take1: 途中に浮いた音: 180ms（1.85秒地点・振幅16904＝本文の1.7倍／前140ms・後100ms の無音）
  pr05-1 take1: ✓  調べたのはアメリカの国家運輸安全委員会、略称NTSB。
pr05-1: 1テイク → 採用（文字起こしが台本と合う）
  pr08-1 take1: ✓  船は橋脚に当たった。十三秒で橋脚が崩れ
pr08-1: 1テイク → 採用（文字起こしが台本と合う）
  pr08-2 take1: ✓  中央の橋げた三つが船首の上と川へ落ちた。
pr08-2: 1テイク → 採用（文字起こしが台本と合う）
  pr10-1 take1: ✓  事故の後に計算してみると、この橋が崩れる見込みは
pr10-1: 1テイク → 採用（文字起こしが台本と合う）
    ⚠️ 異音 c102-2 take1: 途中に浮いた音: 170ms（3.14秒地点・振幅19825＝本文の1.9倍／前180ms・後170ms の無音）; 途中に浮いた音: 220ms（3.48秒地点・振幅22733＝本文の2.1倍／前170ms・後170ms の無音）
    ⚠️ 異音 c102-2 take2: 途中に浮いた音: 170ms（2.89秒地点・振幅17319＝本文の1.8倍／前90ms・後140ms の無音）; 途中に浮いた音: 180ms（3.20秒地点・振幅26379＝本文の2.8倍／前140ms・後170ms の無音）
    ⚠️ 異音 c102-2 take3: 末尾に余計な音: 90ms の無音 → 220ms の音（3.89秒地点・振幅8975＝本文の1.0倍）; 途中に浮いた音: 160ms（2.73秒地点・振幅18025＝本文の1.9倍／前150ms・後150ms の無音）
  c102-2 take1: ✓  崩れたのはその四十七年と三日後だった。
c102-2: 1テイク → 採用（文字起こしが台本と合う）
  c103-1 take1: ✓  持ち主はメリーランド州交通局、略称MDTA。
c103-1: 1テイク → 採用（文字起こしが台本と合う）
  c105-1 take1: ✓  橋の下を通るのは幅七百フィートのフォートマクヘンリー連邦航路。
c105-1: 1テイク → 採用（文字起こしが台本と合う）
  c108-1 take1: ✓  両橋の橋台、土手の側で橋を受ける台が二基、橋脚が三十六基
c108-1: 1テイク → 採用（文字起こしが台本と合う）
  c108-2 take1: 字の欠け:径橋脚  漂客と漂客の間を景観と呼ぶ。
  c108-2 take2: ✓  橋脚と橋脚の間を径間と呼ぶ。
c108-2: 2テイク → 採用（文字起こしが台本と合う）
  c108-3 take1: 同形異音語:間／字の欠け:径航  高路の上の三景観だけが鋼のトラスで組まれていた。
  c108-3 take2: 同形異音語:間／字の欠け:径航  往路の上の三景館だけが鋼のトラスで組まれていた。
  c108-3 take3: 同形異音語:間／字の欠け:径航  往路の上の三景館だけが鋼のトラスで組まれていた。
c108-3: 3テイク → 要耳（全テイク落ち・所見最少を採用）
  c110-2 take1: 頭欠け:非→ひ  ひ、冗長が引っ張り部材。鋼でできていて引っ張られていて
  c110-2 take2: ✓  非冗長。鋼引っ張り部材。鋼でできていて、引っ張られていて
c110-2: 2テイク → 採用（文字起こしが台本と合う）
  c111-2 take1: ✓  検査員が手の届く距離まで寄って調べることが義務付けられている。
c111-2: 1テイク → 採用（文字起こしが台本と合う）
  c202-2 take1: ✓  他の車線には車が通っていた。
c202-2: 1テイク → 採用（文字起こしが台本と合う）
  c206-1 take1: ✓  橋の両端には州交通局警察の車が一台ずつ止まっていた。
c206-1: 1テイク → 採用（文字起こしが台本と合う）
  c206-2 take1: ✓  工事の間、車の流れを落とすためである。
c206-2: 1テイク → 採用（文字起こしが台本と合う）
  c211-1 take1: 同形異音語:間  工事の車は七台。第十八景観に四台、第二十景観に二台、第二十二景観に一台。
  c211-1 take2: 同形異音語:間  工事の車は七台。第十八警官に四台、第二十警官に二台、第二十二警官に一台
  c211-1 take3: 同形異音語:間  工事の車は七台、 第十八警官に四台、 第二十警官に二台、 第二十二警官に一台。
c211-1: 3テイク → 要耳（全テイク落ち・所見最少を採用）
  c301-1 take1: ✓  船の名はダリ。シンガポール船籍のコンテナ船である。
c301-1: 1テイク → 採用（文字起こしが台本と合う）
  c306-1 take1: 字の欠け:先水／数:05／数の余り:12,5  午前零時五分、メリーランド推薦人組合の上級推薦人と十二
  c306-1 take2: 数:05／数の余り:6  午前零時六分、メリーランド水先人組合の上級水先人と
  c306-1 take3: 字の欠け:先水／数:05／数の余り:5  午前零時五分、メリーランド推薦人組合の上級推薦人と
c306-1: 3テイク → 要耳（全テイク落ち・所見最少を採用）
    ⚠️ 異音 c307-2 take1: 末尾に余計な音: 90ms の無音 → 160ms の音（10.00秒地点・振幅11417＝本文の1.5倍）
    ⚠️ 異音 c307-2 take2: 末尾に余計な音: 110ms の無音 → 170ms の音（8.79秒地点・振幅14100＝本文の1.7倍）
    ⚠️ 異音 c307-2 take3: 末尾に余計な音: 110ms の無音 → 140ms の音（9.81秒地点・振幅12490＝本文の1.5倍）
  c307-2 take1: 数:11,2383／数の余り:112383  喫水、つまり水に沈む深さは十二点一五メートル、重さは十一万二千三百八十三トンだった。
    ⚠️ 異音 c307-2 take1: 末尾に余計な音: 130ms の無音 → 220ms の音（9.20秒地点・振幅12300＝本文の1.5倍）
  c307-2 take2: 数:11,2383／数の余り:112383  喫水、つまり水に沈む深さは十二点一五メートル、重さは十一万二千三百八十三トンだった。
  c307-2 take3: 数:11,2383／数の余り:112383  喫水、つまり水に沈む深さは十二点一五メートル、重さは十一万二千三百八十三トンだった
c307-2: 3テイク → 要耳（全テイク落ち・所見最少を採用）
    ⚠️ 異音 c313-3 take1: 末尾に余計な音: 160ms の無音 → 240ms の音（2.44秒地点・振幅18068＝本文の1.7倍）
    ⚠️ 異音 c313-3 take2: 末尾に余計な音: 130ms の無音 → 170ms の音（2.43秒地点・振幅18081＝本文の1.9倍）
    ⚠️ 異音 c313-3 take3: 末尾に余計な音: 120ms の無音 → 210ms の音（2.46秒地点・振幅10165＝本文の1.2倍）
  c313-3 take1: 字の欠け:子端  探師台は船に数千個あった
    ⚠️ 異音 c313-3 take1: 末尾に余計な音: 120ms の無音 → 210ms の音（2.39秒地点・振幅13363＝本文の1.3倍）
    ⚠️ 異音 c313-3 take2: 末尾に余計な音: 120ms の無音 → 240ms の音（2.40秒地点・振幅16465＝本文の1.6倍）
  c313-3 take2: 字の欠け:台子端  缶次第は船に数千個あった
    ⚠️ 異音 c313-3 take1: 末尾に余計な音: 160ms の無音 → 140ms の音（2.69秒地点・振幅16772＝本文の1.7倍）
    ⚠️ 異音 c313-3 take2: 末尾に余計な音: 160ms の無音 → 140ms の音（2.90秒地点・振幅25593＝本文の2.4倍）
    ⚠️ 異音 c313-3 take3: 末尾に余計な音: 120ms の無音 → 190ms の音（2.45秒地点・振幅24985＝本文の1.9倍）
  c313-3 take3: 字の欠け:子端  監視台は船に数千個あった。
c313-3: 3テイク → 要耳（全テイク落ち・所見最少を採用）
  c316-2 take1: ✓  橋を抜けるまで船首に一人置けという水崎忍の指示だった。
c316-2: 1テイク → 採用（文字起こしが台本と合う）
  c317-1 take1: ✓  一時二十一分。上級推薦人が訓練中の水先人にこう言っている。
c317-1: 1テイク → 採用（文字起こしが台本と合う）
  c318-1 take1: 頭欠け:こ→そ  その時、船は真西度百四十度で航路の中心の少し左を進んでいた。
  c318-1 take2: ✓  この時船は真西140度で航路の中心の少し左を進んでいた。
c318-1: 2テイク → 採用（文字起こしが台本と合う）
  c403-1 take1: ✓  船は八点九ノットで進んでいた。針路百四十二度
c403-1: 1テイク → 採用（文字起こしが台本と合う）
  c403-2 take1: ✓  船首から端までは三千二百フィート、船の長さの三点三隻分である。
c403-2: 1テイク → 採用（文字起こしが台本と合う）
  c409-2 take1: 字の欠け:先効水舵  上級推薦人が指揮を引き取り、「家事は聞くか？」と尋ねる。
  c409-2 take2: 字の欠け:先効水舵  上級推薦人が指揮を引き取り、「家事は聞くか？」と尋ねた。
  c409-2 take3: ✓  上級水先人が指揮を引き取り、「舵は利くか？」と尋ねる。
c409-2: 3テイク → 採用（文字起こしが台本と合う）
  c410-1 take1: ✓  二等航海士と操舵手は聞いていると答えた。
c410-1: 1テイク → 採用（文字起こしが台本と合う）
  c413-1 take1: ✓  電気技師は変圧器につながる遮断機、電気の元栓を二つ手で閉じた。
c413-1: 1テイク → 採用（文字起こしが台本と合う）
  c414-1 take1: 字の欠け:先水  ほぼ同じ 1時25分59秒、上級推薦人が電話をかけた。
  c414-1 take2: 字の欠け:先水  ほぼ同じ1時25分59秒、上級推薦人が電話をかけた。
  c414-1 take3: 字の欠け:先水  ほぼ同じ1時25分59秒、上級推薦人が電話をかけた。
c414-1: 3テイク → 要耳（全テイク落ち・所見最少を採用）
  c415-2 take1: 字の欠け:力速  左右陸8.5ノットで近づいていた。
    ⚠️ 異音 c415-2 take1: 途中に浮いた音: 180ms（0.81秒地点・振幅28973＝本文の4.2倍／前130ms・後120ms の無音）
    ⚠️ 異音 c415-2 take2: 途中に浮いた音: 170ms（0.81秒地点・振幅27805＝本文の5.4倍／前160ms・後130ms の無音）
  c415-2 take2: ✓  速力八点五ノットで近づいていた。
c415-2: 2テイク → 採用（文字起こしが台本と合う）
  c416-1 take1: 字の欠け:推舵進  電気と家事は戻った。しかし、水深は戻らない。
  c416-1 take2: 字の欠け:推舵進  電気と家事は戻った。しかし、水深は戻らない。
  c416-1 take3: 字の欠け:推舵進  電気と火事は戻った。しかし、水深は戻らない。
c416-1: 3テイク → 要耳（全テイク落ち・所見最少を採用）
  c418-2 take1: ✓  それでも船首が右へ振れる速さは毎分七点五度まで上がった。
c418-2: 1テイク → 採用（文字起こしが台本と合う）
  c419-1 take1: 字の欠け:先水  一時二十六分三十八秒。上級。推薦人が無線でタグボートを呼ぶ。
  c419-1 take2: 字の欠け:先水  一時二十六分三十八秒。上級。推薦人が無線でタグボートを呼ぶ。
  c419-1 take3: ✓  一時二十六分三十八秒、上級水先人が無線でタグボートを呼ぶ。
c419-1: 3テイク → 採用（文字起こしが台本と合う）
  c421-2 take1: 字の欠け:先水  上級推薦人が「左舷の錨を投げよう」と命じる
    ⚠️ 異音 c421-2 take1: 途中に浮いた音: 180ms（3.67秒地点・振幅27205＝本文の2.7倍／前130ms・後160ms の無音）
  c421-2 take2: 字の欠け:先水  上級推薦人が左舷の錨を投げよと命じる。
  c421-2 take3: 同形異音語:上／字の欠け:先水級  承久随遷人が左舷の錨を投げよと命じる。
c421-2: 3テイク → 要耳（全テイク落ち・所見最少を採用）
  c423-2 take1: 字の欠け:主低機関  血圧が戻る。それでも手気管は止まったままである。
  c423-2 take2: 字の欠け:主機関  低圧が戻る。それでも手記感は止まったままである。
  c423-2 take3: 字の欠け:主低機関  軽圧が戻る。それでも手気管は止まったままである。
c423-2: 3テイク → 要耳（全テイク落ち・所見最少を採用）
    ⚠️ 異音 c424-2 take1: 末尾に余計な音: 130ms の無音 → 150ms の音（1.75秒地点・振幅12294＝本文の1.6倍）
    ⚠️ 異音 c424-2 take2: 末尾に余計な音: 120ms の無音 → 130ms の音（1.87秒地点・振幅11206＝本文の1.5倍）
    ⚠️ 異音 c424-2 take3: 末尾に余計な音: 120ms の無音 → 140ms の音（1.85秒地点・振幅10365＝本文の1.6倍）
  c424-2 take1: 頭欠け:速→ス  スク力7.5ノット
    ⚠️ 異音 c424-2 take1: 末尾に余計な音: 100ms の無音 → 210ms の音（1.95秒地点・振幅14584＝本文の2.6倍）
  c424-2 take2: 字の欠け:力速  風強きく七点五ノット
  c424-2 take3: 字の欠け:力速  水陸七点五ノット
c424-2: 3テイク → 要耳（全テイク落ち・所見最少を採用）
  c503-2 take1: ✓  南端の警官も北行きを塞いだ。
c503-2: 1テイク → 採用（文字起こしが台本と合う）
    ⚠️ 異音 c504-2 take1: 途中に浮いた音: 210ms（1.62秒地点・振幅16652＝本文の1.6倍／前130ms・後140ms の無音）
    ⚠️ 異音 c504-2 take2: 途中に浮いた音: 200ms（1.60秒地点・振幅12960＝本文の1.4倍／前140ms・後100ms の無音）
    ⚠️ 異音 c504-2 take3: 途中に浮いた音: 200ms（1.57秒地点・振幅21409＝本文の2.2倍／前140ms・後130ms の無音）
  c504-2 take1: ✓  この後、橋に入った一般の車は一台もない。
c504-2: 1テイク → 採用（文字起こしが台本と合う）
    ⚠️ 異音 c505-2 take1: 末尾に余計な音: 90ms の無音 → 220ms の音（7.00秒地点・振幅12154＝本文の1.6倍）
  c505-2 take1: ✓  水先人と配車係と州交通局の素早さがより大きな人命の損失を防いだ
c505-2: 1テイク → 採用（文字起こしが台本と合う）
  c506-2 take1: ✓  警官はこう答えた。
c506-2: 1テイク → 採用（文字起こしが台本と合う）
  c511-2 take1: ✓  警官と橋の上の作業員や点検員の間に即時の連絡の取り決めはなかった。
c511-2: 1テイク → 採用（文字起こしが台本と合う）
  c514-2 take1: 同形異音語:間／字の欠け:径第  対十八景観の四台からはおよそ五百十六メートルである。
  c514-2 take2: 同形異音語:間／字の欠け:台径  第十八警官の四大からはおよそ五百十六メートルである。
  c514-2 take3: 同形異音語:間／字の欠け:台径  第十八警官の四大からはおよそ516mである。
c514-2: 3テイク → 要耳（全テイク落ち・所見最少を採用）
  c520-1 take1: 字の欠け:橋脚艇  一時五十五分、州交通局警察の手が二十番焼却の近くでその一人を見つけた。
  c520-1 take2: 字の欠け:橋艇  一時五十五分、州交通局警察の手が二〇番馬脚の近くでその一人を見つけた。
  c520-1 take3: ✓  一時五十五分、州交通局警察の点が二十番橋脚の近くでその一人を見つけた。
c520-1: 3テイク → 採用（文字起こしが台本と合う）
  c521-2 take1: ✓  警官と同じ頃に点検員と作業員にも伝わっていたら
c521-2: 1テイク → 採用（文字起こしが台本と合う）
    ⚠️ 異音 c601-1 take1: 末尾に余計な音: 110ms の無音 → 110ms の音（5.12秒地点・振幅10523＝本文の1.1倍）
    ⚠️ 異音 c601-1 take2: 末尾に余計な音: 100ms の無音 → 220ms の音（4.98秒地点・振幅10182＝本文の1.2倍）
    ⚠️ 異音 c601-1 take3: 末尾に余計な音: 120ms の無音 → 120ms の音（4.80秒地点・振幅8664＝本文の1.0倍）
  c601-1 take1: ✓  船主の右舷が当たったのは十七番橋脚の北西の柱だった。
c601-1: 1テイク → 採用（文字起こしが台本と合う）
  c602-1 take1: ✓  当たった時の力を橋の設計指針の式で出してみると
c602-1: 1テイク → 採用（文字起こしが台本と合う）
  c602-2 take1: ✓  橋脚の体力の四倍を超えた
c602-2: 1テイク → 採用（文字起こしが台本と合う）
  c609-2 take1: 同形異音語:間／頭欠け:キ→ヒ／字の欠け:径橋／数:3  ヒーハシの川の上の参詣館は確かにその部材で組まれていた。
  c609-2 take2: 同形異音語:間  キー橋の川の上の三景館は確かにその部材で組まれていた。
  c609-2 take3: 同形異音語:間／頭欠け:キ→ひ／字の欠け:径橋  ひいばしの川の上の三景観は確かにその部材で組まれていた
c609-2: 3テイク → 要耳（全テイク落ち・所見最少を採用）
    ⚠️ 異音 c615-2 take1: 末尾に余計な音: 100ms の無音 → 240ms の音（4.86秒地点・振幅14420＝本文の1.7倍）
  c615-2 take1: 同形異音語:側／字の欠け:与因寄挙要  祐誉院に上がったのも、船が橋脚に届いた時の備えのガワだった。
  c615-2 take2: 字の欠け:与因寄挙要  友友院に上がったのも、船が橋脚に届いた時の備えの側だった。
  c615-2 take3: 字の欠け:与因寄挙要  雄鷹院に上がったのも、船が橋脚に届いた時の備えの側だった
c615-2: 3テイク → 要耳（全テイク落ち・所見最少を採用）
  c618-2 take1: ✓  船の乗員が軽傷一人。点検員に怪我はなかった。
c618-2: 1テイク → 採用（文字起こしが台本と合う）
  c620-1 take1: ✓  残る4人も5月7日までに見つかっている。
c620-1: 1テイク → 採用（文字起こしが台本と合う）
  c620-2 take1: ✓  六人は全員車の中で見つかった。
c620-2: 1テイク → 採用（文字起こしが台本と合う）
  c701-1 take1: ✓  事故の後、船は現場に残された。
c701-1: 1テイク → 採用（文字起こしが台本と合う）
  c701-2 take1: ✓  調査員が乗り込んだのは四月一日である。
c701-2: 1テイク → 採用（文字起こしが台本と合う）
  c703-2 take1: ✓  一号の変圧器につながる高圧の遮断機を閉じる。
c703-2: 1テイク → 採用（文字起こしが台本と合う）
  c705-1 take1: ✓  四月十日。専門家が来て試すと、遮断機は何度も正常に動いた。
c705-1: 1テイク → 採用（文字起こしが台本と合う）
  c708-1 take1: ✓  四月十二日。前触れも警報もなく低圧が落ちた。
c708-1: 1テイク → 採用（文字起こしが台本と合う）
  c708-2 take1: ✓  3月26日の停電と同じ形だった。
c708-2: 1テイク → 採用（文字起こしが台本と合う）
    ⚠️ 異音 c709-1 take1: 途中に浮いた音: 220ms（0.92秒地点・振幅21285＝本文の2.5倍／前110ms・後500ms の無音）
  c709-1 take1: 字の欠け:器造  四月二十四日、操船所の技術者が電力解析機を二台取り付けた。
  c709-1 take2: 頭欠け:4→7／数:4／数の余り:7  七月二十四日、造船所の技術者が電力解析機を二台取り付けた。
  c709-1 take3: ✓  四月二十四日、造船所の技術者が電力解析機を二台取り付けた。
c709-1: 3テイク → 採用（文字起こしが台本と合う）
  c710-1 take1: ✓  4月29日午前6時12分頃、また同じ遮断機が落ちた。
c710-1: 1テイク → 採用（文字起こしが台本と合う）
  c712-1 take1: 字の欠け:付器外  この遮断機には不足電圧引きずし装置という部品がついている。
  c712-1 take2: 字の欠け:付器外  この遮断機には不足電圧引きずし装置という部品がついている
  c712-1 take3: 字の欠け:付器外  この遮断機には不足電圧引きずし装置という部品がついている。
c712-1: 3テイク → 要耳（全テイク落ち・所見最少を採用）
    ⚠️ 異音 c714-1 take1: 途中に浮いた音: 240ms（4.00秒地点・振幅11903＝本文の1.6倍／前100ms・後630ms の無音）
    ⚠️ 異音 c714-1 take2: 途中に浮いた音: 200ms（4.10秒地点・振幅10217＝本文の1.3倍／前140ms・後830ms の無音）
    ⚠️ 異音 c714-1 take3: 途中に浮いた音: 190ms（3.96秒地点・振幅10994＝本文の1.2倍／前120ms・後800ms の無音）
  c714-1 take1: ✓  技術者が調べると、途中の接点はどれも正常だった。それなのに
c714-1: 1テイク → 採用（文字起こしが台本と合う）
  c715-2 take1: ✓  緩んだつなぎ目が一つ見つかる。輪ゴム車の三口の端子台、番号は三百八十一。
c715-2: 1テイク → 採用（文字起こしが台本と合う）
  c718-2 take1: ✓  遮断機が開き、船は停電した。三月二十六日と同じ形の警報の出ない停電である。
c718-2: 1テイク → 採用（文字起こしが台本と合う）
  c720-1 take1: ✓  材料研究室に運んで調べると、端子台の口の面と
c720-1: 1テイク → 採用（文字起こしが台本と合う）
  c725-1 take1: ✓  Wire Oneでは、その帯が先の金具の青い襟まで覆っていた。
c725-1: 1テイク → 採用（文字起こしが台本と合う）
    ⚠️ 異音 c725-3 take1: 末尾に余計な音: 130ms の無音 → 120ms の音（2.68秒地点・振幅13157＝本文の1.3倍）
    ⚠️ 異音 c725-3 take2: 末尾に余計な音: 130ms の無音 → 140ms の音（2.84秒地点・振幅13208＝本文の1.7倍）
    ⚠️ 異音 c725-3 take3: 末尾に余計な音: 130ms の無音 → 130ms の音（2.59秒地点・振幅12190＝本文の1.5倍）
  c725-3 take1: ✓  帯が栓を奥まで入れさせなかった。
c725-3: 1テイク → 採用（文字起こしが台本と合う）
  c801-1 take1: ✓  キー橋に船が当たったのは2024年が初めてではない。
c801-1: 1テイク → 採用（文字起こしが台本と合う）
  c803-2 take1: ✓  当たった先は同じ十七番橋脚だった。
c803-2: 1テイク → 採用（文字起こしが台本と合う）
  c805-1 take1: 字の欠け:工衝造  防潮溝は壊れたが、元の設計通りに作り直された。
  c805-1 take2: 字の欠け:工衝造  防潮溝は壊れたが、元の設計通りに作り直された。
  c805-1 take3: 字の欠け:工衝造  防潮溝は壊れたが、元の設計通りに作り直された。
c805-1: 3テイク → 要耳（全テイク落ち・所見最少を採用）
  c806-1 take1: ✓  橋がかかってからの四十七年で船は大きくなった。
c806-1: 1テイク → 採用（文字起こしが台本と合う）
  c808-2 take1: ✓  ばら積み船が当たり、橋桁がおよそ150フィート下の湾へ落ちた。
c808-2: 1テイク → 採用（文字起こしが台本と合う）
  c809-1 take1: ✓  長距離バス一台、小型トラック一台、乗用車六台が湾に落ち
c809-1: 1テイク → 採用（文字起こしが台本と合う）
  c809-2 take1: ✓  35人が亡くなった。
c809-2: 1テイク → 採用（文字起こしが台本と合う）
    ⚠️ 異音 c813-1 take1: 末尾に余計な音: 90ms の無音 → 140ms の音（6.07秒地点・振幅9513＝本文の1.2倍）
  c813-1 take1: 頭欠け:キ→ヒ  ヒー橋は1977年の橋なので、州交通局に義務はなかった。
  c813-1 take2: ✓  キー橋は1977年の橋なので、州交通局に義務はなかった。
c813-1: 2テイク → 採用（文字起こしが台本と合う）
  c814-1 take1: ✓  民衆交通局はこの指針を引用する別の基準を作る委員会にいた。
c814-1: 1テイク → 採用（文字起こしが台本と合う）
  c816-1 take1: 数の余り:10000  重要とされる橋のしきい値は年に一万分の1。
  c816-1 take2: 数の余り:10000  重要とされる橋のしきい値は年に一万分の1。
  c816-1 take3: 数:1,1／数の余り:10000  重要とされる橋のしきい値は年に一万分の
c816-1: 3テイク → 要耳（全テイク落ち・所見最少を採用）
  c817-1 take1: ✓  事故の後、NTSBがこの計算をキー橋に当てた。
c817-1: 1テイク → 採用（文字起こしが台本と合う）
  c817-3 take1: ✓  しきい値のおよそ三十倍
c817-3: 1テイク → 採用（文字起こしが台本と合う）
  c820-2 take1: ✓  外港、船が通る水路をまたぐ橋は二十六の州に百七十六ある。
c820-2: 1テイク → 採用（文字起こしが台本と合う）
  c821-1 take1: ✓  そのうち四十の橋が二千二年から二千二十三年の間に渡られている。
c821-1: 1テイク → 採用（文字起こしが台本と合う）
  c824-2 take1: 頭欠け:キ→ヒ  ヒー橋には危険な時に車を橋に入れないための装置がなかった。
    ⚠️ 異音 c824-2 take1: 末尾に余計な音: 90ms の無音 → 110ms の音（4.45秒地点・振幅10126＝本文の1.1倍）
  c824-2 take2: 字の欠け:入無  T橋には危険な時に車を橋にひれないための装置がなかった。
  c824-2 take3: 頭欠け:キ→ひ  ひい橋には危険な時に車を橋に入れないための装置がなかった。
c824-2: 3テイク → 要耳（全テイク落ち・所見最少を採用）
  c903-1 take1: ✓  航路の管理は陸軍工兵隊のボルチモア地区
c903-1: 1テイク → 採用（文字起こしが台本と合う）
  c903-2 take1: ✓  撤去は海軍のサルベージ潜水監督官が率いた。
c903-2: 1テイク → 採用（文字起こしが台本と合う）
  c904-2 take1: ✓  引き揚げのための重量物のクレーンと端毛も入った。
c904-2: 1テイク → 採用（文字起こしが台本と合う）
  c905-1 take1: 頭欠け:5→6／数:5／数の余り:6  六月十三日、船の上に乗ったままの橋桁を火薬で切り離した。
  c905-1 take2: ✓  五月十三日。船の上に乗ったままの橋桁を火薬で切り離した。
c905-1: 2テイク → 採用（文字起こしが台本と合う）
  c907-1 take1: ✓  五月二十日、ダリが浮かび航路から出された。
c907-1: 1テイク → 採用（文字起こしが台本と合う）
  c907-2 take1: ✓  岸壁に戻して積み荷と残骸を下ろしていく。
c907-2: 1テイク → 採用（文字起こしが台本と合う）
  c908-1 take1: ✓  5月21日、限られた幅の仮の航路が開いた。
c908-1: 1テイク → 採用（文字起こしが台本と合う）
  c910-1 take1: ✓  六月十日、フォート・マクヘンリー航路が再開した。
c910-1: 1テイク → 採用（文字起こしが台本と合う）
  c910-2 take1: 頭欠け:崩→フ／字の欠け:崩落  フーズラックから七十六日である。
  c910-2 take2: 字の欠け:崩落  風俗から七十六日である。
  c910-2 take3: 頭欠け:崩→ク／字の欠け:崩落  クーズラックから七十六日である。
c910-2: 3テイク → 要耳（全テイク落ち・所見最少を採用）
  c911-2 take1: ✓  圧を下げ、中を窒素に置き換えて安全にし、六月二十八日に繋ぎ直している。
c911-2: 1テイク → 採用（文字起こしが台本と合う）
  c914-2 take1: ✓  九月十九日には中国の造船所へ。修理が終わったのは翌年一月十六日である。
c914-2: 1テイク → 採用（文字起こしが台本と合う）
  c916-3 take1: ✓  主航路の上の桁下は二百三十フィートになる。
c916-3: 1テイク → 採用（文字起こしが台本と合う）
  c917-2 take1: ✓  主景観は三千三百フィート、塔と塔の間は千六百フィートになる。
c917-2: 1テイク → 採用（文字起こしが台本と合う）
  c918-2 take1: ✓  壊れるようになるのは2030年の後半とされている。
c918-2: 1テイク → 採用（文字起こしが台本と合う）
  ca02-1 take1: ✓  端子台を作っている我が社への勧告はこうである。
ca02-1: 1テイク → 採用（文字起こしが台本と合う）
  ca08-3 take1: 字の欠け:橋無  足の上にはその道がなかった。
  ca08-3 take2: ✓  橋の上にはその道がなかった。
ca08-3: 2テイク → 採用（文字起こしが台本と合う）
  ca09-1 take1: 字の欠け:勧橋  車の側にも警告が出た。閾値を超えている発信。
  ca09-1 take2: ✓  車の側にも勧告が出た。しきい値を超えている橋
ca09-1: 2テイク → 採用（文字起こしが台本と合う）
  ca11-2 take1: 字の欠け:海航  マイクを別々に取れること。公開データ記録装置への勧告である。
  ca11-2 take2: 字の欠け:海航  マイクを別々に取れること。高解像度記録装置への勧告である。
  ca11-2 take3: 字の欠け:海航  マイクを別々に取れること。公開データ記録装置への勧告である。
ca11-2: 3テイク → 要耳（全テイク落ち・所見最少を採用）
    ⚠️ 異音 ca12-2 take1: 途中に浮いた音: 170ms（1.07秒地点・振幅14198＝本文の1.8倍／前80ms・後110ms の無音）
  ca12-2 take1: 字の欠け:与寄無要  有用因は三つ。橋に近すぎたこと、橋の側に備えがなかったこと
  ca12-2 take2: 字の欠け:与寄無要  誘因は三つ。橋に近すぎたこと、橋の側に備えがなかったこと
  ca12-2 take3: 字の欠け:与寄無要  誘因は三つ。橋に近すぎたこと、橋の側に備えがなかったこと
ca12-2: 3テイク → 要耳（全テイク落ち・所見最少を採用）
  ep02-2 take1: ✓  その間28秒である。
ep02-2: 1テイク → 採用（文字起こしが台本と合う）

103行 → 要耳 20 -> C:\Users\konar\Desktop\zukai-engine\audio\el_qa\keybridge_retake_gate.tsv
⚠️ 差し替えた行のカットは `python tools/el_build.py --dry --cuts <cid>` で wav と json に反映すること
EXIT=1
