selftest: 陽性 5件・陰性 6件・判定不能 2件 合格（⚠️ 合格しても『読み一致＝正しい』ではない。当たりの仕分けに使う道具）

=== 🔴 読みが違う（93行）===
🔴 pr08-1  フ→ク   [頭欠け:船→ク／1字の入れ替え:船]
   台本: 船は橋脚に当たった。13秒で橋脚が崩れ、
   聞取: クネは橋脚に当たった。十三秒で橋脚が崩れ
🔴 pr08-2  シュ→ロ   [字の欠け:船首]
   台本: 中央の橋桁3つが、船首の上と川へ落ちた。
   聞取: 中央の橋桁三つが線路の上と川へ落ちた。
🔴 pr12-2  ル→リ   [頭欠け:259→159]
   台本: 259ページの報告書だけで、たどる。
   聞取: 百五十九ページの報告書だけでたどり
🔴 c104-2  コ→ホ／—→オ   [字の欠け:航路]
   台本: 主航路の上の桁下は185フィート、およそ56メートルあった。
   聞取: 主砲楼の上の桁下は百八十五フィート、およそ五十六メートルあった。
🔴 c105-1  ハ→ア／—→ッ   [1字の入れ替え:橋]
   台本: 橋の下を通るのは、幅700フィートのフォート・マクヘンリー連邦航路。
   聞取: 足の下を通るのは幅七百フィートのフォートマックヘンリー連邦航路。
🔴 c105-2  コオ→ノリ   [1字の入れ替え:船]
   台本: 外航船は、この航路の中心を通って橋の下を抜ける。
   聞取: 外法線はこの航路の中心を通って橋の下を抜ける。
🔴 c108-1  キョオ→カシ／ガワ→ソバ   [同形異音語:側]
   台本: 両端の橋台、土手の側で橋を受ける台が2基。橋脚が36基。
   聞取: 両端の貸し台、土手のそばで橋を受ける台が二基、橋脚が三十六基
🔴 c110-2  コ→サガネビキチョ／ヒッパブ→ボロ／ハ→サ   [字の欠け:冗部鋼長]
   台本: 非冗長鋼引張部材。鋼でできていて、引っ張られていて、
   聞取: 非常徴、サガネ引き帳ボロ材。サガネでできていて、引っ張られていて
🔴 c111-2  ケ→テ／サ→—   [字の欠け:査検]
   台本: 検査員が手の届く距離まで寄って調べることが義務づけられている。
   聞取: 店員が手の届く距離まで寄って調べることが義務付けられている。
🔴 c206-1  ハシ→ミチ   [1字の入れ替え:橋]
   台本: 橋の両端には、州交通局警察の車が1台ずつ止まっていた。
   聞取: 道の両端には州交通局警察の車が一台ずつ止まっていた。
🔴 c208-1  ウ→—   [字の欠け:修補]
   台本: 州交通局と補修班の会社の契約には、こう書いてある。
   聞取: 州交通局と保守班の会社の契約にはこう書いてある。
🔴 c213-1  テ→ベ／ン→エ   [字の欠け:員検点]
   台本: 点検員は、橋を歩いて渡っていた。
   聞取: 弁慶院は橋を歩いて渡っていた。
🔴 c305-1  ミズサキ→ドイガワ   [1字の入れ替え:先]
   台本: 水先人は、その水域を知っている案内役である。
   聞取: 土肥川人はその水域を知っている案内役である。
🔴 c305-2  モト→シタ   [1字の入れ替え:針]
   台本: 船の指揮は船長のもとにあり、水先人は針路と速力を指示する。
   聞取: 船の指揮は船長の下にあり、水先人は進路と速力を指示する。
🔴 c306-1  ミズサキ→スイセン／ミズサキ→スイセン   [字の欠け:先水]
   台本: 午前0時05分、メリーランド水先人組合の上級水先人と、
   聞取: 午前零時五分、メリーランド推薦人組合の上級推薦人と
🔴 c308-2  —→タシカ   [頭欠け:6600→None]
   台本: 6600ボルトの高圧の母線、電気を分ける幹の線につながっている。
   聞取: たしか六百ボルトの高圧の母線、電気を分ける幹の線につながっている
🔴 c310-1  ワ→ア／—→ア   [同形異音語:側／1字の入れ替え:担]
   台本: 低圧の側が担っていたのは、照明、燃料ポンプ、
   聞取: 低圧のガーガーになっていたのは照明、燃料ポンプ
🔴 c312-2  ハクヨオケエユ→カシワバカツラアブラ   [字の欠け:用舶軽]
   台本: この夜、燃やしていたのは、そのうちの舶用軽油である。
   聞取: この夜燃やしていたのはそのうちの柏葉桂油である。
🔴 c313-3  タンシ→トオジ   [字の欠け:台子端]
   台本: 端子台は、船に数千個あった
   聞取: 唐時代は船に数千個あった
🔴 c316-1  セ→テ／パ→バ／—→マ／ョオ→—   [字の欠け:甲船長首]
   台本: 船首には甲板長が1人残った。
   聞取: 店主には看板町が一人残った。
🔴 c316-2  ハ→ア／—→ヲ   [1字の入れ替え:橋]
   台本: 橋を抜けるまで船首に1人置け、という水先人の指示だった。
   聞取: 足を抜けるまで船首に一人を置けという水先人の指示だった。
🔴 c317-1  ミズサキ→スイセン／ミズサキ→スイセン   [字の欠け:先水]
   台本: 1時21分。上級水先人が、訓練中の水先人にこう言っている。
   聞取: 一時二十一分、上級推薦人が訓練中の推薦人にこう言っている。
🔴 c318-1  ロ→ド／ノ→モ   [1字の入れ替え:針]
   台本: このとき船は、針路140度で、航路の中心の少し左を進んでいた。
   聞取: この時船は深度百四十度で、航路も中心の少し左を進んでいた。
🔴 c403-1  —→テン／シンロ→ハリジョオ   [1字の入れ替え:路]
   台本: 船は8.9ノットで進んでいた。針路142度。
   聞取: 船は八点九ノットで進んでいた。針状百四十二度。
🔴 c403-2  シ→ジ／—→テン   [1字の入れ替え:橋]
   台本: 船首から橋までは3200フィート。船の長さの3.3隻ぶんである。
   聞取: 船首から端までは三千二百フィート。船の長さの三点三隻分である。
🔴 c409-2  ミズサキ→スイセン   [字の欠け:先効水舵]
   台本: 上級水先人が指揮を引き取り、舵は効くかと尋ねる。
   聞取: 上級推薦人が指揮を引き取り、「火事は聞くか？」と尋ねる。
🔴 c410-1  ュ→—   [字の欠け:効手]
   台本: 二等航海士と操舵手は、効いていると答えた。
   聞取: 二等航海士と操舵士は聞いていると答えた。
🔴 c413-1  テ→シュ   [1字の入れ替え:栓]
   台本: 電気技師は、変圧器につながる遮断器、電気の元栓を2つ、手で閉じた。
   聞取: 電気技師は変圧器につながる遮断機、電気の元線を二つ手で閉じた。
🔴 c414-1  ミズサキ→スイセン   [字の欠け:先水]
   台本: ほぼ同じ1時25分59秒。上級水先人が電話をかけた。
   聞取: ほぼ同じ1時25分59秒、上級推薦人が電話をかけた。
🔴 c416-1  カジ→ガス   [字の欠け:推舵進]
   台本: 電気と舵は戻った。しかし推進は戻らない。
   聞取: 電気とガスは戻った。しかし、水深は戻らない。
🔴 c419-1  ミズサキ→スイセン   [字の欠け:先水]
   台本: 1時26分38秒、上級水先人が無線でタグボートを呼ぶ。
   聞取: 一時二十六分三十八秒、上級推薦人が無線でタグボートを呼ぶ。
🔴 c421-1  シ→ジ   [1字の入れ替え:橋]
   台本: 1時27分02秒。橋まで1500フィート。
   聞取: 一時二十七分二秒。端まで千五百フィート。
🔴 c421-2  サゲ→ネ   [同形異音語:人左／1字の入れ替え:舷]
   台本: 上級水先人が、左舷の錨を投げよと命じる。
   聞取: 上級水先陣が三年の錨を投げよと命じる。
🔴 c423-2  テ→セ／ュ→—   [字の欠け:主低機関]
   台本: 低圧が戻る。それでも主機関は止まったままである。
   聞取: 制圧が戻る。それでも指揮官は止まったままである。
🔴 c425-2  —→ビ   [頭欠け:2→None／1字の入れ替え:等]
   台本: 二等航海士がつまみを回した。補機が最初の停電で止まっており、動かなかった。
   聞取: 尾藤航海士がつまみを回した。補機が最初の停電で止まっており、動かなかった。
🔴 c426-2  イ→ミ／リ→—   [頭欠け:錨→ミ／1字の入れ替え:錨]
   台本: 錨のブレーキが、開かなかった
   聞取: ミカのブレーキが開かなかった。
🔴 c427-2  ハ→サ   [1字の入れ替え:外]
   台本: 1時28分42秒、甲板長が手でブレーキを外し、錨が落ちた。
   聞取: 一時二十八分四十二秒、甲板長が手でブレーキをさずし錨が落ちた。
🔴 c427-3  オゲ→ビザ   [同形異音語:右／1字の入れ替え:舷]
   台本: 1時29分09秒。船首の右舷が、17番橋脚に当たった。
   聞取: 一時二十九分九秒、船首の眉山が十七番橋脚に当たった。
🔴 c503-2  —→ミ／ンタ→ミダ   [1字の入れ替え:端]
   台本: 南端の警官も、北行きを塞いだ。
   聞取: 南段の警官も北行きを塞いだ。
🔴 c504-2  アト→ノチ   [1字の入れ替え:無]
   台本: このあと、橋に入った一般の車は1台も無い。
   聞取: この後、橋に入った一般の車は一台もない。
🔴 c506-2  タエタ→ダイダ   [字の欠け:官答警]
   台本: 警官は、こう答えた。
   聞取: 景観は考古台だ。
🔴 c511-2  —→ト／アイダ→マ   [1字の入れ替え:無]
   台本: 警官と、橋の上の作業員や点検員のあいだに、即時の連絡の取り決めは無かった。
   聞取: 警官と橋の上の作業員や点検員との間に即時の連絡の取り決めはなかった。
🔴 c517-1  テ→セ／ケン→セエ   [字の欠け:検点]
   台本: 点検員は、音を聞いた。報告書の言葉では、崩れるような雷の音。
   聞取: 宣誓員は音を聞いた。報告書の言葉では、崩れるような雷の音。
🔴 c518-1  テ→ベ／ンイ→エ   [頭欠け:点→ベ／字の欠け:員検点]
   台本: 点検員は州の運用センターに崩落を伝え、無事に橋の北の端へ着いた。
   聞取: ベンケインは州の運用センターに崩落を伝え、無事に橋の北の端へ着いた。
🔴 c601-1  オゲン→ヘサキ   [同形異音語:右／1字の入れ替え:舷]
   台本: 船首の右舷が当たったのは、17番橋脚の北西の柱だった。
   聞取: 船首の舳先が当たったのは十七番橋脚の北西の柱だった。
🔴 c602-1  ア→ワ   [1字の入れ替え:当]
   台本: 当たったときの力を、橋の設計指針の式で出してみると、
   聞取: 渡った時の力を橋の設計指針の式で出してみると
🔴 c607-2  —→ビ／ン→—   [同形異音語:板／字の欠け:員甲船首]
   台本: 船首にいた甲板員1人が、逃げる途中で軽いけがを負っている。
   聞取: 先守備にいたカンパイン一人が逃げる途中で軽い怪我を負っている。
🔴 c609-1  コオヒ→キンビ／—→ジョオ   [字の欠け:引張鋼]
   台本: 第1章で置いた、非冗長鋼引張部材である。
   聞取: 第一章で置いた非冗長金ビッパ場部材である。
🔴 c613-2  チ→—   [頭欠け:力→か／字の欠け:力支]
   台本: 力の道筋から、支点そのものが抜けた。
   聞取: からの道筋から視点そのものが抜けた
🔴 c615-2  キヨ→ヒュウ／ガワ→ゴマ   [同形異音語:側／頭欠け:寄→ヒ／字の欠け:与因寄挙]
   台本: 寄与要因に挙がったのも、船が橋脚に届いたときの備えの側だった。
   聞取: ヒュー要員に上がったのも、船が橋脚に届いた時の備えの護摩だった
🔴 c617-1  ウゲ→ミゼ   [同形異音語:右／1字の入れ替え:舷]
   台本: 船の被害は、右舷の船首に集中していた。
   聞取: 船の被害は未然の船首に集中していた。
🔴 c618-1  ウ→—／ン→—   [字の欠け:修班補]
   台本: 人の被害は、亡くなった補修班6人、重傷1人。
   聞取: 人の被害は亡くなった保守派6人、重傷1人。
🔴 c703-2  ンア→ヤ   [1字の入れ替え:変]
   台本: 1号の変圧器につながる、高圧の遮断器を閉じる。
   聞取: 一号の部屋付きにつながる高圧の遮断器を閉じる。
🔴 c705-1  —→シガ／キ→—   [1字の入れ替え:器]
   台本: 4月10日。専門家が来て試すと、遮断器は何度も正常に動いた。
   聞取: 四月十日、専門家が来て試すと、遮断機は何度も正常に動いた。
🔴 c708-1  —→シガ／キ→—   [1字の入れ替え:無]
   台本: 4月12日。前ぶれも警報も無く、低圧が落ちた。
   聞取: 四月十二日、前触れも警報もなく低圧が落ちた。
🔴 c709-1  —→シガ／キ→—   [1字の入れ替え:器]
   台本: 4月24日、造船所の技術者が電力解析器を2台取り付けた。
   聞取: 四月二十四日、造船所の技術者が電力解析機を二台取り付けた
🔴 c710-1  —→シガ／キ→—   [1字の入れ替え:器]
   台本: 4月29日、午前6時12分ごろ。また同じ遮断器が落ちた。
   聞取: 四月二十九日午前六時十二分頃、また同じ遮断機が落ちた
🔴 c714-1  ギ→イ   [1字の入れ替え:技]
   台本: 技術者が調べると、途中の接点はどれも正常だった。それなのに、
   聞取: 医術者が調べると、途中の接点はどれも正常だった。それなのに
🔴 c720-1  タンシ→サグハリ   [字の欠け:子端]
   台本: 材料研究室に運んで調べると、端子台の口の面と、
   聞取: 材料研究室に運んで調べると、探針台の口の面と
🔴 c725-2  オオ→ココヘ   [頭欠け:覆→こ／1字の入れ替え:覆]
   台本: 覆ったぶんだけ、外まわりが太くなる。
   聞取: ここへった分だけ外回りが太くなる
🔴 c725-3  オ→ゴ   [1字の入れ替え:帯]
   台本: 帯が、線を奥まで入れさせなかった
   聞取: 語尾が線を奥まで入れさせなかった。
🔴 c801-1  キイキョオ→ヒヨシ／ア→—   [字の欠け:当橋]
   台本: キー橋に船が当たったのは、2024年が初めてではない。
   聞取: 日吉に船が立ったのは2024年が初めてではない。
🔴 c802-2  ソオダ→—   [字の欠け:操舵]
   台本: 橋からおよそ600ヤードのところで操舵を失った。
   聞取: 橋からおよそ六百ヤードのところでSODAを失った。
🔴 c803-2  ア→ワ   [1字の入れ替え:当]
   台本: 当たった先は、同じ17番橋脚だった。
   聞取: 渡った先は同じ十七番橋脚だった。
🔴 c804-2  ハ→マッ／ラ→ロ   [同形異音語:柱]
   台本: 柱に残ったのは、表面の軽い傷だけである。
   聞取: 真っ白に残ったのは表面の軽い傷だけである。
🔴 c806-1  タ→—   [1字の入れ替え:架]
   台本: 橋が架かってからの47年で、船は大きくなった。
   聞取: 橋がかかってからの四十七年で船は大きくなっ
🔴 c808-2  ヅ→ズ／セン→スネ   [字の欠け:積船]
   台本: ばら積み船が当たり、橋桁がおよそ150フィート下の湾へ落ちた。
   聞取: ばらずみすねが当たり、橋桁がおよそ150フィート下の湾へ落ちた。
🔴 c813-1  キ→ヒ   [頭欠け:キ→ヒ／1字の入れ替え:無]
   台本: キー橋は1977年の橋なので、州交通局に義務は無かった。
   聞取: ヒイ橋は1977年の橋なので、州交通局に義務はなかった。
🔴 c815-1  シ→ジ   [字の欠け:指針]
   台本: 2009年の指針の計算、方法2は、橋の下を通る船の大きさと速さ、
   聞取: 二〇〇九年の地震の計算方法には、橋の下を通る船の大きさと速さ
🔴 c815-2  ネ→エ／カン→タマキ   [同形異音語:間／字の欠け:年隻]
   台本: 年間の隻数、水路の形などを入れて、崩れる見込みを出すものである。
   聞取: 円環の積数、水路の形などを入れて崩れる見込みを出すものである。
🔴 c816-1  イ→—   [1字の入れ替え:値]
   台本: 重要とされる橋のしきい値は、年に1万分の1。
   聞取: 重要とされる橋の敷地は年に一万分の一
🔴 c817-3  シ→チ／—→ュウ   [1字の入れ替え:値]
   台本: しきい値の、およそ30倍
   聞取: 地球位置のおよそ三十倍
🔴 c819-2  ソト→ウチ   [字の欠け:外無]
   台本: 外航船の衝突に対する備えが無かったことを挙げている。
   聞取: 内航船の衝突に対する備えがなかったことを挙げている。
🔴 c820-2  コオ→ツツミ   [字の欠け:航船]
   台本: 外航船が通る水路をまたぐ橋は、26の州に176ある。
   聞取: 外包線が通る水路をまたぐ橋は二十六の州に百七十六ある。
🔴 c821-1  アイダ→マ／ア→ワ   [1字の入れ替え:当]
   台本: そのうち40の橋が、2002年から2023年のあいだに当たられている。
   聞取: そのうち四十の橋が二千二年から二千二十三年の間に渡られている。
🔴 c822-1  シ→ジ／ソト→ガイ   [字の欠け:指航船針]
   台本: 1991年の指針より前に建ち、外航船が通る水路をまたぐ橋は68。
   聞取: 1991年の地震より前に建ち、外港線が通る水路をまたぐ橋は68
🔴 c824-2  キイキョオ→ニシトヨハシ   [1字の入れ替え:無]
   台本: キー橋には、危険なときに車を橋に入れないための装置が無かった。
   聞取: 西樋橋には危険な時に車を橋に入れないための装置がなかった。
🔴 c901-1  ロ→ドオ   [字の欠け:航路]
   台本: 崩れた鋼とコンクリートは、川の底と航路を塞いだ。
   聞取: 崩れた鋼とコンクリートは川の底と坑道を塞いだ。
🔴 c903-2  テッキョ→—   [字の欠け:去撤]
   台本: 撤去は、海軍のサルベージ・潜水監督官が率いた。
   聞取: Techは海軍のサルベージ潜水監督官が率いた。
🔴 c904-2  ケ→ゴ   [1字の入れ替え:揚]
   台本: 引き揚げのための、重量物のクレーンとはしけも入った。
   聞取: 引き上げのための重量物のクレーンと梯子も入った。
🔴 c907-2  ガンペキ→イワカベ／ツ→ス／ニ→カ   [字の欠け:岸積荷降]
   台本: 岸壁に戻して、積荷と残骸を降ろしていく。
   聞取: 岩壁に戻して、住処と残骸を下ろしていく。
🔴 c910-2  ホオラク→—   [字の欠け:崩落]
   台本: 崩落から76日である。
   聞取: Tuzlakから七十六日である。
🔴 c916-2  スチョオ→リ   [1字の入れ替え:斜]
   台本: 全長2マイル。塔から張ったケーブルで桁を吊る、斜張橋である。
   聞取: 全長二マイル。塔から張ったケーブルで桁を吊る七張橋である。
🔴 c916-3  コ→ホ   [字の欠け:航路]
   台本: 主航路の上の桁下は、230フィートになる。
   聞取: 主砲炉の上の桁下は二百三十フィートになる
🔴 c917-1  ハスチョオキョオ→シャバケビャシ   [頭欠け:斜→し／字の欠け:張斜橋]
   台本: 斜張橋は、部材が1つ壊れても荷重を支えられる形とされている。
   聞取: しゃばけびゃしは部材が一つ壊れても荷重を支えられる形とされている。
🔴 c918-2  トオ→ウ   [1字の入れ替え:通]
   台本: 通れるようになるのは、2030年の後半とされている。
   聞取: 売れるようになるのは2030年の後半とされている。
🔴 ca02-1  —→カンジ／ンシダ→—／ヘ→クヨオ   [字の欠け:勧台告子社端]
   台本: 端子台を作っているワゴ社への勧告は、こうである。
   聞取: 漢字体を作っている和語借用の韓国はこうである。
🔴 ca08-3  ハ→ア   [字の欠け:橋無]
   台本: 橋の上には、その道が無かった
   聞取: 足の上にはその道がなかった。
🔴 ca09-1  ガワ→ソバ／イ→—   [同形異音語:側／1字の入れ替え:値]
   台本: 車の側にも勧告が出た。しきい値を超えている橋、
   聞取: 車のそばにも勧告が出た。敷地を超えている橋
🔴 ca11-2  ロク→ト   [字の欠け:海航]
   台本: マイクを別々に録れること。航海データ記録装置への勧告である。
   聞取: マイクを別々に取れること。後悔データ記録装置への勧告である。
🔴 ca12-2  キヨ→イウ／ガワ→ソバ／ナ→マ   [同形異音語:側／頭欠け:寄→い／字の欠け:与寄無／意味の語:なかった]
   台本: 寄与要因は3つ。橋に近すぎたこと。橋の側に備えが無かったこと。
   聞取: いう要因は三つ。橋に近すぎたこと、橋のそばに備えがまかったこと
🔴 ep05-2  ジ→イ／コ→ポ   [頭欠け:None→1／字の欠け:効実]
   台本: 実効的で即時の連絡は、橋で働く人の安全に欠かせない。
   聞取: 一方的で即時の連絡は橋で働く人の安全に欠かせない。
🔴 ep06-2  —→カシュウ   [頭欠け:259→9]
   台本: 259ページが指しているのは、その2つである。
   聞取: 九か十週九ページが指しているのはその二つである。

=== ⚠️ 判定できない（25行）===
⚠️ c108-3  径間   [同形異音語:間／字の欠け:径航]
   台本: 航路の上の3径間だけが、鋼のトラスで組まれていた。
   聞取: 走路の上の三計観だけが鋼のトラスで組まれていた。
⚠️ c112-1  落   [頭欠け:崩→フ／1字の入れ替え:崩]
   台本: 崩落の前の最後の検査は、2023年5月。
   聞取: フーズ落の前の最後の検査は二千二十三年五月
⚠️ c113-2  衝工   [1字の入れ替え:衝]
   台本: 17番と18番の橋脚を、潰れて力を吸うコンクリートと木の防衝工が囲んでいた。
   聞取: 十七番と十八番の橋脚を潰れて力を吸うコンクリートと木の防潮工が囲んでいた。
⚠️ c211-1  径間   [同形異音語:事間／字の欠け:工径]
   台本: 工事の車は7台。第18径間に4台、第20径間に2台、第22径間に1台。
   聞取: 北条氏の車は七台、第十八警官に四台、第二十警官に二台、第二十二警官に一台
⚠️ c212-2  径間   [同形異音語:間／字の欠け:径止]
   台本: 第18径間と第20径間に止めた車の中にいた。
   聞取: 第十八警官と第二十警官に停めた車の中にいた。
⚠️ c213-2  径間   [同形異音語:間／1字の入れ替え:径]
   台本: 乾いていくコンクリートを見に行き、第22径間の自分の車まで戻ったところだった。
   聞取: 乾いていくコンクリートを見に行き、第二十二警官の自分の車まで戻ったところだった。
⚠️ c512-1  径間   [同形異音語:間／1字の入れ替え:径]
   台本: そのとき、7人は第18径間と第20径間の車の中で休んでいた。
   聞取: その時七人は第十八警官と第二十警官の車の中で休んでいた。
⚠️ c512-2  径間   [同形異音語:間／字の欠け:径検点]
   台本: 点検員は第22径間を歩いていた。
   聞取: 宣誓員は第二十二刑館を歩いていた。
⚠️ c513-1  径間   [同形異音語:間／1字の入れ替え:径]
   台本: 崩れなかった径間のうち、いちばん近いのは第16径間だった。
   聞取: 崩れなかった桂馬のうち、一番近いのは第十六景観だった。
⚠️ c514-1  径間／警管   [同形異音語:間／1字の入れ替え:径]
   台本: 第20径間のいちばん北の車から、およそ892メートル。
   聞取: 第二十警管の一番北の車からおよそ八百九十二メートル。
⚠️ c514-2  径間   [同形異音語:間／字の欠け:径第]
   台本: 第18径間の4台からは、およそ516メートルである。
   聞取: Y18景観の四台からはおよそ五百十六メートルである。
⚠️ c517-2  径間   [同形異音語:間／1字の入れ替え:径]
   台本: 北へ走った。第23径間まで抜けたところで、歩いていた径間が落ちた。
   聞取: 北へ走った。第二十三、警官まで抜けたところで歩いていた警官が落ちた。
⚠️ c519-1  径間   [同形異音語:間／1字の入れ替え:径]
   台本: 7人は、径間とともに川へ落ちた。
   聞取: 七人は警官と共に川へ落ちた。
⚠️ c520-1  閉脚   [字の欠け:橋艇]
   台本: 1時55分。州交通局警察の艇が、20番橋脚の近くでその1人を見つけた。
   聞取: 一時五十五分。州交通局、警察の手が二十番閉脚の近くでその一人を見つけた。
⚠️ c521-3  径間   [同形異音語:間／1字の入れ替え:径]
   台本: 崩れない径間まで、行けたかもしれない
   聞取: 崩れない経過まで行けたかもしれない。
⚠️ c602-2  耐力   [字の欠け:橋耐]
   台本: 橋脚の耐力の、4倍を超えた
   聞取: 狭脚の体力の四倍を超えた
⚠️ c603-1  耐力   [1字の入れ替え:耐]
   台本: 耐力の値は5509キップ。1キップは1000ポンドだから、
   聞取: 体力の値は五千五百九キップ。一キップは千ポンドだから
⚠️ c604-2  耐力   [1字の入れ替え:耐]
   台本: 報告書は、そのうち2本が耐力を超えて壊れた、と書いている。
   聞取: 報告書はそのうち2本が体力を超えて壊れたと書いている。
⚠️ c606-1  径間   [同形異音語:間／1字の入れ替え:径]
   台本: 続いて、中央の3径間が落ちた。
   聞取: 続いて中央の三景館が落ちた。
⚠️ c606-2  径間   [同形異音語:間／1字の入れ替え:径]
   台本: 北側でも、橋脚3基と径間3つが続けて落ちている。
   聞取: 北側でも橋脚三基と警官三つが続けて落ちている。
⚠️ c609-2  径間   [同形異音語:間／頭欠け:キ→ひ／1字の入れ替え:径]
   台本: キー橋の川の上の3径間は、たしかにその部材で組まれていた。
   聞取: ひい橋の川の上の三景館は確かにその部材で組まれていた。
⚠️ c712-1  圧引外   [字の欠け:付器外]
   台本: この遮断器には、不足電圧引外し装置という部品が付いている。
   聞取: この遮断機には不足電圧引きずし装置という部品がついている。
⚠️ c804-1  衝工   [1字の入れ替え:衝]
   台本: このときは、潰れて力を吸うコンクリートと木の防衝工が船を止めた。
   聞取: この時は潰れて力を吸うコンクリートと木の防潮工が船を止めた。
⚠️ c805-1  衝工   [字の欠け:工衝造防]
   台本: 防衝工は壊れたが、元の設計どおりに造り直された。
   聞取: 道承公は壊れたが、元の設計通りに作り直された。
⚠️ c917-2  径間   [1字の入れ替え:径]
   台本: 主径間は3300フィート。塔と塔のあいだは1600フィートになる。
   聞取: 主計官は三千三百フィート、塔と塔の間は千六百フィートになる。

仕分け 165行 → 読みが違う 93／判定できない 25／読み一致 47 -> C:\Users\konar\Desktop\zukai-engine\audio\el_qa\keybridge_reading_diff.tsv
⚠️ 『読み一致』は“ほぼ表記のゆれ”という当たり。合格証ではない（janome の読みは専門語で外れる）
