selftest: 陽性 5件・陰性 6件・判定不能 2件 合格（⚠️ 合格しても『読み一致＝正しい』ではない。当たりの仕分けに使う道具）

=== 🔴 読みが違う（62行）===
🔴 pr01-1  チ→ティ   [所見なし]
   台本: 2024年3月26日、午前1時29分。メリーランド州ボルチモア。
   聞取: 2024年3月26日午前1時29分。メリーランド州ボルティモア。
🔴 pr05-1  エヌティーエスビイ→—   [所見なし]
   台本: 調べたのは、アメリカの国家運輸安全委員会。略称エヌティーエスビー。
   聞取: 調べたのはアメリカの国家運輸安全委員会、略称NTSB。
🔴 pr10-1  アト→ノチ   [所見なし]
   台本: 事故のあとに計算してみると、この橋が崩れる見込みは、
   聞取: 事故の後に計算してみると、この橋が崩れる見込みは
🔴 c102-2  アト→ゴ   [所見なし]
   台本: 崩れたのは、その47年と3日あとだった。
   聞取: 崩れたのはその四十七年と三日後だった。
🔴 c103-1  エムディーティーエエ→—   [所見なし]
   台本: 持ち主はメリーランド州交通局。略称エムディーティーエー。
   聞取: 持ち主はメリーランド州交通局、略称MDTA。
🔴 c105-2  ソト→ガイ   [所見なし]
   台本: 外航船は、この航路の中心を通って橋の下を抜ける。
   聞取: 外交船はこの航路の中心を通って橋の下を抜ける。
🔴 c108-1  タン→ハシ   [1字の入れ替え:端]
   台本: 両端の橋台、土手の側で橋を受ける台が2基。橋脚が36基。
   聞取: 両橋の橋台、土手の側で橋を受ける台が二基、橋脚が三十六基
🔴 c110-2  コオ→ハガネ／—→リ   [所見なし]
   台本: 非冗長鋼引張部材。鋼でできていて、引っ張られていて、
   聞取: 非冗長。鋼引っ張り部材。鋼でできていて、引っ張られていて
🔴 c202-2  ホカ→タ   [所見なし]
   台本: ほかの車線には、車が通っていた。
   聞取: 他の車線には車が通っていた。
🔴 c206-2  アイダ→マ   [所見なし]
   台本: 工事のあいだ、車の流れを落とすためである。
   聞取: 工事の間、車の流れを落とすためである。
🔴 c208-1  ウ→—   [字の欠け:修補]
   台本: 州交通局と補修班の会社の契約には、こう書いてある。
   聞取: 州交通局と保守班の会社の契約にはこう書いてある。
🔴 c307-2  —→テン   [所見なし]
   台本: 喫水、つまり水に沈む深さは12.15メートル。重さは11万2383トンだった。
   聞取: 喫水、つまり水に沈む深さは十二点一五メートル、重さは十一万二千三百八十三トンだった。
🔴 c312-2  ハクヨオケエユ→カシワバカツラアブラ   [字の欠け:用舶軽]
   台本: この夜、燃やしていたのは、そのうちの舶用軽油である。
   聞取: この夜燃やしていたのはそのうちの柏葉桂油である。
🔴 c313-3  タン→サグ   [字の欠け:子端]
   台本: 端子台は、船に数千個あった
   聞取: 探師台は船に数千個あった
🔴 c315-2  ソク→—／セン→ワガフネ   [同形異音語:側]
   台本: 速さが上がると、タグの側が船の後ろの流れで危なくなるからである。
   聞取: 速さが上がるとタグのガワが船の後ろの流れで危なくなるからである。
🔴 c316-1  パ→バ   [字の欠け:甲船首]
   台本: 船首には甲板長が1人残った。
   聞取: 選手には看板長が一人残った
🔴 c316-2  ジン→シノブ   [1字の入れ替え:先]
   台本: 橋を抜けるまで船首に1人置け、という水先人の指示だった。
   聞取: 橋を抜けるまで船首に一人置けという水崎忍の指示だった。
🔴 c317-1  ミズサキ→スイセン   [所見なし]
   台本: 1時21分。上級水先人が、訓練中の水先人にこう言っている。
   聞取: 一時二十一分。上級推薦人が訓練中の水先人にこう言っている。
🔴 c403-1  —→テン   [所見なし]
   台本: 船は8.9ノットで進んでいた。針路142度。
   聞取: 船は八点九ノットで進んでいた。針路百四十二度。
🔴 c403-2  シ→ジ／—→テン   [1字の入れ替え:橋]
   台本: 船首から橋までは3200フィート。船の長さの3.3隻ぶんである。
   聞取: 船首から端までは三千二百フィート、船の長さの三点三隻分である。
🔴 c413-1  テ→シュ   [所見なし]
   台本: 電気技師は、変圧器につながる遮断器、電気の元栓を2つ、手で閉じた。
   聞取: 電気技師は変圧器につながる遮断機、電気の元栓を二つ手で閉じた。
🔴 c414-1  ミズサキ→スイセン   [字の欠け:先水]
   台本: ほぼ同じ1時25分59秒。上級水先人が電話をかけた。
   聞取: ほぼ同じ 1時25分59秒、上級推薦人が電話をかけた。
🔴 c415-2  —→テン   [所見なし]
   台本: 速力8.5ノットで近づいていた。
   聞取: 速力八点五ノットで近づいていた。
🔴 c418-2  —→テン   [所見なし]
   台本: それでも船首が右へ振れる速さは、毎分7.5度まで上がった。
   聞取: それでも船首が右へ振れる速さは毎分七点五度まで上がった。
🔴 c421-1  シ→ジ   [1字の入れ替え:橋]
   台本: 1時27分02秒。橋まで1500フィート。
   聞取: 一時二十七分二秒。端まで千五百フィート。
🔴 c421-2  ミズサキ→スイセン／—→オ   [字の欠け:先水]
   台本: 上級水先人が、左舷の錨を投げよと命じる。
   聞取: 上級推薦人が「左舷の錨を投げよう」と命じる
🔴 c423-2  ュ→—   [字の欠け:主機関]
   台本: 低圧が戻る。それでも主機関は止まったままである。
   聞取: 低圧が戻る。それでも指揮官は止まったままである。
🔴 c424-2  —→テン   [所見なし]
   台本: 速力7.5ノット。
   聞取: 速力七点五ノット
🔴 c504-2  アト→ノチ   [1字の入れ替え:無]
   台本: このあと、橋に入った一般の車は1台も無い。
   聞取: この後、橋に入った一般の車は一台もない。
🔴 c505-2  ト→—   [所見なし]
   台本: 水先人と配車係と州交通局の素早さが、より大きな人命の損失を防いだ、と。
   聞取: 水先人と配車係と州交通局の素早さがより大きな人命の損失を防いだ
🔴 c511-2  アイダ→マ   [1字の入れ替え:無]
   台本: 警官と、橋の上の作業員や点検員のあいだに、即時の連絡の取り決めは無かった。
   聞取: 警官と橋の上の作業員や点検員の間に即時の連絡の取り決めはなかった。
🔴 c520-1  エ→ン   [1字の入れ替え:艇]
   台本: 1時55分。州交通局警察の艇が、20番橋脚の近くでその1人を見つけた。
   聞取: 一時五十五分、州交通局警察の点が二十番橋脚の近くでその一人を見つけた。
🔴 c615-2  キヨヨオ→トモトモ   [字の欠け:与因寄挙要]
   台本: 寄与要因に挙がったのも、船が橋脚に届いたときの備えの側だった。
   聞取: 友友院に上がったのも、船が橋脚に届いた時の備えの側だった。
🔴 c618-1  ウ→—／ン→—   [字の欠け:修班補]
   台本: 人の被害は、亡くなった補修班6人、重傷1人。
   聞取: 人の被害は亡くなった保守派6人、重傷1人。
🔴 c620-2  クルマ→シャ   [所見なし]
   台本: 6人は全員、車の中で見つかった。
   聞取: 六人は全員車の中で見つかった。
🔴 c701-1  アト→ノチ   [所見なし]
   台本: 事故のあと、船は現場に残された。
   聞取: 事故の後、船は現場に残された。
🔴 c701-2  —→シガ／キ→—   [所見なし]
   台本: 調査員が乗り込んだのは、4月1日である。
   聞取: 調査員が乗り込んだのは四月一日である。
🔴 c705-1  —→シガ／キ→—   [1字の入れ替え:器]
   台本: 4月10日。専門家が来て試すと、遮断器は何度も正常に動いた。
   聞取: 四月十日。専門家が来て試すと、遮断機は何度も正常に動いた。
🔴 c708-1  —→シガ／キ→—   [1字の入れ替え:無]
   台本: 4月12日。前ぶれも警報も無く、低圧が落ちた。
   聞取: 四月十二日。前触れも警報もなく低圧が落ちた。
🔴 c709-1  —→シガ／キ→—   [1字の入れ替え:器]
   台本: 4月24日、造船所の技術者が電力解析器を2台取り付けた。
   聞取: 四月二十四日、造船所の技術者が電力解析機を二台取り付けた。
🔴 c718-2  —→サンガ／キ→—   [1字の入れ替え:器]
   台本: 遮断器が開き、船は停電した。3月26日と同じ形の、警報の出ない停電である。
   聞取: 遮断機が開き、船は停電した。三月二十六日と同じ形の警報の出ない停電である。
🔴 c725-1  ワイヤアワン→—   [所見なし]
   台本: ワイヤーワンでは、その帯が、先の金具の青い襟まで覆っていた。
   聞取: Wire Oneでは、その帯が先の金具の青い襟まで覆っていた。
🔴 c802-2  ソオダ→—   [字の欠け:操舵]
   台本: 橋からおよそ600ヤードのところで操舵を失った。
   聞取: 橋からおよそ六百ヤードのところでSODAを失った。
🔴 c815-2  スウ→セツ   [字の欠け:数隻]
   台本: 年間の隻数、水路の形などを入れて、崩れる見込みを出すものである。
   聞取: 年間の積雪、水路の形などを入れて崩れる見込みを出すものである。
🔴 c817-1  アト→ノチ   [所見なし]
   台本: 事故のあと、NTSBがこの計算をキー橋に当てた。
   聞取: 事故の後、NTSBがこの計算をキー橋に当てた。
🔴 c819-2  ソト→ガイ   [字の欠け:無航]
   台本: 外航船の衝突に対する備えが無かったことを挙げている。
   聞取: 外交船の衝突に対する備えがなかったことを挙げている。
🔴 c820-2  ソト→ガイ／セン→フネ   [1字の入れ替え:航]
   台本: 外航船が通る水路をまたぐ橋は、26の州に176ある。
   聞取: 外港、船が通る水路をまたぐ橋は二十六の州に百七十六ある。
🔴 c821-1  アイダ→マ／ア→ワ   [1字の入れ替え:当]
   台本: そのうち40の橋が、2002年から2023年のあいだに当たられている。
   聞取: そのうち四十の橋が二千二年から二千二十三年の間に渡られている。
🔴 c821-2  ソト→ガイ   [1字の入れ替え:航]
   台本: 相手は大型の外航船。全体の23パーセントである。
   聞取: 相手は大型の外交船全体の二十三パーセントである。
🔴 c822-1  シ→ジ／ソト→ガイ   [字の欠け:建指航針]
   台本: 1991年の指針より前に建ち、外航船が通る水路をまたぐ橋は68。
   聞取: 1991年の地震より前に立ち、外交船が通る水路をまたぐ橋は68。
🔴 c824-2  キ→ヒ   [頭欠け:キ→ヒ／1字の入れ替え:無]
   台本: キー橋には、危険なときに車を橋に入れないための装置が無かった。
   聞取: ヒー橋には危険な時に車を橋に入れないための装置がなかった。
🔴 c901-1  ロ→ドオ   [字の欠け:航路]
   台本: 崩れた鋼とコンクリートは、川の底と航路を塞いだ。
   聞取: 崩れた鋼とコンクリートは川の底と坑道を塞いだ。
🔴 c904-2  シ→ジ   [所見なし]
   台本: 引き揚げのための、重量物のクレーンとはしけも入った。
   聞取: 引き揚げのための重量物のクレーンと端毛も入った。
🔴 c905-1  —→ゴガ／キ→—   [所見なし]
   台本: 5月13日。船の上に乗ったままの橋桁を、火薬で切り離した。
   聞取: 五月十三日。船の上に乗ったままの橋桁を火薬で切り離した。
🔴 c907-1  —→ゴガ／キ→—   [所見なし]
   台本: 5月20日、ダリが浮かび、航路から出された。
   聞取: 五月二十日、ダリが浮かび航路から出された。
🔴 c910-1  —→ロクガ／キ→—   [所見なし]
   台本: 6月10日、フォート・マクヘンリー航路が再開した。
   聞取: 六月十日、フォート・マクヘンリー航路が再開した。
🔴 c914-2  —→クガ／キ→—／—→イチガ／キ→—   [所見なし]
   台本: 9月19日には中国の造船所へ。修理が終わったのは、翌年1月16日である。
   聞取: 九月十九日には中国の造船所へ。修理が終わったのは翌年一月十六日である。
🔴 c916-3  ュ→—   [1字の入れ替え:主]
   台本: 主航路の上の桁下は、230フィートになる。
   聞取: 西航路の上の桁下は二百三十フィートになる。
🔴 ca02-1  ゴ→ガ   [所見なし]
   台本: 端子台を作っているワゴ社への勧告は、こうである。
   聞取: 端子台を作っている我が社への勧告はこうである。
🔴 ca11-2  ロク→ト   [字の欠け:海航]
   台本: マイクを別々に録れること。航海データ記録装置への勧告である。
   聞取: マイクを別々に取れること。公開データ記録装置への勧告である。
🔴 ca12-2  キヨ→ユウ   [字の欠け:与寄無要]
   台本: 寄与要因は3つ。橋に近すぎたこと。橋の側に備えが無かったこと。
   聞取: 有用因は三つ。橋に近すぎたこと、橋の側に備えがなかったこと
🔴 ep02-2  アイダ→カン   [所見なし]
   台本: そのあいだ、28秒である。
   聞取: その間28秒である。

=== ⚠️ 判定できない（25行）===
⚠️ c108-2  径間   [所見なし]
   台本: 橋脚と橋脚のあいだを、径間と呼ぶ。
   聞取: 橋脚と橋脚の間を径間と呼ぶ。
⚠️ c108-3  径間   [同形異音語:間／字の欠け:径航]
   台本: 航路の上の3径間だけが、鋼のトラスで組まれていた。
   聞取: 高路の上の三景観だけが鋼のトラスで組まれていた。
⚠️ c113-2  衝工   [1字の入れ替え:衝]
   台本: 17番と18番の橋脚を、潰れて力を吸うコンクリートと木の防衝工が囲んでいた。
   聞取: 十七番と十八番の橋脚を潰れて力を吸うコンクリートと木の防潮工が囲んでいた。
⚠️ c211-1  径間   [同形異音語:間／1字の入れ替え:径]
   台本: 工事の車は7台。第18径間に4台、第20径間に2台、第22径間に1台。
   聞取: 工事の車は七台。第十八景観に四台、第二十景観に二台、第二十二景観に一台。
⚠️ c212-2  径間   [同形異音語:間／字の欠け:径止]
   台本: 第18径間と第20径間に止めた車の中にいた。
   聞取: 第十八警官と第二十警官に停めた車の中にいた。
⚠️ c213-2  径間   [同形異音語:間／1字の入れ替え:径]
   台本: 乾いていくコンクリートを見に行き、第22径間の自分の車まで戻ったところだった。
   聞取: 乾いていくコンクリートを見に行き、第二十二警官の自分の車まで戻ったところだった。
⚠️ c512-1  径間   [同形異音語:間／1字の入れ替え:径]
   台本: そのとき、7人は第18径間と第20径間の車の中で休んでいた。
   聞取: その時七人は第十八警官と第二十警官の車の中で休んでいた。
⚠️ c512-2  径間   [同形異音語:間／1字の入れ替え:径]
   台本: 点検員は第22径間を歩いていた。
   聞取: 点検員は第二十二計館を歩いていた。
⚠️ c513-1  径間   [同形異音語:間／1字の入れ替え:径]
   台本: 崩れなかった径間のうち、いちばん近いのは第16径間だった。
   聞取: 崩れなかった桂馬のうち、一番近いのは第十六景観だった。
⚠️ c514-1  径間／警管   [同形異音語:間／1字の入れ替え:径]
   台本: 第20径間のいちばん北の車から、およそ892メートル。
   聞取: 第二十警管の一番北の車からおよそ八百九十二メートル。
⚠️ c514-2  径間   [同形異音語:間／字の欠け:径第]
   台本: 第18径間の4台からは、およそ516メートルである。
   聞取: 対十八景観の四台からはおよそ五百十六メートルである。
⚠️ c517-2  径間   [同形異音語:間／1字の入れ替え:径]
   台本: 北へ走った。第23径間まで抜けたところで、歩いていた径間が落ちた。
   聞取: 北へ走った。第二十三、警官まで抜けたところで歩いていた警官が落ちた。
⚠️ c519-1  径間   [同形異音語:間／1字の入れ替え:径]
   台本: 7人は、径間とともに川へ落ちた。
   聞取: 七人は警官と共に川へ落ちた。
⚠️ c521-3  径間   [同形異音語:間／1字の入れ替え:径]
   台本: 崩れない径間まで、行けたかもしれない
   聞取: 崩れない経過まで行けたかもしれない。
⚠️ c602-2  耐力   [1字の入れ替え:耐]
   台本: 橋脚の耐力の、4倍を超えた
   聞取: 橋脚の体力の四倍を超えた
⚠️ c603-1  耐力   [1字の入れ替え:耐]
   台本: 耐力の値は5509キップ。1キップは1000ポンドだから、
   聞取: 体力の値は五千五百九キップ。一キップは千ポンドだから
⚠️ c604-2  耐力   [1字の入れ替え:耐]
   台本: 報告書は、そのうち2本が耐力を超えて壊れた、と書いている。
   聞取: 報告書はそのうち2本が体力を超えて壊れたと書いている。
⚠️ c606-1  径間   [同形異音語:間／1字の入れ替え:径]
   台本: 続いて、中央の3径間が落ちた。
   聞取: 続いて中央の三景館が落ちた。
⚠️ c606-2  径間   [同形異音語:間／1字の入れ替え:径]
   台本: 北側でも、橋脚3基と径間3つが続けて落ちている。
   聞取: 北側でも橋脚三基と警官三つが続けて落ちている。
⚠️ c609-2  径間   [同形異音語:間／1字の入れ替え:径]
   台本: キー橋の川の上の3径間は、たしかにその部材で組まれていた。
   聞取: キー橋の川の上の三景館は確かにその部材で組まれていた。
⚠️ c712-1  圧引外   [字の欠け:付器]
   台本: この遮断器には、不足電圧引外し装置という部品が付いている。
   聞取: この遮断機には不足電圧引き外し装置という部品がついている
⚠️ c804-1  衝工   [1字の入れ替え:衝]
   台本: このときは、潰れて力を吸うコンクリートと木の防衝工が船を止めた。
   聞取: この時は潰れて力を吸うコンクリートと木の防潮工が船を止めた。
⚠️ c805-1  衝工   [字の欠け:衝造防]
   台本: 防衝工は壊れたが、元の設計どおりに造り直された。
   聞取: 某商工は壊れたが、元の設計通りに作り直された。
⚠️ c911-2  圧   [所見なし]
   台本: 圧を下げ、中を窒素に置き換えて安全にし、6月28日につなぎ直している。
   聞取: 圧を下げ、中を窒素に置き換えて安全にし、六月二十八日に繋ぎ直している。
⚠️ c917-2  径間   [1字の入れ替え:径]
   台本: 主径間は3300フィート。塔と塔のあいだは1600フィートになる。
   聞取: 主景観は三千三百フィート、塔と塔の間は千六百フィートになる。

仕分け 443行 → 読みが違う 62／判定できない 25／読み一致 356 -> C:\Users\konar\Desktop\zukai-engine\audio\el_qa\keybridge_reading_diff.tsv
⚠️ 『読み一致』は“ほぼ表記のゆれ”という当たり。合格証ではない（janome の読みは専門語で外れる）
