  pr01-2 100.0%  全長二千七百六十九メートルの橋が真ん中から川に落ちた。
  pr02-2 100.0%  それを見て回っていた点検員が一人
  pr03-1 100.0%  六人が亡くなった。一人が重傷を負って生き延び、点検員は無事だった。
  pr05-2 100.0%  最終報告は二百五十九ページある。
  pr06-2 100.0%  その線が端子台に奥まで入っていなかった
  pr09-2  91.5%  この橋には外航船が当たった時に崩れないための備えがなかった。
  pr12-2 100.0%  二百五十九ページの報告書だけでたどる
  c104-1  97.7%  全長は九千八十六フィート、およそ二千七百六十九メートル
  c105-2  95.5%  外交船はこの航路の中心を通って橋の下を抜ける。
  c106-1  93.9%  車線は四つ。二〇二三年の通行は一日当たり三万四千百二十一台。
  c108-1  82.4%  八葉橋の兄弟。土手の側で橋を受ける台が二基、橋脚が三十六基
  c110-2  95.8%  非冗長。鋼引っ張り部材。鋼でできていて、引っ張られていて
  c112-1 100.0%  崩落の前の最後の検査は2023年5月
  c203-1 100.0%  もう一人、エボーンエンタープライズ社の点検員がいた。
  c204-1 100.0%  点検員は橋の両端にいた州交通局警察の警官と
  c204-3 100.0%  橋の上の窓口は点検員一人だった。
  c207-1 100.0%  工事を始める前に、点検員は州の運用センターにも連絡し
  c213-1 100.0%  点検員は橋を歩いて渡っていた。
  c303-1 100.0%  積んでいたのは四千六百七十九個のコンテナ。重さにして五万五千六百七十一トン。
  c304-1 100.0%  乗員は二十一人。そこに港の水先人が二人乗り込む。
  c305-1 100.0%  水先人はその水域を知っている案内役である。
  c305-2  96.3%  船の指揮は船長のもとにあり、水先人は進路と速力を指示する。
  c306-2 100.0%  訓練中の水先人が乗り込んだ。
  c308-2  96.6%  六千六百ボルトの高圧の母線、電気を分ける幹の線につながっている。
  c310-1 100.0%  低圧の側が担っていたのは照明、燃料ポンプ
  c311-2 100.0%  高圧の側が生きていてもである。
  c313-2 100.0%  線と線をつなぐ小さな部品を端子台という
  c313-3  81.8%  端次第は船に数千個あった
  c315-2  95.1%  速さが上がるとタグのガワが船の後ろの流れで危なくなるからである。
  c316-1  76.9%  選手には看板長が一人残った
  c316-2  98.1%  橋を抜けるまで船首に一人を置けという水先人の指示だった。
  c317-1  92.3%  一時二十一分。上級推薦人が訓練中の水先人にこう言っている。
  c409-1 100.0%  船長は船首の甲板長に錨のそばで待機するよう命じた。
  c410-1  89.5%  二等航海士と操舵士は聞いていると答えた。
  c421-2  83.3%  上級聖戦陣が左舷の錨を投げよと命じる。
  c425-2  97.1%  二等航海士がつまみを回した。帆機が最初の停電で止まっており、動かなかった。
  c426-1 100.0%  1時27分55秒。船首から甲板長の報告が返る。
  c426-2  88.9%  怒りのブレーキが開かなかった。
  c427-2 100.0%  1時28分42秒。甲板長が手でブレーキを外し、錨が落ちた。
  c427-3  93.6%  一時二十九分二十九秒、船首の右舷が十七番橋脚に当たった。
  c505-2  98.4%  水先人と配車係と州交通局の素早さがより大きな人命の損失を防いだ
  c509-2 100.0%  点検員は両端の警官と番号を交換していた。作業長の番号も持っていた。
  c510-2 100.0%  警官は点検員に電話をかけなかった。
  c511-2  89.6%  警官と橋の上の作業員や点検員との間に即時の連絡の取り決めはなかった。
  c512-2  86.7%  点検員は第二十二計館を歩いていた。
  c517-1 100.0%  点検員は音を聞いた。報告書の言葉では崩れるような雷の音。
  c518-1 100.0%  点検員は州の運用センターに崩落を伝え、無事に橋の北の端へ着いた。
  c521-2  89.4%  上官と同じ頃に点検員と作業員にも伝わっていたら
  c601-1  89.8%  店主の右舷が当たったのは十七番橋脚の北西の柱だった。
  c607-2  92.6%  船首にいた甲板員一人が逃げる途中で軽い怪我を負っている。
  c609-1  88.9%  第一章で置いた非常調鋼引張部材である。
  c613-2  93.8%  力の道筋から視点そのものが抜けた。
  c614-2  92.6%  十七番。橋脚が崩れた時、力の道筋の重要な部分が取り除かれた。
  c615-1 100.0%  つまり骨組みの側は原因ではなかった。
  c615-2  78.6%  十、要員に上がったのも、船が橋脚に届いた時の備えのガワだった。
  c617-1 100.0%  船の被害は右舷の船首に集中していた。
  c617-2  92.9%  損害額は千八百万ドルを超えている。積み荷の損害は確定していない。
  c618-2  82.9%  船の乗員が軽傷を一人、点検員に怪我はなかった。
  c715-2  90.0%  緩んだつなぎ目が一つ見つかる。輪暴車の三口の端子台、番号は三百八十一。
  c716-1 100.0%  報告書はその端子台の右の線をワイヤーワン、左をワイヤースリーと呼ぶ。
  c720-1  90.5%  材料研究室に運んで調べると、端次第の口の面と
  c724-1 100.0%  熱で縮ませる薄い筒につなぐべき端子台の番号が刷ってある。
  c725-2  80.0%  覆った分だけ外回りが太くなる。
  c726-2 100.0%  ラベルの帯の付け方が悪く、端子台の信号線が緩み停電した。
  c804-2 100.0%  柱に残ったのは表面の軽い傷だけである。
  c809-2  94.1%  35人が亡くなっ
  c811-2 100.0%  この指針の計算で崩落の危険を抑えることが求められている。
  c815-1  96.6%  二〇〇九年の指針の計算方法には、橋の下を通る船の大きさと速さ
  c815-2  93.1%  年間の積雪、水路の形などを入れて崩れる見込みを出すものである。
  c820-2  85.7%  1回以降船が通る水路をまたぐ橋は二十六の州に百七十六ある。
  c821-2  95.5%  相手は大型の外交船全体の二十三パーセントである。
  c822-1  86.7%  1991年の地震より前に立ち、外交船が通る水路をまたぐ橋は68。
  c907-2  81.1%  完璧に戻して積み荷と残骸を下ろしていく。
  c912-1 100.0%  積んでいた四千六百七十九個のコンテナのうち五十六個が危険物だった。
  c916-2  98.2%  全長二マイル。塔から張ったケーブルで二十桁を吊る斜張橋である。
  c917-1 100.0%  斜張橋は部材が一つ壊れても荷重を支えられる形とされている。
  ca02-1  90.9%  端子台を作っている我が社への勧告はこうである。
  ca03-2 100.0%  帯が線を端子台へ正しく差し込むことを妨げないようにするためである。
  ca08-1 100.0%  船の乗員と水先人には沿岸警備隊へ緊急を伝える無線の道がある。
  ca09-1  79.1%  車の側にも勧告が出た。敷居値を超えているらしい。
  ca12-2  89.3%  理由要因は三つ。橋に近すぎたこと、橋の側に備えがなかったこと
  ep01-2  97.0%  橋の上の作業員に退避を知らせる、実効的で即時の連絡手段がなかったこと。
  ep05-2 100.0%  実効的で即時の連絡は橋で働く人の安全に欠かせない。
  ep06-2 100.0%  二百五十九ページが指しているのはその二つである。

=== 一致率の低い順 84行（★耳で確かめる候補）===

c316-1  一致率 76.9%
   台本: 船首には甲板長が1人残った。
   送信: 船首にはかんぱんちょうが1人残った。   ← EL_YOMI で書き換えた文
   聞取: 選手には看板長が一人残った

c615-2  一致率 78.6%
   台本: 寄与要因に挙がったのも、船が橋脚に届いたときの備えの側だった。
   送信: 寄与要因に挙がったのも、船が橋脚に届いたときの備えの がわだった。   ← EL_YOMI で書き換えた文
   聞取: 十、要員に上がったのも、船が橋脚に届いた時の備えのガワだった。

ca09-1  一致率 79.1%
   台本: 車の側にも勧告が出た。しきい値を超えている橋、
   送信: 車の がわにも勧告が出た。しきい値を超えている橋、   ← EL_YOMI で書き換えた文
   聞取: 車の側にも勧告が出た。敷居値を超えているらしい。

c725-2  一致率 80.0%
   台本: 覆ったぶんだけ、外まわりが太くなる。
   送信: おおったぶんだけ、外まわりが太くなる。   ← EL_YOMI で書き換えた文
   聞取: 覆った分だけ外回りが太くなる。

c907-2  一致率 81.1%
   台本: 岸壁に戻して、積荷と残骸を降ろしていく。
   送信: がんぺきに戻して、積み荷と残骸を降ろしていく。   ← EL_YOMI で書き換えた文
   聞取: 完璧に戻して積み荷と残骸を下ろしていく。

c313-3  一致率 81.8%
   台本: 端子台は、船に数千個あった
   送信: たんし台は、船に数千個あった   ← EL_YOMI で書き換えた文
   聞取: 端次第は船に数千個あった

c108-1  一致率 82.4%
   台本: 両端の橋台、土手の側で橋を受ける台が2基。橋脚が36基。
   送信: 両端のきょうだい、土手の がわで橋を受ける台が2基。橋脚が36基。   ← EL_YOMI で書き換えた文
   聞取: 八葉橋の兄弟。土手の側で橋を受ける台が二基、橋脚が三十六基

c618-2  一致率 82.9%
   台本: 船の乗員が軽傷1人。点検員にけがは無かった。
   送信: 船の乗員が軽傷1人。てんけん員にけがは無かった。   ← EL_YOMI で書き換えた文
   聞取: 船の乗員が軽傷を一人、点検員に怪我はなかった。

c421-2  一致率 83.3%
   台本: 上級水先人が、左舷の錨を投げよと命じる。
   送信: 上級水先人が、さげんの錨を投げよと命じる。   ← EL_YOMI で書き換えた文
   聞取: 上級聖戦陣が左舷の錨を投げよと命じる。

c820-2  一致率 85.7%
   台本: 外航船が通る水路をまたぐ橋は、26の州に176ある。
   送信: がいこう船が通る水路をまたぐ橋は、26の州に176ある。   ← EL_YOMI で書き換えた文
   聞取: 1回以降船が通る水路をまたぐ橋は二十六の州に百七十六ある。

c512-2  一致率 86.7%
   台本: 点検員は第22径間を歩いていた。
   送信: てんけん員は第22径間を歩いていた。   ← EL_YOMI で書き換えた文
   聞取: 点検員は第二十二計館を歩いていた。

c822-1  一致率 86.7%
   台本: 1991年の指針より前に建ち、外航船が通る水路をまたぐ橋は68。
   送信: 1991年の ししんより前に建ち、がいこう船が通る水路をまたぐ橋は68。   ← EL_YOMI で書き換えた文
   聞取: 1991年の地震より前に立ち、外交船が通る水路をまたぐ橋は68。

c426-2  一致率 88.9%
   台本: 錨のブレーキが、開かなかった
   送信: いかりのブレーキが、開かなかった   ← EL_YOMI で書き換えた文
   聞取: 怒りのブレーキが開かなかった。

c609-1  一致率 88.9%
   台本: 第1章で置いた、非冗長鋼引張部材である。
   送信: 第1章で置いた、非冗長鋼ひっぱり部材である。   ← EL_YOMI で書き換えた文
   聞取: 第一章で置いた非常調鋼引張部材である。

ca12-2  一致率 89.3%
   台本: 寄与要因は3つ。橋に近すぎたこと。橋の側に備えが無かったこと。
   送信: 寄与要因は3つ。橋に近すぎたこと。橋の がわに備えが無かったこと。   ← EL_YOMI で書き換えた文
   聞取: 理由要因は三つ。橋に近すぎたこと、橋の側に備えがなかったこと

c521-2  一致率 89.4%
   台本: 警官と同じころに、点検員と作業員にも伝わっていたら。
   送信: 警官と同じころに、てんけん員と作業員にも伝わっていたら。   ← EL_YOMI で書き換えた文
   聞取: 上官と同じ頃に点検員と作業員にも伝わっていたら

c410-1  一致率 89.5%
   台本: 二等航海士と操舵手は、効いていると答えた。
   送信: にとう航海士と操舵手は、効いていると答えた。   ← EL_YOMI で書き換えた文
   聞取: 二等航海士と操舵士は聞いていると答えた。

c511-2  一致率 89.6%
   台本: 警官と、橋の上の作業員や点検員のあいだに、即時の連絡の取り決めは無かった。
   送信: 警官と、橋の上の作業員やてんけん員のあいだに、即時の連絡の取り決めは無かった。   ← EL_YOMI で書き換えた文
   聞取: 警官と橋の上の作業員や点検員との間に即時の連絡の取り決めはなかった。

c601-1  一致率 89.8%
   台本: 船首の右舷が当たったのは、17番橋脚の北西の柱だった。
   送信: 船首のうげんが当たったのは、17番橋脚の北西の柱だった。   ← EL_YOMI で書き換えた文
   聞取: 店主の右舷が当たったのは十七番橋脚の北西の柱だった。

c715-2  一致率 90.0%
   台本: 緩んだつなぎ目が1つ見つかる。ワゴ社の3口の端子台。番号は381。
   送信: 緩んだつなぎ目が1つ見つかる。ワゴ社の3口のたんし台。番号は381。   ← EL_YOMI で書き換えた文
   聞取: 緩んだつなぎ目が一つ見つかる。輪暴車の三口の端子台、番号は三百八十一。

c720-1  一致率 90.5%
   台本: 材料研究室に運んで調べると、端子台の口の面と、
   送信: ざいりょう研究室に運んで調べると、たんし台の口の面と、   ← EL_YOMI で書き換えた文
   聞取: 材料研究室に運んで調べると、端次第の口の面と

ca02-1  一致率 90.9%
   台本: 端子台を作っているワゴ社への勧告は、こうである。
   送信: たんし台を作っているワゴ社への勧告は、こうである。   ← EL_YOMI で書き換えた文
   聞取: 端子台を作っている我が社への勧告はこうである。

pr09-2  一致率 91.5%
   台本: この橋には、外航船が当たったときに崩れないための備えが無かった。
   送信: この橋には、がいこう船が当たったときに崩れないための備えが無かった。   ← EL_YOMI で書き換えた文
   聞取: この橋には外航船が当たった時に崩れないための備えがなかった。

c317-1  一致率 92.3%
   台本: 1時21分。上級水先人が、訓練中の水先人にこう言っている。
   送信: 1時21分。上級水先人が、訓練中のみずさきにんにこう言っている。   ← EL_YOMI で書き換えた文
   聞取: 一時二十一分。上級推薦人が訓練中の水先人にこう言っている。

c607-2  一致率 92.6%
   台本: 船首にいた甲板員1人が、逃げる途中で軽いけがを負っている。
   送信: 船首にいたかんぱん員1人が、逃げる途中で軽いけがを負っている。   ← EL_YOMI で書き換えた文
   聞取: 船首にいた甲板員一人が逃げる途中で軽い怪我を負っている。

c614-2  一致率 92.6%
   台本: 17番橋脚が崩れたとき、力の道筋の重要な部分が取り除かれた。
   送信: 17番橋脚が崩れたとき、ちからの道筋の重要な部分が取り除かれた。   ← EL_YOMI で書き換えた文
   聞取: 十七番。橋脚が崩れた時、力の道筋の重要な部分が取り除かれた。

c617-2  一致率 92.9%
   台本: 損害額は1800万ドルを超えている。積荷の損害は確定していない。
   送信: 損害額は1800万ドルを超えている。積み荷の損害は確定していない。   ← EL_YOMI で書き換えた文
   聞取: 損害額は千八百万ドルを超えている。積み荷の損害は確定していない。

c815-2  一致率 93.1%
   台本: 年間の隻数、水路の形などを入れて、崩れる見込みを出すものである。
   送信: ねんかんの せきすう、水路の形などを入れて、崩れる見込みを出すものである。   ← EL_YOMI で書き換えた文
   聞取: 年間の積雪、水路の形などを入れて崩れる見込みを出すものである。

c427-3  一致率 93.6%
   台本: 1時29分09秒。船首の右舷が、17番橋脚に当たった。
   送信: 1時29分09秒。船首のうげんが、17番橋脚に当たった。   ← EL_YOMI で書き換えた文
   聞取: 一時二十九分二十九秒、船首の右舷が十七番橋脚に当たった。

c613-2  一致率 93.8%
   台本: 力の道筋から、支点そのものが抜けた。
   送信: ちからの道筋から、支点そのものが抜けた。   ← EL_YOMI で書き換えた文
   聞取: 力の道筋から視点そのものが抜けた。

c106-1  一致率 93.9%
   台本: 車線は4つ。2023年の通行は1日あたり34121台。
   送信: 車線は4つ。2023年の通行は1日あたりさんまんよんせんひゃくにじゅういち台。   ← EL_YOMI で書き換えた文
   聞取: 車線は四つ。二〇二三年の通行は一日当たり三万四千百二十一台。

c809-2  一致率 94.1%
   台本: 35人が亡くなった。
   送信: サンジュウゴにんが亡くなった。   ← EL_YOMI で書き換えた文
   聞取: 35人が亡くなっ

c315-2  一致率 95.1%
   台本: 速さが上がると、タグの側が船の後ろの流れで危なくなるからである。
   送信: 速さが上がると、タグの がわが船の後ろの流れで危なくなるからである。   ← EL_YOMI で書き換えた文
   聞取: 速さが上がるとタグのガワが船の後ろの流れで危なくなるからである。

c105-2  一致率 95.5%
   台本: 外航船は、この航路の中心を通って橋の下を抜ける。
   送信: がいこう船は、この航路の中心を通って橋の下を抜ける。   ← EL_YOMI で書き換えた文
   聞取: 外交船はこの航路の中心を通って橋の下を抜ける。

c821-2  一致率 95.5%
   台本: 相手は大型の外航船。全体の23パーセントである。
   送信: 相手は大型のがいこう船。全体の23パーセントである。   ← EL_YOMI で書き換えた文
   聞取: 相手は大型の外交船全体の二十三パーセントである。

c110-2  一致率 95.8%
   台本: 非冗長鋼引張部材。鋼でできていて、引っ張られていて、
   送信: 非冗長鋼ひっぱり部材。鋼でできていて、引っ張られていて、   ← EL_YOMI で書き換えた文
   聞取: 非冗長。鋼引っ張り部材。鋼でできていて、引っ張られていて

c305-2  一致率 96.3%
   台本: 船の指揮は船長のもとにあり、水先人は針路と速力を指示する。
   送信: 船の指揮は船長のもとにあり、みずさきにんは針路と速力を指示する。   ← EL_YOMI で書き換えた文
   聞取: 船の指揮は船長のもとにあり、水先人は進路と速力を指示する。

c308-2  一致率 96.6%
   台本: 6600ボルトの高圧の母線、電気を分ける幹の線につながっている。
   送信: ろくせんろっぴゃくボルトの高圧の母線、電気を分ける幹の線につながっている。   ← EL_YOMI で書き換えた文
   聞取: 六千六百ボルトの高圧の母線、電気を分ける幹の線につながっている。

c815-1  一致率 96.6%
   台本: 2009年の指針の計算、方法2は、橋の下を通る船の大きさと速さ、
   送信: 2009年の ししんの計算、方法2は、橋の下を通る船の大きさと速さ、   ← EL_YOMI で書き換えた文
   聞取: 二〇〇九年の指針の計算方法には、橋の下を通る船の大きさと速さ

ep01-2  一致率 97.0%
   台本: 橋の上の作業員に退避を知らせる、実効的で即時の連絡手段が無かったこと。
   送信: 橋の上の作業員に退避を知らせる、じっこう的で即時の連絡手段が無かったこと。   ← EL_YOMI で書き換えた文
   聞取: 橋の上の作業員に退避を知らせる、実効的で即時の連絡手段がなかったこと。

c425-2  一致率 97.1%
   台本: 二等航海士がつまみを回した。補機が最初の停電で止まっており、動かなかった。
   送信: にとう航海士がつまみを回した。補機が最初の停電で止まっており、動かなかった。   ← EL_YOMI で書き換えた文
   聞取: 二等航海士がつまみを回した。帆機が最初の停電で止まっており、動かなかった。

c104-1  一致率 97.7%
   台本: 全長は9086フィート。およそ2769メートル。
   送信: 全長は9086フィート。およそにせんななひゃくろくじゅうきゅうメートル。   ← EL_YOMI で書き換えた文
   聞取: 全長は九千八十六フィート、およそ二千七百六十九メートル

c316-2  一致率 98.1%
   台本: 橋を抜けるまで船首に1人置け、という水先人の指示だった。
   送信: はしを抜けるまで船首に1人置け、というみずさきにんの指示だった。   ← EL_YOMI で書き換えた文
   聞取: 橋を抜けるまで船首に一人を置けという水先人の指示だった。

c916-2  一致率 98.2%
   台本: 全長2マイル。塔から張ったケーブルで桁を吊る、斜張橋である。
   送信: 全長2マイル。塔から張ったケーブルで桁を吊る、しゃちょうきょうである。   ← EL_YOMI で書き換えた文
   聞取: 全長二マイル。塔から張ったケーブルで二十桁を吊る斜張橋である。

c505-2  一致率 98.4%
   台本: 水先人と配車係と州交通局の素早さが、より大きな人命の損失を防いだ、と。
   送信: みずさきにんと配車係と州交通局の素早さが、より大きな人命の損失を防いだ、と。   ← EL_YOMI で書き換えた文
   聞取: 水先人と配車係と州交通局の素早さがより大きな人命の損失を防いだ

pr01-2  一致率 100.0%
   台本: 全長2769メートルの橋が、真ん中から川に落ちた。
   送信: 全長にせんななひゃくろくじゅうきゅうメートルの橋が、真ん中から川に落ちた。   ← EL_YOMI で書き換えた文
   聞取: 全長二千七百六十九メートルの橋が真ん中から川に落ちた。

pr02-2  一致率 100.0%
   台本: それを見て回っていた点検員が1人。
   送信: それを見て回っていたてんけん員が1人。   ← EL_YOMI で書き換えた文
   聞取: それを見て回っていた点検員が一人

pr03-1  一致率 100.0%
   台本: 6人が亡くなった。1人が重傷を負って生き延び、点検員は無事だった。
   送信: 6人が亡くなった。1人が重傷を負って生き延び、てんけん員は無事だった。   ← EL_YOMI で書き換えた文
   聞取: 六人が亡くなった。一人が重傷を負って生き延び、点検員は無事だった。

pr05-2  一致率 100.0%
   台本: 最終報告は259ページある。
   送信: 最終報告はにひゃくごじゅうきゅうページある。   ← EL_YOMI で書き換えた文
   聞取: 最終報告は二百五十九ページある。

pr06-2  一致率 100.0%
   台本: その線が、端子台に奥まで入っていなかった。
   送信: その線が、たんし台に奥まで入っていなかった。   ← EL_YOMI で書き換えた文
   聞取: その線が端子台に奥まで入っていなかった

pr12-2  一致率 100.0%
   台本: 259ページの報告書だけで、たどる。
   送信: にひゃくごじゅうきゅうページの報告書だけで、たどる。   ← EL_YOMI で書き換えた文
   聞取: 二百五十九ページの報告書だけでたどる

c112-1  一致率 100.0%
   台本: 崩落の前の最後の検査は、2023年5月。
   送信: ほうらくの前の最後の検査は、2023年5月。   ← EL_YOMI で書き換えた文
   聞取: 崩落の前の最後の検査は2023年5月

c203-1  一致率 100.0%
   台本: もう1人、エボーン・エンタープライズ社の点検員がいた。
   送信: もう1人、エボーン・エンタープライズ社のてんけん員がいた。   ← EL_YOMI で書き換えた文
   聞取: もう一人、エボーンエンタープライズ社の点検員がいた。

c204-1  一致率 100.0%
   台本: 点検員は、橋の両端にいた州交通局警察の警官と、
   送信: てんけん員は、橋の両端にいた州交通局警察の警官と、   ← EL_YOMI で書き換えた文
   聞取: 点検員は橋の両端にいた州交通局警察の警官と

c204-3  一致率 100.0%
   台本: 橋の上の窓口は、点検員1人だった
   送信: 橋の上の窓口は、てんけん員1人だった   ← EL_YOMI で書き換えた文
   聞取: 橋の上の窓口は点検員一人だった。

c207-1  一致率 100.0%
   台本: 工事を始める前に、点検員は州の運用センターにも連絡し、
   送信: 工事を始める前に、てんけん員は州の運用センターにも連絡し、   ← EL_YOMI で書き換えた文
   聞取: 工事を始める前に、点検員は州の運用センターにも連絡し

c213-1  一致率 100.0%
   台本: 点検員は、橋を歩いて渡っていた。
   送信: てんけん員は、橋を歩いて渡っていた。   ← EL_YOMI で書き換えた文
   聞取: 点検員は橋を歩いて渡っていた。

c303-1  一致率 100.0%
   台本: 積んでいたのは4679個のコンテナ。重さにして5万5671トン。
   送信: 積んでいたのはよんせんろっぴゃくななじゅうきゅう個のコンテナ。重さにして5万5671トン。   ← EL_YOMI で書き換えた文
   聞取: 積んでいたのは四千六百七十九個のコンテナ。重さにして五万五千六百七十一トン。

c304-1  一致率 100.0%
   台本: 乗員は21人。そこに、港の水先人が2人乗り込む。
   送信: 乗員は21人。そこに、港のみずさきにんが2人乗り込む。   ← EL_YOMI で書き換えた文
   聞取: 乗員は二十一人。そこに港の水先人が二人乗り込む。

c305-1  一致率 100.0%
   台本: 水先人は、その水域を知っている案内役である。
   送信: みずさきにんは、その水域を知っている案内役である。   ← EL_YOMI で書き換えた文
   聞取: 水先人はその水域を知っている案内役である。

c306-2  一致率 100.0%
   台本: 訓練中の水先人が乗り込んだ。
   送信: 訓練中のみずさきにんが乗り込んだ。   ← EL_YOMI で書き換えた文
   聞取: 訓練中の水先人が乗り込んだ。

c310-1  一致率 100.0%
   台本: 低圧の側が担っていたのは、照明、燃料ポンプ、
   送信: 低圧の がわが担っていたのは、照明、燃料ポンプ、   ← EL_YOMI で書き換えた文
   聞取: 低圧の側が担っていたのは照明、燃料ポンプ

c311-2  一致率 100.0%
   台本: 高圧の側が生きていても、である。
   送信: 高圧の がわが生きていても、である。   ← EL_YOMI で書き換えた文
   聞取: 高圧の側が生きていてもである。

c313-2  一致率 100.0%
   台本: 線と線をつなぐ小さな部品を、端子台という。
   送信: 線と線をつなぐ小さな部品を、たんし台という。   ← EL_YOMI で書き換えた文
   聞取: 線と線をつなぐ小さな部品を端子台という

c409-1  一致率 100.0%
   台本: 船長は、船首の甲板長に錨のそばで待機するよう命じた。
   送信: 船長は、船首のかんぱんちょうに錨のそばで待機するよう命じた。   ← EL_YOMI で書き換えた文
   聞取: 船長は船首の甲板長に錨のそばで待機するよう命じた。

c426-1  一致率 100.0%
   台本: 1時27分55秒。船首から甲板長の報告が返る。
   送信: 1時27分55秒。船首からかんぱんちょうの報告が返る。   ← EL_YOMI で書き換えた文
   聞取: 1時27分55秒。船首から甲板長の報告が返る。

c427-2  一致率 100.0%
   台本: 1時28分42秒、甲板長が手でブレーキを外し、錨が落ちた。
   送信: 1時28分42秒、かんぱんちょうが手でブレーキを外し、錨が落ちた。   ← EL_YOMI で書き換えた文
   聞取: 1時28分42秒。甲板長が手でブレーキを外し、錨が落ちた。

c509-2  一致率 100.0%
   台本: 点検員は、両端の警官と番号を交換していた。作業長の番号も持っていた。
   送信: てんけん員は、両端の警官と番号を交換していた。作業長の番号も持っていた。   ← EL_YOMI で書き換えた文
   聞取: 点検員は両端の警官と番号を交換していた。作業長の番号も持っていた。

c510-2  一致率 100.0%
   台本: 警官は、点検員に電話をかけなかった
   送信: 警官は、てんけん員に電話をかけなかった   ← EL_YOMI で書き換えた文
   聞取: 警官は点検員に電話をかけなかった。

c517-1  一致率 100.0%
   台本: 点検員は、音を聞いた。報告書の言葉では、崩れるような雷の音。
   送信: てんけん員は、音を聞いた。報告書の言葉では、崩れるような雷の音。   ← EL_YOMI で書き換えた文
   聞取: 点検員は音を聞いた。報告書の言葉では崩れるような雷の音。

c518-1  一致率 100.0%
   台本: 点検員は州の運用センターに崩落を伝え、無事に橋の北の端へ着いた。
   送信: てんけん員は州の運用センターに崩落を伝え、無事に橋の北の端へ着いた。   ← EL_YOMI で書き換えた文
   聞取: 点検員は州の運用センターに崩落を伝え、無事に橋の北の端へ着いた。

c615-1  一致率 100.0%
   台本: つまり、骨組みの側は原因ではなかった。
   送信: つまり、骨組みの がわは原因ではなかった。   ← EL_YOMI で書き換えた文
   聞取: つまり骨組みの側は原因ではなかった。

c617-1  一致率 100.0%
   台本: 船の被害は、右舷の船首に集中していた。
   送信: 船の被害は、うげんの船首に集中していた。   ← EL_YOMI で書き換えた文
   聞取: 船の被害は右舷の船首に集中していた。

c716-1  一致率 100.0%
   台本: 報告書は、その端子台の右の線をワイヤーワン、左をワイヤースリーと呼ぶ。
   送信: 報告書は、そのたんし台の右の線をワイヤーワン、左をワイヤースリーと呼ぶ。   ← EL_YOMI で書き換えた文
   聞取: 報告書はその端子台の右の線をワイヤーワン、左をワイヤースリーと呼ぶ。

c724-1  一致率 100.0%
   台本: 熱で縮ませる薄い筒に、つなぐべき端子台の番号が刷ってある。
   送信: 熱で縮ませる薄い筒に、つなぐべきたんし台の番号が刷ってある。   ← EL_YOMI で書き換えた文
   聞取: 熱で縮ませる薄い筒につなぐべき端子台の番号が刷ってある。

c726-2  一致率 100.0%
   台本: ラベルの帯の付け方が悪く、端子台の信号線が緩み、停電した。
   送信: ラベルの帯の付け方が悪く、たんし台の信号線が緩み、停電した。   ← EL_YOMI で書き換えた文
   聞取: ラベルの帯の付け方が悪く、端子台の信号線が緩み停電した。

c804-2  一致率 100.0%
   台本: 柱に残ったのは、表面の軽い傷だけである。
   送信: はしらに残ったのは、表面の軽い傷だけである。   ← EL_YOMI で書き換えた文
   聞取: 柱に残ったのは表面の軽い傷だけである。

c811-2  一致率 100.0%
   台本: この指針の計算で崩落の危険を抑えることが求められている。
   送信: この ししんの計算で崩落の危険を抑えることが求められている。   ← EL_YOMI で書き換えた文
   聞取: この指針の計算で崩落の危険を抑えることが求められている。

c912-1  一致率 100.0%
   台本: 積んでいた4679個のコンテナのうち、56個が危険物だった。
   送信: 積んでいたよんせんろっぴゃくななじゅうきゅう個のコンテナのうち、56個が危険物だった。   ← EL_YOMI で書き換えた文
   聞取: 積んでいた四千六百七十九個のコンテナのうち五十六個が危険物だった。

c917-1  一致率 100.0%
   台本: 斜張橋は、部材が1つ壊れても荷重を支えられる形とされている。
   送信: しゃちょうきょうは、部材が1つ壊れても荷重を支えられる形とされている。   ← EL_YOMI で書き換えた文
   聞取: 斜張橋は部材が一つ壊れても荷重を支えられる形とされている。

ca03-2  一致率 100.0%
   台本: 帯が、線を端子台へ正しく差し込むことを妨げないようにするためである。
   送信: 帯が、線をたんし台へ正しく差し込むことを妨げないようにするためである。   ← EL_YOMI で書き換えた文
   聞取: 帯が線を端子台へ正しく差し込むことを妨げないようにするためである。

ca08-1  一致率 100.0%
   台本: 船の乗員と水先人には、沿岸警備隊へ緊急を伝える無線の道がある。
   送信: 船の乗員とみずさきにんには、沿岸警備隊へ緊急を伝える無線の道がある。   ← EL_YOMI で書き換えた文
   聞取: 船の乗員と水先人には沿岸警備隊へ緊急を伝える無線の道がある。

ep05-2  一致率 100.0%
   台本: 実効的で即時の連絡は、橋で働く人の安全に欠かせない。
   送信: じっこう的で即時の連絡は、橋で働く人の安全に欠かせない。   ← EL_YOMI で書き換えた文
   聞取: 実効的で即時の連絡は橋で働く人の安全に欠かせない。

ep06-2  一致率 100.0%
   台本: 259ページが指しているのは、その2つである。
   送信: にひゃくごじゅうきゅうページが指しているのは、その2つである。   ← EL_YOMI で書き換えた文
   聞取: 二百五十九ページが指しているのはその二つである。

検査 84行 -> C:\Users\konar\Desktop\zukai-engine\audio\el_qa\keybridge_el_yomi.tsv（記録 443行／台本 443行）
Scribe: 音声 402.3秒を文字起こし／クレジット 59,177 → 59,541（消費 364／上限 131,000） ⚠️ 反映が遅れることがある
⚠️ 文字起こしに失敗した行 1件: [('c819-2', 'URLError')]
🔴 未検査の行があります。『全部OK』とは言えません。
EXIT=1
