  pr01-1  94.9%  2024年3月26日午前1時29分。メリーランド州ボルティモア。
  pr01-2 100.0%  全長二七六九メートルの橋が真ん中から川に落ちた
  pr02-1 100.0%  橋の上には八人がいた。道路の穴を埋めていた補修班が七人。
  pr02-2 100.0%  それを見て回っていた点検員が一人
  pr03-1 100.0%  六人が亡くなった。一人が重傷を負って生き延び、点検員は無事だった。
  pr03-2  90.5%  船に乗っていた二十三人のうち、怪我は一人である。
  pr04-1 100.0%  船の異常は橋の両端にいた警官に伝わっていた。
  pr04-2 100.0%  警官は車を止めた。橋の上の八人には誰も伝えなかった。
  pr04-3 100.0%  衝突まで1分16秒あった。
  pr05-1  76.4%  調べたのはアメリカの国家運輸安全委員会、略称NTSB。
  pr05-2 100.0%  最終報告は二百五十九ページある
  pr06-1 100.0%  原因は船の配電盤の中にあった一本の信号線だった。
  pr06-2 100.0%  その線が端子台に奥まで入っていなかった
  pr07-1 100.0%  線が外れて停電が起き、船は推進と操舵を同時に失った。
  pr07-2  94.7%  その時、橋までは三二〇〇フィート、およそ九七五メートルである。
  pr08-1  88.9%  クネは橋脚に当たった。十三秒で橋脚が崩れ
  pr08-2  88.9%  中央の橋桁三つが線路の上と川へ落ちた。
  pr09-1 100.0%  報告書は崩落そのものにも踏み込んでいる。
  pr09-2  84.7%  この橋には外光線が当たった時に崩れないための備えがなかった。
  pr10-1  93.6%  事故の後に計算してみると、この橋が崩れる見込みは
  pr10-2  98.6%  橋の設計指針が許容している線のおよそ三十倍だった。誰も計算していなかった
  pr11-1 100.0%  知らせは船から陸へ、陸から警官へと渡っていく。
  pr11-2  91.4%  最後の一本だけがつながっていなかった。
  pr12-1  98.1%  これはその四分九秒と届かなかった一分十六秒の記録である。
  pr12-2  90.3%  百五十九ページの報告書だけでたどり
  c101-1  94.7%  フランシス・スコット・キー橋。ボルチモアの港の出口をまたいでいた。
  c101-2  95.8%  その設計の基準に船がぶつかるという項目はなかった
  c102-1 100.0%  開通は1977年3月23日
  c102-2  91.4%  崩れたのはその四十七年と三日後だった。
  c103-1  69.6%  持ち主はメリーランド州交通局、略称MDTA。
  c103-2 100.0%  州道695号をパタプスコ川の上に渡していた
  c104-1  93.0%  全長は九千八十六フィート、およそ二千二百六十九メートル
  c104-2  90.9%  主砲楼の上の桁下は百八十五フィート、およそ五十六メートルあった。
  c105-1  91.8%  足の下を通るのは幅七百フィートのフォートマックヘンリー連邦航路。
  c105-2  90.9%  外法線はこの航路の中心を通って橋の下を抜ける。
  c106-1  94.1%  車線は四つ。二〇二三年の通行は一日当たり三四八一二一台。
  c106-2 100.0%  そのうち一割がトラックだった。
  c107-1 100.0%  危険物を積んだ車は湾の下のトンネルを通れない。
  c107-2 100.0%  だからこの橋はその種類の車にとって主な道だった。
  c108-1  88.5%  両端の貸し台、土手のそばで橋を受ける台が二基、橋脚が三十六基
  c108-2  85.7%  橋脚と橋脚の間を径間と呼ぶ。
  c108-3  87.0%  走路の上の三計観だけが鋼のトラスで組まれていた。
  c109-1 100.0%  トラスとは三角形を組み合わせて力を流す骨組みのことである。
  c109-2 100.0%  上を通るのではなく、骨組みの中を車が通る形だった。
  c110-1  95.2%  この骨組みには決められた呼び名がついている。
  c110-2  65.4%  非常徴、サガネ引き帳ボロ材。サガネでできていて、引っ張られていて
  c110-3 100.0%  一本が壊れれば橋は落ちかねない。
  c111-1  93.8%  そう呼ばれた部材は二十四ヶ月に一度
  c111-2  91.5%  店員が手の届く距離まで寄って調べることが義務付けられている。
  c112-1  86.5%  フーズ落の前の最後の検査は二千二十三年五月
  c112-2  94.1%  報告書はこの時不具合は見つかっていないと書いている。
  c113-1 100.0%  橋脚には備えがあった。橋が開いた1977年から
  c113-2  94.3%  十七番と十八番の橋脚を潰れて力を吸うコンクリートと木の防潮工が囲んでいた。
  c114-1 100.0%  少し離れた水の上にはドルフィンと呼ばれる構造物が四基
  c114-2 100.0%  ゴムの緩衝材を巻いて外れた船をそらすためのものである。
  c115-1 100.0%  ただし、設計に使われたのは1969年の基準だった。
  c115-2 100.0%  船がぶつかる危険も、橋を守る備えも、その基準には書かれていない。
  c201-1 100.0%  3月25日の夜、橋の南行きの右車線が工事のために閉じられていた。
  c201-2 100.0%  ブラウナービルダーズ社の補修班七人が路面の穴を埋めていた
  c202-1 100.0%  閉じていたのは南行きの右車線一本。
  c202-2  88.9%  他の車線には車が通っていた。
  c203-1 100.0%  もう一人、エボーンエンタープライズ社の点検員がいた。
  c203-2 100.0%  州交通局の下請けでコンクリートの乾き具合を見て回っていた
  c204-1 100.0%  点検員は橋の両端にいた州交通局警察の警官と
  c204-2 100.0%  補修班の作業長とそれぞれ携帯電話の番号を交換していた。
  c204-3 100.0%  橋の上の窓口は点検員一人だった。
  c205-1  87.2%  ただし、それは個人同士の番号の交換だった。
  c205-2  88.9%  緊急の時にどう伝えるかを決めた手順はなかった
  c206-1  96.0%  道の両端には州交通局警察の車が一台ずつ止まっていた。
  c206-2  88.9%  工事の間、車の流れを落とすためである。
  c207-1 100.0%  工事を始める前に、点検員は州の運用センターにも連絡し
  c207-2 100.0%  車線を閉じる許可を取っていた
  c208-1  91.3%  州交通局と保守班の会社の契約にはこう書いてある。
  c208-2 100.0%  請負者は州交通局と連絡が取れる手段を用意すること。安全上の要件である。
  c209-1 100.0%  認められる手段は三つ。携帯電話、市民バンド、無線。
  c209-2 100.0%  または携帯型の双方向無線機
  c210-1 100.0%  その夜、橋の上にいたのはこの8人だけだった。
  c211-1  68.9%  北条氏の車は七台、第十八警官に四台、第二十警官に二台、第二十二警官に一台
  c211-2 100.0%  どれも南を向いて止まっていた。
  c212-1  88.9%  事故の時、七人は休憩中だった。
  c212-2  70.0%  第十八警官と第二十警官に停めた車の中にいた。
  c213-1  78.6%  弁慶院は橋を歩いて渡っていた。
  c213-2  94.6%  乾いていくコンクリートを見に行き、第二十二警官の自分の車まで戻ったところだった。
  c214-1  93.3%  同じ頃、港の奥のシーガートマリンターミナルでは
  c214-2 100.0%  一隻のコンテナ船が出港の支度をしていた。
  c215-1 100.0%  積み込みが終わったのは午後11時06分
  c215-2 100.0%  次の港はスリランカのコロンボ。二十七日の航海になるはずだった
  c301-1  87.5%  船の名はDALI。シンガポール船籍のコンテナ船である。
  c301-2  91.8%  低圧の電気が落ちると、明かりも家事も機関も同時に止まる作りだった。
  c302-1  94.4%  2015年、韓国の現代重工業で作られた
  c302-2  94.7%  全長は九百八十四フィート、およそ三百メートル
  c302-3  88.2%  橋がかかった1977年、一番大きなコンテナ船でも700フィートだった。
  c303-1  96.7%  積んでいたのは四四〇六七九個のコンテナ。重さにして五万五千六百七十一トン。
  c303-2  88.0%  二十フィートのコンテナに直すと八千五百四十四個分に当たる
  c304-1 100.0%  乗員は二十一人。そこに港の水先人が二人乗り込む。
  c305-1  87.8%  土肥川人はその水域を知っている案内役である。
  c305-2  90.6%  船の指揮は船長の下にあり、水先人は進路と速力を指示する。
  c306-1  77.6%  午前零時五分、メリーランド推薦人組合の上級推薦人と
  c306-2 100.0%  訓練中の水先人が乗り込んだ。
  c307-1 100.0%  0時36分。タグボート2隻に付き添われて岸壁を離れる。
  c307-2  95.5%  喫水、つまり水に沈む深さは十二点一五メートル、重さは十一万二千三百八十三トンだった。
  c308-1  94.7%  この時、四台ある発電機のうち二台が回っていた。三号機と四号機
  c308-2  90.0%  たしか六百ボルトの高圧の母線、電気を分ける幹の線につながっている
  c309-1 100.0%  船の電気は二段になっている。高圧の母線から
  c309-2 100.0%  変圧器を通して電圧を落とし、低圧の母線へ送る。
  c310-1  78.0%  低圧のガーガーになっていたのは照明、燃料ポンプ
  c310-2  91.2%  主機関の冷却水ポンプ、そしてソーダポンプ三台のうち二台である。
  c311-1  94.1%  つまり、低圧が落ちれば明かりと家事と機関が同時に止まる。
  c311-2 100.0%  高圧の側が生きていてもである。
  c312-1  93.0%  燃料はタンクに百八十万ガロン、およそ六百八十万リットル
  c312-2  87.0%  この夜燃やしていたのはそのうちの柏葉桂油である。
  c313-1 100.0%  高圧の配電盤の中には制御用の細い信号線が何本も走っている。
  c313-2 100.0%  線と線をつなぐ小さな部品を端子台という
  c313-3  72.7%  唐時代は船に数千個あった
  c314-1  95.0%  一時七分と一時八分タグボートを順に離す。
  c314-2 100.0%  船はフォートマクヘンリー航路を南西へ下っていく。
  c315-1  90.9%  港では船が航路の中で安定したらタグを離すのが普通だった。
  c315-2 100.0%  速さが上がると、タグの側が船の後ろの流れで危なくなるからである。
  c316-1  69.2%  店主には看板町が一人残った。
  c316-2  94.3%  足を抜けるまで船首に一人を置けという水先人の指示だった。
  c317-1  84.6%  一時二十一分、上級推薦人が訓練中の推薦人にこう言っている。
  c317-2  91.7%  速力は十ノット以下に保て
  c318-1  79.2%  この時船は深度百四十度で、航路も中心の少し左を進んでいた。
  c318-2 100.0%  その四分後、明かりが消える。
  c401-1  88.2%  一時二十五分零零秒。低圧の母線が落ちた。
  c401-2 100.0%  報告書はここからの残り時間を括弧に入れて書いている。マイナス四分九秒
  c402-1  88.4%  明かりが消えた。ソーダポンプ三台が全部止まった。
  c402-2  97.0%  燃料ポンプも冷却水ポンプも船首を横に押すスラスターの帆機も止まった。
  c403-1  89.5%  船は八点九ノットで進んでいた。針状百四十二度。
  c403-2  85.7%  船首から端までは三千二百フィート。船の長さの三点三隻分である。
  c404-1  93.0%  火事は停電した瞬間の中央を向いたまま固まった。
  c404-2 100.0%  ポンプに電気が来ていないので動かしようがない。
  c404-3 100.0%  舵は動かせなかった。
  c405-1  95.5%  三秒後の一時二十五分零三秒。航海データ記録装置が
  c405-2 100.0%  数値の記録を止めた。電気が来なくなったからである。
  c406-1 100.0%  航海データ記録装置は、位置、速力、針路、舵と機関への指示を
  c406-2 100.0%  自動で書き続ける装置である。
  c407-1  95.5%  ただし、この装置には停電に備えた電源がなかった。
  c407-2 100.0%  規則でも求められていない最初の1分近く数値が抜けている
  c408-1  98.4%  一時二十五分八秒。主機関が止まった。冷却水ポンプが落ちたためである。
  c408-2 100.0%  推進も失われた。
  c409-1 100.0%  船長は船首の甲板長に錨のそばで待機するよう命じた。
  c409-2  80.0%  上級推薦人が指揮を引き取り、「火事は聞くか？」と尋ねる。
  c410-1  89.5%  二等航海士と操舵士は聞いていると答えた。
  c410-2 100.0%  実際には三台のポンプのどれにも電気は来ていなかった。
  c411-1 100.0%  一時二十五分四十七秒、操舵手が報告する。
  c411-2  96.0%  進路が右へ振れています。舵は左いっぱいに当てています。
  c412-1 100.0%  一時二十五分五十八秒。停電から五十八秒。機関室にいた電気技師が気づく。
  c412-2 100.0%  高圧は生きている。落ちているのは低圧だけだ。
  c413-1  93.1%  電気技師は変圧器につながる遮断機、電気の元線を二つ手で閉じた。
  c413-2  80.0%  明かりが戻り、ソーダポンプ 2台が回り始める。
  c414-1  91.7%  ほぼ同じ1時25分59秒、上級推薦人が電話をかけた。
  c414-2 100.0%  相手は陸にいる水先人組合の配車係である。
  c414-3 100.0%  橋を通行止めにしてくれ。
  c415-1  94.3%  電話は七秒で終わっている。この時、橋まで二四三〇フィート
  c415-2  96.6%  速力八点五ノットで近づいていた。
  c416-1  81.1%  電気とガスは戻った。しかし、水深は戻らない。
  c416-2  79.2%  手記感は人が手でかけ直さないと動かない作りである。
  c417-1  94.3%  一時二十六分十秒。停電から七十秒。非常用の発電機がつながった。
  c417-2  78.8%  三代目のソーダポンプにも電気が来る
  c418-1  90.5%  一時二十六分十八秒。三台のポンプが揃って回った。
  c418-2  98.1%  それでも船首が右へ振れる速さは毎分七点五度まで上がった。
  c419-1  92.0%  一時二十六分三十八秒、上級推薦人が無線でタグボートを呼ぶ。
  c419-2 100.0%  その六秒後、配車係が州交通局の当直に電話を入れた。
  c420-1  92.1%  組合の手順では、緊急の時はまず沿岸警備隊へかけることになっていた。
  c420-2  92.3%  配車係は一覧に州交通局の番号を見つけ、昔の訓練通り先にそこへかけた。
  c421-1  82.4%  一時二十七分二秒。端まで千五百フィート。
  c421-2  83.3%  上級水先陣が三年の錨を投げよと命じる。
  c422-1 100.0%  その二秒後、船の電気を見張る電力管理装置が周波数の低下を検知した。
  c422-2 100.0%  三号機と四号機が母線から切り離され、高圧も低圧も落ちる。二度目の停電である。
  c423-1  96.3%  1時27分36秒、電気技師がもう一組の遮断機を手で閉じた。
  c423-2  81.8%  制圧が戻る。それでも指揮官は止まったままである。
  c424-1  94.9%  一時二十七分四十六秒。橋まで九百三十九フィート。船の長さ一隻分を切った。
  c424-2  93.3%  速力七点五ノット
  c425-1 100.0%  上級水先人が船首スラスターを左いっぱいと命じる。
  c425-2  94.1%  尾藤航海士がつまみを回した。補機が最初の停電で止まっており、動かなかった。
  c426-1 100.0%  一時二十七分五十五秒。船首から甲板長の報告が返る。
  c426-2  88.9%  ミカのブレーキが開かなかった。
  c427-1  83.0%  一時二十八分十秒。選手が航路の外へ出て泥に乗り上げ始める。
  c427-2  94.3%  一時二十八分四十二秒、甲板長が手でブレーキをさずし錨が落ちた。
  c427-3  87.0%  一時二十九分九秒、船首の眉山が十七番橋脚に当たった。
  c501-1 100.0%  時計を1分16秒だけ戻す。
  c501-2 100.0%  一時二十七分五十三秒、州交通局の当直が橋の両端の警官に指示を出した。
  c502-1 100.0%  内容は橋を車の通行止めにせよ。
  c502-2 100.0%  警官二人は工事のために元からそこにいた。
  c503-1 100.0%  一時二十八分二十一秒。北端の警官が車を横向きに動かし、南行きの二車線を塞いだ。
  c503-2  92.3%  南段の警官も北行きを塞いだ。
  c504-1 100.0%  船が当たるまであと48秒。
  c504-2  86.5%  この後、橋に入った一般の車は一台もない。
  c505-1 100.0%  報告書はこの動きを高く評価している。
  c505-2 100.0%  水先人と配車係と州交通局の素早さがより大きな人命の損失を防いだと。
  c506-1  95.1%  ほぼ同じ頃、当直は北端の警官に橋の上の補修班のことを尋ねている。
  c506-2  13.3%  景観は考古台だ。
  c507-2 100.0%  応援が来てから知らせに行くつもりだった。
  c508-1 100.0%  その前に船が当たった。
  c508-2  93.0%  警官が知らせに行けるよりも船の方が早かった。
  c509-1 100.0%  ここで番号の話に戻る。
  c509-2 100.0%  点検員は両端の警官と番号を交換していた。作業長の番号も持っていた。
  c510-1  94.5%  橋を閉めろという指示が入った時、その番号は使われなかった。
  c510-2 100.0%  警官は点検員に電話をかけなかった。
  c511-1  94.7%  決められた手順がなかったと報告書は書く。
  c511-2  89.6%  警官と橋の上の作業員や点検員との間に即時の連絡の取り決めはなかった。
  c512-1  75.5%  その時七人は第十八警官と第二十警官の車の中で休んでいた。
  c512-2  73.3%  宣誓員は第二十二刑館を歩いていた。
  c513-1  70.6%  崩れなかった桂馬のうち、一番近いのは第十六景観だった。
  c513-2 100.0%  本人たちは知らなかったと報告書は書いている。
  c514-1  76.6%  第二十警管の一番北の車からおよそ八百九十二メートル。
  c514-2  85.1%  Y18景観の四台からはおよそ五百十六メートルである。
  c515-1 100.0%  知らされて車で逃げたなら、向かう先は南だっただろうと報告書は書く。
  c516-1 100.0%  車は全部が南を向いていた。発電機を引いているものもある。
  c516-2 100.0%  向きを変えられないほど大きいものもある。中央には分離帯がある。
  c517-1  92.3%  宣誓員は音を聞いた。報告書の言葉では、崩れるような雷の音。
  c517-2  86.7%  北へ走った。第二十三、警官まで抜けたところで歩いていた警官が落ちた。
  c518-1  87.1%  ベンケインは州の運用センターに崩落を伝え、無事に橋の北の端へ着いた。
  c518-2 100.0%  そこで警官二人と落ち合っている。
  c519-1  74.1%  七人は警官と共に川へ落ちた。
  c519-2 100.0%  一人が車の開いた窓から抜け出し、近くの残骸まで泳いだ。
  c520-1  92.1%  一時五十五分。州交通局、警察の手が二十番閉脚の近くでその一人を見つけた。
  c520-2 100.0%  重傷を負っていたが、生きていた。
  c521-1 100.0%  報告書の結論はこうである。
  c521-2  91.3%  警官と同じ頃に点検員と作業員にも伝わっていた
  c521-3  88.2%  崩れない経過まで行けたかもしれない。
  c522-1  91.5%  個人同士で携帯の番号を交換していただけでは有効ではなかった。
  c522-2 100.0%  携帯型の双方向無線機ならもっと早く届いたかもしれないとも書かれている。
  c601-1  89.8%  船首の舳先が当たったのは十七番橋脚の北西の柱だった。
  c601-2  97.8%  当たった高さは水面から二十フィートほど上である。
  c602-1  87.0%  渡った時の力を橋の設計指針の式で出してみると
  c602-2  83.3%  狭脚の体力の四倍を超えた
  c603-1  85.7%  体力の値は五千五百九キップ。一キップは千ポンドだから
  c603-2  90.2%  横向きにおよそ二千五百トン分の力までという計算になる。
  c604-1  97.9%  十七番。橋脚は四本の柱を梁でつないだ形の橋脚である。
  c604-2  96.2%  報告書はそのうち2本が体力を超えて壊れたと書いている。
  c605-1 100.0%  一時二十九分二十二秒。
  c605-2 100.0%  接触から13秒で橋脚が崩れた。
  c606-1  84.6%  続いて中央の三景館が落ちた。
  c606-2  90.9%  北側でも橋脚三基と警官三つが続けて落ちている。
  c607-1 100.0%  落ちた橋桁は川へ、そして船の船首の上へ落ちた。
  c607-2  70.2%  先守備にいたカンパイン一人が逃げる途中で軽い怪我を負っている。
  c608-1 100.0%  ここでまず疑われるところがある。
  c608-2  96.3%  橋の骨組みが一本壊れれば落ちる作りだったからではないか。
  c609-1  78.9%  第一章で置いた非冗長金ビッパ場部材である。
  c609-2  79.2%  ひい橋の川の上の三景館は確かにその部材で組まれていた。
  c610-1  93.3%  だから二十四ヶ月ごとに手の届く距離での検査が義務付けられていた。
  c610-2 100.0%  最後の検査は2023年5月で不具合は見つかっていない。
  c611-1 100.0%  報告書はこの事故の要因ではなかったものを六つ挙げている。
  c611-2 100.0%  天候、乗員の資格、飲酒や薬物、燃料の質、前日の停泊中の停電、そして
  c612-1 100.0%  六つ目がその部材だった。
  c612-2 100.0%  その部材は要因ではなかった。
  c613-1 100.0%  理由は単純である。先に壊れたのは骨組みではなく、それを支えていた橋脚だった。
  c613-2  84.8%  からの道筋から視点そのものが抜けた
  c614-1  94.9%  報告書はこう書いている。「橋脚の方にはその部材は使われていない。」
  c614-2  92.6%  十七番。橋脚が崩れた時、力の道筋の重要な部分が取り除かれた。
  c615-1 100.0%  つまり骨組みの側は原因ではなかった。
  c615-2  74.6%  ヒュー要員に上がったのも、船が橋脚に届いた時の備えの護摩だった
  c616-1 100.0%  報告書の言葉では、橋のかなりの部分が川に崩れ落ちた
  c616-2 100.0%  橋脚も床版もトラスも船首と前の船倉の上に落ちた。
  c617-1  88.2%  船の被害は未然の船首に集中していた。
  c617-2  92.9%  損害額は千八百万ドルを超えている。積み荷の損害は確定していない。
  c618-1  84.2%  人の被害は亡くなった保守派6人、重傷1人。
  c618-2  85.0%  船の乗員が軽傷一人。点検員に怪我はなかった。
  c619-1 100.0%  捜索が生存者を探す段階を終えたのは、その日の午後8時27分
  c619-2 100.0%  翌27日、沈んだ車の中から2人が見つかった。
  c620-1 100.0%  残る四人も五月七日までに見つかっている。
  c620-2 100.0%  六人は全員車の中で見つかった。
  c701-1  88.9%  事故の後、船は現場に残された。
  c701-2 100.0%  調査員が乗り込んだのは四月一日である。
  c702-1 100.0%  目的は一つ。なぜ停電したのかを突き止めることだった。
  c702-2 100.0%  船主、運航会社、造船所、船籍国、船の検査機関である船級協会も加わった。
  c703-1 100.0%  まず事故の日と同じ配電の形に戻すところから始めた。
  c703-2  83.7%  一号の部屋付きにつながる高圧の遮断器を閉じる。
  c704-1  93.8%  ところが、その遮断機は閉じなかった。
  c704-2  95.0%  造船所の遮断機の専門家を呼ぶことになった。
  c705-1  92.3%  四月十日、専門家が来て試すと、遮断機は何度も正常に動いた。
  c705-2  93.6%  変圧器を切り替えた時だけ警報が出て閉じなくなる。
  c706-1 100.0%  造船所はこれは無関係だと判断した。
  c706-2 100.0%  切り替えを繰り返した試験のせいで出た誤った警報だと。
  c707-1  94.1%  この時の調査は原因を確かめられないまま終わっている。
  c707-2  95.5%  一号の変圧器は繋いだままにされた。停電がまた起きるかを見るためである。
  c708-1  87.2%  四月十二日、前触れも警報もなく低圧が落ちた。
  c708-2 100.0%  三月二十六日の停電と同じ形だった。
  c709-1  96.2%  四月二十四日、造船所の技術者が電力解析機を二台取り付けた
  c709-2  87.5%  様々な機器を動かして負荷を変えても異常は出ない
  c710-1  87.5%  四月二十九日午前六時十二分頃、また同じ遮断機が落ちた
  c710-2  92.3%  今度は測る道具がついていた。
  c711-1  96.4%  解析機の記録は故障が変圧器より上流にあることを示していた。
  c711-2 100.0%  調査はその遮断器そのものへ向かう。
  c712-1  87.3%  この遮断機には不足電圧引きずし装置という部品がついている。
  c712-2 100.0%  電圧が下がると遮断器を開く安全のための装置である。
  c713-1  95.2%  裏を返すと、遮断機が閉じたままでいるためには
  c713-2 100.0%  この装置に電気が来ていなければならない。
  c714-1  96.3%  医術者が調べると、途中の接点はどれも正常だった。それなのに
  c714-2 100.0%  装置は電気を失っていた。
  c715-1  94.4%  そこで信号線を一本ずつあたっていった。
  c715-2  88.1%  緩んだ繋ぎ目が一つ見つかる。和語社の三口の端子台、番号は三百八十一
  c716-1  88.5%  報告書はその端子台の右の線をワイヤー1、左をワイヤー3と呼ぶ。
  c716-2 100.0%  ワイヤーワンを抜いて挿し直すと装置に電気が戻った。
  c717-1  80.0%  遮断機は設計通りに閉じた。
  c717-2 100.0%  一号の変圧器に電気が通り、低圧の母線が生き返った。
  c718-1 100.0%  技術者はもう一度その線を外してみた。
  c718-2 100.0%  遮断器が開き、船は停電した。三月二十六日と同じ形の警報の出ない停電である。
  c719-1 100.0%  ここでNTSBは結論を出した。
  c719-2 100.0%  最初の停電はこの線で起きた。
  c720-1  90.5%  材料研究室に運んで調べると、探針台の口の面と
  c720-2 100.0%  線の先の金具に放電で焼けた跡があった。
  c721-1 100.0%  先端が口の面に触れているだけでも電気は通ってしまう。
  c721-2  75.0%  だから遮断機は時々正常に動いた。
  c722-1 100.0%  しかもこの外れ方は人が手で開いたのと同じ形をしている。
  c722-2 100.0%  電力管理装置は異常と見なさない。
  c722-3  88.0%  警報は一つも鳴らなかった。
  c723-1 100.0%  では、なぜその線は緩んだのか。
  c723-2  91.2%  船を作る時、配電盤の線には一本ずつラベルの帯が巻かれていた。
  c724-1  94.3%  熱で縮ませる薄い筒に繋ぐべき端子台の番号が刷ってある。
  c724-2 100.0%  線を正しい回路につなぐための間違いを防ぐ工夫である。
  c725-1  94.3%  ワイヤー1ではその帯が先の金具の青い襟まで覆っていた
  c725-2  68.8%  ここへった分だけ外回りが太くなる
  c725-3  90.3%  語尾が線を奥まで入れさせなかった。
  c726-1 100.0%  報告書の推定原因を短く言えばこうなる。
  c726-2 100.0%  ラベルの帯の付け方が悪く、端子台の信号線が緩み停電した。
  c726-3 100.0%  それが橋の近くで推進と操舵を失わせた。
  c801-1  83.3%  日吉に船が立ったのは2024年が初めてではない。
  c802-1 100.0%  1980年、日本船籍の390フィートのコンテナ船が
  c802-2  82.6%  橋からおよそ六百ヤードのところでSODAを失った。
  c803-1  84.6%  船の名はブルー名古屋。重さはダリのおよそ十分の一である。
  c803-2  86.7%  渡った先は同じ十七番橋脚だった。
  c804-1  91.5%  この時は潰れて力を吸うコンクリートと木の防潮工が船を止めた。
  c804-2  89.5%  真っ白に残ったのは表面の軽い傷だけである。
  c805-1  74.4%  道承公は壊れたが、元の設計通りに作り直された。
  c805-2  96.0%  同じ橋脚に四十四年後、十倍の重さの船が当たることになる。
  c806-1  92.7%  橋がかかってからの四十七年で船は大きくなっ
  c806-2 100.0%  大型化した貨物船が既存の港湾施設に対して危険を増していると報告書は書く。
  c807-1 100.0%  ここで橋の設計の指針を作っている団体が出てくる。
  c807-2 100.0%  全米州道路交通運輸行政官協会、以下協会と呼ぶ。
  c808-1 100.0%  出発点は1980年5月、フロリダのサンシャインスカイウェイ橋。
  c808-2  91.5%  ばらずみすねが当たり、橋桁がおよそ150フィート下の湾へ落ちた。
  c809-1  98.0%  長距離バス一台、小型トラック一台、乗用車六台が湾に落ちと
  c809-2  88.9%  75人が亡くなった。
  c810-1  94.7%  この時のNTSBの勧告から1991年に協会の指針ができた
  c810-2  92.3%  2009年に改定されている
  c811-1  90.9%  今は国の幹線道路網の新しい橋には
  c811-2 100.0%  この指針の計算で崩落の危険を抑えることが求められている
  c812-1  95.7%  ただし、 1991年より前に建った橋には義務がない。
  c812-2  93.3%  協会は季節の橋についても計算するよう勧めた。あくまで推奨である。
  c813-1  88.5%  ヒイ橋は1977年の橋なので、州交通局に義務はなかった。
  c813-2  96.8%  それでも「進められていたことを知っているべきだった」と報告書は書く。
  c814-1  98.2%  西州交通局はこの指針を引用する別の基準を作る委員会にいた。
  c814-2  96.2%  州の道路行政も二千九年の指針そのものの開発委員だった
  c815-1  89.7%  二〇〇九年の地震の計算方法には、橋の下を通る船の大きさと速さ
  c815-2  89.7%  円環の積数、水路の形などを入れて崩れる見込みを出すものである。
  c816-1  83.3%  重要とされる橋の敷地は年に一万分の一
  c816-2 100.0%  一般の橋なら年に1000分の1である。
  c817-1  93.0%  事故の後、NTSBがこの計算をキー橋に当てた。
  c817-2 100.0%  出てきた見込みは許容の線を大きく超えていた。
  c817-3  57.1%  地球位置のおよそ三十倍
  c818-1  96.2%  計算していれば、この橋が基準を超えていることはわかった。
  c818-2 100.0%  どう危険を下げるかを考える材料も手に入っていた。
  c819-1 100.0%  だから、報告書は崩落と人命の損失に寄与した要因として
  c819-2  92.0%  内航船の衝突に対する備えがなかったことを挙げている。
  c820-1 100.0%  NTSBの求めで、連邦道路庁が全国の橋を数えた。
  c820-2  89.4%  外包線が通る水路をまたぐ橋は二十六の州に百七十六ある。
  c821-1  81.4%  そのうち四十の橋が二千二年から二千二十三年の間に渡られている。
  c821-2 100.0%  相手は大型の外航船。全体の二十三パーセントである。
  c822-1  86.7%  1991年の地震より前に建ち、外港線が通る水路をまたぐ橋は68
  c822-2  98.3%  持ち主は三十の団体、おそらく危険に気づいていないと報告書は書く。
  c822-3 100.0%  同じ立場の橋が68ある
  c823-1 100.0%  NTSBは2025年3月18日、この件だけで別の報告書を出し
  c823-2  93.9%  緊急の勧告を四件出した。全ての宛先が動き始めている。
  c824-1 100.0%  もう一つ繰り返し書かれていることがある
  c824-2  84.2%  西樋橋には危険な時に車を橋に入れないための装置がなかった。
  c825-1 100.0%  あの夜は工事のために警官が両端にいた。だから車が止まった。
  c825-2 100.0%  「警官がいなければ車は止まらなかった」と報告書は書いている。
  c901-1  90.9%  崩れた鋼とコンクリートは川の底と坑道を塞いだ。
  c901-2 100.0%  ボルチモア港に出入りする船がすべて止まった。
  c902-1 100.0%  事故の朝、沿岸警備隊とメリーランド州環境局と
  c902-2 100.0%  船の運航会社の代理が一つの指揮所、統合指揮を立ち上げた。
  c903-1  92.3%  航路の管理は陸軍工兵隊のボルティモア地区
  c903-2  85.7%  Techは海軍のサルベージ潜水監督官が率いた。
  c904-1 100.0%  測量船がソナーで残骸の形を測り、潜水士が水中に入った。
  c904-2  85.1%  引き上げのための重量物のクレーンと梯子も入った。
  c905-1  98.0%  五月十三日、船の上に乗ったままの橋桁を火薬で切り離した。
  c906-1 100.0%  取り除いた量を海軍はこう書いている。
  c906-2 100.0%  川底から五万トン
  c907-1  97.3%  五月二十日、ダリが浮かび、航路から出された。
  c907-2  77.8%  岩壁に戻して、住処と残骸を下ろしていく。
  c908-1 100.0%  五月二十一日、限られた幅の仮の航路が開いた。
  c908-2  91.3%  深さ五十フィート、幅四百フィート、桁下二百十四フィート。
  c909-1 100.0%  6月4日、最後の大きなトラスの塊が連邦航路から取り除かれた。
  c910-1  95.2%  六月十日、フォートマクヘンリー航路が再開した。
  c910-2  66.7%  Tuzlakから七十六日である。
  c911-1 100.0%  川の底には1974年に敷かれた直径二十四インチのガス管も通っていた。
  c911-2 100.0%  圧を下げ、中を窒素に置き換えて安全にし、六月二十八日につなぎ直している。
  c912-1 100.0%  積んでいた四千六百七十九個のコンテナのうち五十六個が危険物だった
  c912-2  98.0%  落ちた橋桁で傷んだ区画にそのうち十四個が入っていた。
  c913-1 100.0%  報告書はコンテナからの危険な物質は環境に出ていないと書いている。
  c914-1 100.0%  6月24日、ダリはボルチモアを離れ、ノーフォークへ向かった。
  c914-2  96.9%  九月十九日には中国の造船所へ。修理が終わったのは翌年一月十六日である。
  c915-1  85.2%  橋を渡っていた一日三万四千台余りが港の周りを回ることになった。
  c915-2 100.0%  危険物を積んだ車はトンネルを通れないので、さらに大きく回る。
  c916-1  96.0%  掛け替えの設計の考え方は2025年2月に公表された
  c916-2  96.3%  全長二マイル。塔から張ったケーブルで桁を吊る七張橋である。
  c916-3  86.5%  主砲炉の上の桁下は二百三十フィートになる
  c917-1  83.3%  しゃばけびゃしは部材が一つ壊れても荷重を支えられる形とされている。
  c917-2  76.4%  主計官は三千三百フィート、塔と塔の間は千六百フィートになる。
  c918-1 100.0%  費用の見込みは四十三億ドルから五十二億ドル。
  c918-2  95.8%  売れるようになるのは2030年の後半とされている。
  ca01-1 100.0%  この事故でNTSBは誰に何をせよと言ったのか。
  ca01-2 100.0%  宛先は沿岸警備隊、連邦道路庁、設計指針の協会、造船所、運航会社、部品の会社。
  ca02-1  59.1%  漢字体を作っている和語借用の韓国はこうである。
  ca02-2 100.0%  製品の説明書にラベルの帯の位置が線の差し込みを妨げうると書き加えること。
  ca03-1 100.0%  造船所には帯の付け方を電気部門の作業手順に入れることを求めた。
  ca03-2 100.0%  帯が線を端子台へ正しく差し込むことを妨げないようにするためである。
  ca04-1 100.0%  運航会社には赤外線の熱画像による点検を求めた。
  ca04-2 100.0%  目に見えない不具合の兆しを温度の差で見つける方法である。
  ca05-1 100.0%  あの線は先の金具が口の面に触れているだけの状態だった。
  ca05-2  95.2%  接する面が小さい分、そこだけ温度が上がっていたと報告書は見ている。
  ca06-1 100.0%  この方法は船級協会が認めていて、業界でも広く使われている。
  ca06-2  92.6%  それでも使うことを義務付ける決まりは業界のどこにもない
  ca07-1 100.0%  橋の上の作業員については、道路工事の安全規格を作っている団体に
  ca07-2 100.0%  緊急の連絡手段を規格に入れることを求めた。
  ca08-2 100.0%  橋の上で働く人にはそれがない。
  ca08-3  84.6%  足の上にはその道がなかった。
  ca09-1  78.0%  車のそばにも勧告が出た。敷地を超えている橋
  ca09-2 100.0%  あるいはまだ計算していない橋の持ち主に警報装置の検討を求めている。
  ca10-1  97.8%  その宛先には二十の道路管理者の名前が並んでいる。
  ca10-2 100.0%  ゴールデンゲート橋の管理者もマキナック橋の管理者も入っている。
  ca11-1 100.0%  もう一つ、停電中も止まらないこと。機関室と船橋の通話が残ること
  ca11-2  89.3%  マイクを別々に取れること。後悔データ記録装置への勧告である。
  ca12-1 100.0%  推定原因は一本の信号線の緩みだった。
  ca12-2  84.2%  いう要因は三つ。橋に近すぎたこと、橋のそばに備えがまかったこと
  ca12-3  95.8%  そして橋の上の作業員に知らせる手段がなかったこと。
  ep01-1  91.4%  最後の一つを報告書の言葉通りに読む。
  ep01-2  97.0%  橋の上の作業員に退避を知らせる、実効的で即時の連絡手段がなかったこと。
  ep02-1 100.0%  1時27分53秒に指示が出て、1時28分21秒に車が止まった。
  ep02-2  80.0%  その間二十八秒である。
  ep03-1 100.0%  報告書はこの封鎖をこう評価している。
  ep03-2 100.0%  素早い封鎖が命を救った。
  ep04-1  96.4%  同じ1時27分53秒に橋の上へ向かう電話はかからなかった。
  ep04-2 100.0%  番号は両方の手の中にあった。
  ep05-1  94.5%  報告書はこう結んでいる。緊急の時に橋から退避させるための
  ep05-2  91.7%  一方的で即時の連絡は橋で働く人の安全に欠かせない。
  ep06-1  94.7%  一本の信号線と、かからなかった一本の電話
  ep06-2  88.4%  九か十週九ページが指しているのはその二つである。

=== 一致率の低い順 441行（★耳で確かめる候補）===

c506-2  一致率 13.3%
   台本: 警官は、こう答えた。
   聞取: 景観は考古台だ。

c817-3  一致率 57.1%
   台本: しきい値の、およそ30倍
   聞取: 地球位置のおよそ三十倍

ca02-1  一致率 59.1%
   台本: 端子台を作っているワゴ社への勧告は、こうである。
   聞取: 漢字体を作っている和語借用の韓国はこうである。

c110-2  一致率 65.4%
   台本: 非冗長鋼引張部材。鋼でできていて、引っ張られていて、
   聞取: 非常徴、サガネ引き帳ボロ材。サガネでできていて、引っ張られていて

c910-2  一致率 66.7%
   台本: 崩落から76日である。
   聞取: Tuzlakから七十六日である。

c725-2  一致率 68.8%
   台本: 覆ったぶんだけ、外まわりが太くなる。
   聞取: ここへった分だけ外回りが太くなる

c211-1  一致率 68.9%
   台本: 工事の車は7台。第18径間に4台、第20径間に2台、第22径間に1台。
   聞取: 北条氏の車は七台、第十八警官に四台、第二十警官に二台、第二十二警官に一台

c316-1  一致率 69.2%
   台本: 船首には甲板長が1人残った。
   聞取: 店主には看板町が一人残った。

c103-1  一致率 69.6%
   台本: 持ち主はメリーランド州交通局。略称エムディーティーエー。
   聞取: 持ち主はメリーランド州交通局、略称MDTA。

c212-2  一致率 70.0%
   台本: 第18径間と第20径間に止めた車の中にいた。
   聞取: 第十八警官と第二十警官に停めた車の中にいた。

c607-2  一致率 70.2%
   台本: 船首にいた甲板員1人が、逃げる途中で軽いけがを負っている。
   聞取: 先守備にいたカンパイン一人が逃げる途中で軽い怪我を負っている。

c513-1  一致率 70.6%
   台本: 崩れなかった径間のうち、いちばん近いのは第16径間だった。
   聞取: 崩れなかった桂馬のうち、一番近いのは第十六景観だった。

c313-3  一致率 72.7%
   台本: 端子台は、船に数千個あった
   聞取: 唐時代は船に数千個あった

c512-2  一致率 73.3%
   台本: 点検員は第22径間を歩いていた。
   聞取: 宣誓員は第二十二刑館を歩いていた。

c519-1  一致率 74.1%
   台本: 7人は、径間とともに川へ落ちた。
   聞取: 七人は警官と共に川へ落ちた。

c805-1  一致率 74.4%
   台本: 防衝工は壊れたが、元の設計どおりに造り直された。
   聞取: 道承公は壊れたが、元の設計通りに作り直された。

c615-2  一致率 74.6%
   台本: 寄与要因に挙がったのも、船が橋脚に届いたときの備えの側だった。
   聞取: ヒュー要員に上がったのも、船が橋脚に届いた時の備えの護摩だった

c721-2  一致率 75.0%
   台本: だから遮断器は、ときどき正常に動いた。
   聞取: だから遮断機は時々正常に動いた。

c512-1  一致率 75.5%
   台本: そのとき、7人は第18径間と第20径間の車の中で休んでいた。
   聞取: その時七人は第十八警官と第二十警官の車の中で休んでいた。

pr05-1  一致率 76.4%
   台本: 調べたのは、アメリカの国家運輸安全委員会。略称エヌティーエスビー。
   聞取: 調べたのはアメリカの国家運輸安全委員会、略称NTSB。

c917-2  一致率 76.4%
   台本: 主径間は3300フィート。塔と塔のあいだは1600フィートになる。
   聞取: 主計官は三千三百フィート、塔と塔の間は千六百フィートになる。

c514-1  一致率 76.6%
   台本: 第20径間のいちばん北の車から、およそ892メートル。
   聞取: 第二十警管の一番北の車からおよそ八百九十二メートル。

c306-1  一致率 77.6%
   台本: 午前0時05分、メリーランド水先人組合の上級水先人と、
   聞取: 午前零時五分、メリーランド推薦人組合の上級推薦人と

c907-2  一致率 77.8%
   台本: 岸壁に戻して、積荷と残骸を降ろしていく。
   聞取: 岩壁に戻して、住処と残骸を下ろしていく。

c310-1  一致率 78.0%
   台本: 低圧の側が担っていたのは、照明、燃料ポンプ、
   聞取: 低圧のガーガーになっていたのは照明、燃料ポンプ

ca09-1  一致率 78.0%
   台本: 車の側にも勧告が出た。しきい値を超えている橋、
   聞取: 車のそばにも勧告が出た。敷地を超えている橋

c213-1  一致率 78.6%
   台本: 点検員は、橋を歩いて渡っていた。
   聞取: 弁慶院は橋を歩いて渡っていた。

c417-2  一致率 78.8%
   台本: 3台目の操舵ポンプにも電気が来る。
   聞取: 三代目のソーダポンプにも電気が来る

c609-1  一致率 78.9%
   台本: 第1章で置いた、非冗長鋼引張部材である。
   聞取: 第一章で置いた非冗長金ビッパ場部材である。

c416-2  一致率 79.2%
   台本: 主機関は、人が手で掛け直さないと動かない造りである。
   聞取: 手記感は人が手でかけ直さないと動かない作りである。

c318-1  一致率 79.2%
   台本: このとき船は、針路140度で、航路の中心の少し左を進んでいた。
   聞取: この時船は深度百四十度で、航路も中心の少し左を進んでいた。

c609-2  一致率 79.2%
   台本: キー橋の川の上の3径間は、たしかにその部材で組まれていた。
   聞取: ひい橋の川の上の三景館は確かにその部材で組まれていた。

c409-2  一致率 80.0%
   台本: 上級水先人が指揮を引き取り、舵は効くかと尋ねる。
   聞取: 上級推薦人が指揮を引き取り、「火事は聞くか？」と尋ねる。

c413-2  一致率 80.0%
   台本: 明かりが戻り、操舵ポンプ2台が回りはじめる。
   聞取: 明かりが戻り、ソーダポンプ 2台が回り始める。

c717-1  一致率 80.0%
   台本: 遮断器は、設計どおりに閉じた。
   聞取: 遮断機は設計通りに閉じた。

ep02-2  一致率 80.0%
   台本: そのあいだ、28秒である。
   聞取: その間二十八秒である。

c416-1  一致率 81.1%
   台本: 電気と舵は戻った。しかし推進は戻らない。
   聞取: 電気とガスは戻った。しかし、水深は戻らない。

c821-1  一致率 81.4%
   台本: そのうち40の橋が、2002年から2023年のあいだに当たられている。
   聞取: そのうち四十の橋が二千二年から二千二十三年の間に渡られている。

c423-2  一致率 81.8%
   台本: 低圧が戻る。それでも主機関は止まったままである。
   聞取: 制圧が戻る。それでも指揮官は止まったままである。

c421-1  一致率 82.4%
   台本: 1時27分02秒。橋まで1500フィート。
   聞取: 一時二十七分二秒。端まで千五百フィート。

c802-2  一致率 82.6%
   台本: 橋からおよそ600ヤードのところで操舵を失った。
   聞取: 橋からおよそ六百ヤードのところでSODAを失った。

c427-1  一致率 83.0%
   台本: 1時28分10秒、船首が航路の外へ出て、泥に乗り上げはじめる。
   聞取: 一時二十八分十秒。選手が航路の外へ出て泥に乗り上げ始める。

c421-2  一致率 83.3%
   台本: 上級水先人が、左舷の錨を投げよと命じる。
   聞取: 上級水先陣が三年の錨を投げよと命じる。

c602-2  一致率 83.3%
   台本: 橋脚の耐力の、4倍を超えた
   聞取: 狭脚の体力の四倍を超えた

c801-1  一致率 83.3%
   台本: キー橋に船が当たったのは、2024年が初めてではない。
   聞取: 日吉に船が立ったのは2024年が初めてではない。

c816-1  一致率 83.3%
   台本: 重要とされる橋のしきい値は、年に1万分の1。
   聞取: 重要とされる橋の敷地は年に一万分の一

c917-1  一致率 83.3%
   台本: 斜張橋は、部材が1つ壊れても荷重を支えられる形とされている。
   聞取: しゃばけびゃしは部材が一つ壊れても荷重を支えられる形とされている。

c703-2  一致率 83.7%
   台本: 1号の変圧器につながる、高圧の遮断器を閉じる。
   聞取: 一号の部屋付きにつながる高圧の遮断器を閉じる。

c618-1  一致率 84.2%
   台本: 人の被害は、亡くなった補修班6人、重傷1人。
   聞取: 人の被害は亡くなった保守派6人、重傷1人。

c824-2  一致率 84.2%
   台本: キー橋には、危険なときに車を橋に入れないための装置が無かった。
   聞取: 西樋橋には危険な時に車を橋に入れないための装置がなかった。

ca12-2  一致率 84.2%
   台本: 寄与要因は3つ。橋に近すぎたこと。橋の側に備えが無かったこと。
   聞取: いう要因は三つ。橋に近すぎたこと、橋のそばに備えがまかったこと

c317-1  一致率 84.6%
   台本: 1時21分。上級水先人が、訓練中の水先人にこう言っている。
   聞取: 一時二十一分、上級推薦人が訓練中の推薦人にこう言っている。

c606-1  一致率 84.6%
   台本: 続いて、中央の3径間が落ちた。
   聞取: 続いて中央の三景館が落ちた。

c803-1  一致率 84.6%
   台本: 船の名はブルー・ナゴヤ。重さはダリのおよそ10分の1である。
   聞取: 船の名はブルー名古屋。重さはダリのおよそ十分の一である。

ca08-3  一致率 84.6%
   台本: 橋の上には、その道が無かった
   聞取: 足の上にはその道がなかった。

pr09-2  一致率 84.7%
   台本: この橋には、外航船が当たったときに崩れないための備えが無かった。
   聞取: この橋には外光線が当たった時に崩れないための備えがなかった。

c613-2  一致率 84.8%
   台本: 力の道筋から、支点そのものが抜けた。
   聞取: からの道筋から視点そのものが抜けた

c618-2  一致率 85.0%
   台本: 船の乗員が軽傷1人。点検員にけがは無かった。
   聞取: 船の乗員が軽傷一人。点検員に怪我はなかった。

c514-2  一致率 85.1%
   台本: 第18径間の4台からは、およそ516メートルである。
   聞取: Y18景観の四台からはおよそ五百十六メートルである。

c904-2  一致率 85.1%
   台本: 引き揚げのための、重量物のクレーンとはしけも入った。
   聞取: 引き上げのための重量物のクレーンと梯子も入った。

c915-1  一致率 85.2%
   台本: 橋を渡っていた1日3万4000台あまりが、港のまわりを回ることになった。
   聞取: 橋を渡っていた一日三万四千台余りが港の周りを回ることになった。

c108-2  一致率 85.7%
   台本: 橋脚と橋脚のあいだを、径間と呼ぶ。
   聞取: 橋脚と橋脚の間を径間と呼ぶ。

c403-2  一致率 85.7%
   台本: 船首から橋までは3200フィート。船の長さの3.3隻ぶんである。
   聞取: 船首から端までは三千二百フィート。船の長さの三点三隻分である。

c603-1  一致率 85.7%
   台本: 耐力の値は5509キップ。1キップは1000ポンドだから、
   聞取: 体力の値は五千五百九キップ。一キップは千ポンドだから

c903-2  一致率 85.7%
   台本: 撤去は、海軍のサルベージ・潜水監督官が率いた。
   聞取: Techは海軍のサルベージ潜水監督官が率いた。

c112-1  一致率 86.5%
   台本: 崩落の前の最後の検査は、2023年5月。
   聞取: フーズ落の前の最後の検査は二千二十三年五月

c504-2  一致率 86.5%
   台本: このあと、橋に入った一般の車は1台も無い。
   聞取: この後、橋に入った一般の車は一台もない。

c916-3  一致率 86.5%
   台本: 主航路の上の桁下は、230フィートになる。
   聞取: 主砲炉の上の桁下は二百三十フィートになる

c517-2  一致率 86.7%
   台本: 北へ走った。第23径間まで抜けたところで、歩いていた径間が落ちた。
   聞取: 北へ走った。第二十三、警官まで抜けたところで歩いていた警官が落ちた。

c803-2  一致率 86.7%
   台本: 当たった先は、同じ17番橋脚だった。
   聞取: 渡った先は同じ十七番橋脚だった。

c822-1  一致率 86.7%
   台本: 1991年の指針より前に建ち、外航船が通る水路をまたぐ橋は68。
   聞取: 1991年の地震より前に建ち、外港線が通る水路をまたぐ橋は68

c108-3  一致率 87.0%
   台本: 航路の上の3径間だけが、鋼のトラスで組まれていた。
   聞取: 走路の上の三計観だけが鋼のトラスで組まれていた。

c312-2  一致率 87.0%
   台本: この夜、燃やしていたのは、そのうちの舶用軽油である。
   聞取: この夜燃やしていたのはそのうちの柏葉桂油である。

c427-3  一致率 87.0%
   台本: 1時29分09秒。船首の右舷が、17番橋脚に当たった。
   聞取: 一時二十九分九秒、船首の眉山が十七番橋脚に当たった。

c602-1  一致率 87.0%
   台本: 当たったときの力を、橋の設計指針の式で出してみると、
   聞取: 渡った時の力を橋の設計指針の式で出してみると

c518-1  一致率 87.1%
   台本: 点検員は州の運用センターに崩落を伝え、無事に橋の北の端へ着いた。
   聞取: ベンケインは州の運用センターに崩落を伝え、無事に橋の北の端へ着いた。

c205-1  一致率 87.2%
   台本: ただし、それは個人どうしの番号の交換だった。
   聞取: ただし、それは個人同士の番号の交換だった。

c708-1  一致率 87.2%
   台本: 4月12日。前ぶれも警報も無く、低圧が落ちた。
   聞取: 四月十二日、前触れも警報もなく低圧が落ちた。

c712-1  一致率 87.3%
   台本: この遮断器には、不足電圧引外し装置という部品が付いている。
   聞取: この遮断機には不足電圧引きずし装置という部品がついている。

c301-1  一致率 87.5%
   台本: 船の名はダリ。シンガポール船籍のコンテナ船である。
   聞取: 船の名はDALI。シンガポール船籍のコンテナ船である。

c709-2  一致率 87.5%
   台本: さまざまな機器を動かして負荷を変えても、異常は出ない。
   聞取: 様々な機器を動かして負荷を変えても異常は出ない

c710-1  一致率 87.5%
   台本: 4月29日、午前6時12分ごろ。また同じ遮断器が落ちた。
   聞取: 四月二十九日午前六時十二分頃、また同じ遮断機が落ちた

c305-1  一致率 87.8%
   台本: 水先人は、その水域を知っている案内役である。
   聞取: 土肥川人はその水域を知っている案内役である。

c303-2  一致率 88.0%
   台本: 20フィートのコンテナに直すと、8544個ぶんにあたる。
   聞取: 二十フィートのコンテナに直すと八千五百四十四個分に当たる

c722-3  一致率 88.0%
   台本: 警報は、ひとつも鳴らなかった
   聞取: 警報は一つも鳴らなかった。

c715-2  一致率 88.1%
   台本: 緩んだつなぎ目が1つ見つかる。ワゴ社の3口の端子台。番号は381。
   聞取: 緩んだ繋ぎ目が一つ見つかる。和語社の三口の端子台、番号は三百八十一

c302-3  一致率 88.2%
   台本: 橋が架かった1977年、いちばん大きなコンテナ船でも700フィートだった。
   聞取: 橋がかかった1977年、一番大きなコンテナ船でも700フィートだった。

c401-1  一致率 88.2%
   台本: 1時25分00秒。低圧の母線が落ちた。
   聞取: 一時二十五分零零秒。低圧の母線が落ちた。

c521-3  一致率 88.2%
   台本: 崩れない径間まで、行けたかもしれない
   聞取: 崩れない経過まで行けたかもしれない。

c617-1  一致率 88.2%
   台本: 船の被害は、右舷の船首に集中していた。
   聞取: 船の被害は未然の船首に集中していた。

c402-1  一致率 88.4%
   台本: 明かりが消えた。操舵ポンプ3台が全部止まった。
   聞取: 明かりが消えた。ソーダポンプ三台が全部止まった。

ep06-2  一致率 88.4%
   台本: 259ページが指しているのは、その2つである。
   聞取: 九か十週九ページが指しているのはその二つである。

c108-1  一致率 88.5%
   台本: 両端の橋台、土手の側で橋を受ける台が2基。橋脚が36基。
   聞取: 両端の貸し台、土手のそばで橋を受ける台が二基、橋脚が三十六基

c813-1  一致率 88.5%
   台本: キー橋は1977年の橋なので、州交通局に義務は無かった。
   聞取: ヒイ橋は1977年の橋なので、州交通局に義務はなかった。

c716-1  一致率 88.5%
   台本: 報告書は、その端子台の右の線をワイヤーワン、左をワイヤースリーと呼ぶ。
   聞取: 報告書はその端子台の右の線をワイヤー1、左をワイヤー3と呼ぶ。

pr08-1  一致率 88.9%
   台本: 船は橋脚に当たった。13秒で橋脚が崩れ、
   聞取: クネは橋脚に当たった。十三秒で橋脚が崩れ

pr08-2  一致率 88.9%
   台本: 中央の橋桁3つが、船首の上と川へ落ちた。
   聞取: 中央の橋桁三つが線路の上と川へ落ちた。

c202-2  一致率 88.9%
   台本: ほかの車線には、車が通っていた。
   聞取: 他の車線には車が通っていた。

c205-2  一致率 88.9%
   台本: 緊急のときにどう伝えるかを決めた手順は、無かった。
   聞取: 緊急の時にどう伝えるかを決めた手順はなかった

c206-2  一致率 88.9%
   台本: 工事のあいだ、車の流れを落とすためである。
   聞取: 工事の間、車の流れを落とすためである。

c212-1  一致率 88.9%
   台本: 事故のとき、7人は休憩中だった。
   聞取: 事故の時、七人は休憩中だった。

c426-2  一致率 88.9%
   台本: 錨のブレーキが、開かなかった
   聞取: ミカのブレーキが開かなかった。

c701-1  一致率 88.9%
   台本: 事故のあと、船は現場に残された。
   聞取: 事故の後、船は現場に残された。

c809-2  一致率 88.9%
   台本: 35人が亡くなった。
   聞取: 75人が亡くなった。

ca11-2  一致率 89.3%
   台本: マイクを別々に録れること。航海データ記録装置への勧告である。
   聞取: マイクを別々に取れること。後悔データ記録装置への勧告である。

c820-2  一致率 89.4%
   台本: 外航船が通る水路をまたぐ橋は、26の州に176ある。
   聞取: 外包線が通る水路をまたぐ橋は二十六の州に百七十六ある。

c403-1  一致率 89.5%
   台本: 船は8.9ノットで進んでいた。針路142度。
   聞取: 船は八点九ノットで進んでいた。針状百四十二度。

c410-1  一致率 89.5%
   台本: 二等航海士と操舵手は、効いていると答えた。
   聞取: 二等航海士と操舵士は聞いていると答えた。

c804-2  一致率 89.5%
   台本: 柱に残ったのは、表面の軽い傷だけである。
   聞取: 真っ白に残ったのは表面の軽い傷だけである。

c511-2  一致率 89.6%
   台本: 警官と、橋の上の作業員や点検員のあいだに、即時の連絡の取り決めは無かった。
   聞取: 警官と橋の上の作業員や点検員との間に即時の連絡の取り決めはなかった。

c815-1  一致率 89.7%
   台本: 2009年の指針の計算、方法2は、橋の下を通る船の大きさと速さ、
   聞取: 二〇〇九年の地震の計算方法には、橋の下を通る船の大きさと速さ

c815-2  一致率 89.7%
   台本: 年間の隻数、水路の形などを入れて、崩れる見込みを出すものである。
   聞取: 円環の積数、水路の形などを入れて崩れる見込みを出すものである。

c601-1  一致率 89.8%
   台本: 船首の右舷が当たったのは、17番橋脚の北西の柱だった。
   聞取: 船首の舳先が当たったのは十七番橋脚の北西の柱だった。

c308-2  一致率 90.0%
   台本: 6600ボルトの高圧の母線、電気を分ける幹の線につながっている。
   聞取: たしか六百ボルトの高圧の母線、電気を分ける幹の線につながっている

c603-2  一致率 90.2%
   台本: 横向きにおよそ2500トンぶんの力まで、という計算になる。
   聞取: 横向きにおよそ二千五百トン分の力までという計算になる。

pr12-2  一致率 90.3%
   台本: 259ページの報告書だけで、たどる。
   聞取: 百五十九ページの報告書だけでたどり

c725-3  一致率 90.3%
   台本: 帯が、線を奥まで入れさせなかった
   聞取: 語尾が線を奥まで入れさせなかった。

pr03-2  一致率 90.5%
   台本: 船に乗っていた23人のうち、けがは1人である。
   聞取: 船に乗っていた二十三人のうち、怪我は一人である。

c418-1  一致率 90.5%
   台本: 1時26分18秒。3台のポンプがそろって回った。
   聞取: 一時二十六分十八秒。三台のポンプが揃って回った。

c720-1  一致率 90.5%
   台本: 材料研究室に運んで調べると、端子台の口の面と、
   聞取: 材料研究室に運んで調べると、探針台の口の面と

c305-2  一致率 90.6%
   台本: 船の指揮は船長のもとにあり、水先人は針路と速力を指示する。
   聞取: 船の指揮は船長の下にあり、水先人は進路と速力を指示する。

c104-2  一致率 90.9%
   台本: 主航路の上の桁下は185フィート、およそ56メートルあった。
   聞取: 主砲楼の上の桁下は百八十五フィート、およそ五十六メートルあった。

c105-2  一致率 90.9%
   台本: 外航船は、この航路の中心を通って橋の下を抜ける。
   聞取: 外法線はこの航路の中心を通って橋の下を抜ける。

c315-1  一致率 90.9%
   台本: 港では、船が航路の中で安定したらタグを離すのがふつうだった。
   聞取: 港では船が航路の中で安定したらタグを離すのが普通だった。

c606-2  一致率 90.9%
   台本: 北側でも、橋脚3基と径間3つが続けて落ちている。
   聞取: 北側でも橋脚三基と警官三つが続けて落ちている。

c811-1  一致率 90.9%
   台本: いまは、国の幹線道路網の新しい橋には、
   聞取: 今は国の幹線道路網の新しい橋には

c901-1  一致率 90.9%
   台本: 崩れた鋼とコンクリートは、川の底と航路を塞いだ。
   聞取: 崩れた鋼とコンクリートは川の底と坑道を塞いだ。

c310-2  一致率 91.2%
   台本: 主機関の冷却水ポンプ、そして操舵ポンプ3台のうち2台である。
   聞取: 主機関の冷却水ポンプ、そしてソーダポンプ三台のうち二台である。

c723-2  一致率 91.2%
   台本: 船を造るとき、配電盤の線には1本ずつ、ラベルの帯が巻かれていた。
   聞取: 船を作る時、配電盤の線には一本ずつラベルの帯が巻かれていた。

c208-1  一致率 91.3%
   台本: 州交通局と補修班の会社の契約には、こう書いてある。
   聞取: 州交通局と保守班の会社の契約にはこう書いてある。

c521-2  一致率 91.3%
   台本: 警官と同じころに、点検員と作業員にも伝わっていたら。
   聞取: 警官と同じ頃に点検員と作業員にも伝わっていた

c908-2  一致率 91.3%
   台本: 深さ50フィート、幅400フィート、桁下214フィート。
   聞取: 深さ五十フィート、幅四百フィート、桁下二百十四フィート。

pr11-2  一致率 91.4%
   台本: 最後の一本だけが、繋がっていなかった。
   聞取: 最後の一本だけがつながっていなかった。

c102-2  一致率 91.4%
   台本: 崩れたのは、その47年と3日あとだった。
   聞取: 崩れたのはその四十七年と三日後だった。

ep01-1  一致率 91.4%
   台本: 最後の一つを、報告書の言葉どおりに読む。
   聞取: 最後の一つを報告書の言葉通りに読む。

c111-2  一致率 91.5%
   台本: 検査員が手の届く距離まで寄って調べることが義務づけられている。
   聞取: 店員が手の届く距離まで寄って調べることが義務付けられている。

c522-1  一致率 91.5%
   台本: 個人どうしで携帯の番号を交換していただけでは、有効ではなかった。
   聞取: 個人同士で携帯の番号を交換していただけでは有効ではなかった。

c804-1  一致率 91.5%
   台本: このときは、潰れて力を吸うコンクリートと木の防衝工が船を止めた。
   聞取: この時は潰れて力を吸うコンクリートと木の防潮工が船を止めた。

c808-2  一致率 91.5%
   台本: ばら積み船が当たり、橋桁がおよそ150フィート下の湾へ落ちた。
   聞取: ばらずみすねが当たり、橋桁がおよそ150フィート下の湾へ落ちた。

c317-2  一致率 91.7%
   台本: 速力は10ノット以下に保て。
   聞取: 速力は十ノット以下に保て

c414-1  一致率 91.7%
   台本: ほぼ同じ1時25分59秒。上級水先人が電話をかけた。
   聞取: ほぼ同じ1時25分59秒、上級推薦人が電話をかけた。

ep05-2  一致率 91.7%
   台本: 実効的で即時の連絡は、橋で働く人の安全に欠かせない。
   聞取: 一方的で即時の連絡は橋で働く人の安全に欠かせない。

c105-1  一致率 91.8%
   台本: 橋の下を通るのは、幅700フィートのフォート・マクヘンリー連邦航路。
   聞取: 足の下を通るのは幅七百フィートのフォートマックヘンリー連邦航路。

c301-2  一致率 91.8%
   台本: 低圧の電気が落ちると、明かりも舵も機関も同時に止まる造りだった。
   聞取: 低圧の電気が落ちると、明かりも家事も機関も同時に止まる作りだった。

c419-1  一致率 92.0%
   台本: 1時26分38秒、上級水先人が無線でタグボートを呼ぶ。
   聞取: 一時二十六分三十八秒、上級推薦人が無線でタグボートを呼ぶ。

c819-2  一致率 92.0%
   台本: 外航船の衝突に対する備えが無かったことを挙げている。
   聞取: 内航船の衝突に対する備えがなかったことを挙げている。

c420-1  一致率 92.1%
   台本: 組合の手順では、緊急のときはまず沿岸警備隊へ掛けることになっていた。
   聞取: 組合の手順では、緊急の時はまず沿岸警備隊へかけることになっていた。

c520-1  一致率 92.1%
   台本: 1時55分。州交通局警察の艇が、20番橋脚の近くでその1人を見つけた。
   聞取: 一時五十五分。州交通局、警察の手が二十番閉脚の近くでその一人を見つけた。

c420-2  一致率 92.3%
   台本: 配車係は一覧に州交通局の番号を見つけ、昔の訓練どおり、先にそこへ掛けた。
   聞取: 配車係は一覧に州交通局の番号を見つけ、昔の訓練通り先にそこへかけた。

c503-2  一致率 92.3%
   台本: 南端の警官も、北行きを塞いだ。
   聞取: 南段の警官も北行きを塞いだ。

c517-1  一致率 92.3%
   台本: 点検員は、音を聞いた。報告書の言葉では、崩れるような雷の音。
   聞取: 宣誓員は音を聞いた。報告書の言葉では、崩れるような雷の音。

c705-1  一致率 92.3%
   台本: 4月10日。専門家が来て試すと、遮断器は何度も正常に動いた。
   聞取: 四月十日、専門家が来て試すと、遮断機は何度も正常に動いた。

c710-2  一致率 92.3%
   台本: 今度は、測る道具が付いていた。
   聞取: 今度は測る道具がついていた。

c810-2  一致率 92.3%
   台本: 2009年に改訂されている。
   聞取: 2009年に改定されている

c903-1  一致率 92.3%
   台本: 航路の管理は、陸軍工兵隊のボルチモア地区。
   聞取: 航路の管理は陸軍工兵隊のボルティモア地区

c614-2  一致率 92.6%
   台本: 17番橋脚が崩れたとき、力の道筋の重要な部分が取り除かれた。
   聞取: 十七番。橋脚が崩れた時、力の道筋の重要な部分が取り除かれた。

ca06-2  一致率 92.6%
   台本: それでも、使うことを義務づける決まりは、業界のどこにも無い。
   聞取: それでも使うことを義務付ける決まりは業界のどこにもない

c806-1  一致率 92.7%
   台本: 橋が架かってからの47年で、船は大きくなった。
   聞取: 橋がかかってからの四十七年で船は大きくなっ

c617-2  一致率 92.9%
   台本: 損害額は1800万ドルを超えている。積荷の損害は確定していない。
   聞取: 損害額は千八百万ドルを超えている。積み荷の損害は確定していない。

c104-1  一致率 93.0%
   台本: 全長は9086フィート。およそ2769メートル。
   聞取: 全長は九千八十六フィート、およそ二千二百六十九メートル

c312-1  一致率 93.0%
   台本: 燃料はタンクに180万ガロン、およそ680万リットル。
   聞取: 燃料はタンクに百八十万ガロン、およそ六百八十万リットル

c404-1  一致率 93.0%
   台本: 舵は、停電した瞬間の中央を向いたまま固まった。
   聞取: 火事は停電した瞬間の中央を向いたまま固まった。

c508-2  一致率 93.0%
   台本: 警官が知らせに行けるよりも、船のほうが早かった。
   聞取: 警官が知らせに行けるよりも船の方が早かった。

c817-1  一致率 93.0%
   台本: 事故のあと、NTSBがこの計算をキー橋に当てた。
   聞取: 事故の後、NTSBがこの計算をキー橋に当てた。

c413-1  一致率 93.1%
   台本: 電気技師は、変圧器につながる遮断器、電気の元栓を2つ、手で閉じた。
   聞取: 電気技師は変圧器につながる遮断機、電気の元線を二つ手で閉じた。

c214-1  一致率 93.3%
   台本: 同じころ、港の奥のシーガート・マリン・ターミナルでは、
   聞取: 同じ頃、港の奥のシーガートマリンターミナルでは

c424-2  一致率 93.3%
   台本: 速力7.5ノット。
   聞取: 速力七点五ノット

c610-1  一致率 93.3%
   台本: だから24か月ごとに、手の届く距離での検査が義務づけられていた。
   聞取: だから二十四ヶ月ごとに手の届く距離での検査が義務付けられていた。

c812-2  一致率 93.3%
   台本: 協会は、既設の橋についても計算するよう勧めた。あくまで推奨である。
   聞取: 協会は季節の橋についても計算するよう勧めた。あくまで推奨である。

pr10-1  一致率 93.6%
   台本: 事故のあとに計算してみると、この橋が崩れる見込みは、
   聞取: 事故の後に計算してみると、この橋が崩れる見込みは

c705-2  一致率 93.6%
   台本: 変圧器を切り替えたときだけ、警報が出て閉じなくなる。
   聞取: 変圧器を切り替えた時だけ警報が出て閉じなくなる。

c111-1  一致率 93.8%
   台本: そう呼ばれた部材は、24か月に一度、
   聞取: そう呼ばれた部材は二十四ヶ月に一度

c704-1  一致率 93.8%
   台本: ところが、その遮断器は閉じなかった。
   聞取: ところが、その遮断機は閉じなかった。

c823-2  一致率 93.9%
   台本: 緊急の勧告を4件出した。すべての宛先が動き始めている。
   聞取: 緊急の勧告を四件出した。全ての宛先が動き始めている。

c106-1  一致率 94.1%
   台本: 車線は4つ。2023年の通行は1日あたり34121台。
   聞取: 車線は四つ。二〇二三年の通行は一日当たり三四八一二一台。

c112-2  一致率 94.1%
   台本: 報告書は、このとき不具合は見つかっていない、と書いている。
   聞取: 報告書はこの時不具合は見つかっていないと書いている。

c311-1  一致率 94.1%
   台本: つまり、低圧が落ちれば、明かりと舵と機関が同時に止まる。
   聞取: つまり、低圧が落ちれば明かりと家事と機関が同時に止まる。

c425-2  一致率 94.1%
   台本: 二等航海士がつまみを回した。補機が最初の停電で止まっており、動かなかった。
   聞取: 尾藤航海士がつまみを回した。補機が最初の停電で止まっており、動かなかった。

c707-1  一致率 94.1%
   台本: このときの調査は、原因を確かめられないまま終わっている。
   聞取: この時の調査は原因を確かめられないまま終わっている。

c113-2  一致率 94.3%
   台本: 17番と18番の橋脚を、潰れて力を吸うコンクリートと木の防衝工が囲んでいた。
   聞取: 十七番と十八番の橋脚を潰れて力を吸うコンクリートと木の防潮工が囲んでいた。

c316-2  一致率 94.3%
   台本: 橋を抜けるまで船首に1人置け、という水先人の指示だった。
   聞取: 足を抜けるまで船首に一人を置けという水先人の指示だった。

c415-1  一致率 94.3%
   台本: 電話は7秒で終わっている。このとき橋まで2430フィート。
   聞取: 電話は七秒で終わっている。この時、橋まで二四三〇フィート

c417-1  一致率 94.3%
   台本: 1時26分10秒。停電から70秒。非常用の発電機がつながった。
   聞取: 一時二十六分十秒。停電から七十秒。非常用の発電機がつながった。

c427-2  一致率 94.3%
   台本: 1時28分42秒、甲板長が手でブレーキを外し、錨が落ちた。
   聞取: 一時二十八分四十二秒、甲板長が手でブレーキをさずし錨が落ちた。

c724-1  一致率 94.3%
   台本: 熱で縮ませる薄い筒に、つなぐべき端子台の番号が刷ってある。
   聞取: 熱で縮ませる薄い筒に繋ぐべき端子台の番号が刷ってある。

c725-1  一致率 94.3%
   台本: ワイヤーワンでは、その帯が、先の金具の青い襟まで覆っていた。
   聞取: ワイヤー1ではその帯が先の金具の青い襟まで覆っていた

c302-1  一致率 94.4%
   台本: 2015年、韓国の現代重工業で造られた。
   聞取: 2015年、韓国の現代重工業で作られた

c715-1  一致率 94.4%
   台本: そこで、信号線を1本ずつ当たっていった。
   聞取: そこで信号線を一本ずつあたっていった。

c510-1  一致率 94.5%
   台本: 橋を閉めろという指示が入ったとき、その番号は使われなかった。
   聞取: 橋を閉めろという指示が入った時、その番号は使われなかった。

ep05-1  一致率 94.5%
   台本: 報告書はこう結んでいる。緊急のときに橋から退避させるための、
   聞取: 報告書はこう結んでいる。緊急の時に橋から退避させるための

c213-2  一致率 94.6%
   台本: 乾いていくコンクリートを見に行き、第22径間の自分の車まで戻ったところだった。
   聞取: 乾いていくコンクリートを見に行き、第二十二警官の自分の車まで戻ったところだった。

pr07-2  一致率 94.7%
   台本: そのとき、橋までは3200フィート。およそ975メートルである。
   聞取: その時、橋までは三二〇〇フィート、およそ九七五メートルである。

c101-1  一致率 94.7%
   台本: フランシス・スコット・キー橋。ボルチモアの港の出口を跨いでいた。
   聞取: フランシス・スコット・キー橋。ボルチモアの港の出口をまたいでいた。

c302-2  一致率 94.7%
   台本: 全長は984フィート。およそ300メートル。
   聞取: 全長は九百八十四フィート、およそ三百メートル

c308-1  一致率 94.7%
   台本: このとき、4台ある発電機のうち2台が回っていた。3号機と4号機。
   聞取: この時、四台ある発電機のうち二台が回っていた。三号機と四号機

c511-1  一致率 94.7%
   台本: 決められた手順が無かった、と報告書は書く。
   聞取: 決められた手順がなかったと報告書は書く。

c810-1  一致率 94.7%
   台本: このときのNTSBの勧告から、1991年に協会の指針ができた。
   聞取: この時のNTSBの勧告から1991年に協会の指針ができた

ep06-1  一致率 94.7%
   台本: 一本の信号線と、掛からなかった一本の電話。
   聞取: 一本の信号線と、かからなかった一本の電話

pr01-1  一致率 94.9%
   台本: 2024年3月26日、午前1時29分。メリーランド州ボルチモア。
   聞取: 2024年3月26日午前1時29分。メリーランド州ボルティモア。

c424-1  一致率 94.9%
   台本: 1時27分46秒。橋まで939フィート。船の長さ1隻ぶんを切った。
   聞取: 一時二十七分四十六秒。橋まで九百三十九フィート。船の長さ一隻分を切った。

c614-1  一致率 94.9%
   台本: 報告書はこう書いている。橋脚のほうには、その部材は使われていない。
   聞取: 報告書はこう書いている。「橋脚の方にはその部材は使われていない。」

c314-1  一致率 95.0%
   台本: 1時07分と1時08分、タグボートを順に離す。
   聞取: 一時七分と一時八分タグボートを順に離す。

c704-2  一致率 95.0%
   台本: 造船所の遮断器の専門家を呼ぶことになった。
   聞取: 造船所の遮断機の専門家を呼ぶことになった。

c506-1  一致率 95.1%
   台本: ほぼ同じころ、当直は北端の警官に、橋の上の補修班のことを尋ねている。
   聞取: ほぼ同じ頃、当直は北端の警官に橋の上の補修班のことを尋ねている。

c110-1  一致率 95.2%
   台本: この骨組みには、決められた呼び名が付いている。
   聞取: この骨組みには決められた呼び名がついている。

c713-1  一致率 95.2%
   台本: 裏を返すと、遮断器が閉じたままでいるためには、
   聞取: 裏を返すと、遮断機が閉じたままでいるためには

c910-1  一致率 95.2%
   台本: 6月10日、フォート・マクヘンリー航路が再開した。
   聞取: 六月十日、フォートマクヘンリー航路が再開した。

ca05-2  一致率 95.2%
   台本: 接する面が小さいぶん、そこだけ温度が上がっていたと、報告書は見ている。
   聞取: 接する面が小さい分、そこだけ温度が上がっていたと報告書は見ている。

c405-1  一致率 95.5%
   台本: 3秒後の1時25分03秒。航海データ記録装置が、
   聞取: 三秒後の一時二十五分零三秒。航海データ記録装置が

c407-1  一致率 95.5%
   台本: ただし、この装置には停電に備えた電源が無かった。
   聞取: ただし、この装置には停電に備えた電源がなかった。

c307-2  一致率 95.5%
   台本: 喫水、つまり水に沈む深さは12.15メートル。重さは11万2383トンだった。
   聞取: 喫水、つまり水に沈む深さは十二点一五メートル、重さは十一万二千三百八十三トンだった。

c707-2  一致率 95.5%
   台本: 1号の変圧器はつないだままにされた。停電がまた起きるかを見るためである。
   聞取: 一号の変圧器は繋いだままにされた。停電がまた起きるかを見るためである。

c812-1  一致率 95.7%
   台本: ただし、1991年より前に建った橋には、義務が無い。
   聞取: ただし、 1991年より前に建った橋には義務がない。

c101-2  一致率 95.8%
   台本: その設計の基準に、船がぶつかるという項目は無かった。
   聞取: その設計の基準に船がぶつかるという項目はなかった

c918-2  一致率 95.8%
   台本: 通れるようになるのは、2030年の後半とされている。
   聞取: 売れるようになるのは2030年の後半とされている。

ca12-3  一致率 95.8%
   台本: そして、橋の上の作業員に知らせる手段が無かったこと。
   聞取: そして橋の上の作業員に知らせる手段がなかったこと。

c206-1  一致率 96.0%
   台本: 橋の両端には、州交通局警察の車が1台ずつ止まっていた。
   聞取: 道の両端には州交通局警察の車が一台ずつ止まっていた。

c411-2  一致率 96.0%
   台本: 針路が右へ振れています。舵は左いっぱいに当てています。
   聞取: 進路が右へ振れています。舵は左いっぱいに当てています。

c805-2  一致率 96.0%
   台本: 同じ橋脚に、44年後、10倍の重さの船が当たることになる。
   聞取: 同じ橋脚に四十四年後、十倍の重さの船が当たることになる。

c916-1  一致率 96.0%
   台本: 架け替えの設計の考え方は、2025年2月に公表された。
   聞取: 掛け替えの設計の考え方は2025年2月に公表された

c604-2  一致率 96.2%
   台本: 報告書は、そのうち2本が耐力を超えて壊れた、と書いている。
   聞取: 報告書はそのうち2本が体力を超えて壊れたと書いている。

c709-1  一致率 96.2%
   台本: 4月24日、造船所の技術者が電力解析器を2台取り付けた。
   聞取: 四月二十四日、造船所の技術者が電力解析機を二台取り付けた

c814-2  一致率 96.2%
   台本: 州の道路行政も、2009年の指針そのものの開発委員だった。
   聞取: 州の道路行政も二千九年の指針そのものの開発委員だった

c818-1  一致率 96.2%
   台本: 計算していれば、この橋が基準を超えていることは分かった。
   聞取: 計算していれば、この橋が基準を超えていることはわかった。

c423-1  一致率 96.3%
   台本: 1時27分36秒。電気技師が、もう一組の遮断器を手で閉じた。
   聞取: 1時27分36秒、電気技師がもう一組の遮断機を手で閉じた。

c608-2  一致率 96.3%
   台本: 橋の骨組みが、1本壊れれば落ちる造りだったからではないか。
   聞取: 橋の骨組みが一本壊れれば落ちる作りだったからではないか。

c714-1  一致率 96.3%
   台本: 技術者が調べると、途中の接点はどれも正常だった。それなのに、
   聞取: 医術者が調べると、途中の接点はどれも正常だった。それなのに

c916-2  一致率 96.3%
   台本: 全長2マイル。塔から張ったケーブルで桁を吊る、斜張橋である。
   聞取: 全長二マイル。塔から張ったケーブルで桁を吊る七張橋である。

c711-1  一致率 96.4%
   台本: 解析器の記録は、故障が変圧器より上流にあることを示していた。
   聞取: 解析機の記録は故障が変圧器より上流にあることを示していた。

ep04-1  一致率 96.4%
   台本: 同じ1時27分53秒に、橋の上へ向かう電話は掛からなかった。
   聞取: 同じ1時27分53秒に橋の上へ向かう電話はかからなかった。

c415-2  一致率 96.6%
   台本: 速力8.5ノットで近づいていた。
   聞取: 速力八点五ノットで近づいていた。

c303-1  一致率 96.7%
   台本: 積んでいたのは4679個のコンテナ。重さにして5万5671トン。
   聞取: 積んでいたのは四四〇六七九個のコンテナ。重さにして五万五千六百七十一トン。

c813-2  一致率 96.8%
   台本: それでも、勧められていたことを知っているべきだった、と報告書は書く。
   聞取: それでも「進められていたことを知っているべきだった」と報告書は書く。

c914-2  一致率 96.9%
   台本: 9月19日には中国の造船所へ。修理が終わったのは、翌年1月16日である。
   聞取: 九月十九日には中国の造船所へ。修理が終わったのは翌年一月十六日である。

c402-2  一致率 97.0%
   台本: 燃料ポンプも、冷却水ポンプも、船首を横に押すスラスターの補機も止まった。
   聞取: 燃料ポンプも冷却水ポンプも船首を横に押すスラスターの帆機も止まった。

ep01-2  一致率 97.0%
   台本: 橋の上の作業員に退避を知らせる、実効的で即時の連絡手段が無かったこと。
   聞取: 橋の上の作業員に退避を知らせる、実効的で即時の連絡手段がなかったこと。

c907-1  一致率 97.3%
   台本: 5月20日、ダリが浮かび、航路から出された。
   聞取: 五月二十日、ダリが浮かび、航路から出された。

c601-2  一致率 97.8%
   台本: 当たった高さは、水面から20フィートほど上である。
   聞取: 当たった高さは水面から二十フィートほど上である。

ca10-1  一致率 97.8%
   台本: その宛先には、20の道路管理者の名前が並んでいる。
   聞取: その宛先には二十の道路管理者の名前が並んでいる。

c604-1  一致率 97.9%
   台本: 17番橋脚は、4本の柱を梁でつないだ形の橋脚である。
   聞取: 十七番。橋脚は四本の柱を梁でつないだ形の橋脚である。

c912-2  一致率 98.0%
   台本: 落ちた橋桁で傷んだ区画に、そのうち14個が入っていた。
   聞取: 落ちた橋桁で傷んだ区画にそのうち十四個が入っていた。

c809-1  一致率 98.0%
   台本: 長距離バス1台、小型トラック1台、乗用車6台が湾に落ち、
   聞取: 長距離バス一台、小型トラック一台、乗用車六台が湾に落ちと

c905-1  一致率 98.0%
   台本: 5月13日。船の上に乗ったままの橋桁を、火薬で切り離した。
   聞取: 五月十三日、船の上に乗ったままの橋桁を火薬で切り離した。

pr12-1  一致率 98.1%
   台本: これは、その4分9秒と、届かなかった1分16秒の記録である。
   聞取: これはその四分九秒と届かなかった一分十六秒の記録である。

c418-2  一致率 98.1%
   台本: それでも船首が右へ振れる速さは、毎分7.5度まで上がった。
   聞取: それでも船首が右へ振れる速さは毎分七点五度まで上がった。

c814-1  一致率 98.2%
   台本: 州交通局は、この指針を引用する別の基準を作る委員会にいた。
   聞取: 西州交通局はこの指針を引用する別の基準を作る委員会にいた。

c822-2  一致率 98.3%
   台本: 持ち主は30の団体。おそらく危険に気づいていない、と報告書は書く。
   聞取: 持ち主は三十の団体、おそらく危険に気づいていないと報告書は書く。

c408-1  一致率 98.4%
   台本: 1時25分08秒。主機関が止まった。冷却水ポンプが落ちたためである。
   聞取: 一時二十五分八秒。主機関が止まった。冷却水ポンプが落ちたためである。

pr10-2  一致率 98.6%
   台本: 橋の設計指針が許容している線のおよそ30倍だった。誰も計算していなかった。
   聞取: 橋の設計指針が許容している線のおよそ三十倍だった。誰も計算していなかった

pr01-2  一致率 100.0%
   台本: 全長2769メートルの橋が、真ん中から川に落ちた。
   聞取: 全長二七六九メートルの橋が真ん中から川に落ちた

pr02-1  一致率 100.0%
   台本: 橋の上には、8人がいた。道路の穴を埋めていた補修班が7人。
   聞取: 橋の上には八人がいた。道路の穴を埋めていた補修班が七人。

pr02-2  一致率 100.0%
   台本: それを見て回っていた点検員が1人。
   聞取: それを見て回っていた点検員が一人

pr03-1  一致率 100.0%
   台本: 6人が亡くなった。1人が重傷を負って生き延び、点検員は無事だった。
   聞取: 六人が亡くなった。一人が重傷を負って生き延び、点検員は無事だった。

pr04-1  一致率 100.0%
   台本: 船の異常は、橋の両端にいた警官に伝わっていた。
   聞取: 船の異常は橋の両端にいた警官に伝わっていた。

pr04-2  一致率 100.0%
   台本: 警官は車を止めた。橋の上の8人には、誰も伝えなかった。
   聞取: 警官は車を止めた。橋の上の八人には誰も伝えなかった。

pr04-3  一致率 100.0%
   台本: 衝突まで、1分16秒あった
   聞取: 衝突まで1分16秒あった。

pr05-2  一致率 100.0%
   台本: 最終報告は259ページある。
   聞取: 最終報告は二百五十九ページある

pr06-1  一致率 100.0%
   台本: 原因は、船の配電盤の中にあった一本の信号線だった。
   聞取: 原因は船の配電盤の中にあった一本の信号線だった。

pr06-2  一致率 100.0%
   台本: その線が、端子台に奥まで入っていなかった。
   聞取: その線が端子台に奥まで入っていなかった

pr07-1  一致率 100.0%
   台本: 線が外れて停電が起き、船は推進と操舵を同時に失った。
   聞取: 線が外れて停電が起き、船は推進と操舵を同時に失った。

pr09-1  一致率 100.0%
   台本: 報告書は、崩落そのものにも踏み込んでいる。
   聞取: 報告書は崩落そのものにも踏み込んでいる。

pr11-1  一致率 100.0%
   台本: 知らせは、船から陸へ、陸から警官へと渡っていく。
   聞取: 知らせは船から陸へ、陸から警官へと渡っていく。

c102-1  一致率 100.0%
   台本: 開通は1977年3月23日。
   聞取: 開通は1977年3月23日

c103-2  一致率 100.0%
   台本: 州道695号を、パタプスコ川の上に渡していた。
   聞取: 州道695号をパタプスコ川の上に渡していた

c106-2  一致率 100.0%
   台本: そのうち1割がトラックだった。
   聞取: そのうち一割がトラックだった。

c107-1  一致率 100.0%
   台本: 危険物を積んだ車は、湾の下のトンネルを通れない。
   聞取: 危険物を積んだ車は湾の下のトンネルを通れない。

c107-2  一致率 100.0%
   台本: だからこの橋は、その種類の車にとって、主な道だった。
   聞取: だからこの橋はその種類の車にとって主な道だった。

c109-1  一致率 100.0%
   台本: トラスとは、三角形を組み合わせて力を流す骨組みのことである。
   聞取: トラスとは三角形を組み合わせて力を流す骨組みのことである。

c109-2  一致率 100.0%
   台本: 上を通るのではなく、骨組みの中を車が通る形だった。
   聞取: 上を通るのではなく、骨組みの中を車が通る形だった。

c110-3  一致率 100.0%
   台本: 1本が壊れれば、橋は落ちかねない
   聞取: 一本が壊れれば橋は落ちかねない。

c113-1  一致率 100.0%
   台本: 橋脚には備えがあった。橋が開いた1977年から、
   聞取: 橋脚には備えがあった。橋が開いた1977年から

c114-1  一致率 100.0%
   台本: 少し離れた水の上には、ドルフィンと呼ばれる構造物が4基。
   聞取: 少し離れた水の上にはドルフィンと呼ばれる構造物が四基

c114-2  一致率 100.0%
   台本: ゴムの緩衝材を巻いて、外れた船をそらすためのものである。
   聞取: ゴムの緩衝材を巻いて外れた船をそらすためのものである。

c115-1  一致率 100.0%
   台本: ただし、設計に使われたのは1969年の基準だった。
   聞取: ただし、設計に使われたのは1969年の基準だった。

c115-2  一致率 100.0%
   台本: 船がぶつかる危険も、橋を守る備えも、その基準には書かれていない。
   聞取: 船がぶつかる危険も、橋を守る備えも、その基準には書かれていない。

c201-1  一致率 100.0%
   台本: 3月25日の夜。橋の南行きの右車線が、工事のために閉じられていた。
   聞取: 3月25日の夜、橋の南行きの右車線が工事のために閉じられていた。

c201-2  一致率 100.0%
   台本: ブラウナー・ビルダーズ社の補修班7人が、路面の穴を埋めていた。
   聞取: ブラウナービルダーズ社の補修班七人が路面の穴を埋めていた

c202-1  一致率 100.0%
   台本: 閉じていたのは、南行きの右車線1本。
   聞取: 閉じていたのは南行きの右車線一本。

c203-1  一致率 100.0%
   台本: もう1人、エボーン・エンタープライズ社の点検員がいた。
   聞取: もう一人、エボーンエンタープライズ社の点検員がいた。

c203-2  一致率 100.0%
   台本: 州交通局の下請けで、コンクリートの乾き具合を見て回っていた。
   聞取: 州交通局の下請けでコンクリートの乾き具合を見て回っていた

c204-1  一致率 100.0%
   台本: 点検員は、橋の両端にいた州交通局警察の警官と、
   聞取: 点検員は橋の両端にいた州交通局警察の警官と

c204-2  一致率 100.0%
   台本: 補修班の作業長と、それぞれ携帯電話の番号を交換していた。
   聞取: 補修班の作業長とそれぞれ携帯電話の番号を交換していた。

c204-3  一致率 100.0%
   台本: 橋の上の窓口は、点検員1人だった
   聞取: 橋の上の窓口は点検員一人だった。

c207-1  一致率 100.0%
   台本: 工事を始める前に、点検員は州の運用センターにも連絡し、
   聞取: 工事を始める前に、点検員は州の運用センターにも連絡し

c207-2  一致率 100.0%
   台本: 車線を閉じる許可を取っていた。
   聞取: 車線を閉じる許可を取っていた

c208-2  一致率 100.0%
   台本: 請負者は、州交通局と連絡が取れる手段を用意すること。安全上の要件である。
   聞取: 請負者は州交通局と連絡が取れる手段を用意すること。安全上の要件である。

c209-1  一致率 100.0%
   台本: 認められる手段は3つ。携帯電話、市民バンド無線、
   聞取: 認められる手段は三つ。携帯電話、市民バンド、無線。

c209-2  一致率 100.0%
   台本: または携帯型の双方向無線機。
   聞取: または携帯型の双方向無線機

c210-1  一致率 100.0%
   台本: その夜、橋の上にいたのは、この8人だけだった。
   聞取: その夜、橋の上にいたのはこの8人だけだった。

c211-2  一致率 100.0%
   台本: どれも南を向いて止まっていた。
   聞取: どれも南を向いて止まっていた。

c214-2  一致率 100.0%
   台本: 1隻のコンテナ船が出港の支度をしていた。
   聞取: 一隻のコンテナ船が出港の支度をしていた。

c215-1  一致率 100.0%
   台本: 積み込みが終わったのは午後11時06分。
   聞取: 積み込みが終わったのは午後11時06分

c215-2  一致率 100.0%
   台本: 次の港はスリランカのコロンボ。27日の航海になるはずだった。
   聞取: 次の港はスリランカのコロンボ。二十七日の航海になるはずだった

c304-1  一致率 100.0%
   台本: 乗員は21人。そこに、港の水先人が2人乗り込む。
   聞取: 乗員は二十一人。そこに港の水先人が二人乗り込む。

c306-2  一致率 100.0%
   台本: 訓練中の水先人が乗り込んだ。
   聞取: 訓練中の水先人が乗り込んだ。

c307-1  一致率 100.0%
   台本: 0時36分、タグボート2隻に付き添われて岸壁を離れる。
   聞取: 0時36分。タグボート2隻に付き添われて岸壁を離れる。

c309-1  一致率 100.0%
   台本: 船の電気は二段になっている。高圧の母線から、
   聞取: 船の電気は二段になっている。高圧の母線から

c309-2  一致率 100.0%
   台本: 変圧器を通して電圧を落とし、低圧の母線へ送る。
   聞取: 変圧器を通して電圧を落とし、低圧の母線へ送る。

c311-2  一致率 100.0%
   台本: 高圧の側が生きていても、である。
   聞取: 高圧の側が生きていてもである。

c313-1  一致率 100.0%
   台本: 高圧の配電盤の中には、制御用の細い信号線が何本も走っている。
   聞取: 高圧の配電盤の中には制御用の細い信号線が何本も走っている。

c313-2  一致率 100.0%
   台本: 線と線をつなぐ小さな部品を、端子台という。
   聞取: 線と線をつなぐ小さな部品を端子台という

c314-2  一致率 100.0%
   台本: 船はフォート・マクヘンリー航路を、南西へ下っていく。
   聞取: 船はフォートマクヘンリー航路を南西へ下っていく。

c315-2  一致率 100.0%
   台本: 速さが上がると、タグの側が船の後ろの流れで危なくなるからである。
   聞取: 速さが上がると、タグの側が船の後ろの流れで危なくなるからである。

c318-2  一致率 100.0%
   台本: その4分後、明かりが消える。
   聞取: その四分後、明かりが消える。

c401-2  一致率 100.0%
   台本: 報告書は、ここからの残り時間を括弧に入れて書いている。マイナス4分9秒。
   聞取: 報告書はここからの残り時間を括弧に入れて書いている。マイナス四分九秒

c404-2  一致率 100.0%
   台本: ポンプに電気が来ていないので、動かしようがない。
   聞取: ポンプに電気が来ていないので動かしようがない。

c404-3  一致率 100.0%
   台本: 舵は、動かせなかった
   聞取: 舵は動かせなかった。

c405-2  一致率 100.0%
   台本: 数値の記録を止めた。電気が来なくなったからである。
   聞取: 数値の記録を止めた。電気が来なくなったからである。

c406-1  一致率 100.0%
   台本: 航海データ記録装置は、位置、速力、針路、舵と機関への指示を、
   聞取: 航海データ記録装置は、位置、速力、針路、舵と機関への指示を

c406-2  一致率 100.0%
   台本: 自動で書き続ける装置である。
   聞取: 自動で書き続ける装置である。

c407-2  一致率 100.0%
   台本: 規則でも求められていない。最初の1分近く、数値が抜けている。
   聞取: 規則でも求められていない最初の1分近く数値が抜けている

c408-2  一致率 100.0%
   台本: 推進も失われた。
   聞取: 推進も失われた。

c409-1  一致率 100.0%
   台本: 船長は、船首の甲板長に錨のそばで待機するよう命じた。
   聞取: 船長は船首の甲板長に錨のそばで待機するよう命じた。

c410-2  一致率 100.0%
   台本: 実際には、3台のポンプのどれにも電気は来ていなかった。
   聞取: 実際には三台のポンプのどれにも電気は来ていなかった。

c411-1  一致率 100.0%
   台本: 1時25分47秒。操舵手が報告する。
   聞取: 一時二十五分四十七秒、操舵手が報告する。

c412-1  一致率 100.0%
   台本: 1時25分58秒。停電から58秒。機関室にいた電気技師が気づく。
   聞取: 一時二十五分五十八秒。停電から五十八秒。機関室にいた電気技師が気づく。

c412-2  一致率 100.0%
   台本: 高圧は生きている。落ちているのは低圧だけだ。
   聞取: 高圧は生きている。落ちているのは低圧だけだ。

c414-2  一致率 100.0%
   台本: 相手は、陸にいる水先人組合の配車係である。
   聞取: 相手は陸にいる水先人組合の配車係である。

c414-3  一致率 100.0%
   台本: 橋を、通行止めにしてくれ
   聞取: 橋を通行止めにしてくれ。

c419-2  一致率 100.0%
   台本: その6秒後、配車係が州交通局の当直に電話を入れた。
   聞取: その六秒後、配車係が州交通局の当直に電話を入れた。

c422-1  一致率 100.0%
   台本: その2秒後、船の電気を見張る電力管理装置が、周波数の低下を検知した。
   聞取: その二秒後、船の電気を見張る電力管理装置が周波数の低下を検知した。

c422-2  一致率 100.0%
   台本: 3号機と4号機が母線から切り離され、高圧も低圧も落ちる。二度目の停電である。
   聞取: 三号機と四号機が母線から切り離され、高圧も低圧も落ちる。二度目の停電である。

c425-1  一致率 100.0%
   台本: 上級水先人が、船首スラスターを左いっぱいと命じる。
   聞取: 上級水先人が船首スラスターを左いっぱいと命じる。

c426-1  一致率 100.0%
   台本: 1時27分55秒。船首から甲板長の報告が返る。
   聞取: 一時二十七分五十五秒。船首から甲板長の報告が返る。

c501-1  一致率 100.0%
   台本: 時計を、1分16秒だけ戻す。
   聞取: 時計を1分16秒だけ戻す。

c501-2  一致率 100.0%
   台本: 1時27分53秒。州交通局の当直が、橋の両端の警官に指示を出した。
   聞取: 一時二十七分五十三秒、州交通局の当直が橋の両端の警官に指示を出した。

c502-1  一致率 100.0%
   台本: 内容は、橋を車の通行止めにせよ。
   聞取: 内容は橋を車の通行止めにせよ。

c502-2  一致率 100.0%
   台本: 警官2人は、工事のために元からそこにいた。
   聞取: 警官二人は工事のために元からそこにいた。

c503-1  一致率 100.0%
   台本: 1時28分21秒。北端の警官が車を横向きに動かし、南行きの2車線を塞いだ。
   聞取: 一時二十八分二十一秒。北端の警官が車を横向きに動かし、南行きの二車線を塞いだ。

c504-1  一致率 100.0%
   台本: 船が当たるまで、あと48秒。
   聞取: 船が当たるまであと48秒。

c505-1  一致率 100.0%
   台本: 報告書は、この動きを高く評価している。
   聞取: 報告書はこの動きを高く評価している。

c505-2  一致率 100.0%
   台本: 水先人と配車係と州交通局の素早さが、より大きな人命の損失を防いだ、と。
   聞取: 水先人と配車係と州交通局の素早さがより大きな人命の損失を防いだと。

c507-2  一致率 100.0%
   台本: 応援が来てから、知らせに行くつもりだった
   聞取: 応援が来てから知らせに行くつもりだった。

c508-1  一致率 100.0%
   台本: その前に、船が当たった。
   聞取: その前に船が当たった。

c509-1  一致率 100.0%
   台本: ここで、番号の話に戻る。
   聞取: ここで番号の話に戻る。

c509-2  一致率 100.0%
   台本: 点検員は、両端の警官と番号を交換していた。作業長の番号も持っていた。
   聞取: 点検員は両端の警官と番号を交換していた。作業長の番号も持っていた。

c510-2  一致率 100.0%
   台本: 警官は、点検員に電話をかけなかった
   聞取: 警官は点検員に電話をかけなかった。

c513-2  一致率 100.0%
   台本: 本人たちは知らなかった、と報告書は書いている。
   聞取: 本人たちは知らなかったと報告書は書いている。

c515-1  一致率 100.0%
   台本: 知らされて車で逃げたなら、向かう先は南だっただろう、と報告書は書く。
   聞取: 知らされて車で逃げたなら、向かう先は南だっただろうと報告書は書く。

c516-1  一致率 100.0%
   台本: 車は全部が南を向いていた。発電機を引いているものもある。
   聞取: 車は全部が南を向いていた。発電機を引いているものもある。

c516-2  一致率 100.0%
   台本: 向きを変えられないほど大きいものもある。中央には分離帯がある。
   聞取: 向きを変えられないほど大きいものもある。中央には分離帯がある。

c518-2  一致率 100.0%
   台本: そこで警官2人と落ち合っている。
   聞取: そこで警官二人と落ち合っている。

c519-2  一致率 100.0%
   台本: 1人が車の開いた窓から抜け出し、近くの残骸まで泳いだ。
   聞取: 一人が車の開いた窓から抜け出し、近くの残骸まで泳いだ。

c520-2  一致率 100.0%
   台本: 重傷を負っていたが、生きていた。
   聞取: 重傷を負っていたが、生きていた。

c521-1  一致率 100.0%
   台本: 報告書の結論は、こうである。
   聞取: 報告書の結論はこうである。

c522-2  一致率 100.0%
   台本: 携帯型の双方向無線機なら、もっと早く届いたかもしれない、とも書かれている。
   聞取: 携帯型の双方向無線機ならもっと早く届いたかもしれないとも書かれている。

c605-1  一致率 100.0%
   台本: 1時29分22秒。
   聞取: 一時二十九分二十二秒。

c605-2  一致率 100.0%
   台本: 接触から13秒で、橋脚が崩れた
   聞取: 接触から13秒で橋脚が崩れた。

c607-1  一致率 100.0%
   台本: 落ちた橋桁は、川へ、そして船の船首の上へ落ちた。
   聞取: 落ちた橋桁は川へ、そして船の船首の上へ落ちた。

c608-1  一致率 100.0%
   台本: ここで、まず疑われるところがある。
   聞取: ここでまず疑われるところがある。

c610-2  一致率 100.0%
   台本: 最後の検査は2023年5月で、不具合は見つかっていない。
   聞取: 最後の検査は2023年5月で不具合は見つかっていない。

c611-1  一致率 100.0%
   台本: 報告書は、この事故の要因ではなかったものを6つ挙げている。
   聞取: 報告書はこの事故の要因ではなかったものを六つ挙げている。

c611-2  一致率 100.0%
   台本: 天候。乗員の資格。飲酒や薬物。燃料の質。前日の停泊中の停電。そして。
   聞取: 天候、乗員の資格、飲酒や薬物、燃料の質、前日の停泊中の停電、そして

c612-1  一致率 100.0%
   台本: 6つ目が、その部材だった。
   聞取: 六つ目がその部材だった。

c612-2  一致率 100.0%
   台本: その部材は、要因ではなかった
   聞取: その部材は要因ではなかった。

c613-1  一致率 100.0%
   台本: 理由は単純である。先に壊れたのは骨組みではなく、それを支えていた橋脚だった。
   聞取: 理由は単純である。先に壊れたのは骨組みではなく、それを支えていた橋脚だった。

c615-1  一致率 100.0%
   台本: つまり、骨組みの側は原因ではなかった。
   聞取: つまり骨組みの側は原因ではなかった。

c616-1  一致率 100.0%
   台本: 報告書の言葉では、橋のかなりの部分が川に崩れ落ちた。
   聞取: 報告書の言葉では、橋のかなりの部分が川に崩れ落ちた

c616-2  一致率 100.0%
   台本: 橋脚も、床版も、トラスも、船首と前の船倉の上に落ちた。
   聞取: 橋脚も床版もトラスも船首と前の船倉の上に落ちた。

c619-1  一致率 100.0%
   台本: 捜索が生存者を探す段階を終えたのは、その日の午後8時27分。
   聞取: 捜索が生存者を探す段階を終えたのは、その日の午後8時27分

c619-2  一致率 100.0%
   台本: 翌27日、沈んだ車の中から2人が見つかった。
   聞取: 翌27日、沈んだ車の中から2人が見つかった。

c620-1  一致率 100.0%
   台本: 残る4人も、5月7日までに見つかっている。
   聞取: 残る四人も五月七日までに見つかっている。

c620-2  一致率 100.0%
   台本: 6人は全員、車の中で見つかった。
   聞取: 六人は全員車の中で見つかった。

c701-2  一致率 100.0%
   台本: 調査員が乗り込んだのは、4月1日である。
   聞取: 調査員が乗り込んだのは四月一日である。

c702-1  一致率 100.0%
   台本: 目的は1つ。なぜ停電したのかを突き止めることだった。
   聞取: 目的は一つ。なぜ停電したのかを突き止めることだった。

c702-2  一致率 100.0%
   台本: 船主、運航会社、造船所、船籍国、船の検査機関である船級協会も加わった。
   聞取: 船主、運航会社、造船所、船籍国、船の検査機関である船級協会も加わった。

c703-1  一致率 100.0%
   台本: まず、事故の日と同じ配電の形に戻すところから始めた。
   聞取: まず事故の日と同じ配電の形に戻すところから始めた。

c706-1  一致率 100.0%
   台本: 造船所は、これは無関係だと判断した。
   聞取: 造船所はこれは無関係だと判断した。

c706-2  一致率 100.0%
   台本: 切り替えを繰り返した試験のせいで出た、誤った警報だ、と。
   聞取: 切り替えを繰り返した試験のせいで出た誤った警報だと。

c708-2  一致率 100.0%
   台本: 3月26日の停電と、同じ形だった。
   聞取: 三月二十六日の停電と同じ形だった。

c711-2  一致率 100.0%
   台本: 調査は、その遮断器そのものへ向かう。
   聞取: 調査はその遮断器そのものへ向かう。

c712-2  一致率 100.0%
   台本: 電圧が下がると遮断器を開く、安全のための装置である。
   聞取: 電圧が下がると遮断器を開く安全のための装置である。

c713-2  一致率 100.0%
   台本: この装置に電気が来ていなければならない。
   聞取: この装置に電気が来ていなければならない。

c714-2  一致率 100.0%
   台本: 装置は、電気を失っていた
   聞取: 装置は電気を失っていた。

c716-2  一致率 100.0%
   台本: ワイヤーワンを抜いて挿し直すと、装置に電気が戻った。
   聞取: ワイヤーワンを抜いて挿し直すと装置に電気が戻った。

c717-2  一致率 100.0%
   台本: 1号の変圧器に電気が通り、低圧の母線が生き返った。
   聞取: 一号の変圧器に電気が通り、低圧の母線が生き返った。

c718-1  一致率 100.0%
   台本: 技術者は、もう一度その線を外してみた。
   聞取: 技術者はもう一度その線を外してみた。

c718-2  一致率 100.0%
   台本: 遮断器が開き、船は停電した。3月26日と同じ形の、警報の出ない停電である。
   聞取: 遮断器が開き、船は停電した。三月二十六日と同じ形の警報の出ない停電である。

c719-1  一致率 100.0%
   台本: ここで、NTSBは結論を出した。
   聞取: ここでNTSBは結論を出した。

c719-2  一致率 100.0%
   台本: 最初の停電は、この線で起きた
   聞取: 最初の停電はこの線で起きた。

c720-2  一致率 100.0%
   台本: 線の先の金具に、放電で焼けた跡があった。
   聞取: 線の先の金具に放電で焼けた跡があった。

c721-1  一致率 100.0%
   台本: 先端が口の面に触れているだけでも、電気は通ってしまう。
   聞取: 先端が口の面に触れているだけでも電気は通ってしまう。

c722-1  一致率 100.0%
   台本: しかもこの外れ方は、人が手で開いたのと同じ形をしている。
   聞取: しかもこの外れ方は人が手で開いたのと同じ形をしている。

c722-2  一致率 100.0%
   台本: 電力管理装置は、異常と見なさない。
   聞取: 電力管理装置は異常と見なさない。

c723-1  一致率 100.0%
   台本: では、なぜその線は緩んだのか。
   聞取: では、なぜその線は緩んだのか。

c724-2  一致率 100.0%
   台本: 線を正しい回路につなぐための、間違いを防ぐ工夫である。
   聞取: 線を正しい回路につなぐための間違いを防ぐ工夫である。

c726-1  一致率 100.0%
   台本: 報告書の推定原因を、短く言えばこうなる。
   聞取: 報告書の推定原因を短く言えばこうなる。

c726-2  一致率 100.0%
   台本: ラベルの帯の付け方が悪く、端子台の信号線が緩み、停電した。
   聞取: ラベルの帯の付け方が悪く、端子台の信号線が緩み停電した。

c726-3  一致率 100.0%
   台本: それが、橋の近くで推進と操舵を失わせた。
   聞取: それが橋の近くで推進と操舵を失わせた。

c802-1  一致率 100.0%
   台本: 1980年。日本船籍の390フィートのコンテナ船が、
   聞取: 1980年、日本船籍の390フィートのコンテナ船が

c806-2  一致率 100.0%
   台本: 大型化した貨物船が、既存の港湾施設に対して危険を増している、と報告書は書く。
   聞取: 大型化した貨物船が既存の港湾施設に対して危険を増していると報告書は書く。

c807-1  一致率 100.0%
   台本: ここで、橋の設計の指針を作っている団体が出てくる。
   聞取: ここで橋の設計の指針を作っている団体が出てくる。

c807-2  一致率 100.0%
   台本: 全米州道路交通運輸行政官協会。以下、協会と呼ぶ。
   聞取: 全米州道路交通運輸行政官協会、以下協会と呼ぶ。

c808-1  一致率 100.0%
   台本: 出発点は1980年5月。フロリダの、サンシャイン・スカイウェイ橋。
   聞取: 出発点は1980年5月、フロリダのサンシャインスカイウェイ橋。

c811-2  一致率 100.0%
   台本: この指針の計算で崩落の危険を抑えることが求められている。
   聞取: この指針の計算で崩落の危険を抑えることが求められている

c816-2  一致率 100.0%
   台本: 一般の橋なら、年に1000分の1である。
   聞取: 一般の橋なら年に1000分の1である。

c817-2  一致率 100.0%
   台本: 出てきた見込みは、許容の線を大きく超えていた。
   聞取: 出てきた見込みは許容の線を大きく超えていた。

c818-2  一致率 100.0%
   台本: どう危険を下げるかを考える材料も、手に入っていた。
   聞取: どう危険を下げるかを考える材料も手に入っていた。

c819-1  一致率 100.0%
   台本: だから報告書は、崩落と人命の損失に寄与した要因として、
   聞取: だから、報告書は崩落と人命の損失に寄与した要因として

c820-1  一致率 100.0%
   台本: NTSBの求めで、連邦道路庁が全国の橋を数えた。
   聞取: NTSBの求めで、連邦道路庁が全国の橋を数えた。

c821-2  一致率 100.0%
   台本: 相手は大型の外航船。全体の23パーセントである。
   聞取: 相手は大型の外航船。全体の二十三パーセントである。

c822-3  一致率 100.0%
   台本: 同じ立場の橋が、68ある
   聞取: 同じ立場の橋が68ある

c823-1  一致率 100.0%
   台本: NTSBは2025年3月18日、この件だけで別の報告書を出し、
   聞取: NTSBは2025年3月18日、この件だけで別の報告書を出し

c824-1  一致率 100.0%
   台本: もう1つ、繰り返し書かれていることがある。
   聞取: もう一つ繰り返し書かれていることがある

c825-1  一致率 100.0%
   台本: あの夜は、工事のために警官が両端にいた。だから車が止まった。
   聞取: あの夜は工事のために警官が両端にいた。だから車が止まった。

c825-2  一致率 100.0%
   台本: 警官がいなければ、車は止まらなかった、と報告書は書いている。
   聞取: 「警官がいなければ車は止まらなかった」と報告書は書いている。

c901-2  一致率 100.0%
   台本: ボルチモア港に出入りする船が、すべて止まった。
   聞取: ボルチモア港に出入りする船がすべて止まった。

c902-1  一致率 100.0%
   台本: 事故の朝、沿岸警備隊とメリーランド州環境局と、
   聞取: 事故の朝、沿岸警備隊とメリーランド州環境局と

c902-2  一致率 100.0%
   台本: 船の運航会社の代理が、1つの指揮所、統合指揮を立ち上げた。
   聞取: 船の運航会社の代理が一つの指揮所、統合指揮を立ち上げた。

c904-1  一致率 100.0%
   台本: 測量船がソナーで残骸の形を測り、潜水士が水中に入った。
   聞取: 測量船がソナーで残骸の形を測り、潜水士が水中に入った。

c906-1  一致率 100.0%
   台本: 取り除いた量を、海軍はこう書いている。
   聞取: 取り除いた量を海軍はこう書いている。

c906-2  一致率 100.0%
   台本: 川底から、5万トン
   聞取: 川底から五万トン

c908-1  一致率 100.0%
   台本: 5月21日、限られた幅の仮の航路が開いた。
   聞取: 五月二十一日、限られた幅の仮の航路が開いた。

c909-1  一致率 100.0%
   台本: 6月4日、最後の大きなトラスの塊が、連邦航路から取り除かれた。
   聞取: 6月4日、最後の大きなトラスの塊が連邦航路から取り除かれた。

c911-1  一致率 100.0%
   台本: 川の底には、1974年に敷かれた直径24インチのガス管も通っていた。
   聞取: 川の底には1974年に敷かれた直径二十四インチのガス管も通っていた。

c911-2  一致率 100.0%
   台本: 圧を下げ、中を窒素に置き換えて安全にし、6月28日につなぎ直している。
   聞取: 圧を下げ、中を窒素に置き換えて安全にし、六月二十八日につなぎ直している。

c912-1  一致率 100.0%
   台本: 積んでいた4679個のコンテナのうち、56個が危険物だった。
   聞取: 積んでいた四千六百七十九個のコンテナのうち五十六個が危険物だった

c913-1  一致率 100.0%
   台本: 報告書は、コンテナからの危険な物質は環境に出ていない、と書いている。
   聞取: 報告書はコンテナからの危険な物質は環境に出ていないと書いている。

c914-1  一致率 100.0%
   台本: 6月24日、ダリはボルチモアを離れ、ノーフォークへ向かった。
   聞取: 6月24日、ダリはボルチモアを離れ、ノーフォークへ向かった。

c915-2  一致率 100.0%
   台本: 危険物を積んだ車は、トンネルを通れないので、さらに大きく回る。
   聞取: 危険物を積んだ車はトンネルを通れないので、さらに大きく回る。

c918-1  一致率 100.0%
   台本: 費用の見込みは43億ドルから52億ドル。
   聞取: 費用の見込みは四十三億ドルから五十二億ドル。

ca01-1  一致率 100.0%
   台本: この事故で、NTSBは誰に何をせよと言ったのか。
   聞取: この事故でNTSBは誰に何をせよと言ったのか。

ca01-2  一致率 100.0%
   台本: 宛先は、沿岸警備隊、連邦道路庁、設計指針の協会、造船所、運航会社、部品の会社。
   聞取: 宛先は沿岸警備隊、連邦道路庁、設計指針の協会、造船所、運航会社、部品の会社。

ca02-2  一致率 100.0%
   台本: 製品の説明書に、ラベルの帯の位置が線の差し込みを妨げうると書き加えること。
   聞取: 製品の説明書にラベルの帯の位置が線の差し込みを妨げうると書き加えること。

ca03-1  一致率 100.0%
   台本: 造船所には、帯の付け方を電気部門の作業手順に入れることを求めた。
   聞取: 造船所には帯の付け方を電気部門の作業手順に入れることを求めた。

ca03-2  一致率 100.0%
   台本: 帯が、線を端子台へ正しく差し込むことを妨げないようにするためである。
   聞取: 帯が線を端子台へ正しく差し込むことを妨げないようにするためである。

ca04-1  一致率 100.0%
   台本: 運航会社には、赤外線の熱画像による点検を求めた。
   聞取: 運航会社には赤外線の熱画像による点検を求めた。

ca04-2  一致率 100.0%
   台本: 目に見えない不具合の兆しを、温度の差で見つける方法である。
   聞取: 目に見えない不具合の兆しを温度の差で見つける方法である。

ca05-1  一致率 100.0%
   台本: あの線は、先の金具が口の面に触れているだけの状態だった。
   聞取: あの線は先の金具が口の面に触れているだけの状態だった。

ca06-1  一致率 100.0%
   台本: この方法は船級協会が認めていて、業界でも広く使われている。
   聞取: この方法は船級協会が認めていて、業界でも広く使われている。

ca07-1  一致率 100.0%
   台本: 橋の上の作業員については、道路工事の安全規格を作っている団体に、
   聞取: 橋の上の作業員については、道路工事の安全規格を作っている団体に

ca07-2  一致率 100.0%
   台本: 緊急の連絡手段を規格に入れることを求めた。
   聞取: 緊急の連絡手段を規格に入れることを求めた。

ca08-2  一致率 100.0%
   台本: 橋の上で働く人には、それがない。
   聞取: 橋の上で働く人にはそれがない。

ca09-2  一致率 100.0%
   台本: あるいはまだ計算していない橋の持ち主に、警報装置の検討を求めている。
   聞取: あるいはまだ計算していない橋の持ち主に警報装置の検討を求めている。

ca10-2  一致率 100.0%
   台本: ゴールデンゲート橋の管理者も、マキナック橋の管理者も、入っている。
   聞取: ゴールデンゲート橋の管理者もマキナック橋の管理者も入っている。

ca11-1  一致率 100.0%
   台本: もう1つ。停電中も止まらないこと、機関室と船橋の通話が残ること、
   聞取: もう一つ、停電中も止まらないこと。機関室と船橋の通話が残ること

ca12-1  一致率 100.0%
   台本: 推定原因は、一本の信号線の緩みだった。
   聞取: 推定原因は一本の信号線の緩みだった。

ep02-1  一致率 100.0%
   台本: 1時27分53秒に指示が出て、1時28分21秒に車が止まった。
   聞取: 1時27分53秒に指示が出て、1時28分21秒に車が止まった。

ep03-1  一致率 100.0%
   台本: 報告書は、この封鎖をこう評価している。
   聞取: 報告書はこの封鎖をこう評価している。

ep03-2  一致率 100.0%
   台本: 素早い封鎖が、命を救った
   聞取: 素早い封鎖が命を救った。

ep04-2  一致率 100.0%
   台本: 番号は、両方の手の中にあった。
   聞取: 番号は両方の手の中にあった。

検査 441行 -> C:\Users\konar\Desktop\zukai-engine\audio\el_qa\keybridge_el_yomi.tsv（記録 441行／台本 443行）
Scribe: 音声 1951.6秒を文字起こし／クレジット 56,089 → 56,717（消費 628／上限 131,000） ⚠️ 反映が遅れることがある
⚠️ 文字起こしに失敗した行 2件: [('c507-1', 'URLError'), ('ca08-1', 'URLError')]
🔴 未検査の行があります。『全部OK』とは言えません。
EXIT=1
